Command: /home/minipops/.espressif/python_env/idf5.5_py3.13_env/bin/python /opt/esp-idf/tools/idf_monitor.py -p /dev/ttyUSB0 -b 115200 --toolchain-prefix xtensa-esp32-elf- --target esp32 --revision 0 /home/minipops/uni/da267a/labs/lab4/build/lab4.elf /home/minipops/uni/da267a/labs/lab4/build/bootloader/bootloader.elf -m '/home/minipops/.espressif/python_env/idf5.5_py3.13_env/bin/python' '/opt/esp-idf/tools/idf.py'
ets Jul 29 2019 12:21:46

rst:0x1 (POWERON_RESET),boot:0x13 (SPI_FAST_FLASH_BOOT)
configsip: 0, SPIWP:0xee
clk_drv:0x00,q_drv:0x00,d_drv:0x00,cs0_drv:0x00,hd_drv:0x00,wp_drv:0x00
mode:DIO, clock div:2
load:0x3fff0030,len:6380
ho 0 tail 12 room 4
load:0x40078000,len:15916
load:0x40080400,len:3860
entry 0x40080638
[0;32mI (29) boot: ESP-IDF HEAD-HASH-NOTFOUND 2nd stage bootloader[0m
[0;32mI (29) boot: compile time Oct  8 2025 00:30:29[0m
[0;32mI (29) boot: Multicore bootloader[0m
[0;32mI (32) boot: chip revision: v3.1[0m
[0;32mI (34) boot.esp32: SPI Speed      : 40MHz[0m
[0;32mI (38) boot.esp32: SPI Mode       : DIO[0m
[0;32mI (42) boot.esp32: SPI Flash Size : 2MB[0m
[0;32mI (45) boot: Enabling RNG early entropy source...[0m
[0;32mI (50) boot: Partition Table:[0m
[0;32mI (52) boot: ## Label            Usage          Type ST Offset   Length[0m
[0;32mI (59) boot:  0 nvs              WiFi data        01 02 00009000 00006000[0m
[0;32mI (65) boot:  1 phy_init         RF data          01 01 0000f000 00001000[0m
[0;32mI (72) boot:  2 factory          factory app      00 00 00010000 00100000[0m
[0;32mI (78) boot: End of partition table[0m
[0;32mI (82) esp_image: segment 0: paddr=00010020 vaddr=3f400020 size=09b78h ( 39800) map[0m
[0;32mI (103) esp_image: segment 1: paddr=00019ba0 vaddr=3ffb0000 size=023d8h (  9176) load[0m
[0;32mI (106) esp_image: segment 2: paddr=0001bf80 vaddr=40080000 size=04098h ( 16536) load[0m
[0;32mI (113) esp_image: segment 3: paddr=00020020 vaddr=400d0020 size=13928h ( 80168) map[0m
[0;32mI (141) esp_image: segment 4: paddr=00033950 vaddr=40084098 size=08f60h ( 36704) load[0m
[0;32mI (156) esp_image: segment 5: paddr=0003c8b8 vaddr=50000000 size=00020h (    32) load[0m
[0;32mI (163) boot: Loaded app from partition at offset 0x10000[0m
[0;32mI (163) boot: Disabling RNG early entropy source...[0m
[0;32mI (174) cpu_start: Multicore app[0m
[0;32mI (183) cpu_start: Pro cpu start user code[0m
[0;32mI (183) cpu_start: cpu freq: 160000000 Hz[0m
[0;32mI (183) app_init: Application information:[0m
[0;32mI (183) app_init: Project name:     lab4[0m
[0;32mI (186) app_init: App version:      2c3774c-dirty[0m
[0;32mI (191) app_init: Compile time:     Oct  8 2025 09:46:24[0m
[0;32mI (196) app_init: ELF file SHA256:  92988f316...[0m
[0;32mI (200) app_init: ESP-IDF:          HEAD-HASH-NOTFOUND[0m
[0;32mI (205) efuse_init: Min chip rev:     v0.0[0m
[0;32mI (209) efuse_init: Max chip rev:     v3.99 [0m
[0;32mI (213) efuse_init: Chip rev:         v3.1[0m
[0;32mI (217) heap_init: Initializing. RAM available for dynamic allocation:[0m
[0;32mI (223) heap_init: At 3FFAE6E0 len 00001920 (6 KiB): DRAM[0m
[0;32mI (228) heap_init: At 3FFB2CA8 len 0002D358 (180 KiB): DRAM[0m
[0;32mI (233) heap_init: At 3FFE0440 len 00003AE0 (14 KiB): D/IRAM[0m
[0;32mI (239) heap_init: At 3FFE4350 len 0001BCB0 (111 KiB): D/IRAM[0m
[0;32mI (244) heap_init: At 4008CFF8 len 00013008 (76 KiB): IRAM[0m
[0;33mW (251) spi_flash: Detected boya flash chip but using generic driver. For optimal functionality, enable `SPI_FLASH_SUPPORT_BOYA_CHIP` in menuconfig[0m
[0;32mI (263) spi_flash: detected chip: generic[0m
[0;32mI (266) spi_flash: flash io: dio[0m
[0;33mW (269) spi_flash: Detected size(4096k) larger than the size in the binary image header(2048k). Using the size in the binary image header.[0m
[0;32mI (282) main_task: Started on CPU0[0m
[0;32mI (292) main_task: Calling app_main()[0m
----Sorted insert test----
single linked list: 
added:57
added:35
added:26
added:14
added:7
list(first: 7)[7 14 26 35 57 ]


double linked list: 
added 72
added 54
added 26
added 87
added 81
list(first:26, last87 )[26 54 72 81 87 ]
----Removeing elements test----
single linked list: 
added:6
added:53
added:8
added:79
added:14
list(first: 6)[6 8 14 53 79 ]
removeing first element
list(first: 8)[8 14 53 79 ]
8 removed
removeing last element
list(first: 8)[8 14 53 ]
8 removed


double linked list: 
added 72
added 2
added 14
added 77
added 56
list(first:2, last77 )[2 14 56 72 77 ]
removeing first element
list(first:14, last77 )[14 56 72 77 ]
14 removed
removing last element
list(first:14, last72 )[14 56 72 ]
14 removed
----Remove from empty list----
remove from empty sll
Guru Meditation Error: Core  0 panic'ed (LoadProhibited). Exception was unhandled.

Core  0 register dump:
PC      : 0x400d624a  PS      : 0x00060330  A0      : 0x800d6189  A1      : 0x3ffb3f30  
A2      : 0x3ffb3f50  A3      : 0x0000000e  A4      : 0x0000000b  A5      : 0x3f402567  
A6      : 0x00000015  A7      : 0x3ffaff20  A8      : 0x00000000  A9      : 0x3ffb3ef0  
A10     : 0x00000000  A11     : 0x3f403738  A12     : 0x00000002  A13     : 0x3f403717  
A14     : 0x00000009  A15     : 0x3ffaea38  SAR     : 0x00000004  EXCCAUSE: 0x0000001c  
EXCVADDR: 0x00000004  LBEG    : 0x400014fd  LEND    : 0x4000150d  LCOUNT  : 0xfffffffa  


Backtrace: 0x400d6247:0x3ffb3f30 0x400d6186:0x3ffb3f50 0x400d61d5:0x3ffb3f80 0x400e3241:0x3ffb3fa0 0x40085d35:0x3ffb3fd0




ELF file SHA256: 92988f316

Rebooting...
ets Jul 29 2019 12:21:46

rst:0xc (SW_CPU_RESET),boot:0x13 (SPI_FAST_FLASH_BOOT)
configsip: 0, SPIWP:0xee
clk_drv:0x00,q_drv:0x00,d_drv:0x00,cs0_drv:0x00,hd_drv:0x00,wp_drv:0x00
mode:DIO, clock div:2
load:0x3fff0030,len:6380
ho 0 tail 12 room 4
load:0x40078000,len:15916
load:0x40080400,len:3860
entry 0x40080638
[0;32mI (29) boot: ESP-IDF HEAD-HASH-NOTFOUND 2nd stage bootloader[0m
[0;32mI (29) boot: compile time Oct  8 2025 00:30:29[0m
[0;32mI (29) boot: Multicore bootloader[0m
[0;32mI (32) boot: chip revision: v3.1[0m
[0;32mI (34) boot.esp32: SPI Speed      : 40MHz[0m
[0;32mI (38) boot.esp32: SPI Mode       : DIO[0m
[0;32mI (42) boot.esp32: SPI Flash Size : 2MB[0m
[0;32mI (45) boot: Enabling RNG early entropy source...[0m
[0;32mI (50) boot: Partition Table:[0m
[0;32mI (52) boot: ## Label            Usage          Type ST Offset   Length[0m
[0;32mI (59) boot:  0 nvs              WiFi data        01 02 00009000 00006000[0m
[0;32mI (65) boot:  1 phy_init         RF data          01 01 0000f000 00001000[0m
[0;32mI (72) boot:  2 factory          factory app      00 00 00010000 00100000[0m
[0;32mI (78) boot: End of partition table[0m
[0;32mI (82) esp_image: segment 0: paddr=00010020 vaddr=3f400020 size=09b78h ( 39800) map[0m
[0;32mI (103) esp_image: segment 1: paddr=00019ba0 vaddr=3ffb0000 size=023d8h (  9176) load[0m
[0;32mI (106) esp_image: segment 2: paddr=0001bf80 vaddr=40080000 size=04098h ( 16536) load[0m
[0;32mI (113) esp_image: segment 3: paddr=00020020 vaddr=400d0020 size=13928h ( 80168) map[0m
[0;32mI (141) esp_image: segment 4: paddr=00033950 vaddr=40084098 size=08f60h ( 36704) load[0m
[0;32mI (156) esp_image: segment 5: paddr=0003c8b8 vaddr=50000000 size=00020h (    32) load[0m
[0;32mI (163) boot: Loaded app from partition at offset 0x10000[0m
[0;32mI (163) boot: Disabling RNG early entropy source...[0m
[0;32mI (174) cpu_start: Multicore app[0m
[0;32mI (182) cpu_start: Pro cpu start user code[0m
[0;32mI (182) cpu_start: cpu freq: 160000000 Hz[0m
[0;32mI (183) app_init: Application information:[0m
[0;32mI (183) app_init: Project name:     lab4[0m
[0;32mI (186) app_init: App version:      2c3774c-dirty[0m
[0;32mI (191) app_init: Compile time:     Oct  8 2025 09:46:24[0m
[0;32mI (196) app_init: ELF file SHA256:  92988f316...[0m
[0;32mI (200) app_init: ESP-IDF:          HEAD-HASH-NOTFOUND[0m
[0;32mI (205) efuse_init: Min chip rev:     v0.0[0m
[0;32mI (209) efuse_init: Max chip rev:     v3.99 [0m
[0;32mI (213) efuse_init: Chip rev:         v3.1[0m
[0;32mI (217) heap_init: Initializing. RAM available for dynamic allocation:[0m
[0;32mI (223) heap_init: At 3FFAE6E0 len 00001920 (6 KiB): DRAM[0m
[0;32mI (228) heap_init: At 3FFB2CA8 len 0002D358 (180 KiB): DRAM[0m
[0;32mI (233) heap_init: At 3FFE0440 len 00003AE0 (14 KiB): D/IRAM[0m
[0;32mI (239) heap_init: At 3FFE4350 len 0001BCB0 (111 KiB): D/IRAM[0m
[0;32mI (244) heap_init: At 4008CFF8 len 00013008 (76 KiB): IRAM[0m
[0;33mW (251) spi_flash: Detected boya flash chip but using generic driver. For optimal functionality, enable `SPI_FLASH_SUPPORT_BOYA_CHIP` in menuconfig[0m
[0;32mI (262) spi_flash: detected chip: generic[0m
[0;32mI (266) spi_flash: flash io: dio[0m
[0;33mW (269) spi_flash: Detected size(4096k) larger than the size in the binary image header(2048k). Using the size in the binary image header.[0m
[0;32mI (282) main_task: Started on CPU0[0m
[0;32mI (292) main_task: Calling app_main()[0m
----Sorted insert test----
single linked list: 
added:6
added:81
added:87
added:81
added:67
list(first: 6)[6 67 81 81 87 ]


double linked list: 
added 52
added 60
added 59
added 4
added 5
list(first:4, last60 )[4 5 52 59 60 ]
----Removeing elements test----
single linked list: 
added:36
added:42
added:93
added:37
added:26
list(first: 26)[26 36 37 42 93 ]
removeing first element
list(first: 36)[36 37 42 93 ]
36 removed
removeing last element
list(first: 36)[36 37 42 ]
36 removed


double linked list: 
added 25
added 82
added 81
added 70
added 54
list(first:25, last82 )[25 54 70 81 82 ]
removeing first element
list(first:54, last82 )[54 70 81 82 ]
54 removed
removing last element
list(first:54, last81 )[54 70 81 ]
54 removed
----Remove from empty list----
remove from empty sll
Guru Meditation Error: Core  0 panic'ed (LoadProhibited). Exception was unhandled.

Core  0 register dump:
PC      : 0x400d624a  PS      : 0x00060330  A0      : 0x800d6189  A1      : 0x3ffb3f30  
A2      : 0x3ffb3f50  A3      : 0x00000036  A4      : 0x0000000b  A5      : 0x3f402567  
A6      : 0x00000015  A7      : 0x3ffaff40  A8      : 0x00000000  A9      : 0x3ffb3ef0  
A10     : 0x00000000  A11     : 0x3f403738  A12     : 0x00000002  A13     : 0x3f403717  
A14     : 0x00000009  A15     : 0x3ffaea38  SAR     : 0x00000004  EXCCAUSE: 0x0000001c  
EXCVADDR: 0x00000004  LBEG    : 0x400014fd  LEND    : 0x4000150d  LCOUNT  : 0xfffffffa  


Backtrace: 0x400d6247:0x3ffb3f30 0x400d6186:0x3ffb3f50 0x400d61d5:0x3ffb3f80 0x400e3241:0x3ffb3fa0 0x40085d35:0x3ffb3fd0




ELF file SHA256: 92988f316

Rebooting...
ets Jul 29 2019 12:21:46

rst:0xc (SW_CPU_RESET),boot:0x13 (SPI_FAST_FLASH_BOOT)
configsip: 0, SPIWP:0xee
clk_drv:0x00,q_drv:0x00,d_drv:0x00,cs0_drv:0x00,hd_drv:0x00,wp_drv:0x00
mode:DIO, clock div:2
load:0x3fff0030,len:6380
ho 0 tail 12 room 4
load:0x40078000,len:15916
load:0x40080400,len:3860
entry 0x40080638
[0;32mI (29) boot: ESP-IDF HEAD-HASH-NOTFOUND 2nd stage bootloader[0m
[0;32mI (29) boot: compile time Oct  8 2025 00:30:29[0m
[0;32mI (29) boot: Multicore bootloader[0m
[0;32mI (32) boot: chip revision: v3.1[0m
[0;32mI (34) boot.esp32: SPI Speed      : 40MHz[0m
[0;32mI (38) boot.esp32: SPI Mode       : DIO[0m
[0;32mI (42) boot.esp32: SPI Flash Size : 2MB[0m
[0;32mI (45) boot: Enabling RNG early entropy source...[0m
[0;32mI (50) boot: Partition Table:[0m
[0;32mI (52) boot: ## Label            Usage          Type ST Offset   Length[0m
[0;32mI (59) boot:  0 nvs              WiFi data        01 02 00009000 00006000[0m
[0;32mI (65) boot:  1 phy_init         RF data          01 01 0000f000 00001000[0m
[0;32mI (72) boot:  2 factory          factory app      00 00 00010000 00100000[0m
[0;32mI (78) boot: End of partition table[0m
[0;32mI (82) esp_image: segment 0: paddr=00010020 vaddr=3f400020 size=09b78h ( 39800) map[0m
[0;32mI (103) esp_image: segment 1: paddr=00019ba0 vaddr=3ffb0000 size=023d8h (  9176) load[0m
[0;32mI (106) esp_image: segment 2: paddr=0001bf80 vaddr=40080000 size=04098h ( 16536) load[0m
[0;32mI (113) esp_image: segment 3: paddr=00020020 vaddr=400d0020 size=13928h ( 80168) map[0m
[0;32mI (141) esp_image: segment 4: paddr=00033950 vaddr=40084098 size=08f60h ( 36704) load[0m
[0;32mI (156) esp_image: segment 5: paddr=0003c8b8 vaddr=50000000 size=00020h (    32) load[0m
[0;32mI (163) boot: Loaded app from partition at offset 0x10000[0m
[0;32mI (163) boot: Disabling RNG early entropy source...[0m
[0;32mI (174) cpu_start: Multicore app[0m
[0;32mI (182) cpu_start: Pro cpu start user code[0m
[0;32mI (182) cpu_start: cpu freq: 160000000 Hz[0m
[0;32mI (182) app_init: Application information:[0m
[0;32mI (183) app_init: Project name:     lab4[0m
[0;32mI (186) app_init: App version:      2c3774c-dirty[0m
[0;32mI (191) app_init: Compile time:     Oct  8 2025 09:46:24[0m
[0;32mI (196) app_init: ELF file SHA256:  92988f316...[0m
[0;32mI (200) app_init: ESP-IDF:          HEAD-HASH-NOTFOUND[0m
[0;32mI (205) efuse_init: Min chip rev:     v0.0[0m
[0;32mI (209) efuse_init: Max chip rev:     v3.99 [0m
[0;32mI (213) efuse_init: Chip rev:         v3.1[0m
[0;32mI (217) heap_init: Initializing. RAM available for dynamic allocation:[0m
[0;32mI (223) heap_init: At 3FFAE6E0 len 00001920 (6 KiB): DRAM[0m
[0;32mI (228) heap_init: At 3FFB2CA8 len 0002D358 (180 KiB): DRAM[0m
[0;32mI (233) heap_init: At 3FFE0440 len 00003AE0 (14 KiB): D/IRAM[0m
[0;32mI (238) heap_init: At 3FFE4350 len 0001BCB0 (111 KiB): D/IRAM[0m
[0;32mI (244) heap_init: At 4008CFF8 len 00013008 (76 KiB): IRAM[0m
[0;33mW (251) spi_flash: Detected boya flash chip but using generic driver. For optimal functionality, enable `SPI_FLASH_SUPPORT_BOYA_CHIP` in menuconfig[0m
[0;32mI (262) spi_flash: detected chip: generic[0m
[0;32mI (266) spi_flash: flash io: dio[0m
[0;33mW (269) spi_flash: Detected size(4096k) larger than the size in the binary image header(2048k). Using the size in the binary image header.[0m
[0;32mI (282) main_task: Started on CPU0[0m
[0;32mI (292) main_task: Calling app_main()[0m
----Sorted insert test----
single linked list: 
added:25
added:63
added:8
added:62
added:16
list(first: 8)[8 16 25 62 63 ]


double linked list: 
added 97
added 77
added 31
added 30
added 60
list(first:30, last97 )[30 31 60 77 97 ]
----Removeing elements test----
single linked list: 
added:92
added:10
added:62
added:90
added:6
list(first: 6)[6 10 62 90 92 ]
removeing first element
list(first: 10)[10 62 90 92 ]
10 removed
removeing last element
list(first: 10)[10 62 90 ]
10 removed


double linked list: 
added 14
added 64
added 65
added 77
added 56
list(first:14, last77 )[14 56 64 65 77 ]
removeing first element
list(first:56, last77 )[56 64 65 77 ]
56 removed
removing last element
list(first:56, last65 )[56 64 65 ]
56 removed
----Remove from empty list----
remove from empty sll
Guru Meditation Error: Core  0 panic'ed (LoadProhibited). Exception was unhandled.

Core  0 register dump:
PC      : 0x400d624a  PS      : 0x00060330  A0      : 0x800d6189  A1      : 0x3ffb3f30  
A2      : 0x3ffb3f50  A3      : 0x00000038  A4      : 0x0000000b  A5      : 0x3f402567  
A6      : 0x00000015  A7      : 0x3ffaff40  A8      : 0x00000000  A9      : 0x3ffb3ef0  
A10     : 0x00000000  A11     : 0x3f403738  A12     : 0x00000002  A13     : 0x3f403717  
A14     : 0x00000009  A15     : 0x3ffaea38  SAR     : 0x00000004  EXCCAUSE: 0x0000001c  
EXCVADDR: 0x00000004  LBEG    : 0x400014fd  LEND    : 0x4000150d  LCOUNT  : 0xfffffffa  


Backtrace: 0x400d6247:0x3ffb3f30 0x400d6186:0x3ffb3f50 0x400d61d5:0x3ffb3f80 0x400e3241:0x3ffb3fa0 0x40085d35:0x3ffb3fd0




ELF file SHA256: 92988f316

Rebooting...
ets Jul 29 2019 12:21:46

rst:0xc (SW_CPU_RESET),boot:0x13 (SPI_FAST_FLASH_BOOT)
configsip: 0, SPIWP:0xee
clk_drv:0x00,q_drv:0x00,d_drv:0x00,cs0_drv:0x00,hd_drv:0x00,wp_drv:0x00
mode:DIO, clock div:2
load:0x3fff0030,len:6380
ho 0 tail 12 room 4
load:0x40078000,len:15916
load:0x40080400,len:3860
entry 0x40080638
[0;32mI (29) boot: ESP-IDF HEAD-HASH-NOTFOUND 2nd stage bootloader[0m
[0;32mI (29) boot: compile time Oct  8 2025 00:30:29[0m
[0;32mI (29) boot: Multicore bootloader[0m
[0;32mI (32) boot: chip revision: v3.1[0m
[0;32mI (34) boot.esp32: SPI Speed      : 40MHz[0m
[0;32mI (38) boot.esp32: SPI Mode       : DIO[0m
[0;32mI (42) boot.esp32: SPI Flash Size : 2MB[0m
[0;32mI (45) boot: Enabling RNG early entropy source...[0m
[0;32mI (50) boot: Partition Table:[0m
[0;32mI (52) boot: ## Label            Usage          Type ST Offset   Length[0m
[0;32mI (59) boot:  0 nvs              WiFi data        01 02 00009000 00006000[0m
[0;32mI (65) boot:  1 phy_init         RF data          01 01 0000f000 00001000[0m
[0;32mI (72) boot:  2 factory          factory app      00 00 00010000 00100000[0m
[0;32mI (78) boot: End of partition table[0m
[0;32mI (82) esp_image: segment 0: paddr=00010020 vaddr=3f400020 size=09b78h ( 39800) map[0m
[0;32mI (103) esp_image: segment 1: paddr=00019ba0 vaddr=3ffb0000 size=023d8h (  9176) load[0m
[0;32mI (106) esp_image: segment 2: paddr=0001bf80 vaddr=40080000 size=04098h ( 16536) load[0m
[0;32mI (113) esp_image: segment 3: paddr=00020020 vaddr=400d0020 size=13928h ( 80168) map[0m
[0;32mI (141) esp_image: segment 4: paddr=00033950 vaddr=40084098 size=08f60h ( 36704) load[0m
[0;32mI (156) esp_image: segment 5: paddr=0003c8b8 vaddr=50000000 size=00020h (    32) load[0m
[0;32mI (163) boot: Loaded app from partition at offset 0x10000[0m
[0;32mI (163) boot: Disabling RNG early entropy source...[0m
[0;32mI (174) cpu_start: Multicore app[0m
[0;32mI (182) cpu_start: Pro cpu start user code[0m
[0;32mI (182) cpu_start: cpu freq: 160000000 Hz[0m
[0;32mI (183) app_init: Application information:[0m
[0;32mI (183) app_init: Project name:     lab4[0m
[0;32mI (186) app_init: App version:      2c3774c-dirty[0m
[0;32mI (191) app_init: Compile time:     Oct  8 2025 09:46:24[0m
[0;32mI (196) app_init: ELF file SHA256:  92988f316...[0m
[0;32mI (200) app_init: ESP-IDF:          HEAD-HASH-NOTFOUND[0m
[0;32mI (205) efuse_init: Min chip rev:     v0.0[0m
[0;32mI (209) efuse_init: Max chip rev:     v3.99 [0m
[0;32mI (213) efuse_init: Chip rev:         v3.1[0m
[0;32mI (217) heap_init: Initializing. RAM available for dynamic allocation:[0m
[0;32mI (223) heap_init: At 3FFAE6E0 len 00001920 (6 KiB): DRAM[0m
[0;32mI (228) heap_init: At 3FFB2CA8 len 0002D358 (180 KiB): DRAM[0m
[0;32mI (233) heap_init: At 3FFE0440 len 00003AE0 (14 KiB): D/IRAM[0m
[0;32mI (239) heap_init: At 3FFE4350 len 0001BCB0 (111 KiB): D/IRAM[0m
[0;32mI (244) heap_init: At 4008CFF8 len 00013008 (76 KiB): IRAM[0m
[0;33mW (251) spi_flash: Detected boya flash chip but using generic driver. For optimal functionality, enable `SPI_FLASH_SUPPORT_BOYA_CHIP` in menuconfig[0m
[0;32mI (262) spi_flash: detected chip: generic[0m
[0;32mI (266) spi_flash: flash io: dio[0m
[0;33mW (269) spi_flash: Detected size(4096k) larger than the size in the binary image header(2048k). Using the size in the binary image header.[0m
[0;32mI (282) main_task: Started on CPU0[0m
[0;32mI (292) main_task: Calling app_main()[0m
----Sorted insert test----
single linked list: 
added:89
added:35
added:55
added:8
added:40
list(first: 8)[8 35 40 55 89 ]


double linked list: 
added 98
added 91
added 88
added 36
added 50
list(first:36, last98 )[36 50 88 91 98 ]
----Removeing elements test----
single linked list: 
added:10
added:65
added:3
added:20
added:9
list(first: 3)[3 9 10 20 65 ]
removeing first element
list(first: 9)[9 10 20 65 ]
9 removed
removeing last element
list(first: 9)[9 10 20 ]
9 removed


double linked list: 
added 83
added 6
added 53
added 72
added 98
list(first:6, last98 )[6 53 72 83 98 ]
removeing first element
list(first:53, last98 )[53 72 83 98 ]
53 removed
removing last element
list(first:53, last83 )[53 72 83 ]
53 removed
----Remove from empty list----
remove from empty sll
Guru Meditation Error: Core  0 panic'ed (LoadProhibited). Exception was unhandled.

Core  0 register dump:
PC      : 0x400d624a  PS      : 0x00060330  A0      : 0x800d6189  A1      : 0x3ffb3f30  
A2      : 0x3ffb3f50  A3      : 0x00000035  A4      : 0x0000000b  A5      : 0x3f402567  
A6      : 0x00000015  A7      : 0x3ffaff20  A8      : 0x00000000  A9      : 0x3ffb3ef0  
A10     : 0x00000000  A11     : 0x3f403738  A12     : 0x00000002  A13     : 0x3f403717  
A14     : 0x00000009  A15     : 0x3ffaea38  SAR     : 0x00000004  EXCCAUSE: 0x0000001c  
EXCVADDR: 0x00000004  LBEG    : 0x400014fd  LEND    : 0x4000150d  LCOUNT  : 0xfffffffa  


Backtrace: 0x400d6247:0x3ffb3f30 0x400d6186:0x3ffb3f50 0x400d61d5:0x3ffb3f80 0x400e3241:0x3ffb3fa0 0x40085d35:0x3ffb3fd0




ELF file SHA256: 92988f316

Rebooting...
ets Jul 29 2019 12:21:46

rst:0xc (SW_CPU_RESET),boot:0x13 (SPI_FAST_FLASH_BOOT)
configsip: 0, SPIWP:0xee
clk_drv:0x00,q_drv:0x00,d_drv:0x00,cs0_drv:0x00,hd_drv:0x00,wp_drv:0x00
mode:DIO, clock div:2
load:0x3fff0030,len:6380
ho 0 tail 12 room 4
load:0x40078000,len:15916
load:0x40080400,len:3860
entry 0x40080638
[0;32mI (29) boot: ESP-IDF HEAD-HASH-NOTFOUND 2nd stage bootloader[0m
[0;32mI (29) boot: compile time Oct  8 2025 00:30:29[0m
[0;32mI (29) boot: Multicore bootloader[0m
[0;32mI (32) boot: chip revision: v3.1[0m
[0;32mI (34) boot.esp32: SPI Speed      : 40MHz[0m
[0;32mI (38) boot.esp32: SPI Mode       : DIO[0m
[0;32mI (42) boot.esp32: SPI Flash Size : 2MB[0m
[0;32mI (45) boot: Enabling RNG early entropy source...[0m
[0;32mI (50) boot: Partition Table:[0m
[0;32mI (52) boot: ## Label            Usage          Type ST Offset   Length[0m
[0;32mI (59) boot:  0 nvs              WiFi data        01 02 00009000 00006000[0m
[0;32mI (65) boot:  1 phy_init         RF data          01 01 0000f000 00001000[0m
[0;32mI (72) boot:  2 factory          factory app      00 00 00010000 00100000[0m
[0;32mI (78) boot: End of partition table[0m
[0;32mI (82) esp_image: segment 0: paddr=00010020 vaddr=3f400020 size=09b78h ( 39800) map[0m
[0;32mI (103) esp_image: segment 1: paddr=00019ba0 vaddr=3ffb0000 size=023d8h (  9176) load[0m
[0;32mI (106) esp_image: segment 2: paddr=0001bf80 vaddr=40080000 size=04098h ( 16536) load[0m
[0;32mI (113) esp_image: segment 3: paddr=00020020 vaddr=400d0020 size=13928h ( 80168) map[0m
[0;32mI (141) esp_image: segment 4: paddr=00033950 vaddr=40084098 size=08f60h ( 36704) load[0m
[0;32mI (156) esp_image: segment 5: paddr=0003c8b8 vaddr=50000000 size=00020h (    32) load[0m
[0;32mI (163) boot: Loaded app from partition at offset 0x10000[0m
[0;32mI (163) boot: Disabling RNG early entropy source...[0m
[0;32mI (174) cpu_start: Multicore app[0m
[0;32mI (182) cpu_start: Pro cpu start user code[0m
[0;32mI (182) cpu_start: cpu freq: 160000000 Hz[0m
[0;32mI (183) app_init: Application information:[0m
[0;32mI (183) app_init: Project name:     lab4[0m
[0;32mI (186) app_init: App version:      2c3774c-dirty[0m
[0;32mI (191) app_init: Compile time:     Oct  8 2025 09:46:24[0m
[0;32mI (196) app_init: ELF file SHA256:  92988f316...[0m
[0;32mI (200) app_init: ESP-IDF:          HEAD-HASH-NOTFOUND[0m
[0;32mI (205) efuse_init: Min chip rev:     v0.0[0m
[0;32mI (209) efuse_init: Max chip rev:     v3.99 [0m
[0;32mI (213) efuse_init: Chip rev:         v3.1[0m
[0;32mI (217) heap_init: Initializing. RAM available for dynamic allocation:[0m
[0;32mI (223) heap_init: At 3FFAE6E0 len 00001920 (6 KiB): DRAM[0m
[0;32mI (228) heap_init: At 3FFB2CA8 len 0002D358 (180 KiB): DRAM[0m
[0;32mI (233) heap_init: At 3FFE0440 len 00003AE0 (14 KiB): D/IRAM[0m
[0;32mI (238) heap_init: At 3FFE4350 len 0001BCB0 (111 KiB): D/IRAM[0m
[0;32mI (244) heap_init: At 4008CFF8 len 00013008 (76 KiB): IRAM[0m
[0;33mW (251) spi_flash: Detected boya flash chip but using generic driver. For optimal functionality, enable `SPI_FLASH_SUPPORT_BOYA_CHIP` in menuconfig[0m
[0;32mI (262) spi_flash: detected chip: generic[0m
[0;32mI (266) spi_flash: flash io: dio[0m
[0;33mW (269) spi_flash: Detected size(4096k) larger than the size in the binary image header(2048k). Using the size in the binary image header.[0m
[0;32mI (282) main_task: Started on CPU0[0m
[0;32mI (292) main_task: Calling app_main()[0m
----Sorted insert test----
single linked list: 
added:44
added:64
added:42
added:18
added:27
list(first: 18)[18 27 42 44 64 ]


double linked list: 
added 71
added 49
added 35
added 92
added 14
list(first:14, last92 )[14 35 49 71 92 ]
----Removeing elements test----
single linked list: 
added:38
added:93
added:68
added:59
added:64
list(first: 38)[38 59 64 68 93 ]
removeing first element
list(first: 59)[59 64 68 93 ]
59 removed
removeing last element
list(first: 59)[59 64 68 ]
59 removed


double linked list: 
added 45
added 42
added 93
added 61
added 70
list(first:42, last93 )[42 45 61 70 93 ]
removeing first element
list(first:45, last93 )[45 61 70 93 ]
45 removed
removing last element
list(first:45, last70 )[45 61 70 ]
45 removed
----Remove from empty list----
remove from empty sll
Guru Meditation Error: Core  0 panic'ed (LoadProhibited). Exception was unhandled.

Core  0 register dump:
PC      : 0x400d624a  PS      : 0x00060330  A0      : 0x800d6189  A1      : 0x3ffb3f30  
A2      : 0x3ffb3f50  A3      : 0x0000002d  A4      : 0x0000000b  A5      : 0x3f402567  
A6      : 0x00000015  A7      : 0x3ffafed0  A8      : 0x00000000  A9      : 0x3ffb3ef0  
A10     : 0x00000000  A11     : 0x3f403738  A12     : 0x00000002  A13     : 0x3f403717  
A14     : 0x00000009  A15     : 0x3ffaea38  SAR     : 0x00000004  EXCCAUSE: 0x0000001c  
EXCVADDR: 0x00000004  LBEG    : 0x400014fd  LEND    : 0x4000150d  LCOUNT  : 0xfffffffa  


Backtrace: 0x400d6247:0x3ffb3f30 0x400d6186:0x3ffb3f50 0x400d61d5:0x3ffb3f80 0x400e3241:0x3ffb3fa0 0x40085d35:0x3ffb3fd0




ELF file SHA256: 92988f316

Rebooting...
ets Jul 29 2019 12:21:46

rst:0xc (SW_CPU_RESET),boot:0x13 (SPI_FAST_FLASH_BOOT)
configsip: 0, SPIWP:0xee
clk_drv:0x00,q_drv:0x00,d_drv:0x00,cs0_drv:0x00,hd_drv:0x00,wp_drv:0x00
mode:DIO, clock div:2
load:0x3fff0030,len:6380
ho 0 tail 12 room 4
load:0x40078000,len:15916
load:0x40080400,len:3860
entry 0x40080638
[0;32mI (29) boot: ESP-IDF HEAD-HASH-NOTFOUND 2nd stage bootloader[0m
[0;32mI (29) boot: compile time Oct  8 2025 00:30:29[0m
[0;32mI (29) boot: Multicore bootloader[0m
[0;32mI (32) boot: chip revision: v3.1[0m
[0;32mI (34) boot.esp32: SPI Speed      : 40MHz[0m
[0;32mI (38) boot.esp32: SPI Mode       : DIO[0m
[0;32mI (42) boot.esp32: SPI Flash Size : 2MB[0m
[0;32mI (45) boot: Enabling RNG early entropy source...[0m
[0;32mI (50) boot: Partition Table:[0m
[0;32mI (52) boot: ## Label            Usage          Type ST Offset   Length[0m
[0;32mI (59) boot:  0 nvs              WiFi data        01 02 00009000 00006000[0m
[0;32mI (65) boot:  1 phy_init         RF data          01 01 0000f000 00001000[0m
[0;32mI (72) boot:  2 factory          factory app      00 00 00010000 00100000[0m
[0;32mI (78) boot: End of partition table[0m
[0;32mI (82) esp_image: segment 0: paddr=00010020 vaddr=3f400020 size=09b78h ( 39800) map[0m
[0;32mI (103) esp_image: segment 1: paddr=00019ba0 vaddr=3ffb0000 size=023d8h (  9176) load[0m
[0;32mI (106) esp_image: segment 2: paddr=0001bf80 vaddr=40080000 size=04098h ( 16536) load[0m
[0;32mI (113) esp_image: segment 3: paddr=00020020 vaddr=400d0020 size=13928h ( 80168) map[0m
[0;32mI (141) esp_image: segment 4: paddr=00033950 vaddr=40084098 size=08f60h ( 36704) load[0m
[0;32mI (156) esp_image: segment 5: paddr=0003c8b8 vaddr=50000000 size=00020h (    32) load[0m
[0;32mI (163) boot: Loaded app from partition at offset 0x10000[0m
[0;32mI (163) boot: Disabling RNG early entropy source...[0m
[0;32mI (174) cpu_start: Multicore app[0m
[0;32mI (182) cpu_start: Pro cpu start user code[0m
[0;32mI (182) cpu_start: cpu freq: 160000000 Hz[0m
[0;32mI (182) app_init: Application information:[0m
[0;32mI (183) app_init: Project name:     lab4[0m
[0;32mI (186) app_init: App version:      2c3774c-dirty[0m
[0;32mI (191) app_init: Compile time:     Oct  8 2025 09:46:24[0m
[0;32mI (196) app_init: ELF file SHA256:  92988f316...[0m
[0;32mI (200) app_init: ESP-IDF:          HEAD-HASH-NOTFOUND[0m
[0;32mI (205) efuse_init: Min chip rev:     v0.0[0m
[0;32mI (209) efuse_init: Max chip rev:     v3.99 [0m
[0;32mI (213) efuse_init: Chip rev:         v3.1[0m
[0;32mI (217) heap_init: Initializing. RAM available for dynamic allocation:[0m
[0;32mI (223) heap_init: At 3FFAE6E0 len 00001920 (6 KiB): DRAM[0m
[0;32mI (228) heap_init: At 3FFB2CA8 len 0002D358 (180 KiB): DRAM[0m
[0;32mI (233) heap_init: At 3FFE0440 len 00003AE0 (14 KiB): D/IRAM[0m
[0;32mI (238) heap_init: At 3FFE4350 len 0001BCB0 (111 KiB): D/IRAM[0m
[0;32mI (244) heap_init: At 4008CFF8 len 00013008 (76 KiB): IRAM[0m
[0;33mW (251) spi_flash: Detected boya flash chip but using generic driver. For optimal functionality, enable `SPI_FLASH_SUPPORT_BOYA_CHIP` in menuconfig[0m
[0;32mI (262) spi_flash: detected chip: generic[0m
[0;32mI (266) spi_flash: flash io: dio[0m
[0;33mW (269) spi_flash: Detected size(4096k) larger than the size in the binary image header(2048k). Using the size in the binary image header.[0m
[0;32mI (282) main_task: Started on CPU0[0m
[0;32mI (292) main_task: Calling app_main()[0m
----Sorted insert test----
single linked list: 
added:23
added:16
added:81
added:54
added:78
list(first: 16)[16 23 54 78 81 ]


double linked list: 
added 47
added 25
added 29
added 48
added 99
list(first:25, last99 )[25 29 47 48 99 ]
----Removeing elements test----
single linked list: 
added:87
added:76
added:88
added:79
added:8
list(first: 8)[8 76 79 87 88 ]
removeing first element
list(first: 76)[76 79 87 88 ]
76 removed
removeing last element
list(first: 76)[76 79 87 ]
76 removed


double linked list: 
added 74
added 96
added 85
added 67
added 18
list(first:18, last96 )[18 67 74 85 96 ]
removeing first element
list(first:67, last96 )[67 74 85 96 ]
67 removed
removing last element
list(first:67, last85 )[67 74 85 ]
67 removed
----Remove from empty list----
remove from empty sll
Guru Meditation Error: Core  0 panic'ed (LoadProhibited). Exception was unhandled.

Core  0 register dump:
PC      : 0x400d624a  PS      : 0x00060330  A0      : 0x800d6189  A1      : 0x3ffb3f30  
A2      : 0x3ffb3f50  A3      : 0x00000043  A4      : 0x0000000b  A5      : 0x3f402567  
A6      : 0x00000015  A7      : 0x3ffaff30  A8      : 0x00000000  A9      : 0x3ffb3ef0  
A10     : 0x00000000  A11     : 0x3f403738  A12     : 0x00000002  A13     : 0x3f403717  
A14     : 0x00000009  A15     : 0x3ffaea38  SAR     : 0x00000004  EXCCAUSE: 0x0000001c  
EXCVADDR: 0x00000004  LBEG    : 0x400014fd  LEND    : 0x4000150d  LCOUNT  : 0xfffffffa  


Backtrace: 0x400d6247:0x3ffb3f30 0x400d6186:0x3ffb3f50 0x400d61d5:0x3ffb3f80 0x400e3241:0x3ffb3fa0 0x40085d35:0x3ffb3fd0




ELF file SHA256: 92988f316

Rebooting...
ets Jul 29 2019 12:21:46

rst:0xc (SW_CPU_RESET),boot:0x13 (SPI_FAST_FLASH_BOOT)
configsip: 0, SPIWP:0xee
clk_drv:0x00,q_drv:0x00,d_drv:0x00,cs0_drv:0x00,hd_drv:0x00,wp_drv:0x00
mode:DIO, clock div:2
load:0x3fff0030,len:6380
ho 0 tail 12 room 4
load:0x40078000,len:15916
load:0x40080400,len:3860
entry 0x40080638
[0;32mI (29) boot: ESP-IDF HEAD-HASH-NOTFOUND 2nd stage bootloader[0m
[0;32mI (29) boot: compile time Oct  8 2025 00:30:29[0m
[0;32mI (29) boot: Multicore bootloader[0m
[0;32mI (32) boot: chip revision: v3.1[0m
[0;32mI (34) boot.esp32: SPI Speed      : 40MHz[0m
[0;32mI (38) boot.esp32: SPI Mode       : DIO[0m
[0;32mI (42) boot.esp32: SPI Flash Size : 2MB[0m
[0;32mI (45) boot: Enabling RNG early entropy source...[0m
[0;32mI (50) boot: Partition Table:[0m
[0;32mI (52) boot: ## Label            Usage          Type ST Offset   Length[0m
[0;32mI (59) boot:  0 nvs              WiFi data        01 02 00009000 00006000[0m
[0;32mI (65) boot:  1 phy_init         RF data          01 01 0000f000 00001000[0m
[0;32mI (72) boot:  2 factory          factory app      00 00 00010000 00100000[0m
[0;32mI (78) boot: End of partition table[0m
[0;32mI (82) esp_image: segment 0: paddr=00010020 vaddr=3f400020 size=09b78h ( 39800) map[0m
[0;32mI (103) esp_image: segment 1: paddr=00019ba0 vaddr=3ffb0000 size=023d8h (  9176) load[0m
[0;32mI (106) esp_image: segment 2: paddr=0001bf80 vaddr=40080000 size=04098h ( 16536) load[0m
[0;32mI (113) esp_image: segment 3: paddr=00020020 vaddr=400d0020 size=13928h ( 80168) map[0m
[0;32mI (141) esp_image: segment 4: paddr=00033950 vaddr=40084098 size=08f60h ( 36704) load[0m
[0;32mI (156) esp_image: segment 5: paddr=0003c8b8 vaddr=50000000 size=00020h (    32) load[0m
[0;32mI (163) boot: Loaded app from partition at offset 0x10000[0m
[0;32mI (163) boot: Disabling RNG early entropy source...[0m
[0;32mI (174) cpu_start: Multicore app[0m
[0;32mI (182) cpu_start: Pro cpu start user code[0m
[0;32mI (182) cpu_start: cpu freq: 160000000 Hz[0m
[0;32mI (183) app_init: Application information:[0m
[0;32mI (183) app_init: Project name:     lab4[0m
[0;32mI (186) app_init: App version:      2c3774c-dirty[0m
[0;32mI (191) app_init: Compile time:     Oct  8 2025 09:46:24[0m
[0;32mI (196) app_init: ELF file SHA256:  92988f316...[0m
[0;32mI (200) app_init: ESP-IDF:          HEAD-HASH-NOTFOUND[0m
[0;32mI (205) efuse_init: Min chip rev:     v0.0[0m
[0;32mI (209) efuse_init: Max chip rev:     v3.99 [0m
[0;32mI (213) efuse_init: Chip rev:         v3.1[0m
[0;32mI (217) heap_init: Initializing. RAM available for dynamic allocation:[0m
[0;32mI (223) heap_init: At 3FFAE6E0 len 00001920 (6 KiB): DRAM[0m
[0;32mI (228) heap_init: At 3FFB2CA8 len 0002D358 (180 KiB): DRAM[0m
[0;32mI (233) heap_init: At 3FFE0440 len 00003AE0 (14 KiB): D/IRAM[0m
[0;32mI (238) heap_init: At 3FFE4350 len 0001BCB0 (111 KiB): D/IRAM[0m
[0;32mI (244) heap_init: At 4008CFF8 len 00013008 (76 KiB): IRAM[0m
[0;33mW (251) spi_flash: Detected boya flash chip but using generic driver. For optimal functionality, enable `SPI_FLASH_SUPPORT_BOYA_CHIP` in menuconfig[0m
[0;32mI (262) spi_flash: detected chip: generic[0m
[0;32mI (266) spi_flash: flash io: dio[0m
[0;33mW (269) spi_flash: Detected size(4096k) larger than the size in the binary image header(2048k). Using the size in the binary image header.[0m
[0;32mI (282) main_task: Started on CPU0[0m
[0;32mI (292) main_task: Calling app_main()[0m
----Sorted insert test----
single linked list: 
added:99
added:16
added:79
added:97
added:79
list(first: 16)[16 79 79 97 99 ]


double linked list: 
added 90
added 8
added 69
added 21
added 69
list(first:8, last90 )[8 21 69 69 90 ]
----Removeing elements test----
single linked list: 
added:93
added:44
added:2
added:65
added:66
list(first: 2)[2 44 65 66 93 ]
removeing first element
list(first: 44)[44 65 66 93 ]
44 removed
removeing last element
list(first: 44)[44 65 66 ]
44 removed


double linked list: 
added 11
added 64
added 26
added 9
added 88
list(first:9, last88 )[9 11 26 64 88 ]
removeing first element
list(first:11, last88 )[11 26 64 88 ]
11 removed
removing last element
list(first:11, last64 )[11 26 64 ]
11 removed
----Remove from empty list----
remove from empty sll
Guru Meditation Error: Core  0 panic'ed (LoadProhibited). Exception was unhandled.

Core  0 register dump:
PC      : 0x400d624a  PS      : 0x00060330  A0      : 0x800d6189  A1      : 0x3ffb3f30  
A2      : 0x3ffb3f50  A3      : 0x0000000b  A4      : 0x0000000b  A5      : 0x3f402567  
A6      : 0x00000015  A7      : 0x3ffafed0  A8      : 0x00000000  A9      : 0x3ffb3ef0  
A10     : 0x00000000  A11     : 0x3f403738  A12     : 0x00000002  A13     : 0x3f403717  
A14     : 0x00000009  A15     : 0x3ffaea38  SAR     : 0x00000004  EXCCAUSE: 0x0000001c  
EXCVADDR: 0x00000004  LBEG    : 0x400014fd  LEND    : 0x4000150d  LCOUNT  : 0xfffffffa  


Backtrace: 0x400d6247:0x3ffb3f30 0x400d6186:0x3ffb3f50 0x400d61d5:0x3ffb3f80 0x400e3241:0x3ffb3fa0 0x40085d35:0x3ffb3fd0




ELF file SHA256: 92988f316

Rebooting...
ets Jul 29 2019 12:21:46

rst:0xc (SW_CPU_RESET),boot:0x13 (SPI_FAST_FLASH_BOOT)
configsip: 0, SPIWP:0xee
clk_drv:0x00,q_drv:0x00,d_drv:0x00,cs0_drv:0x00,hd_drv:0x00,wp_drv:0x00
mode:DIO, clock div:2
load:0x3fff0030,len:6380
ho 0 tail 12 room 4
load:0x40078000,len:15916
load:0x40080400,len:3860
entry 0x40080638
[0;32mI (29) boot: ESP-IDF HEAD-HASH-NOTFOUND 2nd stage bootloader[0m
[0;32mI (29) boot: compile time Oct  8 2025 00:30:29[0m
[0;32mI (29) boot: Multicore bootloader[0m
[0;32mI (32) boot: chip revision: v3.1[0m
[0;32mI (34) boot.esp32: SPI Speed      : 40MHz[0m
[0;32mI (38) boot.esp32: SPI Mode       : DIO[0m
[0;32mI (42) boot.esp32: SPI Flash Size : 2MB[0m
[0;32mI (45) boot: Enabling RNG early entropy source...[0m
[0;32mI (50) boot: Partition Table:[0m
[0;32mI (52) boot: ## Label            Usage          Type ST Offset   Length[0m
[0;32mI (59) boot:  0 nvs              WiFi data        01 02 00009000 00006000[0m
[0;32mI (65) boot:  1 phy_init         RF data          01 01 0000f000 00001000[0m
[0;32mI (72) boot:  2 factory          factory app      00 00 00010000 00100000[0m
[0;32mI (78) boot: End of partition table[0m
[0;32mI (82) esp_image: segment 0: paddr=00010020 vaddr=3f400020 size=09b78h ( 39800) map[0m
[0;32mI (103) esp_image: segment 1: paddr=00019ba0 vaddr=3ffb0000 size=023d8h (  9176) load[0m
[0;32mI (106) esp_image: segment 2: paddr=0001bf80 vaddr=40080000 size=04098h ( 16536) load[0m
[0;32mI (113) esp_image: segment 3: paddr=00020020 vaddr=400d0020 size=13928h ( 80168) map[0m
[0;32mI (141) esp_image: segment 4: paddr=00033950 vaddr=40084098 size=08f60h ( 36704) load[0m
[0;32mI (156) esp_image: segment 5: paddr=0003c8b8 vaddr=50000000 size=00020h (    32) load[0m
[0;32mI (163) boot: Loaded app from partition at offset 0x10000[0m
[0;32mI (163) boot: Disabling RNG early entropy source...[0m
[0;32mI (174) cpu_start: Multicore app[0m
[0;32mI (182) cpu_start: Pro cpu start user code[0m
[0;32mI (182) cpu_start: cpu freq: 160000000 Hz[0m
[0;32mI (183) app_init: Application information:[0m
[0;32mI (183) app_init: Project name:     lab4[0m
[0;32mI (186) app_init: App version:      2c3774c-dirty[0m
[0;32mI (191) app_init: Compile time:     Oct  8 2025 09:46:24[0m
[0;32mI (196) app_init: ELF file SHA256:  92988f316...[0m
[0;32mI (200) app_init: ESP-IDF:          HEAD-HASH-NOTFOUND[0m
[0;32mI (205) efuse_init: Min chip rev:     v0.0[0m
[0;32mI (209) efuse_init: Max chip rev:     v3.99 [0m
[0;32mI (213) efuse_init: Chip rev:         v3.1[0m
[0;32mI (217) heap_init: Initializing. RAM available for dynamic allocation:[0m
[0;32mI (223) heap_init: At 3FFAE6E0 len 00001920 (6 KiB): DRAM[0m
[0;32mI (228) heap_init: At 3FFB2CA8 len 0002D358 (180 KiB): DRAM[0m
[0;32mI (233) heap_init: At 3FFE0440 len 00003AE0 (14 KiB): D/IRAM[0m
[0;32mI (239) heap_init: At 3FFE4350 len 0001BCB0 (111 KiB): D/IRAM[0m
[0;32mI (244) heap_init: At 4008CFF8 len 00013008 (76 KiB): IRAM[0m
[0;33mW (251) spi_flash: Detected boya flash chip but using generic driver. For optimal functionality, enable `SPI_FLASH_SUPPORT_BOYA_CHIP` in menuconfig[0m
[0;32mI (262) spi_flash: detected chip: generic[0m
[0;32mI (266) spi_flash: flash io: dio[0m
[0;33mW (269) spi_flash: Detected size(4096k) larger than the size in the binary image header(2048k). Using the size in the binary image header.[0m
[0;32mI (282) main_task: Started on CPU0[0m
[0;32mI (292) main_task: Calling app_main()[0m
----Sorted insert test----
single linked list: 
added:92
added:69
added:63
added:27
added:97
list(first: 27)[27 63 69 92 97 ]


double linked list: 
added 14
added 0
added 55
added 79
added 56
list(first:0, last79 )[0 14 55 56 79 ]
----Removeing elements test----
single linked list: 
added:90
added:6
added:91
added:45
added:6
list(first: 6)[6 6 45 90 91 ]
removeing first element
list(first: 6)[6 45 90 91 ]
6 removed
removeing last element
list(first: 6)[6 45 90 ]
6 removed


double linked list: 
added 95
added 47
added 71
added 47
added 72
list(first:47, last95 )[47 47 71 72 95 ]
removeing first element
list(first:47, last95 )[47 71 72 95 ]
47 removed
removing last element
list(first:47, last72 )[47 71 72 ]
47 removed
----Remove from empty list----
remove from empty sll
Guru Meditation Error: Core  0 panic'ed (LoadProhibited). Exception was unhandled.

Core  0 register dump:
PC      : 0x400d624a  PS      : 0x00060330  A0      : 0x800d6189  A1      : 0x3ffb3f30  
A2      : 0x3ffb3f50  A3      : 0x0000002f  A4      : 0x0000000b  A5      : 0x3f402567  
A6      : 0x00000015  A7      : 0x3ffaff10  A8      : 0x00000000  A9      : 0x3ffb3ef0  
A10     : 0x00000000  A11     : 0x3f403738  A12     : 0x00000002  A13     : 0x3f403717  
A14     : 0x00000009  A15     : 0x3ffaea38  SAR     : 0x00000004  EXCCAUSE: 0x0000001c  
EXCVADDR: 0x00000004  LBEG    : 0x400014fd  LEND    : 0x4000150d  LCOUNT  : 0xfffffffa  


Backtrace: 0x400d6247:0x3ffb3f30 0x400d6186:0x3ffb3f50 0x400d61d5:0x3ffb3f80 0x400e3241:0x3ffb3fa0 0x40085d35:0x3ffb3fd0




ELF file SHA256: 92988f316

Rebooting...
ets Jul 29 2019 12:21:46

rst:0xc (SW_CPU_RESET),boot:0x13 (SPI_FAST_FLASH_BOOT)
configsip: 0, SPIWP:0xee
clk_drv:0x00,q_drv:0x00,d_drv:0x00,cs0_drv:0x00,hd_drv:0x00,wp_drv:0x00
mode:DIO, clock div:2
load:0x3fff0030,len:6380
ho 0 tail 12 room 4
load:0x40078000,len:15916
load:0x40080400,len:3860
entry 0x40080638
[0;32mI (29) boot: ESP-IDF HEAD-HASH-NOTFOUND 2nd stage bootloader[0m
[0;32mI (29) boot: compile time Oct  8 2025 00:30:29[0m
[0;32mI (29) boot: Multicore bootloader[0m
[0;32mI (32) boot: chip revision: v3.1[0m
[0;32mI (34) boot.esp32: SPI Speed      : 40MHz[0m
[0;32mI (38) boot.esp32: SPI Mode       : DIO[0m
[0;32mI (42) boot.esp32: SPI Flash Size : 2MB[0m
[0;32mI (45) boot: Enabling RNG early entropy source...[0m
[0;32mI (50) boot: Partition Table:[0m
[0;32mI (52) boot: ## Label            Usage          Type ST Offset   Length[0m
[0;32mI (59) boot:  0 nvs              WiFi data        01 02 00009000 00006000[0m
[0;32mI (65) boot:  1 phy_init         RF data          01 01 0000f000 00001000[0m
[0;32mI (72) boot:  2 factory          factory app      00 00 00010000 00100000[0m
[0;32mI (78) boot: End of partition table[0m
[0;32mI (82) esp_image: segment 0: paddr=00010020 vaddr=3f400020 size=09b78h ( 39800) map[0m
[0;32mI (103) esp_image: segment 1: paddr=00019ba0 vaddr=3ffb0000 size=023d8h (  9176) load[0m
[0;32mI (106) esp_image: segment 2: paddr=0001bf80 vaddr=40080000 size=04098h ( 16536) load[0m
[0;32mI (113) esp_image: segment 3: paddr=00020020 vaddr=400d0020 size=13928h ( 80168) map[0m
[0;32mI (141) esp_image: segment 4: paddr=00033950 vaddr=40084098 size=08f60h ( 36704) load[0m
[0;32mI (156) esp_image: segment 5: paddr=0003c8b8 vaddr=50000000 size=00020h (    32) load[0m
[0;32mI (163) boot: Loaded app from partition at offset 0x10000[0m
[0;32mI (163) boot: Disabling RNG early entropy source...[0m
[0;32mI (174) cpu_start: Multicore app[0m
[0;32mI (182) cpu_start: Pro cpu start user code[0m
[0;32mI (182) cpu_start: cpu freq: 160000000 Hz[0m
[0;32mI (183) app_init: Application information:[0m
[0;32mI (183) app_init: Project name:     lab4[0m
[0;32mI (186) app_init: App version:      2c3774c-dirty[0m
[0;32mI (191) app_init: Compile time:     Oct  8 2025 09:46:24[0m
[0;32mI (196) app_init: ELF file SHA256:  92988f316...[0m
[0;32mI (200) app_init: ESP-IDF:          HEAD-HASH-NOTFOUND[0m
[0;32mI (205) efuse_init: Min chip rev:     v0.0[0m
[0;32mI (209) efuse_init: Max chip rev:     v3.99 [0m
[0;32mI (213) efuse_init: Chip rev:         v3.1[0m
[0;32mI (217) heap_init: Initializing. RAM available for dynamic allocation:[0m
[0;32mI (223) heap_init: At 3FFAE6E0 len 00001920 (6 KiB): DRAM[0m
[0;32mI (228) heap_init: At 3FFB2CA8 len 0002D358 (180 KiB): DRAM[0m
[0;32mI (233) heap_init: At 3FFE0440 len 00003AE0 (14 KiB): D/IRAM[0m
[0;32mI (238) heap_init: At 3FFE4350 len 0001BCB0 (111 KiB): D/IRAM[0m
[0;32mI (244) heap_init: At 4008CFF8 len 00013008 (76 KiB): IRAM[0m
[0;33mW (251) spi_flash: Detected boya flash chip but using generic driver. For optimal functionality, enable `SPI_FLASH_SUPPORT_BOYA_CHIP` in menuconfig[0m
[0;32mI (262) spi_flash: detected chip: generic[0m
[0;32mI (266) spi_flash: flash io: dio[0m
[0;33mW (269) spi_flash: Detected size(4096k) larger than the size in the binary image header(2048k). Using the size in the binary image header.[0m
[0;32mI (282) main_task: Started on CPU0[0m
[0;32mI (292) main_task: Calling app_main()[0m
----Sorted insert test----
single linked list: 
added:51
added:79
added:52
added:90
added:70
list(first: 51)[51 52 70 79 90 ]


double linked list: 
added 0
added 60
added 45
added 29
added 8
list(first:0, last60 )[0 8 29 45 60 ]
----Removeing elements test----
single linked list: 
added:86
added:68
added:17
added:65
added:85
list(first: 17)[17 65 68 85 86 ]
removeing first element
list(first: 65)[65 68 85 86 ]
65 removed
removeing last element
list(first: 65)[65 68 85 ]
65 removed


double linked list: 
added 20
added 69
added 44
added 20
added 54
list(first:20, last69 )[20 20 44 54 69 ]
removeing first element
list(first:20, last69 )[20 44 54 69 ]
20 removed
removing last element
list(first:20, last54 )[20 44 54 ]
20 removed
----Remove from empty list----
remove from empty sll
Guru Meditation Error: Core  0 panic'ed (LoadProhibited). Exception was unhandled.

Core  0 register dump:
PC      : 0x400d624a  PS      : 0x00060330  A0      : 0x800d6189  A1      : 0x3ffb3f30  
A2      : 0x3ffb3f50  A3      : 0x00000014  A4      : 0x0000000b  A5      : 0x3f402567  
A6      : 0x00000015  A7      : 0x3ffafed0  A8      : 0x00000000  A9      : 0x3ffb3ef0  
A10     : 0x00000000  A11     : 0x3f403738  A12     : 0x00000002  A13     : 0x3f403717  
A14     : 0x00000009  A15     : 0x3ffaea38  SAR     : 0x00000004  EXCCAUSE: 0x0000001c  
EXCVADDR: 0x00000004  LBEG    : 0x400014fd  LEND    : 0x4000150d  LCOUNT  : 0xfffffffa  


Backtrace: 0x400d6247:0x3ffb3f30 0x400d6186:0x3ffb3f50 0x400d61d5:0x3ffb3f80 0x400e3241:0x3ffb3fa0 0x40085d35:0x3ffb3fd0




ELF file SHA256: 92988f316

Rebooting...
ets Jul 29 2019 12:21:46

rst:0xc (SW_CPU_RESET),boot:0x13 (SPI_FAST_FLASH_BOOT)
configsip: 0, SPIWP:0xee
clk_drv:0x00,q_drv:0x00,d_drv:0x00,cs0_drv:0x00,hd_drv:0x00,wp_drv:0x00
mode:DIO, clock div:2
load:0x3fff0030,len:6380
ho 0 tail 12 room 4
load:0x40078000,len:15916
load:0x40080400,len:3860
entry 0x40080638
[0;32mI (29) boot: ESP-IDF HEAD-HASH-NOTFOUND 2nd stage bootloader[0m
[0;32mI (29) boot: compile time Oct  8 2025 00:30:29[0m
[0;32mI (29) boot: Multicore bootloader[0m
[0;32mI (32) boot: chip revision: v3.1[0m
[0;32mI (34) boot.esp32: SPI Speed      : 40MHz[0m
[0;32mI (38) boot.esp32: SPI Mode       : DIO[0m
[0;32mI (42) boot.esp32: SPI Flash Size : 2MB[0m
[0;32mI (45) boot: Enabling RNG early entropy source...[0m
[0;32mI (50) boot: Partition Table:[0m
[0;32mI (52) boot: ## Label            Usage          Type ST Offset   Length[0m
[0;32mI (59) boot:  0 nvs              WiFi data        01 02 00009000 00006000[0m
[0;32mI (65) boot:  1 phy_init         RF data          01 01 0000f000 00001000[0m
[0;32mI (72) boot:  2 factory          factory app      00 00 00010000 00100000[0m
[0;32mI (78) boot: End of partition table[0m
[0;32mI (82) esp_image: segment 0: paddr=00010020 vaddr=3f400020 size=09b78h ( 39800) map[0m
[0;32mI (103) esp_image: segment 1: paddr=00019ba0 vaddr=3ffb0000 size=023d8h (  9176) load[0m
[0;32mI (106) esp_image: segment 2: paddr=0001bf80 vaddr=40080000 size=04098h ( 16536) load[0m
[0;32mI (113) esp_image: segment 3: paddr=00020020 vaddr=400d0020 size=13928h ( 80168) map[0m
[0;32mI (141) esp_image: segment 4: paddr=00033950 vaddr=40084098 size=08f60h ( 36704) load[0m
[0;32mI (156) esp_image: segment 5: paddr=0003c8b8 vaddr=50000000 size=00020h (    32) load[0m
[0;32mI (163) boot: Loaded app from partition at offset 0x10000[0m
[0;32mI (163) boot: Disabling RNG early entropy source...[0m
[0;32mI (174) cpu_start: Multicore app[0m
[0;32mI (182) cpu_start: Pro cpu start user code[0m
[0;32mI (182) cpu_start: cpu freq: 160000000 Hz[0m
[0;32mI (183) app_init: Application information:[0m
[0;32mI (183) app_init: Project name:     lab4[0m
[0;32mI (186) app_init: App version:      2c3774c-dirty[0m
[0;32mI (191) app_init: Compile time:     Oct  8 2025 09:46:24[0m
[0;32mI (196) app_init: ELF file SHA256:  92988f316...[0m
[0;32mI (200) app_init: ESP-IDF:          HEAD-HASH-NOTFOUND[0m
[0;32mI (205) efuse_init: Min chip rev:     v0.0[0m
[0;32mI (209) efuse_init: Max chip rev:     v3.99 [0m
[0;32mI (213) efuse_init: Chip rev:         v3.1[0m
[0;32mI (217) heap_init: Initializing. RAM available for dynamic allocation:[0m
[0;32mI (223) heap_init: At 3FFAE6E0 len 00001920 (6 KiB): DRAM[0m
[0;32mI (228) heap_init: At 3FFB2CA8 len 0002D358 (180 KiB): DRAM[0m
[0;32mI (233) heap_init: At 3FFE0440 len 00003AE0 (14 KiB): D/IRAM[0m
[0;32mI (239) heap_init: At 3FFE4350 len 0001BCB0 (111 KiB): D/IRAM[0m
[0;32mI (244) heap_init: At 4008CFF8 len 00013008 (76 KiB): IRAM[0m
[0;33mW (251) spi_flash: Detected boya flash chip but using generic driver. For optimal functionality, enable `SPI_FLASH_SUPPORT_BOYA_CHIP` in menuconfig[0m
[0;32mI (262) spi_flash: detected chip: generic[0m
[0;32mI (266) spi_flash: flash io: dio[0m
[0;33mW (269) spi_flash: Detected size(4096k) larger than the size in the binary image header(2048k). Using the size in the binary image header.[0m
[0;32mI (282) main_task: Started on CPU0[0m
[0;32mI (292) main_task: Calling app_main()[0m
----Sorted insert test----
single linked list: 
added:70
added:26
added:51
added:63
added:73
list(first: 26)[26 51 63 70 73 ]


double linked list: 
added 1
added 66
added 24
added 27
added 86
list(first:1, last86 )[1 24 27 66 86 ]
----Removeing elements test----
single linked list: 
added:53
added:87
added:83
added:66
added:49
list(first: 49)[49 53 66 83 87 ]
removeing first element
list(first: 53)[53 66 83 87 ]
53 removed
removeing last element
list(first: 53)[53 66 83 ]
53 removed


double linked list: 
added 34
added 79
added 19
added 81
added 43
list(first:19, last81 )[19 34 43 79 81 ]
removeing first element
list(first:34, last81 )[34 43 79 81 ]
34 removed
removing last element
list(first:34, last79 )[34 43 79 ]
34 removed
----Remove from empty list----
remove from empty sll
Guru Meditation Error: Core  0 panic'ed (LoadProhibited). Exception was unhandled.

Core  0 register dump:
PC      : 0x400d624a  PS      : 0x00060330  A0      : 0x800d6189  A1      : 0x3ffb3f30  
A2      : 0x3ffb3f50  A3      : 0x00000022  A4      : 0x0000000b  A5      : 0x3f402567  
A6      : 0x00000015  A7      : 0x3ffafee0  A8      : 0x00000000  A9      : 0x3ffb3ef0  
A10     : 0x00000000  A11     : 0x3f403738  A12     : 0x00000002  A13     : 0x3f403717  
A14     : 0x00000009  A15     : 0x3ffaea38  SAR     : 0x00000004  EXCCAUSE: 0x0000001c  
EXCVADDR: 0x00000004  LBEG    : 0x400014fd  LEND    : 0x4000150d  LCOUNT  : 0xfffffffa  


Backtrace: 0x400d6247:0x3ffb3f30 0x400d6186:0x3ffb3f50 0x400d61d5:0x3ffb3f80 0x400e3241:0x3ffb3fa0 0x40085d35:0x3ffb3fd0




ELF file SHA256: 92988f316

Rebooting...
ets Jul 29 2019 12:21:46

rst:0xc (SW_CPU_RESET),boot:0x13 (SPI_FAST_FLASH_BOOT)
configsip: 0, SPIWP:0xee
clk_drv:0x00,q_drv:0x00,d_drv:0x00,cs0_drv:0x00,hd_drv:0x00,wp_drv:0x00
mode:DIO, clock div:2
load:0x3fff0030,len:6380
ho 0 tail 12 room 4
load:0x40078000,len:15916
load:0x40080400,len:3860
entry 0x40080638
[0;32mI (29) boot: ESP-IDF HEAD-HASH-NOTFOUND 2nd stage bootloader[0m
[0;32mI (29) boot: compile time Oct  8 2025 00:30:29[0m
[0;32mI (29) boot: Multicore bootloader[0m
[0;32mI (32) boot: chip revision: v3.1[0m
[0;32mI (34) boot.esp32: SPI Speed      : 40MHz[0m
[0;32mI (38) boot.esp32: SPI Mode       : DIO[0m
[0;32mI (42) boot.esp32: SPI Flash Size : 2MB[0m
[0;32mI (45) boot: Enabling RNG early entropy source...[0m
[0;32mI (50) boot: Partition Table:[0m
[0;32mI (52) boot: ## Label            Usage          Type ST Offset   Length[0m
[0;32mI (59) boot:  0 nvs              WiFi data        01 02 00009000 00006000[0m
[0;32mI (65) boot:  1 phy_init         RF data          01 01 0000f000 00001000[0m
[0;32mI (72) boot:  2 factory          factory app      00 00 00010000 00100000[0m
[0;32mI (78) boot: End of partition table[0m
[0;32mI (82) esp_image: segment 0: paddr=00010020 vaddr=3f400020 size=09b78h ( 39800) map[0m
[0;32mI (103) esp_image: segment 1: paddr=00019ba0 vaddr=3ffb0000 size=023d8h (  9176) load[0m
[0;32mI (106) esp_image: segment 2: paddr=0001bf80 vaddr=40080000 size=04098h ( 16536) load[0m
[0;32mI (113) esp_image: segment 3: paddr=00020020 vaddr=400d0020 size=13928h ( 80168) map[0m
[0;32mI (141) esp_image: segment 4: paddr=00033950 vaddr=40084098 size=08f60h ( 36704) load[0m
[0;32mI (156) esp_image: segment 5: paddr=0003c8b8 vaddr=50000000 size=00020h (    32) load[0m
[0;32mI (163) boot: Loaded app from partition at offset 0x10000[0m
[0;32mI (163) boot: Disabling RNG early entropy source...[0m
[0;32mI (174) cpu_start: Multicore app[0m
[0;32mI (182) cpu_start: Pro cpu start user code[0m
[0;32mI (182) cpu_start: cpu freq: 160000000 Hz[0m
[0;32mI (182) app_init: Application information:[0m
[0;32mI (183) app_init: Project name:     lab4[0m
[0;32mI (186) app_init: App version:      2c3774c-dirty[0m
[0;32mI (191) app_init: Compile time:     Oct  8 2025 09:46:24[0m
[0;32mI (196) app_init: ELF file SHA256:  92988f316...[0m
[0;32mI (200) app_init: ESP-IDF:          HEAD-HASH-NOTFOUND[0m
[0;32mI (205) efuse_init: Min chip rev:     v0.0[0m
[0;32mI (209) efuse_init: Max chip rev:     v3.99 [0m
[0;32mI (213) efuse_init: Chip rev:         v3.1[0m
[0;32mI (217) heap_init: Initializing. RAM available for dynamic allocation:[0m
[0;32mI (223) heap_init: At 3FFAE6E0 len 00001920 (6 KiB): DRAM[0m
[0;32mI (228) heap_init: At 3FFB2CA8 len 0002D358 (180 KiB): DRAM[0m
[0;32mI (233) heap_init: At 3FFE0440 len 00003AE0 (14 KiB): D/IRAM[0m
[0;32mI (238) heap_init: At 3FFE4350 len 0001BCB0 (111 KiB): D/IRAM[0m
[0;32mI (244) heap_init: At 4008CFF8 len 00013008 (76 KiB): IRAM[0m
[0;33mW (251) spi_flash: Detected boya flash chip but using generic driver. For optimal functionality, enable `SPI_FLASH_SUPPORT_BOYA_CHIP` in menuconfig[0m
[0;32mI (262) spi_flash: detected chip: generic[0m
[0;32mI (266) spi_flash: flash io: dio[0m
[0;33mW (269) spi_flash: Detected size(4096k) larger than the size in the binary image header(2048k). Using the size in the binary image header.[0m
[0;32mI (282) main_task: Started on CPU0[0m
[0;32mI (292) main_task: Calling app_main()[0m
----Sorted insert test----
single linked list: 
added:31
added:26
added:26
added:56
added:28
list(first: 26)[26 26 28 31 56 ]


double linked list: 
added 8
added 41
added 65
added 85
added 13
list(first:8, last85 )[8 13 41 65 85 ]
----Removeing elements test----
single linked list: 
added:42
added:61
added:53
added:28
added:14
list(first: 14)[14 28 42 53 61 ]
removeing first element
list(first: 28)[28 42 53 61 ]
28 removed
removeing last element
list(first: 28)[28 42 53 ]
28 removed


double linked list: 
added 72
added 83
added 29
added 11
added 48
list(first:11, last83 )[11 29 48 72 83 ]
removeing first element
list(first:29, last83 )[29 48 72 83 ]
29 removed
removing last element
list(first:29, last72 )[29 48 72 ]
29 removed
----Remove from empty list----
remove from empty sll
Guru Meditation Error: Core  0 panic'ed (LoadProhibited). Exception was unhandled.

Core  0 register dump:
PC      : 0x400d624a  PS      : 0x00060330  A0      : 0x800d6189  A1      : 0x3ffb3f30  
A2      : 0x3ffb3f50  A3      : 0x0000001d  A4      : 0x0000000b  A5      : 0x3f402567  
A6      : 0x00000015  A7      : 0x3ffaff20  A8      : 0x00000000  A9      : 0x3ffb3ef0  
A10     : 0x00000000  A11     : 0x3f403738  A12     : 0x00000002  A13     : 0x3f403717  
A14     : 0x00000009  A15     : 0x3ffaea38  SAR     : 0x00000004  EXCCAUSE: 0x0000001c  
EXCVADDR: 0x00000004  LBEG    : 0x400014fd  LEND    : 0x4000150d  LCOUNT  : 0xfffffffa  


Backtrace: 0x400d6247:0x3ffb3f30 0x400d6186:0x3ffb3f50 0x400d61d5:0x3ffb3f80 0x400e3241:0x3ffb3fa0 0x40085d35:0x3ffb3fd0




ELF file SHA256: 92988f316

Rebooting...
ets Jul 29 2019 12:21:46

rst:0xc (SW_CPU_RESET),boot:0x13 (SPI_FAST_FLASH_BOOT)
configsip: 0, SPIWP:0xee
clk_drv:0x00,q_drv:0x00,d_drv:0x00,cs0_drv:0x00,hd_drv:0x00,wp_drv:0x00
mode:DIO, clock div:2
load:0x3fff0030,len:6380
ho 0 tail 12 room 4
load:0x40078000,len:15916
load:0x40080400,len:3860
entry 0x40080638
[0;32mI (29) boot: ESP-IDF HEAD-HASH-NOTFOUND 2nd stage bootloader[0m
[0;32mI (29) boot: compile time Oct  8 2025 00:30:29[0m
[0;32mI (29) boot: Multicore bootloader[0m
[0;32mI (32) boot: chip revision: v3.1[0m
[0;32mI (34) boot.esp32: SPI Speed      : 40MHz[0m
[0;32mI (38) boot.esp32: SPI Mode       : DIO[0m
[0;32mI (42) boot.esp32: SPI Flash Size : 2MB[0m
[0;32mI (45) boot: Enabling RNG early entropy source...[0m
[0;32mI (50) boot: Partition Table:[0m
[0;32mI (52) boot: ## Label            Usage          Type ST Offset   Length[0m
[0;32mI (59) boot:  0 nvs              WiFi data        01 02 00009000 00006000[0m
[0;32mI (65) boot:  1 phy_init         RF data          01 01 0000f000 00001000[0m
[0;32mI (72) boot:  2 factory          factory app      00 00 00010000 00100000[0m
[0;32mI (78) boot: End of partition table[0m
[0;32mI (82) esp_image: segment 0: paddr=00010020 vaddr=3f400020 size=09b78h ( 39800) map[0m
[0;32mI (103) esp_image: segment 1: paddr=00019ba0 vaddr=3ffb0000 size=023d8h (  9176) load[0m
[0;32mI (106) esp_image: segment 2: paddr=0001bf80 vaddr=40080000 size=04098h ( 16536) load[0m
[0;32mI (113) esp_image: segment 3: paddr=00020020 vaddr=400d0020 size=13928h ( 80168) map[0m
[0;32mI (141) esp_image: segment 4: paddr=00033950 vaddr=40084098 size=08f60h ( 36704) load[0m
[0;32mI (156) esp_image: segment 5: paddr=0003c8b8 vaddr=50000000 size=00020h (    32) load[0m
[0;32mI (163) boot: Loaded app from partition at offset 0x10000[0m
[0;32mI (163) boot: Disabling RNG early entropy source...[0m
[0;32mI (174) cpu_start: Multicore app[0m
[0;32mI (182) cpu_start: Pro cpu start user code[0m
[0;32mI (182) cpu_start: cpu freq: 160000000 Hz[0m
[0;32mI (183) app_init: Application information:[0m
[0;32mI (183) app_init: Project name:     lab4[0m
[0;32mI (186) app_init: App version:      2c3774c-dirty[0m
[0;32mI (191) app_init: Compile time:     Oct  8 2025 09:46:24[0m
[0;32mI (196) app_init: ELF file SHA256:  92988f316...[0m
[0;32mI (200) app_init: ESP-IDF:          HEAD-HASH-NOTFOUND[0m
[0;32mI (205) efuse_init: Min chip rev:     v0.0[0m
[0;32mI (209) efuse_init: Max chip rev:     v3.99 [0m
[0;32mI (213) efuse_init: Chip rev:         v3.1[0m
[0;32mI (217) heap_init: Initializing. RAM available for dynamic allocation:[0m
[0;32mI (223) heap_init: At 3FFAE6E0 len 00001920 (6 KiB): DRAM[0m
[0;32mI (228) heap_init: At 3FFB2CA8 len 0002D358 (180 KiB): DRAM[0m
[0;32mI (233) heap_init: At 3FFE0440 len 00003AE0 (14 KiB): D/IRAM[0m
[0;32mI (238) heap_init: At 3FFE4350 len 0001BCB0 (111 KiB): D/IRAM[0m
[0;32mI (244) heap_init: At 4008CFF8 len 00013008 (76 KiB): IRAM[0m
[0;33mW (251) spi_flash: Detected boya flash chip but using generic driver. For optimal functionality, enable `SPI_FLASH_SUPPORT_BOYA_CHIP` in menuconfig[0m
[0;32mI (262) spi_flash: detected chip: generic[0m
[0;32mI (266) spi_flash: flash io: dio[0m
[0;33mW (269) spi_flash: Detected size(4096k) larger than the size in the binary image header(2048k). Using the size in the binary image header.[0m
[0;32mI (282) main_task: Started on CPU0[0m
[0;32mI (292) main_task: Calling app_main()[0m
----Sorted insert test----
single linked list: 
added:47
added:73
added:2
added:83
added:11
list(first: 2)[2 11 47 73 83 ]


double linked list: 
added 82
added 78
added 27
added 17
added 80
list(first:17, last82 )[17 27 78 80 82 ]
----Removeing elements test----
single linked list: 
added:71
added:31
added:92
added:62
added:61
list(first: 31)[31 61 62 71 92 ]
removeing first element
list(first: 61)[61 62 71 92 ]
61 removed
removeing last element
list(first: 61)[61 62 71 ]
61 removed


double linked list: 
added 67
added 48
added 87
added 15
added 56
list(first:15, last87 )[15 48 56 67 87 ]
removeing first element
list(first:48, last87 )[48 56 67 87 ]
48 removed
removing last element
list(first:48, last67 )[48 56 67 ]
48 removed
----Remove from empty list----
remove from empty sll
Guru Meditation Error: Core  0 panic'ed (LoadProhibited). Exception was unhandled.

Core  0 register dump:
PC      : 0x400d624a  PS      : 0x00060330  A0      : 0x800d6189  A1      : 0x3ffb3f30  
A2      : 0x3ffb3f50  A3      : 0x00000030  A4      : 0x0000000b  A5      : 0x3f402567  
A6      : 0x00000015  A7      : 0x3ffafef0  A8      : 0x00000000  A9      : 0x3ffb3ef0  
A10     : 0x00000000  A11     : 0x3f403738  A12     : 0x00000002  A13     : 0x3f403717  
A14     : 0x00000009  A15     : 0x3ffaea38  SAR     : 0x00000004  EXCCAUSE: 0x0000001c  
EXCVADDR: 0x00000004  LBEG    : 0x400014fd  LEND    : 0x4000150d  LCOUNT  : 0xfffffffa  


Backtrace: 0x400d6247:0x3ffb3f30 0x400d6186:0x3ffb3f50 0x400d61d5:0x3ffb3f80 0x400e3241:0x3ffb3fa0 0x40085d35:0x3ffb3fd0




ELF file SHA256: 92988f316

Rebooting...
ets Jul 29 2019 12:21:46

rst:0xc (SW_CPU_RESET),boot:0x13 (SPI_FAST_FLASH_BOOT)
configsip: 0, SPIWP:0xee
clk_drv:0x00,q_drv:0x00,d_drv:0x00,cs0_drv:0x00,hd_drv:0x00,wp_drv:0x00
mode:DIO, clock div:2
load:0x3fff0030,len:6380
ho 0 tail 12 room 4
load:0x40078000,len:15916
load:0x40080400,len:3860
entry 0x40080638
[0;32mI (29) boot: ESP-IDF HEAD-HASH-NOTFOUND 2nd stage bootloader[0m
[0;32mI (29) boot: compile time Oct  8 2025 00:30:29[0m
[0;32mI (29) boot: Multicore bootloader[0m
[0;32mI (32) boot: chip revision: v3.1[0m
[0;32mI (34) boot.esp32: SPI Speed      : 40MHz[0m
[0;32mI (38) boot.esp32: SPI Mode       : DIO[0m
[0;32mI (42) boot.esp32: SPI Flash Size : 2MB[0m
[0;32mI (45) boot: Enabling RNG early entropy source...[0m
[0;32mI (50) boot: Partition Table:[0m
[0;32mI (52) boot: ## Label            Usage          Type ST Offset   Length[0m
[0;32mI (59) boot:  0 nvs              WiFi data        01 02 00009000 00006000[0m
[0;32mI (65) boot:  1 phy_init         RF data          01 01 0000f000 00001000[0m
[0;32mI (72) boot:  2 factory          factory app      00 00 00010000 00100000[0m
[0;32mI (78) boot: End of partition table[0m
[0;32mI (82) esp_image: segment 0: paddr=00010020 vaddr=3f400020 size=09b78h ( 39800) map[0m
[0;32mI (103) esp_image: segment 1: paddr=00019ba0 vaddr=3ffb0000 size=023d8h (  9176) load[0m
[0;32mI (106) esp_image: segment 2: paddr=0001bf80 vaddr=40080000 size=04098h ( 16536) load[0m
[0;32mI (113) esp_image: segment 3: paddr=00020020 vaddr=400d0020 size=13928h ( 80168) map[0m
[0;32mI (141) esp_image: segment 4: paddr=00033950 vaddr=40084098 size=08f60h ( 36704) load[0m
[0;32mI (156) esp_image: segment 5: paddr=0003c8b8 vaddr=50000000 size=00020h (    32) load[0m
[0;32mI (163) boot: Loaded app from partition at offset 0x10000[0m
[0;32mI (163) boot: Disabling RNG early entropy source...[0m
[0;32mI (174) cpu_start: Multicore app[0m
[0;32mI (182) cpu_start: Pro cpu start user code[0m
[0;32mI (182) cpu_start: cpu freq: 160000000 Hz[0m
[0;32mI (183) app_init: Application information:[0m
[0;32mI (183) app_init: Project name:     lab4[0m
[0;32mI (186) app_init: App version:      2c3774c-dirty[0m
[0;32mI (191) app_init: Compile time:     Oct  8 2025 09:46:24[0m
[0;32mI (196) app_init: ELF file SHA256:  92988f316...[0m
[0;32mI (200) app_init: ESP-IDF:          HEAD-HASH-NOTFOUND[0m
[0;32mI (205) efuse_init: Min chip rev:     v0.0[0m
[0;32mI (209) efuse_init: Max chip rev:     v3.99 [0m
[0;32mI (213) efuse_init: Chip rev:         v3.1[0m
[0;32mI (217) heap_init: Initializing. RAM available for dynamic allocation:[0m
[0;32mI (223) heap_init: At 3FFAE6E0 len 00001920 (6 KiB): DRAM[0m
[0;32mI (228) heap_init: At 3FFB2CA8 len 0002D358 (180 KiB): DRAM[0m
[0;32mI (233) heap_init: At 3FFE0440 len 00003AE0 (14 KiB): D/IRAM[0m
[0;32mI (239) heap_init: At 3FFE4350 len 0001BCB0 (111 KiB): D/IRAM[0m
[0;32mI (244) heap_init: At 4008CFF8 len 00013008 (76 KiB): IRAM[0m
[0;33mW (251) spi_flash: Detected boya flash chip but using generic driver. For optimal functionality, enable `SPI_FLASH_SUPPORT_BOYA_CHIP` in menuconfig[0m
[0;32mI (262) spi_flash: detected chip: generic[0m
[0;32mI (266) spi_flash: flash io: dio[0m
[0;33mW (269) spi_flash: Detected size(4096k) larger than the size in the binary image header(2048k). Using the size in the binary image header.[0m
[0;32mI (282) main_task: Started on CPU0[0m
[0;32mI (292) main_task: Calling app_main()[0m
----Sorted insert test----
single linked list: 
added:78
added:8
added:64
added:23
added:24
list(first: 8)[8 23 24 64 78 ]


double linked list: 
added 16
added 5
added 8
added 21
added 9
list(first:5, last21 )[5 8 9 16 21 ]
----Removeing elements test----
single linked list: 
added:13
added:47
added:3
added:12
added:5
list(first: 3)[3 5 12 13 47 ]
removeing first element
list(first: 5)[5 12 13 47 ]
5 removed
removeing last element
list(first: 5)[5 12 13 ]
5 removed


double linked list: 
added 68
added 90
added 73
added 28
added 61
list(first:28, last90 )[28 61 68 73 90 ]
removeing first element
list(first:61, last90 )[61 68 73 90 ]
61 removed
removing last element
list(first:61, last73 )[61 68 73 ]
61 removed
----Remove from empty list----
remove from empty sll
Guru Meditation Error: Core  0 panic'ed (LoadProhibited). Exception was unhandled.

Core  0 register dump:
PC      : 0x400d624a  PS      : 0x00060330  A0      : 0x800d6189  A1      : 0x3ffb3f30  
A2      : 0x3ffb3f50  A3      : 0x0000003d  A4      : 0x0000000b  A5      : 0x3f402567  
A6      : 0x00000015  A7      : 0x3ffaff40  A8      : 0x00000000  A9      : 0x3ffb3ef0  
A10     : 0x00000000  A11     : 0x3f403738  A12     : 0x00000002  A13     : 0x3f403717  
A14     : 0x00000009  A15     : 0x3ffaea38  SAR     : 0x00000004  EXCCAUSE: 0x0000001c  
EXCVADDR: 0x00000004  LBEG    : 0x400014fd  LEND    : 0x4000150d  LCOUNT  : 0xfffffffa  


Backtrace: 0x400d6247:0x3ffb3f30 0x400d6186:0x3ffb3f50 0x400d61d5:0x3ffb3f80 0x400e3241:0x3ffb3fa0 0x40085d35:0x3ffb3fd0




ELF file SHA256: 92988f316

Rebooting...
ets Jul 29 2019 12:21:46

rst:0xc (SW_CPU_RESET),boot:0x13 (SPI_FAST_FLASH_BOOT)
configsip: 0, SPIWP:0xee
clk_drv:0x00,q_drv:0x00,d_drv:0x00,cs0_drv:0x00,hd_drv:0x00,wp_drv:0x00
mode:DIO, clock div:2
load:0x3fff0030,len:6380
ho 0 tail 12 room 4
load:0x40078000,len:15916
load:0x40080400,len:3860
entry 0x40080638
[0;32mI (29) boot: ESP-IDF HEAD-HASH-NOTFOUND 2nd stage bootloader[0m
[0;32mI (29) boot: compile time Oct  8 2025 00:30:29[0m
[0;32mI (29) boot: Multicore bootloader[0m
[0;32mI (32) boot: chip revision: v3.1[0m
[0;32mI (34) boot.esp32: SPI Speed      : 40MHz[0m
[0;32mI (38) boot.esp32: SPI Mode       : DIO[0m
[0;32mI (42) boot.esp32: SPI Flash Size : 2MB[0m
[0;32mI (45) boot: Enabling RNG early entropy source...[0m
[0;32mI (50) boot: Partition Table:[0m
[0;32mI (52) boot: ## Label            Usage          Type ST Offset   Length[0m
[0;32mI (59) boot:  0 nvs              WiFi data        01 02 00009000 00006000[0m
[0;32mI (65) boot:  1 phy_init         RF data          01 01 0000f000 00001000[0m
[0;32mI (72) boot:  2 factory          factory app      00 00 00010000 00100000[0m
[0;32mI (78) boot: End of partition table[0m
[0;32mI (82) esp_image: segment 0: paddr=00010020 vaddr=3f400020 size=09b78h ( 39800) map[0m
[0;32mI (103) esp_image: segment 1: paddr=00019ba0 vaddr=3ffb0000 size=023d8h (  9176) load[0m
[0;32mI (106) esp_image: segment 2: paddr=0001bf80 vaddr=40080000 size=04098h ( 16536) load[0m
[0;32mI (113) esp_image: segment 3: paddr=00020020 vaddr=400d0020 size=13928h ( 80168) map[0m
[0;32mI (141) esp_image: segment 4: paddr=00033950 vaddr=40084098 size=08f60h ( 36704) load[0m
[0;32mI (156) esp_image: segment 5: paddr=0003c8b8 vaddr=50000000 size=00020h (    32) load[0m
[0;32mI (163) boot: Loaded app from partition at offset 0x10000[0m
[0;32mI (163) boot: Disabling RNG early entropy source...[0m
[0;32mI (174) cpu_start: Multicore app[0m
[0;32mI (182) cpu_start: Pro cpu start user code[0m
[0;32mI (182) cpu_start: cpu freq: 160000000 Hz[0m
[0;32mI (183) app_init: Application information:[0m
[0;32mI (183) app_init: Project name:     lab4[0m
[0;32mI (186) app_init: App version:      2c3774c-dirty[0m
[0;32mI (191) app_init: Compile time:     Oct  8 2025 09:46:24[0m
[0;32mI (196) app_init: ELF file SHA256:  92988f316...[0m
[0;32mI (200) app_init: ESP-IDF:          HEAD-HASH-NOTFOUND[0m
[0;32mI (205) efuse_init: Min chip rev:     v0.0[0m
[0;32mI (209) efuse_init: Max chip rev:     v3.99 [0m
[0;32mI (213) efuse_init: Chip rev:         v3.1[0m
[0;32mI (217) heap_init: Initializing. RAM available for dynamic allocation:[0m
[0;32mI (223) heap_init: At 3FFAE6E0 len 00001920 (6 KiB): DRAM[0m
[0;32mI (228) heap_init: At 3FFB2CA8 len 0002D358 (180 KiB): DRAM[0m
[0;32mI (233) heap_init: At 3FFE0440 len 00003AE0 (14 KiB): D/IRAM[0m
[0;32mI (239) heap_init: At 3FFE4350 len 0001BCB0 (111 KiB): D/IRAM[0m
[0;32mI (244) heap_init: At 4008CFF8 len 00013008 (76 KiB): IRAM[0m
[0;33mW (251) spi_flash: Detected boya flash chip but using generic driver. For optimal functionality, enable `SPI_FLASH_SUPPORT_BOYA_CHIP` in menuconfig[0m
[0;32mI (262) spi_flash: detected chip: generic[0m
[0;32mI (266) spi_flash: flash io: dio[0m
[0;33mW (269) spi_flash: Detected size(4096k) larger than the size in the binary image header(2048k). Using the size in the binary image header.[0m
[0;32mI (282) main_task: Started on CPU0[0m
[0;32mI (292) main_task: Calling app_main()[0m
----Sorted insert test----
single linked list: 
added:32
added:0
added:84
added:27
added:43
list(first: 0)[0 27 32 43 84 ]


double linked list: 
added 23
added 10
added 58
added 69
added 84
list(first:10, last84 )[10 23 58 69 84 ]
----Removeing elements test----
single linked list: 
added:76
added:57
added:71
added:55
added:34
list(first: 34)[34 55 57 71 76 ]
removeing first element
list(first: 55)[55 57 71 76 ]
55 removed
removeing last element
list(first: 55)[55 57 71 ]
55 removed


double linked list: 
added 0
added 42
added 24
added 50
added 66
list(first:0, last66 )[0 24 42 50 66 ]
removeing first element
list(first:24, last66 )[24 42 50 66 ]
24 removed
removing last element
list(first:24, last50 )[24 42 50 ]
24 removed
----Remove from empty list----
remove from empty sll
Guru Meditation Error: Core  0 panic'ed (LoadProhibited). Exception was unhandled.

Core  0 register dump:
PC      : 0x400d624a  PS      : 0x00060330  A0      : 0x800d6189  A1      : 0x3ffb3f30  
A2      : 0x3ffb3f50  A3      : 0x00000018  A4      : 0x0000000b  A5      : 0x3f402567  
A6      : 0x00000015  A7      : 0x3ffaff20  A8      : 0x00000000  A9      : 0x3ffb3ef0  
A10     : 0x00000000  A11     : 0x3f403738  A12     : 0x00000002  A13     : 0x3f403717  
A14     : 0x00000009  A15     : 0x3ffaea38  SAR     : 0x00000004  EXCCAUSE: 0x0000001c  
EXCVADDR: 0x00000004  LBEG    : 0x400014fd  LEND    : 0x4000150d  LCOUNT  : 0xfffffffa  


Backtrace: 0x400d6247:0x3ffb3f30 0x400d6186:0x3ffb3f50 0x400d61d5:0x3ffb3f80 0x400e3241:0x3ffb3fa0 0x40085d35:0x3ffb3fd0




ELF file SHA256: 92988f316

Rebooting...
ets Jul 29 2019 12:21:46

rst:0xc (SW_CPU_RESET),boot:0x13 (SPI_FAST_FLASH_BOOT)
configsip: 0, SPIWP:0xee
clk_drv:0x00,q_drv:0x00,d_drv:0x00,cs0_drv:0x00,hd_drv:0x00,wp_drv:0x00
mode:DIO, clock div:2
load:0x3fff0030,len:6380
ho 0 tail 12 room 4
load:0x40078000,len:15916
load:0x40080400,len:3860
entry 0x40080638
[0;32mI (29) boot: ESP-IDF HEAD-HASH-NOTFOUND 2nd stage bootloader[0m
[0;32mI (29) boot: compile time Oct  8 2025 00:30:29[0m
[0;32mI (29) boot: Multicore bootloader[0m
[0;32mI (32) boot: chip revision: v3.1[0m
[0;32mI (34) boot.esp32: SPI Speed      : 40MHz[0m
[0;32mI (38) boot.esp32: SPI Mode       : DIO[0m
[0;32mI (42) boot.esp32: SPI Flash Size : 2MB[0m
[0;32mI (45) boot: Enabling RNG early entropy source...[0m
[0;32mI (50) boot: Partition Table:[0m
[0;32mI (52) boot: ## Label            Usage          Type ST Offset   Length[0m
[0;32mI (59) boot:  0 nvs              WiFi data        01 02 00009000 00006000[0m
[0;32mI (65) boot:  1 phy_init         RF data          01 01 0000f000 00001000[0m
[0;32mI (72) boot:  2 factory          factory app      00 00 00010000 00100000[0m
[0;32mI (78) boot: End of partition table[0m
[0;32mI (82) esp_image: segment 0: paddr=00010020 vaddr=3f400020 size=09b78h ( 39800) map[0m
[0;32mI (103) esp_image: segment 1: paddr=00019ba0 vaddr=3ffb0000 size=023d8h (  9176) load[0m
[0;32mI (106) esp_image: segment 2: paddr=0001bf80 vaddr=40080000 size=04098h ( 16536) load[0m
[0;32mI (113) esp_image: segment 3: paddr=00020020 vaddr=400d0020 size=13928h ( 80168) map[0m
[0;32mI (141) esp_image: segment 4: paddr=00033950 vaddr=40084098 size=08f60h ( 36704) load[0m
[0;32mI (156) esp_image: segment 5: paddr=0003c8b8 vaddr=50000000 size=00020h (    32) load[0m
[0;32mI (163) boot: Loaded app from partition at offset 0x10000[0m
[0;32mI (163) boot: Disabling RNG early entropy source...[0m
[0;32mI (174) cpu_start: Multicore app[0m
[0;32mI (182) cpu_start: Pro cpu start user code[0m
[0;32mI (182) cpu_start: cpu freq: 160000000 Hz[0m
[0;32mI (183) app_init: Application information:[0m
[0;32mI (183) app_init: Project name:     lab4[0m
[0;32mI (186) app_init: App version:      2c3774c-dirty[0m
[0;32mI (191) app_init: Compile time:     Oct  8 2025 09:46:24[0m
[0;32mI (196) app_init: ELF file SHA256:  92988f316...[0m
[0;32mI (200) app_init: ESP-IDF:          HEAD-HASH-NOTFOUND[0m
[0;32mI (205) efuse_init: Min chip rev:     v0.0[0m
[0;32mI (209) efuse_init: Max chip rev:     v3.99 [0m
[0;32mI (213) efuse_init: Chip rev:         v3.1[0m
[0;32mI (217) heap_init: Initializing. RAM available for dynamic allocation:[0m
[0;32mI (223) heap_init: At 3FFAE6E0 len 00001920 (6 KiB): DRAM[0m
[0;32mI (228) heap_init: At 3FFB2CA8 len 0002D358 (180 KiB): DRAM[0m
[0;32mI (233) heap_init: At 3FFE0440 len 00003AE0 (14 KiB): D/IRAM[0m
[0;32mI (239) heap_init: At 3FFE4350 len 0001BCB0 (111 KiB): D/IRAM[0m
[0;32mI (244) heap_init: At 4008CFF8 len 00013008 (76 KiB): IRAM[0m
[0;33mW (251) spi_flash: Detected boya flash chip but using generic driver. For optimal functionality, enable `SPI_FLASH_SUPPORT_BOYA_CHIP` in menuconfig[0m
[0;32mI (262) spi_flash: detected chip: generic[0m
[0;32mI (266) spi_flash: flash io: dio[0m
[0;33mW (269) spi_flash: Detected size(4096k) larger than the size in the binary image header(2048k). Using the size in the binary image header.[0m
[0;32mI (282) main_task: Started on CPU0[0m
[0;32mI (292) main_task: Calling app_main()[0m
----Sorted insert test----
single linked list: 
added:3
added:14
added:30
added:15
added:60
list(first: 3)[3 14 15 30 60 ]


double linked list: 
added 56
added 55
added 84
added 77
added 55
list(first:55, last84 )[55 55 56 77 84 ]
----Removeing elements test----
single linked list: 
added:94
added:41
added:32
added:43
added:78
list(first: 32)[32 41 43 78 94 ]
removeing first element
list(first: 41)[41 43 78 94 ]
41 removed
removeing last element
list(first: 41)[41 43 78 ]
41 removed


double linked list: 
added 95
added 81
added 63
added 66
added 67
list(first:63, last95 )[63 66 67 81 95 ]
removeing first element
list(first:66, last95 )[66 67 81 95 ]
66 removed
removing last element
list(first:66, last81 )[66 67 81 ]
66 removed
----Remove from empty list----
remove from empty sll
Guru Meditation Error: Core  0 panic'ed (LoadProhibited). Exception was unhandled.

Core  0 register dump:
PC      : 0x400d624a  PS      : 0x00060330  A0      : 0x800d6189  A1      : 0x3ffb3f30  
A2      : 0x3ffb3f50  A3      : 0x00000042  A4      : 0x0000000b  A5      : 0x3f402567  
A6      : 0x00000015  A7      : 0x3ffaff30  A8      : 0x00000000  A9      : 0x3ffb3ef0  
A10     : 0x00000000  A11     : 0x3f403738  A12     : 0x00000002  A13     : 0x3f403717  
A14     : 0x00000009  A15     : 0x3ffaea38  SAR     : 0x00000004  EXCCAUSE: 0x0000001c  
EXCVADDR: 0x00000004  LBEG    : 0x400014fd  LEND    : 0x4000150d  LCOUNT  : 0xfffffffa  


Backtrace: 0x400d6247:0x3ffb3f30 0x400d6186:0x3ffb3f50 0x400d61d5:0x3ffb3f80 0x400e3241:0x3ffb3fa0 0x40085d35:0x3ffb3fd0




ELF file SHA256: 92988f316

Rebooting...
ets Jul 29 2019 12:21:46

rst:0xc (SW_CPU_RESET),boot:0x13 (SPI_FAST_FLASH_BOOT)
configsip: 0, SPIWP:0xee
clk_drv:0x00,q_drv:0x00,d_drv:0x00,cs0_drv:0x00,hd_drv:0x00,wp_drv:0x00
mode:DIO, clock div:2
load:0x3fff0030,len:6380
ho 0 tail 12 room 4
load:0x40078000,len:15916
load:0x40080400,len:3860
entry 0x40080638
[0;32mI (29) boot: ESP-IDF HEAD-HASH-NOTFOUND 2nd stage bootloader[0m
[0;32mI (29) boot: compile time Oct  8 2025 00:30:29[0m
[0;32mI (29) boot: Multicore bootloader[0m
[0;32mI (32) boot: chip revision: v3.1[0m
[0;32mI (34) boot.esp32: SPI Speed      : 40MHz[0m
[0;32mI (38) boot.esp32: SPI Mode       : DIO[0m
[0;32mI (42) boot.esp32: SPI Flash Size : 2MB[0m
[0;32mI (45) boot: Enabling RNG early entropy source...[0m
[0;32mI (50) boot: Partition Table:[0m
[0;32mI (52) boot: ## Label            Usage          Type ST Offset   Length[0m
[0;32mI (59) boot:  0 nvs              WiFi data        01 02 00009000 00006000[0m
[0;32mI (65) boot:  1 phy_init         RF data          01 01 0000f000 00001000[0m
[0;32mI (72) boot:  2 factory          factory app      00 00 00010000 00100000[0m
[0;32mI (78) boot: End of partition table[0m
[0;32mI (82) esp_image: segment 0: paddr=00010020 vaddr=3f400020 size=09b78h ( 39800) map[0m
[0;32mI (103) esp_image: segment 1: paddr=00019ba0 vaddr=3ffb0000 size=023d8h (  9176) load[0m
[0;32mI (106) esp_image: segment 2: paddr=0001bf80 vaddr=40080000 size=04098h ( 16536) load[0m
[0;32mI (113) esp_image: segment 3: paddr=00020020 vaddr=400d0020 size=13928h ( 80168) map[0m
[0;32mI (141) esp_image: segment 4: paddr=00033950 vaddr=40084098 size=08f60h ( 36704) load[0m
[0;32mI (156) esp_image: segment 5: paddr=0003c8b8 vaddr=50000000 size=00020h (    32) load[0m
[0;32mI (163) boot: Loaded app from partition at offset 0x10000[0m
[0;32mI (163) boot: Disabling RNG early entropy source...[0m
[0;32mI (174) cpu_start: Multicore app[0m
[0;32mI (182) cpu_start: Pro cpu start user code[0m
[0;32mI (182) cpu_start: cpu freq: 160000000 Hz[0m
[0;32mI (183) app_init: Application information:[0m
[0;32mI (183) app_init: Project name:     lab4[0m
[0;32mI (186) app_init: App version:      2c3774c-dirty[0m
[0;32mI (191) app_init: Compile time:     Oct  8 2025 09:46:24[0m
[0;32mI (196) app_init: ELF file SHA256:  92988f316...[0m
[0;32mI (200) app_init: ESP-IDF:          HEAD-HASH-NOTFOUND[0m
[0;32mI (205) efuse_init: Min chip rev:     v0.0[0m
[0;32mI (209) efuse_init: Max chip rev:     v3.99 [0m
[0;32mI (213) efuse_init: Chip rev:         v3.1[0m
[0;32mI (217) heap_init: Initializing. RAM available for dynamic allocation:[0m
[0;32mI (223) heap_init: At 3FFAE6E0 len 00001920 (6 KiB): DRAM[0m
[0;32mI (228) heap_init: At 3FFB2CA8 len 0002D358 (180 KiB): DRAM[0m
[0;32mI (233) heap_init: At 3FFE0440 len 00003AE0 (14 KiB): D/IRAM[0m
[0;32mI (239) heap_init: At 3FFE4350 len 0001BCB0 (111 KiB): D/IRAM[0m
[0;32mI (244) heap_init: At 4008CFF8 len 00013008 (76 KiB): IRAM[0m
[0;33mW (251) spi_flash: Detected boya flash chip but using generic driver. For optimal functionality, enable `SPI_FLASH_SUPPORT_BOYA_CHIP` in menuconfig[0m
[0;32mI (262) spi_flash: detected chip: generic[0m
[0;32mI (266) spi_flash: flash io: dio[0m
[0;33mW (269) spi_flash: Detected size(4096k) larger than the size in the binary image header(2048k). Using the size in the binary image header.[0m
[0;32mI (282) main_task: Started on CPU0[0m
[0;32mI (292) main_task: Calling app_main()[0m
----Sorted insert test----
single linked list: 
added:58
added:63
added:48
added:63
added:2
list(first: 2)[2 48 58 63 63 ]


double linked list: 
added 44
added 30
added 71
added 83
added 79
list(first:30, last83 )[30 44 71 79 83 ]
----Removeing elements test----
single linked list: 
added:76
added:40
added:56
added:92
added:13
list(first: 13)[13 40 56 76 92 ]
removeing first element
list(first: 40)[40 56 76 92 ]
40 removed
removeing last element
list(first: 40)[40 56 76 ]
40 removed


double linked list: 
added 51
added 29
added 87
added 10
added 17
list(first:10, last87 )[10 17 29 51 87 ]
removeing first element
list(first:17, last87 )[17 29 51 87 ]
17 removed
removing last element
list(first:17, last51 )[17 29 51 ]
17 removed
----Remove from empty list----
remove from empty sll
Guru Meditation Error: Core  0 panic'ed (LoadProhibited). Exception was unhandled.

Core  0 register dump:
PC      : 0x400d624a  PS      : 0x00060330  A0      : 0x800d6189  A1      : 0x3ffb3f30  
A2      : 0x3ffb3f50  A3      : 0x00000011  A4      : 0x0000000b  A5      : 0x3f402567  
A6      : 0x00000015  A7      : 0x3ffaff40  A8      : 0x00000000  A9      : 0x3ffb3ef0  
A10     : 0x00000000  A11     : 0x3f403738  A12     : 0x00000002  A13     : 0x3f403717  
A14     : 0x00000009  A15     : 0x3ffaea38  SAR     : 0x00000004  EXCCAUSE: 0x0000001c  
EXCVADDR: 0x00000004  LBEG    : 0x400014fd  LEND    : 0x4000150d  LCOUNT  : 0xfffffffa  


Backtrace: 0x400d6247:0x3ffb3f30 0x400d6186:0x3ffb3f50 0x400d61d5:0x3ffb3f80 0x400e3241:0x3ffb3fa0 0x40085d35:0x3ffb3fd0




ELF file SHA256: 92988f316

Rebooting...
ets Jul 29 2019 12:21:46

rst:0xc (SW_CPU_RESET),boot:0x13 (SPI_FAST_FLASH_BOOT)
configsip: 0, SPIWP:0xee
clk_drv:0x00,q_drv:0x00,d_drv:0x00,cs0_drv:0x00,hd_drv:0x00,wp_drv:0x00
mode:DIO, clock div:2
load:0x3fff0030,len:6380
ho 0 tail 12 room 4
load:0x40078000,len:15916
load:0x40080400,len:3860
entry 0x40080638
[0;32mI (29) boot: ESP-IDF HEAD-HASH-NOTFOUND 2nd stage bootloader[0m
[0;32mI (29) boot: compile time Oct  8 2025 00:30:29[0m
[0;32mI (29) boot: Multicore bootloader[0m
[0;32mI (32) boot: chip revision: v3.1[0m
[0;32mI (34) boot.esp32: SPI Speed      : 40MHz[0m
[0;32mI (38) boot.esp32: SPI Mode       : DIO[0m
[0;32mI (42) boot.esp32: SPI Flash Size : 2MB[0m
[0;32mI (45) boot: Enabling RNG early entropy source...[0m
[0;32mI (50) boot: Partition Table:[0m
[0;32mI (52) boot: ## Label            Usage          Type ST Offset   Length[0m
[0;32mI (59) boot:  0 nvs              WiFi data        01 02 00009000 00006000[0m
[0;32mI (65) boot:  1 phy_init         RF data          01 01 0000f000 00001000[0m
[0;32mI (72) boot:  2 factory          factory app      00 00 00010000 00100000[0m
[0;32mI (78) boot: End of partition table[0m
[0;32mI (82) esp_image: segment 0: paddr=00010020 vaddr=3f400020 size=09b78h ( 39800) map[0m
[0;32mI (103) esp_image: segment 1: paddr=00019ba0 vaddr=3ffb0000 size=023d8h (  9176) load[0m
[0;32mI (106) esp_image: segment 2: paddr=0001bf80 vaddr=40080000 size=04098h ( 16536) load[0m
[0;32mI (113) esp_image: segment 3: paddr=00020020 vaddr=400d0020 size=13928h ( 80168) map[0m
[0;32mI (141) esp_image: segment 4: paddr=00033950 vaddr=40084098 size=08f60h ( 36704) load[0m
[0;32mI (156) esp_image: segment 5: paddr=0003c8b8 vaddr=50000000 size=00020h (    32) load[0m
[0;32mI (163) boot: Loaded app from partition at offset 0x10000[0m
[0;32mI (163) boot: Disabling RNG early entropy source...[0m
[0;32mI (174) cpu_start: Multicore app[0m
[0;32mI (182) cpu_start: Pro cpu start user code[0m
[0;32mI (182) cpu_start: cpu freq: 160000000 Hz[0m
[0;32mI (183) app_init: Application information:[0m
[0;32mI (183) app_init: Project name:     lab4[0m
[0;32mI (186) app_init: App version:      2c3774c-dirty[0m
[0;32mI (191) app_init: Compile time:     Oct  8 2025 09:46:24[0m
[0;32mI (196) app_init: ELF file SHA256:  92988f316...[0m
[0;32mI (200) app_init: ESP-IDF:          HEAD-HASH-NOTFOUND[0m
[0;32mI (205) efuse_init: Min chip rev:     v0.0[0m
[0;32mI (209) efuse_init: Max chip rev:     v3.99 [0m
[0;32mI (213) efuse_init: Chip rev:         v3.1[0m
[0;32mI (217) heap_init: Initializing. RAM available for dynamic allocation:[0m
[0;32mI (223) heap_init: At 3FFAE6E0 len 00001920 (6 KiB): DRAM[0m
[0;32mI (228) heap_init: At 3FFB2CA8 len 0002D358 (180 KiB): DRAM[0m
[0;32mI (233) heap_init: At 3FFE0440 len 00003AE0 (14 KiB): D/IRAM[0m
[0;32mI (239) heap_init: At 3FFE4350 len 0001BCB0 (111 KiB): D/IRAM[0m
[0;32mI (244) heap_init: At 4008CFF8 len 00013008 (76 KiB): IRAM[0m
[0;33mW (251) spi_flash: Detected boya flash chip but using generic driver. For optimal functionality, enable `SPI_FLASH_SUPPORT_BOYA_CHIP` in menuconfig[0m
[0;32mI (262) spi_flash: detected chip: generic[0m
[0;32mI (266) spi_flash: flash io: dio[0m
[0;33mW (269) spi_flash: Detected size(4096k) larger than the size in the binary image header(2048k). Using the size in the binary image header.[0m
[0;32mI (282) main_task: Started on CPU0[0m
[0;32mI (292) main_task: Calling app_main()[0m
----Sorted insert test----
single linked list: 
added:12
added:77
added:55
added:91
added:17
list(first: 12)[12 17 55 77 91 ]


double linked list: 
added 98
added 30
added 86
added 40
added 73
list(first:30, last98 )[30 40 73 86 98 ]
----Removeing elements test----
single linked list: 
added:6
added:66
added:81
added:81
added:84
list(first: 6)[6 66 81 81 84 ]
removeing first element
list(first: 66)[66 81 81 84 ]
66 removed
removeing last element
list(first: 66)[66 81 81 ]
66 removed


double linked list: 
added 56
added 9
added 35
added 39
added 28
list(first:9, last56 )[9 28 35 39 56 ]
removeing first element
list(first:28, last56 )[28 35 39 56 ]
28 removed
removing last element
list(first:28, last39 )[28 35 39 ]
28 removed
----Remove from empty list----
remove from empty sll
Guru Meditation Error: Core  0 panic'ed (LoadProhibited). Exception was unhandled.

Core  0 register dump:
PC      : 0x400d624a  PS      : 0x00060330  A0      : 0x800d6189  A1      : 0x3ffb3f30  
A2      : 0x3ffb3f50  A3      : 0x0000001c  A4      : 0x0000000b  A5      : 0x3f402567  
A6      : 0x00000015  A7      : 0x3ffaff40  A8      : 0x00000000  A9      : 0x3ffb3ef0  
A10     : 0x00000000  A11     : 0x3f403738  A12     : 0x00000002  A13     : 0x3f403717  
A14     : 0x00000009  A15     : 0x3ffaea38  SAR     : 0x00000004  EXCCAUSE: 0x0000001c  
EXCVADDR: 0x00000004  LBEG    : 0x400014fd  LEND    : 0x4000150d  LCOUNT  : 0xfffffffa  


Backtrace: 0x400d6247:0x3ffb3f30 0x400d6186:0x3ffb3f50 0x400d61d5:0x3ffb3f80 0x400e3241:0x3ffb3fa0 0x40085d35:0x3ffb3fd0




ELF file SHA256: 92988f316

Rebooting...
ets Jul 29 2019 12:21:46

rst:0xc (SW_CPU_RESET),boot:0x13 (SPI_FAST_FLASH_BOOT)
configsip: 0, SPIWP:0xee
clk_drv:0x00,q_drv:0x00,d_drv:0x00,cs0_drv:0x00,hd_drv:0x00,wp_drv:0x00
mode:DIO, clock div:2
load:0x3fff0030,len:6380
ho 0 tail 12 room 4
load:0x40078000,len:15916
load:0x40080400,len:3860
entry 0x40080638
[0;32mI (29) boot: ESP-IDF HEAD-HASH-NOTFOUND 2nd stage bootloader[0m
[0;32mI (29) boot: compile time Oct  8 2025 00:30:29[0m
[0;32mI (29) boot: Multicore bootloader[0m
[0;32mI (32) boot: chip revision: v3.1[0m
[0;32mI (34) boot.esp32: SPI Speed      : 40MHz[0m
[0;32mI (38) boot.esp32: SPI Mode       : DIO[0m
[0;32mI (42) boot.esp32: SPI Flash Size : 2MB[0m
[0;32mI (45) boot: Enabling RNG early entropy source...[0m
[0;32mI (50) boot: Partition Table:[0m
[0;32mI (52) boot: ## Label            Usage          Type ST Offset   Length[0m
[0;32mI (59) boot:  0 nvs              WiFi data        01 02 00009000 00006000[0m
[0;32mI (65) boot:  1 phy_init         RF data          01 01 0000f000 00001000[0m
[0;32mI (72) boot:  2 factory          factory app      00 00 00010000 00100000[0m
[0;32mI (78) boot: End of partition table[0m
[0;32mI (82) esp_image: segment 0: paddr=00010020 vaddr=3f400020 size=09b78h ( 39800) map[0m
[0;32mI (103) esp_image: segment 1: paddr=00019ba0 vaddr=3ffb0000 size=023d8h (  9176) load[0m
[0;32mI (106) esp_image: segment 2: paddr=0001bf80 vaddr=40080000 size=04098h ( 16536) load[0m
[0;32mI (113) esp_image: segment 3: paddr=00020020 vaddr=400d0020 size=13928h ( 80168) map[0m
[0;32mI (141) esp_image: segment 4: paddr=00033950 vaddr=40084098 size=08f60h ( 36704) load[0m
[0;32mI (156) esp_image: segment 5: paddr=0003c8b8 vaddr=50000000 size=00020h (    32) load[0m
[0;32mI (163) boot: Loaded app from partition at offset 0x10000[0m
[0;32mI (163) boot: Disabling RNG early entropy source...[0m
[0;32mI (174) cpu_start: Multicore app[0m
[0;32mI (182) cpu_start: Pro cpu start user code[0m
[0;32mI (182) cpu_start: cpu freq: 160000000 Hz[0m
[0;32mI (183) app_init: Application information:[0m
[0;32mI (183) app_init: Project name:     lab4[0m
[0;32mI (186) app_init: App version:      2c3774c-dirty[0m
[0;32mI (191) app_init: Compile time:     Oct  8 2025 09:46:24[0m
[0;32mI (196) app_init: ELF file SHA256:  92988f316...[0m
[0;32mI (200) app_init: ESP-IDF:          HEAD-HASH-NOTFOUND[0m
[0;32mI (205) efuse_init: Min chip rev:     v0.0[0m
[0;32mI (209) efuse_init: Max chip rev:     v3.99 [0m
[0;32mI (213) efuse_init: Chip rev:         v3.1[0m
[0;32mI (217) heap_init: Initializing. RAM available for dynamic allocation:[0m
[0;32mI (223) heap_init: At 3FFAE6E0 len 00001920 (6 KiB): DRAM[0m
[0;32mI (228) heap_init: At 3FFB2CA8 len 0002D358 (180 KiB): DRAM[0m
[0;32mI (233) heap_init: At 3FFE0440 len 00003AE0 (14 KiB): D/IRAM[0m
[0;32mI (239) heap_init: At 3FFE4350 len 0001BCB0 (111 KiB): D/IRAM[0m
[0;32mI (244) heap_init: At 4008CFF8 len 00013008 (76 KiB): IRAM[0m
[0;33mW (251) spi_flash: Detected boya flash chip but using generic driver. For optimal functionality, enable `SPI_FLASH_SUPPORT_BOYA_CHIP` in menuconfig[0m
[0;32mI (262) spi_flash: detected chip: generic[0m
[0;32mI (266) spi_flash: flash io: dio[0m
[0;33mW (269) spi_flash: Detected size(4096k) larger than the size in the binary image header(2048k). Using the size in the binary image header.[0m
[0;32mI (282) main_task: Started on CPU0[0m
[0;32mI (292) main_task: Calling app_main()[0m
----Sorted insert test----
single linked list: 
added:4
added:13
added:25
added:4
added:66
list(first: 4)[4 4 13 25 66 ]


double linked list: 
added 23
added 13
added 96
added 74
added 29
list(first:13, last96 )[13 23 29 74 96 ]
----Removeing elements test----
single linked list: 
added:71
added:69
added:10
added:65
added:50
list(first: 10)[10 50 65 69 71 ]
removeing first element
list(first: 50)[50 65 69 71 ]
50 removed
removeing last element
list(first: 50)[50 65 69 ]
50 removed


double linked list: 
added 79
added 52
added 67
added 48
added 90
list(first:48, last90 )[48 52 67 79 90 ]
removeing first element
list(first:52, last90 )[52 67 79 90 ]
52 removed
removing last element
list(first:52, last79 )[52 67 79 ]
52 removed
----Remove from empty list----
remove from empty sll
Guru Meditation Error: Core  0 panic'ed (LoadProhibited). Exception was unhandled.

Core  0 register dump:
PC      : 0x400d624a  PS      : 0x00060330  A0      : 0x800d6189  A1      : 0x3ffb3f30  
A2      : 0x3ffb3f50  A3      : 0x00000034  A4      : 0x0000000b  A5      : 0x3f402567  
A6      : 0x00000015  A7      : 0x3ffafef0  A8      : 0x00000000  A9      : 0x3ffb3ef0  
A10     : 0x00000000  A11     : 0x3f403738  A12     : 0x00000002  A13     : 0x3f403717  
A14     : 0x00000009  A15     : 0x3ffaea38  SAR     : 0x00000004  EXCCAUSE: 0x0000001c  
EXCVADDR: 0x00000004  LBEG    : 0x400014fd  LEND    : 0x4000150d  LCOUNT  : 0xfffffffa  


Backtrace: 0x400d6247:0x3ffb3f30 0x400d6186:0x3ffb3f50 0x400d61d5:0x3ffb3f80 0x400e3241:0x3ffb3fa0 0x40085d35:0x3ffb3fd0




ELF file SHA256: 92988f316

Rebooting...
ets Jul 29 2019 12:21:46

rst:0xc (SW_CPU_RESET),boot:0x13 (SPI_FAST_FLASH_BOOT)
configsip: 0, SPIWP:0xee
clk_drv:0x00,q_drv:0x00,d_drv:0x00,cs0_drv:0x00,hd_drv:0x00,wp_drv:0x00
mode:DIO, clock div:2
load:0x3fff0030,len:6380
ho 0 tail 12 room 4
load:0x40078000,len:15916
load:0x40080400,len:3860
entry 0x40080638
[0;32mI (29) boot: ESP-IDF HEAD-HASH-NOTFOUND 2nd stage bootloader[0m
[0;32mI (29) boot: compile time Oct  8 2025 00:30:29[0m
[0;32mI (29) boot: Multicore bootloader[0m
[0;32mI (32) boot: chip revision: v3.1[0m
[0;32mI (34) boot.esp32: SPI Speed      : 40MHz[0m
[0;32mI (38) boot.esp32: SPI Mode       : DIO[0m
[0;32mI (42) boot.esp32: SPI Flash Size : 2MB[0m
[0;32mI (45) boot: Enabling RNG early entropy source...[0m
[0;32mI (50) boot: Partition Table:[0m
[0;32mI (52) boot: ## Label            Usage          Type ST Offset   Length[0m
[0;32mI (59) boot:  0 nvs              WiFi data        01 02 00009000 00006000[0m
[0;32mI (65) boot:  1 phy_init         RF data          01 01 0000f000 00001000[0m
[0;32mI (72) boot:  2 factory          factory app      00 00 00010000 00100000[0m
[0;32mI (78) boot: End of partition table[0m
[0;32mI (82) esp_image: segment 0: paddr=00010020 vaddr=3f400020 size=09b78h ( 39800) map[0m
[0;32mI (103) esp_image: segment 1: paddr=00019ba0 vaddr=3ffb0000 size=023d8h (  9176) load[0m
[0;32mI (106) esp_image: segment 2: paddr=0001bf80 vaddr=40080000 size=04098h ( 16536) load[0m
[0;32mI (113) esp_image: segment 3: paddr=00020020 vaddr=400d0020 size=13928h ( 80168) map[0m
[0;32mI (141) esp_image: segment 4: paddr=00033950 vaddr=40084098 size=08f60h ( 36704) load[0m
[0;32mI (156) esp_image: segment 5: paddr=0003c8b8 vaddr=50000000 size=00020h (    32) load[0m
[0;32mI (163) boot: Loaded app from partition at offset 0x10000[0m
[0;32mI (163) boot: Disabling RNG early entropy source...[0m
[0;32mI (174) cpu_start: Multicore app[0m
[0;32mI (182) cpu_start: Pro cpu start user code[0m
[0;32mI (182) cpu_start: cpu freq: 160000000 Hz[0m
[0;32mI (183) app_init: Application information:[0m
[0;32mI (183) app_init: Project name:     lab4[0m
[0;32mI (186) app_init: App version:      2c3774c-dirty[0m
[0;32mI (191) app_init: Compile time:     Oct  8 2025 09:46:24[0m
[0;32mI (196) app_init: ELF file SHA256:  92988f316...[0m
[0;32mI (200) app_init: ESP-IDF:          HEAD-HASH-NOTFOUND[0m
[0;32mI (205) efuse_init: Min chip rev:     v0.0[0m
[0;32mI (209) efuse_init: Max chip rev:     v3.99 [0m
[0;32mI (213) efuse_init: Chip rev:         v3.1[0m
[0;32mI (217) heap_init: Initializing. RAM available for dynamic allocation:[0m
[0;32mI (223) heap_init: At 3FFAE6E0 len 00001920 (6 KiB): DRAM[0m
[0;32mI (228) heap_init: At 3FFB2CA8 len 0002D358 (180 KiB): DRAM[0m
[0;32mI (233) heap_init: At 3FFE0440 len 00003AE0 (14 KiB): D/IRAM[0m
[0;32mI (238) heap_init: At 3FFE4350 len 0001BCB0 (111 KiB): D/IRAM[0m
[0;32mI (244) heap_init: At 4008CFF8 len 00013008 (76 KiB): IRAM[0m
[0;33mW (251) spi_flash: Detected boya flash chip but using generic driver. For optimal functionality, enable `SPI_FLASH_SUPPORT_BOYA_CHIP` in menuconfig[0m
[0;32mI (262) spi_flash: detected chip: generic[0m
[0;32mI (266) spi_flash: flash io: dio[0m
[0;33mW (269) spi_flash: Detected size(4096k) larger than the size in the binary image header(2048k). Using the size in the binary image header.[0m
[0;32mI (282) main_task: Started on CPU0[0m
[0;32mI (292) main_task: Calling app_main()[0m
----Sorted insert test----
single linked list: 
added:26
added:54
added:40
added:77
added:74
list(first: 26)[26 40 54 74 77 ]


double linked list: 
added 21
added 26
added 30
added 9
added 5
list(first:5, last30 )[5 9 21 26 30 ]
----Removeing elements test----
single linked list: 
added:16
added:93
added:59
added:71
added:86
list(first: 16)[16 59 71 86 93 ]
removeing first element
list(first: 59)[59 71 86 93 ]
59 removed
removeing last element
list(first: 59)[59 71 86 ]
59 removed


double linked list: 
added 73
added 43
added 19
added 11
added 43
list(first:11, last73 )[11 19 43 43 73 ]
removeing first element
list(first:19, last73 )[19 43 43 73 ]
19 removed
removing last element
list(first:19, last43 )[19 43 43 ]
19 removed
----Remove from empty list----
remove from empty sll
Guru Meditation Error: Core  0 panic'ed (LoadProhibited). Exception was unhandled.

Core  0 register dump:
PC      : 0x400d624a  PS      : 0x00060330  A0      : 0x800d6189  A1      : 0x3ffb3f30  
A2      : 0x3ffb3f50  A3      : 0x00000013  A4      : 0x0000000b  A5      : 0x3f402567  
A6      : 0x00000015  A7      : 0x3ffaff20  A8      : 0x00000000  A9      : 0x3ffb3ef0  
A10     : 0x00000000  A11     : 0x3f403738  A12     : 0x00000002  A13     : 0x3f403717  
A14     : 0x00000009  A15     : 0x3ffaea38  SAR     : 0x00000004  EXCCAUSE: 0x0000001c  
EXCVADDR: 0x00000004  LBEG    : 0x400014fd  LEND    : 0x4000150d  LCOUNT  : 0xfffffffa  


Backtrace: 0x400d6247:0x3ffb3f30 0x400d6186:0x3ffb3f50 0x400d61d5:0x3ffb3f80 0x400e3241:0x3ffb3fa0 0x40085d35:0x3ffb3fd0




ELF file SHA256: 92988f316

Rebooting...
ets Jul 29 2019 12:21:46

rst:0xc (SW_CPU_RESET),boot:0x13 (SPI_FAST_FLASH_BOOT)
configsip: 0, SPIWP:0xee
clk_drv:0x00,q_drv:0x00,d_drv:0x00,cs0_drv:0x00,hd_drv:0x00,wp_drv:0x00
mode:DIO, clock div:2
load:0x3fff0030,len:6380
ho 0 tail 12 room 4
load:0x40078000,len:15916
load:0x40080400,len:3860
entry 0x40080638
[0;32mI (29) boot: ESP-IDF HEAD-HASH-NOTFOUND 2nd stage bootloader[0m
