Command: /home/minipops/.espressif/python_env/idf5.5_py3.13_env/bin/python /opt/esp-idf/tools/idf_monitor.py -p /dev/ttyUSB0 -b 115200 --toolchain-prefix xtensa-esp32-elf- --target esp32 --revision 0 /home/minipops/uni/da267a/labs/lab4/build/lab4.elf /home/minipops/uni/da267a/labs/lab4/build/bootloader/bootloader.elf -m '/home/minipops/.espressif/python_env/idf5.5_py3.13_env/bin/python' '/opt/esp-idf/tools/idf.py'
ets Jul 29 2019 12:21:46

rst:0x1 (POWERON_RESET),boot:0x13 (SPI_FAST_FLASH_BOOT)
configsip: 0, SPIWP:0xee
clk_drv:0x00,q_drv:0x00,d_drv:0x00,cs0_drv:0x00,hd_drv:0x00,wp_drv:0x00
mode:DIO, clock div:2
load:0x3fff0030,len:6380
ho 0 tail 12 room 4
load:0x40078000,len:15916
load:0x40080400,len:3860
entry 0x40080638
[0;32mI (29) boot: ESP-IDF HEAD-HASH-NOTFOUND 2nd stage bootloader[0m
[0;32mI (29) boot: compile time Oct  8 2025 00:30:29[0m
[0;32mI (29) boot: Multicore bootloader[0m
[0;32mI (32) boot: chip revision: v3.1[0m
[0;32mI (34) boot.esp32: SPI Speed      : 40MHz[0m
[0;32mI (38) boot.esp32: SPI Mode       : DIO[0m
[0;32mI (42) boot.esp32: SPI Flash Size : 2MB[0m
[0;32mI (45) boot: Enabling RNG early entropy source...[0m
[0;32mI (50) boot: Partition Table:[0m
[0;32mI (52) boot: ## Label            Usage          Type ST Offset   Length[0m
[0;32mI (59) boot:  0 nvs              WiFi data        01 02 00009000 00006000[0m
[0;32mI (65) boot:  1 phy_init         RF data          01 01 0000f000 00001000[0m
[0;32mI (72) boot:  2 factory          factory app      00 00 00010000 00100000[0m
[0;32mI (78) boot: End of partition table[0m
[0;32mI (82) esp_image: segment 0: paddr=00010020 vaddr=3f400020 size=09a68h ( 39528) map[0m
[0;32mI (103) esp_image: segment 1: paddr=00019a90 vaddr=3ffb0000 size=023d8h (  9176) load[0m
[0;32mI (106) esp_image: segment 2: paddr=0001be70 vaddr=40080000 size=041a8h ( 16808) load[0m
[0;32mI (113) esp_image: segment 3: paddr=00020020 vaddr=400d0020 size=137d8h ( 79832) map[0m
[0;32mI (141) esp_image: segment 4: paddr=00033800 vaddr=400841a8 size=08e50h ( 36432) load[0m
[0;32mI (156) esp_image: segment 5: paddr=0003c658 vaddr=50000000 size=00020h (    32) load[0m
[0;32mI (162) boot: Loaded app from partition at offset 0x10000[0m
[0;32mI (162) boot: Disabling RNG early entropy source...[0m
[0;32mI (174) cpu_start: Multicore app[0m
[0;32mI (182) cpu_start: Pro cpu start user code[0m
[0;32mI (182) cpu_start: cpu freq: 160000000 Hz[0m
[0;32mI (182) app_init: Application information:[0m
[0;32mI (182) app_init: Project name:     lab4[0m
[0;32mI (186) app_init: App version:      2c3774c-dirty[0m
[0;32mI (190) app_init: Compile time:     Oct  8 2025 09:46:24[0m
[0;32mI (195) app_init: ELF file SHA256:  08103d625...[0m
[0;32mI (200) app_init: ESP-IDF:          HEAD-HASH-NOTFOUND[0m
[0;32mI (205) efuse_init: Min chip rev:     v0.0[0m
[0;32mI (208) efuse_init: Max chip rev:     v3.99 [0m
[0;32mI (212) efuse_init: Chip rev:         v3.1[0m
[0;32mI (216) heap_init: Initializing. RAM available for dynamic allocation:[0m
[0;32mI (223) heap_init: At 3FFAE6E0 len 00001920 (6 KiB): DRAM[0m
[0;32mI (228) heap_init: At 3FFB2CA8 len 0002D358 (180 KiB): DRAM[0m
[0;32mI (233) heap_init: At 3FFE0440 len 00003AE0 (14 KiB): D/IRAM[0m
[0;32mI (238) heap_init: At 3FFE4350 len 0001BCB0 (111 KiB): D/IRAM[0m
[0;32mI (244) heap_init: At 4008CFF8 len 00013008 (76 KiB): IRAM[0m
[0;33mW (250) spi_flash: Detected boya flash chip but using generic driver. For optimal functionality, enable `SPI_FLASH_SUPPORT_BOYA_CHIP` in menuconfig[0m
[0;32mI (262) spi_flash: detected chip: generic[0m
[0;32mI (266) spi_flash: flash io: dio[0m
[0;33mW (269) spi_flash: Detected size(4096k) larger than the size in the binary image header(2048k). Using the size in the binary image header.[0m
[0;32mI (281) main_task: Started on CPU0[0m
[0;32mI (291) main_task: Calling app_main()[0m
------single_linked_list tests------
added:40
added:81
added:65
added:47
added:49
added:60
added:9
added:51
added:50
added:32
added:53
added:18
added:21
added:25
added:8
added:3
added:60
added:15
added:92
added:87
added:53
added:73
added:17
added:25
added:58
index[0] = 3
index[1] = 8
index[2] = 9
index[3] = 15
index[4] = 17
index[5] = 18
index[6] = 21
index[7] = 25
index[8] = 25
index[9] = 32
index[10] = 40
index[11] = 47
index[12] = 49
index[13] = 50
index[14] = 51
index[15] = 53
index[16] = 53
index[17] = 58
index[18] = 60
index[19] = 60
index[20] = 65
index[21] = 73
index[22] = 81
index[23] = 87
index[24] = 92
index[0] = 40
index[1] = 47
index[2] = 49
index[3] = 50
index[4] = 51
------double_linked_list tests------
added:70
added:97
added:33
added:56
added:35
added:77
added:40
added:13
added:55
added:57
added:94
added:77
added:92
added:1
added:0
added:14
added:38
added:58
added:44
added:4
added:77
added:55
added:26
added:7
added:60
index[0] = 0
index[1] = 1
index[2] = 4
index[3] = 7
index[4] = 13
index[5] = 14
index[6] = 26
index[7] = 33
index[8] = 35
index[9] = 38
index[10] = 40
index[11] = 44
index[12] = 55
index[13] = 55
index[14] = 56
index[15] = 57
index[16] = 58
index[17] = 60
index[18] = 70
index[19] = 77
index[20] = 77
index[21] = 77
index[22] = 92
index[23] = 94
index[24] = 97
--Remove--

assert failed: tlsf_free tlsf.c:630 (!block_is_free(block) && "block already marked as free")


Backtrace: 0x40085365:0x3ffb3d70 0x4008532d:0x3ffb3d90 0x4008b3b1:0x3ffb3db0 0x40089ca3:0x3ffb3ed0 0x40089b44:0x3ffb3ef0 0x40081c23:0x3ffb3f10 0x4008b439:0x3ffb3f30 0x400d6211:0x3ffb3f50 0x400d60bb:0x3ffb3f70 0x400e30f1:0x3ffb3fa0 0x40085d35:0x3ffb3fd0




ELF file SHA256: 08103d625

Rebooting...
ets Jul 29 2019 12:21:46

rst:0xc (SW_CPU_RESET),boot:0x13 (SPI_FAST_FLASH_BOOT)
configsip: 0, SPIWP:0xee
clk_drv:0x00,q_drv:0x00,d_drv:0x00,cs0_drv:0x00,hd_drv:0x00,wp_drv:0x00
mode:DIO, clock div:2
load:0x3fff0030,len:6380
ho 0 tail 12 room 4
load:0x40078000,len:15916
load:0x40080400,len:3860
entry 0x40080638
[0;32mI (29) boot: ESP-IDF HEAD-HASH-NOTFOUND 2nd stage bootloader[0m
[0;32mI (29) boot: compile time Oct  8 2025 00:30:29[0m
[0;32mI (29) boot: Multicore bootloader[0m
[0;32mI (32) boot: chip revision: v3.1[0m
[0;32mI (34) boot.esp32: SPI Speed      : 40MHz[0m
[0;32mI (38) boot.esp32: SPI Mode       : DIO[0m
[0;32mI (42) boot.esp32: SPI Flash Size : 2MB[0m
[0;32mI (45) boot: Enabling RNG early entropy source...[0m
[0;32mI (50) boot: Partition Table:[0m
[0;32mI (52) boot: ## Label            Usage          Type ST Offset   Length[0m
[0;32mI (59) boot:  0 nvs              WiFi data        01 02 00009000 00006000[0m
[0;32mI (65) boot:  1 phy_init         RF data          01 01 0000f000 00001000[0m
[0;32mI (72) boot:  2 factory          factory app      00 00 00010000 00100000[0m
[0;32mI (78) boot: End of partition table[0m
[0;32mI (82) esp_image: segment 0: paddr=00010020 vaddr=3f400020 size=09a68h ( 39528) map[0m
[0;32mI (102) esp_image: segment 1: paddr=00019a90 vaddr=3ffb0000 size=023d8h (  9176) load[0m
[0;32mI (106) esp_image: segment 2: paddr=0001be70 vaddr=40080000 size=041a8h ( 16808) load[0m
[0;32mI (113) esp_image: segment 3: paddr=00020020 vaddr=400d0020 size=137d8h ( 79832) map[0m
[0;32mI (141) esp_image: segment 4: paddr=00033800 vaddr=400841a8 size=08e50h ( 36432) load[0m
[0;32mI (156) esp_image: segment 5: paddr=0003c658 vaddr=50000000 size=00020h (    32) load[0m
[0;32mI (162) boot: Loaded app from partition at offset 0x10000[0m
[0;32mI (162) boot: Disabling RNG early entropy source...[0m
[0;32mI (174) cpu_start: Multicore app[0m
[0;32mI (182) cpu_start: Pro cpu start user code[0m
[0;32mI (182) cpu_start: cpu freq: 160000000 Hz[0m
[0;32mI (182) app_init: Application information:[0m
[0;32mI (182) app_init: Project name:     lab4[0m
[0;32mI (186) app_init: App version:      2c3774c-dirty[0m
[0;32mI (190) app_init: Compile time:     Oct  8 2025 09:46:24[0m
[0;32mI (195) app_init: ELF file SHA256:  08103d625...[0m
[0;32mI (200) app_init: ESP-IDF:          HEAD-HASH-NOTFOUND[0m
[0;32mI (204) efuse_init: Min chip rev:     v0.0[0m
[0;32mI (208) efuse_init: Max chip rev:     v3.99 [0m
[0;32mI (212) efuse_init: Chip rev:         v3.1[0m
[0;32mI (216) heap_init: Initializing. RAM available for dynamic allocation:[0m
[0;32mI (223) heap_init: At 3FFAE6E0 len 00001920 (6 KiB): DRAM[0m
[0;32mI (227) heap_init: At 3FFB2CA8 len 0002D358 (180 KiB): DRAM[0m
[0;32mI (233) heap_init: At 3FFE0440 len 00003AE0 (14 KiB): D/IRAM[0m
[0;32mI (238) heap_init: At 3FFE4350 len 0001BCB0 (111 KiB): D/IRAM[0m
[0;32mI (244) heap_init: At 4008CFF8 len 00013008 (76 KiB): IRAM[0m
[0;33mW (250) spi_flash: Detected boya flash chip but using generic driver. For optimal functionality, enable `SPI_FLASH_SUPPORT_BOYA_CHIP` in menuconfig[0m
[0;32mI (262) spi_flash: detected chip: generic[0m
[0;32mI (266) spi_flash: flash io: dio[0m
[0;33mW (268) spi_flash: Detected size(4096k) larger than the size in the binary image header(2048k). Using the size in the binary image header.[0m
[0;32mI (281) main_task: Started on CPU0[0m
[0;32mI (291) main_task: Calling app_main()[0m
------single_linked_list tests------
added:97
added:43
added:90
added:1
added:86
added:91
added:52
added:85
added:72
added:67
added:29
added:83
added:64
added:89
added:84
added:76
added:86
added:1
added:18
added:79
added:26
added:96
added:39
added:26
added:55
index[0] = 1
index[1] = 1
index[2] = 18
index[3] = 26
index[4] = 26
index[5] = 29
index[6] = 39
index[7] = 43
index[8] = 52
index[9] = 55
index[10] = 64
index[11] = 67
index[12] = 72
index[13] = 76
index[14] = 79
index[15] = 83
index[16] = 84
index[17] = 85
index[18] = 86
index[19] = 86
index[20] = 89
index[21] = 90
index[22] = 91
index[23] = 96
index[24] = 97
index[0] = 64
index[1] = 67
index[2] = 72
index[3] = 76
index[4] = 79
------double_linked_list tests------
added:55
added:75
added:78
added:95
added:9
added:2
added:38
added:14
added:49
added:87
added:69
added:53
added:42
added:48
added:34
added:90
added:90
added:35
added:90
added:13
added:16
added:57
added:18
added:22
added:18
index[0] = 2
index[1] = 9
index[2] = 13
index[3] = 14
index[4] = 16
index[5] = 18
index[6] = 18
index[7] = 22
index[8] = 34
index[9] = 35
index[10] = 38
index[11] = 42
index[12] = 48
index[13] = 49
index[14] = 53
index[15] = 55
index[16] = 57
index[17] = 69
index[18] = 75
index[19] = 78
index[20] = 87
index[21] = 90
index[22] = 90
index[23] = 90
index[24] = 95
--Remove--
Guru Meditation Error: Core  0 panic'ed (StoreProhibited). Exception was unhandled.

Core  0 register dump:
PC      : 0x400d6219  PS      : 0x00060130  A0      : 0x800d60be  A1      : 0x3ffb3f50  
A2      : 0x3ffb3f74  A3      : 0x00000012  A4      : 0x3ffb3f60  A5      : 0x0000000c  
A6      : 0x00000018  A7      : 0x00000000  A8      : 0x00000000  A9      : 0x3ffb3f30  
A10     : 0x3ffaffe0  A11     : 0x3f4036f4  A12     : 0x0000005f  A13     : 0x3f40256b  
A14     : 0x00000015  A15     : 0x3ffaea38  SAR     : 0x0000001d  EXCCAUSE: 0x0000001d  
EXCVADDR: 0x00000004  LBEG    : 0x400014fd  LEND    : 0x4000150d  LCOUNT  : 0xfffffffd  


Backtrace: 0x400d6216:0x3ffb3f50 0x400d60bb:0x3ffb3f70 0x400e30f1:0x3ffb3fa0 0x40085d35:0x3ffb3fd0




ELF file SHA256: 08103d625

Rebooting...
ets Jul 29 2019 12:21:46

rst:0xc (SW_CPU_RESET),boot:0x13 (SPI_FAST_FLASH_BOOT)
configsip: 0, SPIWP:0xee
clk_drv:0x00,q_drv:0x00,d_drv:0x00,cs0_drv:0x00,hd_drv:0x00,wp_drv:0x00
mode:DIO, clock div:2
load:0x3fff0030,len:6380
ho 0 tail 12 room 4
load:0x40078000,len:15916
load:0x40080400,len:3860
entry 0x40080638
[0;32mI (29) boot: ESP-IDF HEAD-HASH-NOTFOUND 2nd stage bootloader[0m
[0;32mI (29) boot: compile time Oct  8 2025 00:30:29[0m
[0;32mI (29) boot: Multicore bootloader[0m
[0;32mI (32) boot: chip revision: v3.1[0m
[0;32mI (34) boot.esp32: SPI Speed      : 40MHz[0m
[0;32mI (38) boot.esp32: SPI Mode       : DIO[0m
[0;32mI (42) boot.esp32: SPI Flash Size : 2MB[0m
[0;32mI (45) boot: Enabling RNG early entropy source...[0m
[0;32mI (50) boot: Partition Table:[0m
[0;32mI (52) boot: ## Label            Usage          Type ST Offset   Length[0m
[0;32mI (59) boot:  0 nvs              WiFi data        01 02 00009000 00006000[0m
[0;32mI (65) boot:  1 phy_init         RF data          01 01 0000f000 00001000[0m
[0;32mI (72) boot:  2 factory          factory app      00 00 00010000 00100000[0m
[0;32mI (78) boot: End of partition table[0m
[0;32mI (82) esp_image: segment 0: paddr=00010020 vaddr=3f400020 size=09a68h ( 39528) map[0m
[0;32mI (102) esp_image: segment 1: paddr=00019a90 vaddr=3ffb0000 size=023d8h (  9176) load[0m
[0;32mI (106) esp_image: segment 2: paddr=0001be70 vaddr=40080000 size=041a8h ( 16808) load[0m
[0;32mI (113) esp_image: segment 3: paddr=00020020 vaddr=400d0020 size=137d8h ( 79832) map[0m
[0;32mI (141) esp_image: segment 4: paddr=00033800 vaddr=400841a8 size=08e50h ( 36432) load[0m
[0;32mI (156) esp_image: segment 5: paddr=0003c658 vaddr=50000000 size=00020h (    32) load[0m
[0;32mI (162) boot: Loaded app from partition at offset 0x10000[0m
[0;32mI (162) boot: Disabling RNG early entropy source...[0m
[0;32mI (174) cpu_start: Multicore app[0m
[0;32mI (182) cpu_start: Pro cpu start user code[0m
[0;32mI (182) cpu_start: cpu freq: 160000000 Hz[0m
[0;32mI (182) app_init: Application information:[0m
[0;32mI (182) app_init: Project name:     lab4[0m
[0;32mI (186) app_init: App version:      2c3774c-dirty[0m
[0;32mI (190) app_init: Compile time:     Oct  8 2025 09:46:24[0m
[0;32mI (195) app_init: ELF file SHA256:  08103d625...[0m
[0;32mI (200) app_init: ESP-IDF:          HEAD-HASH-NOTFOUND[0m
[0;32mI (204) efuse_init: Min chip rev:     v0.0[0m
[0;32mI (208) efuse_init: Max chip rev:     v3.99 [0m
[0;32mI (212) efuse_init: Chip rev:         v3.1[0m
[0;32mI (216) heap_init: Initializing. RAM available for dynamic allocation:[0m
[0;32mI (223) heap_init: At 3FFAE6E0 len 00001920 (6 KiB): DRAM[0m
[0;32mI (227) heap_init: At 3FFB2CA8 len 0002D358 (180 KiB): DRAM[0m
[0;32mI (233) heap_init: At 3FFE0440 len 00003AE0 (14 KiB): D/IRAM[0m
[0;32mI (238) heap_init: At 3FFE4350 len 0001BCB0 (111 KiB): D/IRAM[0m
[0;32mI (244) heap_init: At 4008CFF8 len 00013008 (76 KiB): IRAM[0m
[0;33mW (250) spi_flash: Detected boya flash chip but using generic driver. For optimal functionality, enable `SPI_FLASH_SUPPORT_BOYA_CHIP` in menuconfig[0m
[0;32mI (262) spi_flash: detected chip: generic[0m
[0;32mI (266) spi_flash: flash io: dio[0m
[0;33mW (268) spi_flash: Detected size(4096k) larger than the size in the binary image header(2048k). Using the size in the binary image header.[0m
[0;32mI (281) main_task: Started on CPU0[0m
[0;32mI (291) main_task: Calling app_main()[0m
------single_linked_list tests------
added:22
added:83
added:41
added:55
added:14
added:47
added:70
added:7
added:9
added:22
added:54
added:77
added:86
added:55
added:21
added:67
added:82
added:91
added:52
added:17
added:7
added:53
added:42
added:87
added:88
index[0] = 7
index[1] = 7
index[2] = 9
index[3] = 14
index[4] = 17
index[5] = 21
index[6] = 22
index[7] = 22
index[8] = 41
index[9] = 42
index[10] = 47
index[11] = 52
index[12] = 53
index[13] = 54
index[14] = 55
index[15] = 55
index[16] = 67
index[17] = 70
index[18] = 77
index[19] = 82
index[20] = 83
index[21] = 86
index[22] = 87
index[23] = 88
index[24] = 91
index[0] = 47
index[1] = 52
index[2] = 53
index[3] = 54
index[4] = 55
------double_linked_list tests------
added:98
added:12
added:13
added:0
added:74
added:30
added:13
added:49
added:21
added:48
added:41
added:91
added:77
added:26
added:25
added:64
added:96
added:66
added:25
added:11
added:2
added:85
added:53
added:84
added:77
index[0] = 0
index[1] = 2
index[2] = 11
index[3] = 12
index[4] = 13
index[5] = 13
index[6] = 21
index[7] = 25
index[8] = 25
index[9] = 26
index[10] = 30
index[11] = 41
index[12] = 48
index[13] = 49
index[14] = 53
index[15] = 64
index[16] = 66
index[17] = 74
index[18] = 77
index[19] = 77
index[20] = 84
index[21] = 85
index[22] = 91
index[23] = 96
index[24] = 98
--Remove--

assert failed: tlsf_free tlsf.c:630 (!block_is_free(block) && "block already marked as free")


Backtrace: 0x40085365:0x3ffb3d70 0x4008532d:0x3ffb3d90 0x4008b3b1:0x3ffb3db0 0x40089ca3:0x3ffb3ed0 0x40089b44:0x3ffb3ef0 0x40081c23:0x3ffb3f10 0x4008b439:0x3ffb3f30 0x400d6211:0x3ffb3f50 0x400d60bb:0x3ffb3f70 0x400e30f1:0x3ffb3fa0 0x40085d35:0x3ffb3fd0




ELF file SHA256: 08103d625

Rebooting...
ets Jul 29 2019 12:21:46

rst:0xc (SW_CPU_RESET),boot:0x13 (SPI_FAST_FLASH_BOOT)
configsip: 0, SPIWP:0xee
clk_drv:0x00,q_drv:0x00,d_drv:0x00,cs0_drv:0x00,hd_drv:0x00,wp_drv:0x00
mode:DIO, clock div:2
load:0x3fff0030,len:6380
ho 0 tail 12 room 4
load:0x40078000,len:15916
load:0x40080400,len:3860
entry 0x40080638
[0;32mI (29) boot: ESP-IDF HEAD-HASH-NOTFOUND 2nd stage bootloader[0m
[0;32mI (29) boot: compile time Oct  8 2025 00:30:29[0m
[0;32mI (29) boot: Multicore bootloader[0m
[0;32mI (32) boot: chip revision: v3.1[0m
[0;32mI (34) boot.esp32: SPI Speed      : 40MHz[0m
[0;32mI (38) boot.esp32: SPI Mode       : DIO[0m
[0;32mI (42) boot.esp32: SPI Flash Size : 2MB[0m
[0;32mI (45) boot: Enabling RNG early entropy source...[0m
[0;32mI (50) boot: Partition Table:[0m
[0;32mI (52) boot: ## Label            Usage          Type ST Offset   Length[0m
[0;32mI (59) boot:  0 nvs              WiFi data        01 02 00009000 00006000[0m
[0;32mI (65) boot:  1 phy_init         RF data          01 01 0000f000 00001000[0m
[0;32mI (72) boot:  2 factory          factory app      00 00 00010000 00100000[0m
[0;32mI (78) boot: End of partition table[0m
[0;32mI (82) esp_image: segment 0: paddr=00010020 vaddr=3f400020 size=09a68h ( 39528) map[0m
[0;32mI (102) esp_image: segment 1: paddr=00019a90 vaddr=3ffb0000 size=023d8h (  9176) load[0m
[0;32mI (106) esp_image: segment 2: paddr=0001be70 vaddr=40080000 size=041a8h ( 16808) load[0m
[0;32mI (113) esp_image: segment 3: paddr=00020020 vaddr=400d0020 size=137d8h ( 79832) map[0m
[0;32mI (141) esp_image: segment 4: paddr=00033800 vaddr=400841a8 size=08e50h ( 36432) load[0m
[0;32mI (156) esp_image: segment 5: paddr=0003c658 vaddr=50000000 size=00020h (    32) load[0m
[0;32mI (162) boot: Loaded app from partition at offset 0x10000[0m
[0;32mI (162) boot: Disabling RNG early entropy source...[0m
[0;32mI (174) cpu_start: Multicore app[0m
[0;32mI (182) cpu_start: Pro cpu start user code[0m
[0;32mI (182) cpu_start: cpu freq: 160000000 Hz[0m
[0;32mI (182) app_init: Application information:[0m
[0;32mI (182) app_init: Project name:     lab4[0m
[0;32mI (186) app_init: App version:      2c3774c-dirty[0m
[0;32mI (190) app_init: Compile time:     Oct  8 2025 09:46:24[0m
[0;32mI (195) app_init: ELF file SHA256:  08103d625...[0m
[0;32mI (200) app_init: ESP-IDF:          HEAD-HASH-NOTFOUND[0m
[0;32mI (204) efuse_init: Min chip rev:     v0.0[0m
[0;32mI (208) efuse_init: Max chip rev:     v3.99 [0m
[0;32mI (212) efuse_init: Chip rev:         v3.1[0m
[0;32mI (216) heap_init: Initializing. RAM available for dynamic allocation:[0m
[0;32mI (223) heap_init: At 3FFAE6E0 len 00001920 (6 KiB): DRAM[0m
[0;32mI (227) heap_init: At 3FFB2CA8 len 0002D358 (180 KiB): DRAM[0m
[0;32mI (233) heap_init: At 3FFE0440 len 00003AE0 (14 KiB): D/IRAM[0m
[0;32mI (238) heap_init: At 3FFE4350 len 0001BCB0 (111 KiB): D/IRAM[0m
[0;32mI (244) heap_init: At 4008CFF8 len 00013008 (76 KiB): IRAM[0m
[0;33mW (250) spi_flash: Detected boya flash chip but using generic driver. For optimal functionality, enable `SPI_FLASH_SUPPORT_BOYA_CHIP` in menuconfig[0m
[0;32mI (262) spi_flash: detected chip: generic[0m
[0;32mI (266) spi_flash: flash io: dio[0m
[0;33mW (268) spi_flash: Detected size(4096k) larger than the size in the binary image header(2048k). Using the size in the binary image header.[0m
[0;32mI (281) main_task: Started on CPU0[0m
[0;32mI (291) main_task: Calling app_main()[0m
------single_linked_list tests------
added:91
added:80
added:88
added:61
added:5
added:9
added:84
added:38
added:29
added:5
added:10
added:63
added:30
added:47
added:5
added:9
added:42
added:22
added:62
added:76
added:91
added:82
added:12
added:25
added:66
index[0] = 5
index[1] = 5
index[2] = 5
index[3] = 9
index[4] = 9
index[5] = 10
index[6] = 12
index[7] = 22
index[8] = 25
index[9] = 29
index[10] = 30
index[11] = 38
index[12] = 42
index[13] = 47
index[14] = 61
index[15] = 62
index[16] = 63
index[17] = 66
index[18] = 76
index[19] = 80
index[20] = 82
index[21] = 84
index[22] = 88
index[23] = 91
index[24] = 91
index[0] = 30
index[1] = 38
index[2] = 42
index[3] = 47
index[4] = 61
------double_linked_list tests------
added:38
added:55
added:66
added:18
added:24
added:1
added:12
added:53
added:38
added:16
added:42
added:84
added:7
added:84
added:14
added:95
added:60
added:46
added:11
added:61
added:87
added:20
added:19
added:26
added:83
index[0] = 1
index[1] = 7
index[2] = 11
index[3] = 12
index[4] = 14
index[5] = 16
index[6] = 18
index[7] = 19
index[8] = 20
index[9] = 24
index[10] = 26
index[11] = 38
index[12] = 38
index[13] = 42
index[14] = 46
index[15] = 53
index[16] = 55
index[17] = 60
index[18] = 61
index[19] = 66
index[20] = 83
index[21] = 84
index[22] = 84
index[23] = 87
index[24] = 95
--Remove--

assert failed: tlsf_free tlsf.c:630 (!block_is_free(block) && "block already marked as free")


Backtrace: 0x40085365:0x3ffb3d70 0x4008532d:0x3ffb3d90 0x4008b3b1:0x3ffb3db0 0x40089ca3:0x3ffb3ed0 0x40089b44:0x3ffb3ef0 0x40081c23:0x3ffb3f10 0x4008b439:0x3ffb3f30 0x400d6211:0x3ffb3f50 0x400d60bb:0x3ffb3f70 0x400e30f1:0x3ffb3fa0 0x40085d35:0x3ffb3fd0




ELF file SHA256: 08103d625

Rebooting...
ets Jul 29 2019 12:21:46

rst:0xc (SW_CPU_RESET),boot:0x13 (SPI_FAST_FLASH_BOOT)
configsip: 0, SPIWP:0xee
clk_drv:0x00,q_drv:0x00,d_drv:0x00,cs0_drv:0x00,hd_drv:0x00,wp_drv:0x00
mode:DIO, clock div:2
load:0x3fff0030,len:6380
ho 0 tail 12 room 4
load:0x40078000,len:15916
load:0x40080400,len:3860
entry 0x40080638
[0;32mI (29) boot: ESP-IDF HEAD-HASH-NOTFOUND 2nd stage bootloader[0m
[0;32mI (29) boot: compile time Oct  8 2025 00:30:29[0m
[0;32mI (29) boot: Multicore bootloader[0m
[0;32mI (32) boot: chip revision: v3.1[0m
[0;32mI (34) boot.esp32: SPI Speed      : 40MHz[0m
[0;32mI (38) boot.esp32: SPI Mode       : DIO[0m
[0;32mI (42) boot.esp32: SPI Flash Size : 2MB[0m
[0;32mI (45) boot: Enabling RNG early entropy source...[0m
[0;32mI (50) boot: Partition Table:[0m
[0;32mI (52) boot: ## Label            Usage          Type ST Offset   Length[0m
[0;32mI (59) boot:  0 nvs              WiFi data        01 02 00009000 00006000[0m
[0;32mI (65) boot:  1 phy_init         RF data          01 01 0000f000 00001000[0m
[0;32mI (72) boot:  2 factory          factory app      00 00 00010000 00100000[0m
[0;32mI (78) boot: End of partition table[0m
[0;32mI (82) esp_image: segment 0: paddr=00010020 vaddr=3f400020 size=09a68h ( 39528) map[0m
[0;32mI (102) esp_image: segment 1: paddr=00019a90 vaddr=3ffb0000 size=023d8h (  9176) load[0m
[0;32mI (106) esp_image: segment 2: paddr=0001be70 vaddr=40080000 size=041a8h ( 16808) load[0m
[0;32mI (113) esp_image: segment 3: paddr=00020020 vaddr=400d0020 size=137d8h ( 79832) map[0m
[0;32mI (141) esp_image: segment 4: paddr=00033800 vaddr=400841a8 size=08e50h ( 36432) load[0m
[0;32mI (156) esp_image: segment 5: paddr=0003c658 vaddr=50000000 size=00020h (    32) load[0m
[0;32mI (162) boot: Loaded app from partition at offset 0x10000[0m
[0;32mI (162) boot: Disabling RNG early entropy source...[0m
[0;32mI (174) cpu_start: Multicore app[0m
[0;32mI (182) cpu_start: Pro cpu start user code[0m
[0;32mI (182) cpu_start: cpu freq: 160000000 Hz[0m
[0;32mI (182) app_init: Application information:[0m
[0;32mI (182) app_init: Project name:     lab4[0m
[0;32mI (186) app_init: App version:      2c3774c-dirty[0m
[0;32mI (190) app_init: Compile time:     Oct  8 2025 09:46:24[0m
[0;32mI (195) app_init: ELF file SHA256:  08103d625...[0m
[0;32mI (200) app_init: ESP-IDF:          HEAD-HASH-NOTFOUND[0m
[0;32mI (204) efuse_init: Min chip rev:     v0.0[0m
[0;32mI (208) efuse_init: Max chip rev:     v3.99 [0m
[0;32mI (212) efuse_init: Chip rev:         v3.1[0m
[0;32mI (216) heap_init: Initializing. RAM available for dynamic allocation:[0m
[0;32mI (223) heap_init: At 3FFAE6E0 len 00001920 (6 KiB): DRAM[0m
[0;32mI (227) heap_init: At 3FFB2CA8 len 0002D358 (180 KiB): DRAM[0m
[0;32mI (233) heap_init: At 3FFE0440 len 00003AE0 (14 KiB): D/IRAM[0m
[0;32mI (238) heap_init: At 3FFE4350 len 0001BCB0 (111 KiB): D/IRAM[0m
[0;32mI (244) heap_init: At 4008CFF8 len 00013008 (76 KiB): IRAM[0m
[0;33mW (250) spi_flash: Detected boya flash chip but using generic driver. For optimal functionality, enable `SPI_FLASH_SUPPORT_BOYA_CHIP` in menuconfig[0m
[0;32mI (262) spi_flash: detected chip: generic[0m
[0;32mI (266) spi_flash: flash io: dio[0m
[0;33mW (268) spi_flash: Detected size(4096k) larger than the size in the binary image header(2048k). Using the size in the binary image header.[0m
[0;32mI (281) main_task: Started on CPU0[0m
[0;32mI (291) main_task: Calling app_main()[0m
------single_linked_list tests------
added:78
added:78
added:90
added:35
added:72
added:19
added:54
added:88
added:74
added:92
added:37
added:5
added:42
added:69
added:62
added:36
added:76
added:83
added:43
added:28
added:41
added:49
added:45
added:95
added:69
index[0] = 5
index[1] = 19
index[2] = 28
index[3] = 35
index[4] = 36
index[5] = 37
index[6] = 41
index[7] = 42
index[8] = 43
index[9] = 45
index[10] = 49
index[11] = 54
index[12] = 62
index[13] = 69
index[14] = 69
index[15] = 72
index[16] = 74
index[17] = 76
index[18] = 78
index[19] = 78
index[20] = 83
index[21] = 88
index[22] = 90
index[23] = 92
index[24] = 95
index[0] = 49
index[1] = 54
index[2] = 62
index[3] = 69
index[4] = 69
------double_linked_list tests------
added:81
added:48
added:10
added:98
added:20
added:87
added:88
added:43
added:30
added:98
added:92
added:98
added:21
added:25
added:35
added:13
added:11
added:20
added:45
added:40
added:66
added:50
added:93
added:9
added:46
index[0] = 9
index[1] = 10
index[2] = 11
index[3] = 13
index[4] = 20
index[5] = 20
index[6] = 21
index[7] = 25
index[8] = 30
index[9] = 35
index[10] = 40
index[11] = 43
index[12] = 45
index[13] = 46
index[14] = 48
index[15] = 50
index[16] = 66
index[17] = 81
index[18] = 87
index[19] = 88
index[20] = 92
index[21] = 93
index[22] = 98
index[23] = 98
index[24] = 98
--Remove--

assert failed: tlsf_free tlsf.c:630 (!block_is_free(block) && "block already marked as free")


Backtrace: 0x40085365:0x3ffb3d70 0x4008532d:0x3ffb3d90 0x4008b3b1:0x3ffb3db0 0x40089ca3:0x3ffb3ed0 0x40089b44:0x3ffb3ef0 0x40081c23:0x3ffb3f10 0x4008b439:0x3ffb3f30 0x400d6211:0x3ffb3f50 0x400d60bb:0x3ffb3f70 0x400e30f1:0x3ffb3fa0 0x40085d35:0x3ffb3fd0




ELF file SHA256: 08103d625

Rebooting...
ets Jul 29 2019 12:21:46

rst:0xc (SW_CPU_RESET),boot:0x13 (SPI_FAST_FLASH_BOOT)
configsip: 0, SPIWP:0xee
clk_drv:0x00,q_drv:0x00,d_drv:0x00,cs0_drv:0x00,hd_drv:0x00,wp_drv:0x00
mode:DIO, clock div:2
load:0x3fff0030,len:6380
ho 0 tail 12 room 4
load:0x40078000,len:15916
load:0x40080400,len:3860
entry 0x40080638
[0;32mI (29) boot: ESP-IDF HEAD-HASH-NOTFOUND 2nd stage bootloader[0m
[0;32mI (29) boot: compile time Oct  8 2025 00:30:29[0m
[0;32mI (29) boot: Multicore bootloader[0m
[0;32mI (32) boot: chip revision: v3.1[0m
[0;32mI (34) boot.esp32: SPI Speed      : 40MHz[0m
[0;32mI (38) boot.esp32: SPI Mode       : DIO[0m
[0;32mI (42) boot.esp32: SPI Flash Size : 2MB[0m
[0;32mI (45) boot: Enabling RNG early entropy source...[0m
[0;32mI (50) boot: Partition Table:[0m
[0;32mI (52) boot: ## Label            Usage          Type ST Offset   Length[0m
[0;32mI (59) boot:  0 nvs              WiFi data        01 02 00009000 00006000[0m
[0;32mI (65) boot:  1 phy_init         RF data          01 01 0000f000 00001000[0m
[0;32mI (72) boot:  2 factory          factory app      00 00 00010000 00100000[0m
[0;32mI (78) boot: End of partition table[0m
[0;32mI (82) esp_image: segment 0: paddr=00010020 vaddr=3f400020 size=09a68h ( 39528) map[0m
[0;32mI (102) esp_image: segment 1: paddr=00019a90 vaddr=3ffb0000 size=023d8h (  9176) load[0m
[0;32mI (106) esp_image: segment 2: paddr=0001be70 vaddr=40080000 size=041a8h ( 16808) load[0m
[0;32mI (113) esp_image: segment 3: paddr=00020020 vaddr=400d0020 size=137d8h ( 79832) map[0m
[0;32mI (141) esp_image: segment 4: paddr=00033800 vaddr=400841a8 size=08e50h ( 36432) load[0m
[0;32mI (156) esp_image: segment 5: paddr=0003c658 vaddr=50000000 size=00020h (    32) load[0m
[0;32mI (162) boot: Loaded app from partition at offset 0x10000[0m
[0;32mI (162) boot: Disabling RNG early entropy source...[0m
[0;32mI (174) cpu_start: Multicore app[0m
[0;32mI (182) cpu_start: Pro cpu start user code[0m
[0;32mI (182) cpu_start: cpu freq: 160000000 Hz[0m
[0;32mI (182) app_init: Application information:[0m
[0;32mI (182) app_init: Project name:     lab4[0m
[0;32mI (186) app_init: App version:      2c3774c-dirty[0m
[0;32mI (190) app_init: Compile time:     Oct  8 2025 09:46:24[0m
[0;32mI (195) app_init: ELF file SHA256:  08103d625...[0m
[0;32mI (200) app_init: ESP-IDF:          HEAD-HASH-NOTFOUND[0m
[0;32mI (204) efuse_init: Min chip rev:     v0.0[0m
[0;32mI (208) efuse_init: Max chip rev:     v3.99 [0m
[0;32mI (212) efuse_init: Chip rev:         v3.1[0m
[0;32mI (216) heap_init: Initializing. RAM available for dynamic allocation:[0m
[0;32mI (223) heap_init: At 3FFAE6E0 len 00001920 (6 KiB): DRAM[0m
[0;32mI (227) heap_init: At 3FFB2CA8 len 0002D358 (180 KiB): DRAM[0m
[0;32mI (233) heap_init: At 3FFE0440 len 00003AE0 (14 KiB): D/IRAM[0m
[0;32mI (238) heap_init: At 3FFE4350 len 0001BCB0 (111 KiB): D/IRAM[0m
[0;32mI (244) heap_init: At 4008CFF8 len 00013008 (76 KiB): IRAM[0m
[0;33mW (250) spi_flash: Detected boya flash chip but using generic driver. For optimal functionality, enable `SPI_FLASH_SUPPORT_BOYA_CHIP` in menuconfig[0m
[0;32mI (262) spi_flash: detected chip: generic[0m
[0;32mI (266) spi_flash: flash io: dio[0m
[0;33mW (268) spi_flash: Detected size(4096k) larger than the size in the binary image header(2048k). Using the size in the binary image header.[0m
[0;32mI (281) main_task: Started on CPU0[0m
[0;32mI (291) main_task: Calling app_main()[0m
------single_linked_list tests------
added:55
added:61
added:87
added:92
added:61
added:50
added:63
added:41
added:79
added:24
added:89
added:32
added:4
added:27
added:56
added:36
added:8
added:99
added:54
added:34
added:62
added:93
added:97
added:77
added:66
index[0] = 4
index[1] = 8
index[2] = 24
index[3] = 27
index[4] = 32
index[5] = 34
index[6] = 36
index[7] = 41
index[8] = 50
index[9] = 54
index[10] = 55
index[11] = 56
index[12] = 61
index[13] = 61
index[14] = 62
index[15] = 63
index[16] = 66
index[17] = 77
index[18] = 79
index[19] = 87
index[20] = 89
index[21] = 92
index[22] = 93
index[23] = 97
index[24] = 99
index[0] = 55
index[1] = 56
index[2] = 61
index[3] = 61
index[4] = 62
------double_linked_list tests------
added:26
added:86
added:10
added:31
added:2
added:62
added:82
added:40
added:6
added:8
added:89
added:77
added:61
added:84
added:61
added:61
added:56
added:63
added:92
added:48
added:75
added:28
added:76
added:70
added:19
index[0] = 2
index[1] = 6
index[2] = 8
index[3] = 10
index[4] = 19
index[5] = 26
index[6] = 28
index[7] = 31
index[8] = 40
index[9] = 48
index[10] = 56
index[11] = 61
index[12] = 61
index[13] = 61
index[14] = 62
index[15] = 63
index[16] = 70
index[17] = 75
index[18] = 76
index[19] = 77
index[20] = 82
index[21] = 84
index[22] = 86
index[23] = 89
index[24] = 92
--Remove--

assert failed: tlsf_free tlsf.c:630 (!block_is_free(block) && "block already marked as free")


Backtrace: 0x40085365:0x3ffb3d70 0x4008532d:0x3ffb3d90 0x4008b3b1:0x3ffb3db0 0x40089ca3:0x3ffb3ed0 0x40089b44:0x3ffb3ef0 0x40081c23:0x3ffb3f10 0x4008b439:0x3ffb3f30 0x400d6211:0x3ffb3f50 0x400d60bb:0x3ffb3f70 0x400e30f1:0x3ffb3fa0 0x40085d35:0x3ffb3fd0




ELF file SHA256: 08103d625

Rebooting...
ets Jul 29 2019 12:21:46

rst:0xc (SW_CPU_RESET),boot:0x13 (SPI_FAST_FLASH_BOOT)
configsip: 0, SPIWP:0xee
clk_drv:0x00,q_drv:0x00,d_drv:0x00,cs0_drv:0x00,hd_drv:0x00,wp_drv:0x00
mode:DIO, clock div:2
load:0x3fff0030,len:6380
ho 0 tail 12 room 4
load:0x40078000,len:15916
load:0x40080400,len:3860
entry 0x40080638
[0;32mI (29) boot: ESP-IDF HEAD-HASH-NOTFOUND 2nd stage bootloader[0m
[0;32mI (29) boot: compile time Oct  8 2025 00:30:29[0m
[0;32mI (29) boot: Multicore bootloader[0m
[0;32mI (32) boot: chip revision: v3.1[0m
[0;32mI (34) boot.esp32: SPI Speed      : 40MHz[0m
[0;32mI (38) boot.esp32: SPI Mode       : DIO[0m
[0;32mI (42) boot.esp32: SPI Flash Size : 2MB[0m
[0;32mI (45) boot: Enabling RNG early entropy source...[0m
[0;32mI (50) boot: Partition Table:[0m
[0;32mI (52) boot: ## Label            Usage          Type ST Offset   Length[0m
[0;32mI (59) boot:  0 nvs              WiFi data        01 02 00009000 00006000[0m
[0;32mI (65) boot:  1 phy_init         RF data          01 01 0000f000 00001000[0m
[0;32mI (72) boot:  2 factory          factory app      00 00 00010000 00100000[0m
[0;32mI (78) boot: End of partition table[0m
[0;32mI (82) esp_image: segment 0: paddr=00010020 vaddr=3f400020 size=09a68h ( 39528) map[0m
[0;32mI (102) esp_image: segment 1: paddr=00019a90 vaddr=3ffb0000 size=023d8h (  9176) load[0m
[0;32mI (106) esp_image: segment 2: paddr=0001be70 vaddr=40080000 size=041a8h ( 16808) load[0m
[0;32mI (113) esp_image: segment 3: paddr=00020020 vaddr=400d0020 size=137d8h ( 79832) map[0m
[0;32mI (141) esp_image: segment 4: paddr=00033800 vaddr=400841a8 size=08e50h ( 36432) load[0m
[0;32mI (156) esp_image: segment 5: paddr=0003c658 vaddr=50000000 size=00020h (    32) load[0m
[0;32mI (162) boot: Loaded app from partition at offset 0x10000[0m
[0;32mI (162) boot: Disabling RNG early entropy source...[0m
[0;32mI (174) cpu_start: Multicore app[0m
[0;32mI (182) cpu_start: Pro cpu start user code[0m
[0;32mI (182) cpu_start: cpu freq: 160000000 Hz[0m
[0;32mI (182) app_init: Application information:[0m
[0;32mI (182) app_init: Project name:     lab4[0m
[0;32mI (186) app_init: App version:      2c3774c-dirty[0m
[0;32mI (190) app_init: Compile time:     Oct  8 2025 09:46:24[0m
[0;32mI (195) app_init: ELF file SHA256:  08103d625...[0m
[0;32mI (200) app_init: ESP-IDF:          HEAD-HASH-NOTFOUND[0m
[0;32mI (204) efuse_init: Min chip rev:     v0.0[0m
[0;32mI (208) efuse_init: Max chip rev:     v3.99 [0m
[0;32mI (212) efuse_init: Chip rev:         v3.1[0m
[0;32mI (216) heap_init: Initializing. RAM available for dynamic allocation:[0m
[0;32mI (223) heap_init: At 3FFAE6E0 len 00001920 (6 KiB): DRAM[0m
[0;32mI (227) heap_init: At 3FFB2CA8 len 0002D358 (180 KiB): DRAM[0m
[0;32mI (233) heap_init: At 3FFE0440 len 00003AE0 (14 KiB): D/IRAM[0m
[0;32mI (238) heap_init: At 3FFE4350 len 0001BCB0 (111 KiB): D/IRAM[0m
[0;32mI (244) heap_init: At 4008CFF8 len 00013008 (76 KiB): IRAM[0m
[0;33mW (250) spi_flash: Detected boya flash chip but using generic driver. For optimal functionality, enable `SPI_FLASH_SUPPORT_BOYA_CHIP` in menuconfig[0m
[0;32mI (262) spi_flash: detected chip: generic[0m
[0;32mI (265) spi_flash: flash io: dio[0m
[0;33mW (268) spi_flash: Detected size(4096k) larger than the size in the binary image header(2048k). Using the size in the binary image header.[0m
[0;32mI (281) main_task: Started on CPU0[0m
[0;32mI (291) main_task: Calling app_main()[0m
------single_linked_list tests------
added:49
added:75
added:66
added:23
added:88
added:8
added:94
added:29
added:59
added:47
added:35
added:73
added:56
added:31
added:88
added:81
added:74
added:42
added:55
added:20
added:98
added:11
added:16
added:43
added:74
index[0] = 8
index[1] = 11
index[2] = 16
index[3] = 20
index[4] = 23
index[5] = 29
index[6] = 31
index[7] = 35
index[8] = 42
index[9] = 43
index[10] = 47
index[11] = 49
index[12] = 55
index[13] = 56
index[14] = 59
index[15] = 66
index[16] = 73
index[17] = 74
index[18] = 74
index[19] = 75
index[20] = 81
index[21] = 88
index[22] = 88
index[23] = 94
index[24] = 98
index[0] = 47
index[1] = 49
index[2] = 55
index[3] = 56
index[4] = 59
------double_linked_list tests------
added:94
added:99
added:55
added:34
added:18
added:22
added:8
added:53
added:65
added:5
added:5
added:13
added:51
added:19
added:90
added:69
added:36
added:94
added:65
added:34
added:30
added:25
added:0
added:11
added:45
index[0] = 0
index[1] = 5
index[2] = 5
index[3] = 8
index[4] = 11
index[5] = 13
index[6] = 18
index[7] = 19
index[8] = 22
index[9] = 25
index[10] = 30
index[11] = 34
index[12] = 34
index[13] = 36
index[14] = 45
index[15] = 51
index[16] = 53
index[17] = 55
index[18] = 65
index[19] = 65
index[20] = 69
index[21] = 90
index[22] = 94
index[23] = 94
index[24] = 99
--Remove--

assert failed: tlsf_free tlsf.c:630 (!block_is_free(block) && "block already marked as free")


Backtrace: 0x40085365:0x3ffb3d70 0x4008532d:0x3ffb3d90 0x4008b3b1:0x3ffb3db0 0x40089ca3:0x3ffb3ed0 0x40089b44:0x3ffb3ef0 0x40081c23:0x3ffb3f10 0x4008b439:0x3ffb3f30 0x400d6211:0x3ffb3f50 0x400d60bb:0x3ffb3f70 0x400e30f1:0x3ffb3fa0 0x40085d35:0x3ffb3fd0




ELF file SHA256: 08103d625

Rebooting...
ets Jul 29 2019 12:21:46

rst:0xc (SW_CPU_RESET),boot:0x13 (SPI_FAST_FLASH_BOOT)
configsip: 0, SPIWP:0xee
clk_drv:0x00,q_drv:0x00,d_drv:0x00,cs0_drv:0x00,hd_drv:0x00,wp_drv:0x00
mode:DIO, clock div:2
load:0x3fff0030,len:6380
ho 0 tail 12 room 4
load:0x40078000,len:15916
load:0x40080400,len:3860
entry 0x40080638
[0;32mI (29) boot: ESP-IDF HEAD-HASH-NOTFOUND 2nd stage bootloader[0m
[0;32mI (29) boot: compile time Oct  8 2025 00:30:29[0m
[0;32mI (29) boot: Multicore bootloader[0m
[0;32mI (32) boot: chip revision: v3.1[0m
[0;32mI (34) boot.esp32: SPI Speed      : 40MHz[0m
[0;32mI (38) boot.esp32: SPI Mode       : DIO[0m
[0;32mI (42) boot.esp32: SPI Flash Size : 2MB[0m
[0;32mI (45) boot: Enabling RNG early entropy source...[0m
[0;32mI (50) boot: Partition Table:[0m
[0;32mI (52) boot: ## Label            Usage          Type ST Offset   Length[0m
[0;32mI (59) boot:  0 nvs              WiFi data        01 02 00009000 00006000[0m
[0;32mI (65) boot:  1 phy_init         RF data          01 01 0000f000 00001000[0m
[0;32mI (72) boot:  2 factory          factory app      00 00 00010000 00100000[0m
[0;32mI (78) boot: End of partition table[0m
[0;32mI (82) esp_image: segment 0: paddr=00010020 vaddr=3f400020 size=09a68h ( 39528) map[0m
[0;32mI (102) esp_image: segment 1: paddr=00019a90 vaddr=3ffb0000 size=023d8h (  9176) load[0m
[0;32mI (106) esp_image: segment 2: paddr=0001be70 vaddr=40080000 size=041a8h ( 16808) load[0m
[0;32mI (113) esp_image: segment 3: paddr=00020020 vaddr=400d0020 size=137d8h ( 79832) map[0m
[0;32mI (141) esp_image: segment 4: paddr=00033800 vaddr=400841a8 size=08e50h ( 36432) load[0m
[0;32mI (156) esp_image: segment 5: paddr=0003c658 vaddr=50000000 size=00020h (    32) load[0m
[0;32mI (162) boot: Loaded app from partition at offset 0x10000[0m
[0;32mI (162) boot: Disabling RNG early entropy source...[0m
[0;32mI (174) cpu_start: Multicore app[0m
[0;32mI (182) cpu_start: Pro cpu start user code[0m
[0;32mI (182) cpu_start: cpu freq: 160000000 Hz[0m
[0;32mI (182) app_init: Application information:[0m
[0;32mI (182) app_init: Project name:     lab4[0m
[0;32mI (186) app_init: App version:      2c3774c-dirty[0m
[0;32mI (190) app_init: Compile time:     Oct  8 2025 09:46:24[0m
[0;32mI (195) app_init: ELF file SHA256:  08103d625...[0m
[0;32mI (200) app_init: ESP-IDF:          HEAD-HASH-NOTFOUND[0m
[0;32mI (204) efuse_init: Min chip rev:     v0.0[0m
[0;32mI (208) efuse_init: Max chip rev:     v3.99 [0m
[0;32mI (212) efuse_init: Chip rev:         v3.1[0m
[0;32mI (216) heap_init: Initializing. RAM available for dynamic allocation:[0m
[0;32mI (223) heap_init: At 3FFAE6E0 len 00001920 (6 KiB): DRAM[0m
[0;32mI (227) heap_init: At 3FFB2CA8 len 0002D358 (180 KiB): DRAM[0m
[0;32mI (233) heap_init: At 3FFE0440 len 00003AE0 (14 KiB): D/IRAM[0m
[0;32mI (238) heap_init: At 3FFE4350 len 0001BCB0 (111 KiB): D/IRAM[0m
[0;32mI (244) heap_init: At 4008CFF8 len 00013008 (76 KiB): IRAM[0m
[0;33mW (250) spi_flash: Detected boya flash chip but using generic driver. For optimal functionality, enable `SPI_FLASH_SUPPORT_BOYA_CHIP` in menuconfig[0m
[0;32mI (262) spi_flash: detected chip: generic[0m
[0;32mI (266) spi_flash: flash io: dio[0m
[0;33mW (268) spi_flash: Detected size(4096k) larger than the size in the binary image header(2048k). Using the size in the binary image header.[0m
[0;32mI (281) main_task: Started on CPU0[0m
[0;32mI (291) main_task: Calling app_main()[0m
------single_linked_list tests------
added:90
added:0
added:53
added:2
added:39
added:23
added:93
added:44
added:55
added:55
added:58
added:18
added:84
added:33
added:40
added:75
added:65
added:25
added:48
added:13
added:7
added:17
added:6
added:61
added:30
index[0] = 0
index[1] = 2
index[2] = 6
index[3] = 7
index[4] = 13
index[5] = 17
index[6] = 18
index[7] = 23
index[8] = 25
index[9] = 30
index[10] = 33
index[11] = 39
index[12] = 40
index[13] = 44
index[14] = 48
index[15] = 53
index[16] = 55
index[17] = 55
index[18] = 58
index[19] = 61
index[20] = 65
index[21] = 75
index[22] = 84
index[23] = 90
index[24] = 93
index[0] = 33
index[1] = 39
index[2] = 40
index[3] = 44
index[4] = 48
------double_linked_list tests------
added:27
added:10
added:30
added:97
added:82
added:11
added:27
added:96
added:26
added:37
added:57
added:21
added:35
added:48
added:52
added:23
added:8
added:12
added:99
added:40
added:12
added:74
added:42
added:70
added:62
index[0] = 8
index[1] = 10
index[2] = 11
index[3] = 12
index[4] = 12
index[5] = 21
index[6] = 23
index[7] = 26
index[8] = 27
index[9] = 27
index[10] = 30
index[11] = 35
index[12] = 37
index[13] = 40
index[14] = 42
index[15] = 48
index[16] = 52
index[17] = 57
index[18] = 62
index[19] = 70
index[20] = 74
index[21] = 82
index[22] = 96
index[23] = 97
index[24] = 99
--Remove--

assert failed: tlsf_free tlsf.c:630 (!block_is_free(block) && "block already marked as free")


Backtrace: 0x40085365:0x3ffb3d70 0x4008532d:0x3ffb3d90 0x4008b3b1:0x3ffb3db0 0x40089ca3:0x3ffb3ed0 0x40089b44:0x3ffb3ef0 0x40081c23:0x3ffb3f10 0x4008b439:0x3ffb3f30 0x400d6211:0x3ffb3f50 0x400d60bb:0x3ffb3f70 0x400e30f1:0x3ffb3fa0 0x40085d35:0x3ffb3fd0




ELF file SHA256: 08103d625

Rebooting...
ets Jul 29 2019 12:21:46

rst:0xc (SW_CPU_RESET),boot:0x13 (SPI_FAST_FLASH_BOOT)
configsip: 0, SPIWP:0xee
clk_drv:0x00,q_drv:0x00,d_drv:0x00,cs0_drv:0x00,hd_drv:0x00,wp_drv:0x00
mode:DIO, clock div:2
load:0x3fff0030,len:6380
ho 0 tail 12 room 4
load:0x40078000,len:15916
load:0x40080400,len:3860
entry 0x40080638
[0;32mI (29) boot: ESP-IDF HEAD-HASH-NOTFOUND 2nd stage bootloader[0m
[0;32mI (29) boot: compile time Oct  8 2025 00:30:29[0m
[0;32mI (29) boot: Multicore bootloader[0m
[0;32mI (32) boot: chip revision: v3.1[0m
[0;32mI (34) boot.esp32: SPI Speed      : 40MHz[0m
[0;32mI (38) boot.esp32: SPI Mode       : DIO[0m
[0;32mI (42) boot.esp32: SPI Flash Size : 2MB[0m
[0;32mI (45) boot: Enabling RNG early entropy source...[0m
[0;32mI (50) boot: Partition Table:[0m
[0;32mI (52) boot: ## Label            Usage          Type ST Offset   Length[0m
[0;32mI (59) boot:  0 nvs              WiFi data        01 02 00009000 00006000[0m
[0;32mI (65) boot:  1 phy_init         RF data          01 01 0000f000 00001000[0m
[0;32mI (72) boot:  2 factory          factory app      00 00 00010000 00100000[0m
[0;32mI (78) boot: End of partition table[0m
[0;32mI (82) esp_image: segment 0: paddr=00010020 vaddr=3f400020 size=09a68h ( 39528) map[0m
[0;32mI (102) esp_image: segment 1: paddr=00019a90 vaddr=3ffb0000 size=023d8h (  9176) load[0m
[0;32mI (106) esp_image: segment 2: paddr=0001be70 vaddr=40080000 size=041a8h ( 16808) load[0m
[0;32mI (113) esp_image: segment 3: paddr=00020020 vaddr=400d0020 size=137d8h ( 79832) map[0m
[0;32mI (141) esp_image: segment 4: paddr=00033800 vaddr=400841a8 size=08e50h ( 36432) load[0m
[0;32mI (156) esp_image: segment 5: paddr=0003c658 vaddr=50000000 size=00020h (    32) load[0m
[0;32mI (162) boot: Loaded app from partition at offset 0x10000[0m
[0;32mI (162) boot: Disabling RNG early entropy source...[0m
[0;32mI (174) cpu_start: Multicore app[0m
[0;32mI (182) cpu_start: Pro cpu start user code[0m
[0;32mI (182) cpu_start: cpu freq: 160000000 Hz[0m
[0;32mI (182) app_init: Application information:[0m
[0;32mI (182) app_init: Project name:     lab4[0m
[0;32mI (186) app_init: App version:      2c3774c-dirty[0m
[0;32mI (190) app_init: Compile time:     Oct  8 2025 09:46:24[0m
[0;32mI (195) app_init: ELF file SHA256:  08103d625...[0m
[0;32mI (200) app_init: ESP-IDF:          HEAD-HASH-NOTFOUND[0m
[0;32mI (204) efuse_init: Min chip rev:     v0.0[0m
[0;32mI (208) efuse_init: Max chip rev:     v3.99 [0m
[0;32mI (212) efuse_init: Chip rev:         v3.1[0m
[0;32mI (216) heap_init: Initializing. RAM available for dynamic allocation:[0m
[0;32mI (223) heap_init: At 3FFAE6E0 len 00001920 (6 KiB): DRAM[0m
[0;32mI (227) heap_init: At 3FFB2CA8 len 0002D358 (180 KiB): DRAM[0m
[0;32mI (233) heap_init: At 3FFE0440 len 00003AE0 (14 KiB): D/IRAM[0m
[0;32mI (238) heap_init: At 3FFE4350 len 0001BCB0 (111 KiB): D/IRAM[0m
[0;32mI (244) heap_init: At 4008CFF8 len 00013008 (76 KiB): IRAM[0m
[0;33mW (250) spi_flash: Detected boya flash chip but using generic driver. For optimal functionality, enable `SPI_FLASH_SUPPORT_BOYA_CHIP` in menuconfig[0m
[0;32mI (262) spi_flash: detected chip: generic[0m
[0;32mI (266) spi_flash: flash io: dio[0m
[0;33mW (268) spi_flash: Detected size(4096k) larger than the size in the binary image header(2048k). Using the size in the binary image header.[0m
[0;32mI (281) main_task: Started on CPU0[0m
[0;32mI (291) main_task: Calling app_main()[0m
------single_linked_list tests------
added:80
added:72
added:56
added:48
added:77
added:23
added:69
added:62
added:87
added:91
added:66
added:15
added:11
added:74
added:51
added:2
added:38
added:14
added:97
added:96
added:7
added:22
added:87
added:9
added:59
index[0] = 2
index[1] = 7
index[2] = 9
index[3] = 11
index[4] = 14
index[5] = 15
index[6] = 22
index[7] = 23
index[8] = 38
index[9] = 48
index[10] = 51
index[11] = 56
index[12] = 59
index[13] = 62
index[14] = 66
index[15] = 69
index[16] = 72
index[17] = 74
index[18] = 77
index[19] = 80
index[20] = 87
index[21] = 87
index[22] = 91
index[23] = 96
index[24] = 97
index[0] = 51
index[1] = 56
index[2] = 59
index[3] = 62
index[4] = 66
------double_linked_list tests------
added:22
added:84
added:68
added:12
added:86
added:29
added:14
added:79
added:42
added:92
added:15
added:10
added:35
added:65
added:37
added:11
added:88
added:52
added:17
added:48
added:22
added:22
added:11
added:78
added:32
index[0] = 10
index[1] = 11
index[2] = 11
index[3] = 12
index[4] = 14
index[5] = 15
index[6] = 17
index[7] = 22
index[8] = 22
index[9] = 22
index[10] = 29
index[11] = 32
index[12] = 35
index[13] = 37
index[14] = 42
index[15] = 48
index[16] = 52
index[17] = 65
index[18] = 68
index[19] = 78
index[20] = 79
index[21] = 84
index[22] = 86
index[23] = 88
index[24] = 92
--Remove--

assert failed: tlsf_free tlsf.c:630 (!block_is_free(block) && "block already marked as free")


Backtrace: 0x40085365:0x3ffb3d70 0x4008532d:0x3ffb3d90 0x4008b3b1:0x3ffb3db0 0x40089ca3:0x3ffb3ed0 0x40089b44:0x3ffb3ef0 0x40081c23:0x3ffb3f10 0x4008b439:0x3ffb3f30 0x400d6211:0x3ffb3f50 0x400d60bb:0x3ffb3f70 0x400e30f1:0x3ffb3fa0 0x40085d35:0x3ffb3fd0




ELF file SHA256: 08103d625

Rebooting...
ets Jul 29 2019 12:21:46

rst:0xc (SW_CPU_RESET),boot:0x13 (SPI_FAST_FLASH_BOOT)
configsip: 0, SPIWP:0xee
clk_drv:0x00,q_drv:0x00,d_drv:0x00,cs0_drv:0x00,hd_drv:0x00,wp_drv:0x00
mode:DIO, clock div:2
load:0x3fff0030,len:6380
ho 0 tail 12 room 4
load:0x40078000,len:15916
load:0x40080400,len:3860
entry 0x40080638
[0;32mI (29) boot: ESP-IDF HEAD-HASH-NOTFOUND 2nd stage bootloader[0m
[0;32mI (29) boot: compile time Oct  8 2025 00:30:29[0m
[0;32mI (29) boot: Multicore bootloader[0m
[0;32mI (32) boot: chip revision: v3.1[0m
[0;32mI (34) boot.esp32: SPI Speed      : 40MHz[0m
[0;32mI (38) boot.esp32: SPI Mode       : DIO[0m
[0;32mI (42) boot.esp32: SPI Flash Size : 2MB[0m
[0;32mI (45) boot: Enabling RNG early entropy source...[0m
[0;32mI (50) boot: Partition Table:[0m
[0;32mI (52) boot: ## Label            Usage          Type ST Offset   Length[0m
[0;32mI (59) boot:  0 nvs              WiFi data        01 02 00009000 00006000[0m
[0;32mI (65) boot:  1 phy_init         RF data          01 01 0000f000 00001000[0m
[0;32mI (72) boot:  2 factory          factory app      00 00 00010000 00100000[0m
[0;32mI (78) boot: End of partition table[0m
[0;32mI (82) esp_image: segment 0: paddr=00010020 vaddr=3f400020 size=09a68h ( 39528) map[0m
[0;32mI (102) esp_image: segment 1: paddr=00019a90 vaddr=3ffb0000 size=023d8h (  9176) load[0m
[0;32mI (106) esp_image: segment 2: paddr=0001be70 vaddr=40080000 size=041a8h ( 16808) load[0m
[0;32mI (113) esp_image: segment 3: paddr=00020020 vaddr=400d0020 size=137d8h ( 79832) map[0m
[0;32mI (141) esp_image: segment 4: paddr=00033800 vaddr=400841a8 size=08e50h ( 36432) load[0m
[0;32mI (156) esp_image: segment 5: paddr=0003c658 vaddr=50000000 size=00020h (    32) load[0m
[0;32mI (162) boot: Loaded app from partition at offset 0x10000[0m
[0;32mI (162) boot: Disabling RNG early entropy source...[0m
[0;32mI (174) cpu_start: Multicore app[0m
[0;32mI (182) cpu_start: Pro cpu start user code[0m
[0;32mI (182) cpu_start: cpu freq: 160000000 Hz[0m
[0;32mI (182) app_init: Application information:[0m
[0;32mI (182) app_init: Project name:     lab4[0m
[0;32mI (186) app_init: App version:      2c3774c-dirty[0m
[0;32mI (190) app_init: Compile time:     Oct  8 2025 09:46:24[0m
[0;32mI (195) app_init: ELF file SHA256:  08103d625...[0m
[0;32mI (200) app_init: ESP-IDF:          HEAD-HASH-NOTFOUND[0m
[0;32mI (204) efuse_init: Min chip rev:     v0.0[0m
[0;32mI (208) efuse_init: Max chip rev:     v3.99 [0m
[0;32mI (212) efuse_init: Chip rev:         v3.1[0m
[0;32mI (216) heap_init: Initializing. RAM available for dynamic allocation:[0m
[0;32mI (223) heap_init: At 3FFAE6E0 len 00001920 (6 KiB): DRAM[0m
[0;32mI (227) heap_init: At 3FFB2CA8 len 0002D358 (180 KiB): DRAM[0m
[0;32mI (233) heap_init: At 3FFE0440 len 00003AE0 (14 KiB): D/IRAM[0m
[0;32mI (238) heap_init: At 3FFE4350 len 0001BCB0 (111 KiB): D/IRAM[0m
[0;32mI (244) heap_init: At 4008CFF8 len 00013008 (76 KiB): IRAM[0m
[0;33mW (250) spi_flash: Detected boya flash chip but using generic driver. For optimal functionality, enable `SPI_FLASH_SUPPORT_BOYA_CHIP` in menuconfig[0m
[0;32mI (262) spi_flash: detected chip: generic[0m
[0;32mI (266) spi_flash: flash io: dio[0m
[0;33mW (268) spi_flash: Detected size(4096k) larger than the size in the binary image header(2048k). Using the size in the binary image header.[0m
[0;32mI (281) main_task: Started on CPU0[0m
[0;32mI (291) main_task: Calling app_main()[0m
------single_linked_list tests------
added:57
added:45
added:22
added:88
added:60
added:80
added:56
added:16
added:89
added:5
added:17
added:22
added:11
added:98
added:52
added:19
added:43
added:68
added:70
added:59
added:56
added:84
added:82
added:28
added:7
index[0] = 5
index[1] = 7
index[2] = 11
index[3] = 16
index[4] = 17
index[5] = 19
index[6] = 22
index[7] = 22
index[8] = 28
index[9] = 43
index[10] = 45
index[11] = 52
index[12] = 56
index[13] = 56
index[14] = 57
index[15] = 59
index[16] = 60
index[17] = 68
index[18] = 70
index[19] = 80
index[20] = 82
index[21] = 84
index[22] = 88
index[23] = 89
index[24] = 98
index[0] = 45
index[1] = 52
index[2] = 56
index[3] = 56
index[4] = 57
------double_linked_list tests------
added:80
added:52
added:94
added:47
added:83
added:15
added:94
added:29
added:7
added:52
added:40
added:64
added:24
added:67
added:85
added:8
added:43
added:43
added:67
added:82
added:14
added:60
added:57
added:77
added:83
index[0] = 7
index[1] = 8
index[2] = 14
index[3] = 15
index[4] = 24
index[5] = 29
index[6] = 40
index[7] = 43
index[8] = 43
index[9] = 47
index[10] = 52
index[11] = 52
index[12] = 57
index[13] = 60
index[14] = 64
index[15] = 67
index[16] = 67
index[17] = 77
index[18] = 80
index[19] = 82
index[20] = 83
index[21] = 83
index[22] = 85
index[23] = 94
index[24] = 94
--Remove--

assert failed: tlsf_free tlsf.c:630 (!block_is_free(block) && "block already marked as free")


Backtrace: 0x40085365:0x3ffb3d70 0x4008532d:0x3ffb3d90 0x4008b3b1:0x3ffb3db0 0x40089ca3:0x3ffb3ed0 0x40089b44:0x3ffb3ef0 0x40081c23:0x3ffb3f10 0x4008b439:0x3ffb3f30 0x400d6211:0x3ffb3f50 0x400d60bb:0x3ffb3f70 0x400e30f1:0x3ffb3fa0 0x40085d35:0x3ffb3fd0




ELF file SHA256: 08103d625

Rebooting...
ets Jul 29 2019 12:21:46

rst:0xc (SW_CPU_RESET),boot:0x13 (SPI_FAST_FLASH_BOOT)
configsip: 0, SPIWP:0xee
clk_drv:0x00,q_drv:0x00,d_drv:0x00,cs0_drv:0x00,hd_drv:0x00,wp_drv:0x00
mode:DIO, clock div:2
load:0x3fff0030,len:6380
ho 0 tail 12 room 4
load:0x40078000,len:15916
load:0x40080400,len:3860
entry 0x40080638
[0;32mI (29) boot: ESP-IDF HEAD-HASH-NOTFOUND 2nd stage bootloader[0m
[0;32mI (29) boot: compile time Oct  8 2025 00:30:29[0m
[0;32mI (29) boot: Multicore bootloader[0m
[0;32mI (32) boot: chip revision: v3.1[0m
[0;32mI (34) boot.esp32: SPI Speed      : 40MHz[0m
[0;32mI (38) boot.esp32: SPI Mode       : DIO[0m
[0;32mI (42) boot.esp32: SPI Flash Size : 2MB[0m
[0;32mI (45) boot: Enabling RNG early entropy source...[0m
[0;32mI (50) boot: Partition Table:[0m
[0;32mI (52) boot: ## Label            Usage          Type ST Offset   Length[0m
[0;32mI (59) boot:  0 nvs              WiFi data        01 02 00009000 00006000[0m
[0;32mI (65) boot:  1 phy_init         RF data          01 01 0000f000 00001000[0m
[0;32mI (72) boot:  2 factory          factory app      00 00 00010000 00100000[0m
[0;32mI (78) boot: End of partition table[0m
[0;32mI (82) esp_image: segment 0: paddr=00010020 vaddr=3f400020 size=09a68h ( 39528) map[0m
[0;32mI (102) esp_image: segment 1: paddr=00019a90 vaddr=3ffb0000 size=023d8h (  9176) load[0m
[0;32mI (106) esp_image: segment 2: paddr=0001be70 vaddr=40080000 size=041a8h ( 16808) load[0m
[0;32mI (113) esp_image: segment 3: paddr=00020020 vaddr=400d0020 size=137d8h ( 79832) map[0m
[0;32mI (141) esp_image: segment 4: paddr=00033800 vaddr=400841a8 size=08e50h ( 36432) load[0m
[0;32mI (156) esp_image: segment 5: paddr=0003c658 vaddr=50000000 size=00020h (    32) load[0m
[0;32mI (162) boot: Loaded app from partition at offset 0x10000[0m
[0;32mI (162) boot: Disabling RNG early entropy source...[0m
[0;32mI (174) cpu_start: Multicore app[0m
[0;32mI (182) cpu_start: Pro cpu start user code[0m
[0;32mI (182) cpu_start: cpu freq: 160000000 Hz[0m
[0;32mI (182) app_init: Application information:[0m
[0;32mI (182) app_init: Project name:     lab4[0m
[0;32mI (186) app_init: App version:      2c3774c-dirty[0m
[0;32mI (190) app_init: Compile time:     Oct  8 2025 09:46:24[0m
[0;32mI (195) app_init: ELF file SHA256:  08103d625...[0m
[0;32mI (200) app_init: ESP-IDF:          HEAD-HASH-NOTFOUND[0m
[0;32mI (204) efuse_init: Min chip rev:     v0.0[0m
[0;32mI (208) efuse_init: Max chip rev:     v3.99 [0m
[0;32mI (212) efuse_init: Chip rev:         v3.1[0m
[0;32mI (216) heap_init: Initializing. RAM available for dynamic allocation:[0m
[0;32mI (223) heap_init: At 3FFAE6E0 len 00001920 (6 KiB): DRAM[0m
[0;32mI (227) heap_init: At 3FFB2CA8 len 0002D358 (180 KiB): DRAM[0m
[0;32mI (233) heap_init: At 3FFE0440 len 00003AE0 (14 KiB): D/IRAM[0m
[0;32mI (238) heap_init: At 3FFE4350 len 0001BCB0 (111 KiB): D/IRAM[0m
[0;32mI (244) heap_init: At 4008CFF8 len 00013008 (76 KiB): IRAM[0m
[0;33mW (250) spi_flash: Detected boya flash chip but using generic driver. For optimal functionality, enable `SPI_FLASH_SUPPORT_BOYA_CHIP` in menuconfig[0m
[0;32mI (262) spi_flash: detected chip: generic[0m
[0;32mI (266) spi_flash: flash io: dio[0m
[0;33mW (268) spi_flash: Detected size(4096k) larger than the size in the binary image header(2048k). Using the size in the binary image header.[0m
[0;32mI (281) main_task: Started on CPU0[0m
[0;32mI (291) main_task: Calling app_main()[0m
------single_linked_list tests------
added:33
added:78
added:52
added:82
added:63
added:18
added:9
added:17
added:31
added:84
added:71
added:92
added:36
added:88
added:45
added:75
added:62
added:75
added:10
added:7
added:70
added:57
added:49
added:96
added:50
index[0] = 7
index[1] = 9
index[2] = 10
index[3] = 17
index[4] = 18
index[5] = 31
index[6] = 33
index[7] = 36
index[8] = 45
index[9] = 49
index[10] = 50
index[11] = 52
index[12] = 57
index[13] = 62
index[14] = 63
index[15] = 70
index[16] = 71
index[17] = 75
index[18] = 75
index[19] = 78
index[20] = 82
index[21] = 84
index[22] = 88
index[23] = 92
index[24] = 96
index[0] = 50
index[1] = 52
index[2] = 57
index[3] = 62
index[4] = 63
------double_linked_list tests------
added:64
added:23
added:23
added:38
added:55
added:25
added:4
added:34
added:39
added:62
added:40
added:58
added:42
added:20
added:93
added:29
added:75
added:6
added:29
added:62
added:39
added:17
added:20
added:96
added:17
index[0] = 4
index[1] = 6
index[2] = 17
index[3] = 17
index[4] = 20
index[5] = 20
index[6] = 23
index[7] = 23
index[8] = 25
index[9] = 29
index[10] = 29
index[11] = 34
index[12] = 38
index[13] = 39
index[14] = 39
index[15] = 40
index[16] = 42
index[17] = 55
index[18] = 58
index[19] = 62
index[20] = 62
index[21] = 64
index[22] = 75
index[23] = 93
index[24] = 96
--Remove--

assert failed: tlsf_free tlsf.c:630 (!block_is_free(block) && "block already marked as free")


Backtrace: 0x40085365:0x3ffb3d70 0x4008532d:0x3ffb3d90 0x4008b3b1:0x3ffb3db0 0x40089ca3:0x3ffb3ed0 0x40089b44:0x3ffb3ef0 0x40081c23:0x3ffb3f10 0x4008b439:0x3ffb3f30 0x400d6211:0x3ffb3f50 0x400d60bb:0x3ffb3f70 0x400e30f1:0x3ffb3fa0 0x40085d35:0x3ffb3fd0




ELF file SHA256: 08103d625

Rebooting...
ets Jul 29 2019 12:21:46

rst:0xc (SW_CPU_RESET),boot:0x13 (SPI_FAST_FLASH_BOOT)
configsip: 0, SPIWP:0xee
clk_drv:0x00,q_drv:0x00,d_drv:0x00,cs0_drv:0x00,hd_drv:0x00,wp_drv:0x00
mode:DIO, clock div:2
load:0x3fff0030,len:6380
ho 0 tail 12 room 4
load:0x40078000,len:15916
load:0x40080400,len:3860
entry 0x40080638
[0;32mI (29) boot: ESP-IDF HEAD-HASH-NOTFOUND 2nd stage bootloader[0m
[0;32mI (29) boot: compile time Oct  8 2025 00:30:29[0m
[0;32mI (29) boot: Multicore bootloader[0m
[0;32mI (32) boot: chip revision: v3.1[0m
[0;32mI (34) boot.esp32: SPI Speed      : 40MHz[0m
[0;32mI (38) boot.esp32: SPI Mode       : DIO[0m
[0;32mI (42) boot.esp32: SPI Flash Size : 2MB[0m
[0;32mI (45) boot: Enabling RNG early entropy source...[0m
[0;32mI (50) boot: Partition Table:[0m
[0;32mI (52) boot: ## Label            Usage          Type ST Offset   Length[0m
[0;32mI (59) boot:  0 nvs              WiFi data        01 02 00009000 00006000[0m
[0;32mI (65) boot:  1 phy_init         RF data          01 01 0000f000 00001000[0m
[0;32mI (72) boot:  2 factory          factory app      00 00 00010000 00100000[0m
[0;32mI (78) boot: End of partition table[0m
[0;32mI (82) esp_image: segment 0: paddr=00010020 vaddr=3f400020 size=09a68h ( 39528) map[0m
[0;32mI (102) esp_image: segment 1: paddr=00019a90 vaddr=3ffb0000 size=023d8h (  9176) load[0m
[0;32mI (106) esp_image: segment 2: paddr=0001be70 vaddr=40080000 size=041a8h ( 16808) load[0m
[0;32mI (113) esp_image: segment 3: paddr=00020020 vaddr=400d0020 size=137d8h ( 79832) map[0m
[0;32mI (141) esp_image: segment 4: paddr=00033800 vaddr=400841a8 size=08e50h ( 36432) load[0m
[0;32mI (156) esp_image: segment 5: paddr=0003c658 vaddr=50000000 size=00020h (    32) load[0m
[0;32mI (162) boot: Loaded app from partition at offset 0x10000[0m
[0;32mI (162) boot: Disabling RNG early entropy source...[0m
[0;32mI (174) cpu_start: Multicore app[0m
[0;32mI (182) cpu_start: Pro cpu start user code[0m
[0;32mI (182) cpu_start: cpu freq: 160000000 Hz[0m
[0;32mI (182) app_init: Application information:[0m
[0;32mI (182) app_init: Project name:     lab4[0m
[0;32mI (186) app_init: App version:      2c3774c-dirty[0m
[0;32mI (190) app_init: Compile time:     Oct  8 2025 09:46:24[0m
[0;32mI (195) app_init: ELF file SHA256:  08103d625...[0m
[0;32mI (200) app_init: ESP-IDF:          HEAD-HASH-NOTFOUND[0m
[0;32mI (204) efuse_init: Min chip rev:     v0.0[0m
[0;32mI (208) efuse_init: Max chip rev:     v3.99 [0m
[0;32mI (212) efuse_init: Chip rev:         v3.1[0m
[0;32mI (216) heap_init: Initializing. RAM available for dynamic allocation:[0m
[0;32mI (223) heap_init: At 3FFAE6E0 len 00001920 (6 KiB): DRAM[0m
[0;32mI (227) heap_init: At 3FFB2CA8 len 0002D358 (180 KiB): DRAM[0m
[0;32mI (233) heap_init: At 3FFE0440 len 00003AE0 (14 KiB): D/IRAM[0m
[0;32mI (238) heap_init: At 3FFE4350 len 0001BCB0 (111 KiB): D/IRAM[0m
[0;32mI (244) heap_init: At 4008CFF8 len 00013008 (76 KiB): IRAM[0m
[0;33mW (250) spi_flash: Detected boya flash chip but using generic driver. For optimal functionality, enable `SPI_FLASH_SUPPORT_BOYA_CHIP` in menuconfig[0m
[0;32mI (262) spi_flash: detected chip: generic[0m
[0;32mI (265) spi_flash: flash io: dio[0m
[0;33mW (268) spi_flash: Detected size(4096k) larger than the size in the binary image header(2048k). Using the size in the binary image header.[0m
[0;32mI (281) main_task: Started on CPU0[0m
[0;32mI (291) main_task: Calling app_main()[0m
------single_linked_list tests------
added:96
added:70
added:12
added:2
added:85
added:65
added:43
added:46
added:11
added:41
added:45
added:95
added:63
added:89
added:79
added:86
added:69
added:94
added:96
added:65
added:51
added:32
added:96
added:59
added:80
index[0] = 2
index[1] = 11
index[2] = 12
index[3] = 32
index[4] = 41
index[5] = 43
index[6] = 45
index[7] = 46
index[8] = 51
index[9] = 59
index[10] = 63
index[11] = 65
index[12] = 65
index[13] = 69
index[14] = 70
index[15] = 79
index[16] = 80
index[17] = 85
index[18] = 86
index[19] = 89
index[20] = 94
index[21] = 95
index[22] = 96
index[23] = 96
index[24] = 96
index[0] = 63
index[1] = 65
index[2] = 65
index[3] = 69
index[4] = 70
------double_linked_list tests------
added:48
added:36
added:26
added:5
added:20
added:36
added:32
added:60
added:66
added:48
added:58
added:51
added:84
added:18
added:79
added:69
added:88
added:14
added:59
added:10
added:73
added:14
added:0
added:82
added:13
index[0] = 0
index[1] = 5
index[2] = 10
index[3] = 13
index[4] = 14
index[5] = 14
index[6] = 18
index[7] = 20
index[8] = 26
index[9] = 32
index[10] = 36
index[11] = 36
index[12] = 48
index[13] = 48
index[14] = 51
index[15] = 58
index[16] = 59
index[17] = 60
index[18] = 66
index[19] = 69
index[20] = 73
index[21] = 79
index[22] = 82
index[23] = 84
index[24] = 88
--Remove--

assert failed: tlsf_free tlsf.c:630 (!block_is_free(block) && "block already marked as free")


Backtrace: 0x40085365:0x3ffb3d70 0x4008532d:0x3ffb3d90 0x4008b3b1:0x3ffb3db0 0x40089ca3:0x3ffb3ed0 0x40089b44:0x3ffb3ef0 0x40081c23:0x3ffb3f10 0x4008b439:0x3ffb3f30 0x400d6211:0x3ffb3f50 0x400d60bb:0x3ffb3f70 0x400e30f1:0x3ffb3fa0 0x40085d35:0x3ffb3fd0




ELF file SHA256: 08103d625

Rebooting...
ets Jul 29 2019 12:21:46

rst:0xc (SW_CPU_RESET),boot:0x13 (SPI_FAST_FLASH_BOOT)
configsip: 0, SPIWP:0xee
clk_drv:0x00,q_drv:0x00,d_drv:0x00,cs0_drv:0x00,hd_drv:0x00,wp_drv:0x00
mode:DIO, clock div:2
load:0x3fff0030,len:6380
ho 0 tail 12 room 4
load:0x40078000,len:15916
load:0x40080400,len:3860
entry 0x40080638
[0;32mI (29) boot: ESP-IDF HEAD-HASH-NOTFOUND 2nd stage bootloader[0m
[0;32mI (29) boot: compile time Oct  8 2025 00:30:29[0m
[0;32mI (29) boot: Multicore bootloader[0m
[0;32mI (32) boot: chip revision: v3.1[0m
[0;32mI (34) boot.esp32: SPI Speed      : 40MHz[0m
[0;32mI (38) boot.esp32: SPI Mode       : DIO[0m
[0;32mI (42) boot.esp32: SPI Flash Size : 2MB[0m
[0;32mI (45) boot: Enabling RNG early entropy source...[0m
[0;32mI (50) boot: Partition Table:[0m
[0;32mI (52) boot: ## Label            Usage          Type ST Offset   Length[0m
[0;32mI (59) boot:  0 nvs              WiFi data        01 02 00009000 00006000[0m
[0;32mI (65) boot:  1 phy_init         RF data          01 01 0000f000 00001000[0m
[0;32mI (72) boot:  2 factory          factory app      00 00 00010000 00100000[0m
[0;32mI (78) boot: End of partition table[0m
[0;32mI (82) esp_image: segment 0: paddr=00010020 vaddr=3f400020 size=09a68h ( 39528) map[0m
[0;32mI (102) esp_image: segment 1: paddr=00019a90 vaddr=3ffb0000 size=023d8h (  9176) load[0m
[0;32mI (106) esp_image: segment 2: paddr=0001be70 vaddr=40080000 size=041a8h ( 16808) load[0m
[0;32mI (113) esp_image: segment 3: paddr=00020020 vaddr=400d0020 size=137d8h ( 79832) map[0m
[0;32mI (141) esp_image: segment 4: paddr=00033800 vaddr=400841a8 size=08e50h ( 36432) load[0m
[0;32mI (156) esp_image: segment 5: paddr=0003c658 vaddr=50000000 size=00020h (    32) load[0m
[0;32mI (162) boot: Loaded app from partition at offset 0x10000[0m
[0;32mI (162) boot: Disabling RNG early entropy source...[0m
[0;32mI (174) cpu_start: Multicore app[0m
[0;32mI (182) cpu_start: Pro cpu start user code[0m
[0;32mI (182) cpu_start: cpu freq: 160000000 Hz[0m
[0;32mI (182) app_init: Application information:[0m
[0;32mI (182) app_init: Project name:     lab4[0m
[0;32mI (186) app_init: App version:      2c3774c-dirty[0m
[0;32mI (190) app_init: Compile time:     Oct  8 2025 09:46:24[0m
[0;32mI (195) app_init: ELF file SHA256:  08103d625...[0m
[0;32mI (200) app_init: ESP-IDF:          HEAD-HASH-NOTFOUND[0m
[0;32mI (204) efuse_init: Min chip rev:     v0.0[0m
[0;32mI (208) efuse_init: Max chip rev:     v3.99 [0m
[0;32mI (212) efuse_init: Chip rev:         v3.1[0m
[0;32mI (216) heap_init: Initializing. RAM available for dynamic allocation:[0m
[0;32mI (223) heap_init: At 3FFAE6E0 len 00001920 (6 KiB): DRAM[0m
[0;32mI (227) heap_init: At 3FFB2CA8 len 0002D358 (180 KiB): DRAM[0m
[0;32mI (233) heap_init: At 3FFE0440 len 00003AE0 (14 KiB): D/IRAM[0m
[0;32mI (238) heap_init: At 3FFE4350 len 0001BCB0 (111 KiB): D/IRAM[0m
[0;32mI (244) heap_init: At 4008CFF8 len 00013008 (76 KiB): IRAM[0m
[0;33mW (250) spi_flash: Detected boya flash chip but using generic driver. For optimal functionality, enable `SPI_FLASH_SUPPORT_BOYA_CHIP` in menuconfig[0m
[0;32mI (262) spi_flash: detected chip: generic[0m
[0;32mI (266) spi_flash: flash io: dio[0m
[0;33mW (268) spi_flash: Detected size(4096k) larger than the size in the binary image header(2048k). Using the size in the binary image header.[0m
[0;32mI (281) main_task: Started on CPU0[0m
[0;32mI (291) main_task: Calling app_main()[0m
------single_linked_list tests------
added:43
added:22
added:94
added:47
added:86
added:56
added:58
added:84
added:50
added:60
added:25
added:79
added:29
added:58
added:14
added:14
added:36
added:92
added:45
added:10
added:35
added:88
added:25
added:88
added:94
index[0] = 10
index[1] = 14
index[2] = 14
index[3] = 22
index[4] = 25
index[5] = 25
index[6] = 29
index[7] = 35
index[8] = 36
index[9] = 43
index[10] = 45
index[11] = 47
index[12] = 50
index[13] = 56
index[14] = 58
index[15] = 58
index[16] = 60
index[17] = 79
index[18] = 84
index[19] = 86
index[20] = 88
index[21] = 88
index[22] = 92
index[23] = 94
index[24] = 94
index[0] = 45
index[1] = 47
index[2] = 50
index[3] = 56
index[4] = 58
------double_linked_list tests------
added:12
added:78
added:60
added:30
added:10
added:92
added:28
added:33
added:6
added:89
added:33
added:81
added:56
added:37
added:58
added:57
added:28
added:21
added:79
added:60
added:4
added:70
added:70
added:53
added:43
index[0] = 4
index[1] = 6
index[2] = 10
index[3] = 12
index[4] = 21
index[5] = 28
index[6] = 28
index[7] = 30
index[8] = 33
index[9] = 33
index[10] = 37
index[11] = 43
index[12] = 53
index[13] = 56
index[14] = 57
index[15] = 58
index[16] = 60
index[17] = 60
index[18] = 70
index[19] = 70
index[20] = 78
index[21] = 79
index[22] = 81
index[23] = 89
index[24] = 92
--Remove--

assert failed: tlsf_free tlsf.c:630 (!block_is_free(block) && "block already marked as free")


Backtrace: 0x40085365:0x3ffb3d70 0x4008532d:0x3ffb3d90 0x4008b3b1:0x3ffb3db0 0x40089ca3:0x3ffb3ed0 0x40089b44:0x3ffb3ef0 0x40081c23:0x3ffb3f10 0x4008b439:0x3ffb3f30 0x400d6211:0x3ffb3f50 0x400d60bb:0x3ffb3f70 0x400e30f1:0x3ffb3fa0 0x40085d35:0x3ffb3fd0




ELF file SHA256: 08103d625

Rebooting...
ets Jul 29 2019 12:21:46

rst:0xc (SW_CPU_RESET),boot:0x13 (SPI_FAST_FLASH_BOOT)
configsip: 0, SPIWP:0xee
clk_drv:0x00,q_drv:0x00,d_drv:0x00,cs0_drv:0x00,hd_drv:0x00,wp_drv:0x00
mode:DIO, clock div:2
load:0x3fff0030,len:6380
ho 0 tail 12 room 4
load:0x40078000,len:15916
load:0x40080400,len:3860
entry 0x40080638
[0;32mI (29) boot: ESP-IDF HEAD-HASH-NOTFOUND 2nd stage bootloader[0m
[0;32mI (29) boot: compile time Oct  8 2025 00:30:29[0m
[0;32mI (29) boot: Multicore bootloader[0m
[0;32mI (32) boot: chip revision: v3.1[0m
[0;32mI (34) boot.esp32: SPI Speed      : 40MHz[0m
[0;32mI (38) boot.esp32: SPI Mode       : DIO[0m
[0;32mI (42) boot.esp32: SPI Flash Size : 2MB[0m
[0;32mI (45) boot: Enabling RNG early entropy source...[0m
[0;32mI (50) boot: Partition Table:[0m
[0;32mI (52) boot: ## Label            Usage          Type ST Offset   Length[0m
[0;32mI (59) boot:  0 nvs              WiFi data        01 02 00009000 00006000[0m
[0;32mI (65) boot:  1 phy_init         RF data          01 01 0000f000 00001000[0m
[0;32mI (72) boot:  2 factory          factory app      00 00 00010000 00100000[0m
[0;32mI (78) boot: End of partition table[0m
[0;32mI (82) esp_image: segment 0: paddr=00010020 vaddr=3f400020 size=09a68h ( 39528) map[0m
[0;32mI (102) esp_image: segment 1: paddr=00019a90 vaddr=3ffb0000 size=023d8h (  9176) load[0m
[0;32mI (106) esp_image: segment 2: paddr=0001be70 vaddr=40080000 size=041a8h ( 16808) load[0m
[0;32mI (113) esp_image: segment 3: paddr=00020020 vaddr=400d0020 size=137d8h ( 79832) map[0m
[0;32mI (141) esp_image: segment 4: paddr=00033800 vaddr=400841a8 size=08e50h ( 36432) load[0m
[0;32mI (156) esp_image: segment 5: paddr=0003c658 vaddr=50000000 size=00020h (    32) load[0m
[0;32mI (162) boot: Loaded app from partition at offset 0x10000[0m
[0;32mI (162) boot: Disabling RNG early entropy source...[0m
[0;32mI (174) cpu_start: Multicore app[0m
[0;32mI (182) cpu_start: Pro cpu start user code[0m
[0;32mI (182) cpu_start: cpu freq: 160000000 Hz[0m
[0;32mI (182) app_init: Application information:[0m
[0;32mI (182) app_init: Project name:     lab4[0m
[0;32mI (186) app_init: App version:      2c3774c-dirty[0m
[0;32mI (190) app_init: Compile time:     Oct  8 2025 09:46:24[0m
[0;32mI (195) app_init: ELF file SHA256:  08103d625...[0m
[0;32mI (200) app_init: ESP-IDF:          HEAD-HASH-NOTFOUND[0m
[0;32mI (204) efuse_init: Min chip rev:     v0.0[0m
[0;32mI (208) efuse_init: Max chip rev:     v3.99 [0m
[0;32mI (212) efuse_init: Chip rev:         v3.1[0m
[0;32mI (216) heap_init: Initializing. RAM available for dynamic allocation:[0m
[0;32mI (223) heap_init: At 3FFAE6E0 len 00001920 (6 KiB): DRAM[0m
[0;32mI (227) heap_init: At 3FFB2CA8 len 0002D358 (180 KiB): DRAM[0m
[0;32mI (233) heap_init: At 3FFE0440 len 00003AE0 (14 KiB): D/IRAM[0m
[0;32mI (238) heap_init: At 3FFE4350 len 0001BCB0 (111 KiB): D/IRAM[0m
[0;32mI (244) heap_init: At 4008CFF8 len 00013008 (76 KiB): IRAM[0m
[0;33mW (250) spi_flash: Detected boya flash chip but using generic driver. For optimal functionality, enable `SPI_FLASH_SUPPORT_BOYA_CHIP` in menuconfig[0m
[0;32mI (262) spi_flash: detected chip: generic[0m
[0;32mI (266) spi_flash: flash io: dio[0m
[0;33mW (268) spi_flash: Detected size(4096k) larger than the size in the binary image header(2048k). Using the size in the binary image header.[0m
[0;32mI (281) main_task: Started on CPU0[0m
[0;32mI (291) main_task: Calling app_main()[0m
------single_linked_list tests------
added:89
added:17
added:89
added:60
added:6
added:70
added:16
added:46
added:11
added:79
added:53
added:60
added:4
added:5
added:30
added:76
added:98
added:80
added:34
added:51
added:19
added:74
added:36
added:4
added:6
index[0] = 4
index[1] = 4
index[2] = 5
index[3] = 6
index[4] = 6
index[5] = 11
index[6] = 16
index[7] = 17
index[8] = 19
index[9] = 30
index[10] = 34
index[11] = 36
index[12] = 46
index[13] = 51
index[14] = 53
index[15] = 60
index[16] = 60
index[17] = 70
index[18] = 74
index[19] = 76
index[20] = 79
index[21] = 80
index[22] = 89
index[23] = 89
index[24] = 98
index[0] = 34
index[1] = 36
index[2] = 46
index[3] = 51
index[4] = 53
------double_linked_list tests------
added:13
added:38
added:32
added:12
added:40
added:61
added:66
added:19
added:3
added:85
added:37
added:76
added:68
added:18
added:43
added:80
added:42
added:73
added:18
added:16
added:46
added:69
added:78
added:67
added:16
index[0] = 3
index[1] = 12
index[2] = 13
index[3] = 16
index[4] = 16
index[5] = 18
index[6] = 18
index[7] = 19
index[8] = 32
index[9] = 37
index[10] = 38
index[11] = 40
index[12] = 42
index[13] = 43
index[14] = 46
index[15] = 61
index[16] = 66
index[17] = 67
index[18] = 68
index[19] = 69
index[20] = 73
index[21] = 76
index[22] = 78
index[23] = 80
index[24] = 85
--Remove--

assert failed: tlsf_free tlsf.c:630 (!block_is_free(block) && "block already marked as free")


Backtrace: 0x40085365:0x3ffb3d70 0x4008532d:0x3ffb3d90 0x4008b3b1:0x3ffb3db0 0x40089ca3:0x3ffb3ed0 0x40089b44:0x3ffb3ef0 0x40081c23:0x3ffb3f10 0x4008b439:0x3ffb3f30 0x400d6211:0x3ffb3f50 0x400d60bb:0x3ffb3f70 0x400e30f1:0x3ffb3fa0 0x40085d35:0x3ffb3fd0




ELF file SHA256: 08103d625

Rebooting...
ets Jul 29 2019 12:21:46

rst:0xc (SW_CPU_RESET),boot:0x13 (SPI_FAST_FLASH_BOOT)
configsip: 0, SPIWP:0xee
clk_drv:0x00,q_drv:0x00,d_drv:0x00,cs0_drv:0x00,hd_drv:0x00,wp_drv:0x00
mode:DIO, clock div:2
load:0x3fff0030,len:6380
ho 0 tail 12 room 4
load:0x40078000,len:15916
load:0x40080400,len:3860
entry 0x40080638
[0;32mI (29) boot: ESP-IDF HEAD-HASH-NOTFOUND 2nd stage bootloader[0m
[0;32mI (29) boot: compile time Oct  8 2025 00:30:29[0m
[0;32mI (29) boot: Multicore bootloader[0m
[0;32mI (32) boot: chip revision: v3.1[0m
[0;32mI (34) boot.esp32: SPI Speed      : 40MHz[0m
[0;32mI (38) boot.esp32: SPI Mode       : DIO[0m
[0;32mI (42) boot.esp32: SPI Flash Size : 2MB[0m
[0;32mI (45) boot: Enabling RNG early entropy source...[0m
[0;32mI (50) boot: Partition Table:[0m
[0;32mI (52) boot: ## Label            Usage          Type ST Offset   Length[0m
[0;32mI (59) boot:  0 nvs              WiFi data        01 02 00009000 00006000[0m
[0;32mI (65) boot:  1 phy_init         RF data          01 01 0000f000 00001000[0m
[0;32mI (72) boot:  2 factory          factory app      00 00 00010000 00100000[0m
[0;32mI (78) boot: End of partition table[0m
[0;32mI (82) esp_image: segment 0: paddr=00010020 vaddr=3f400020 size=09a68h ( 39528) map[0m
[0;32mI (102) esp_image: segment 1: paddr=00019a90 vaddr=3ffb0000 size=023d8h (  9176) load[0m
[0;32mI (106) esp_image: segment 2: paddr=0001be70 vaddr=40080000 size=041a8h ( 16808) load[0m
[0;32mI (113) esp_image: segment 3: paddr=00020020 vaddr=400d0020 size=137d8h ( 79832) map[0m
[0;32mI (141) esp_image: segment 4: paddr=00033800 vaddr=400841a8 size=08e50h ( 36432) load[0m
[0;32mI (156) esp_image: segment 5: paddr=0003c658 vaddr=50000000 size=00020h (    32) load[0m
[0;32mI (162) boot: Loaded app from partition at offset 0x10000[0m
[0;32mI (162) boot: Disabling RNG early entropy source...[0m
[0;32mI (174) cpu_start: Multicore app[0m
[0;32mI (182) cpu_start: Pro cpu start user code[0m
[0;32mI (182) cpu_start: cpu freq: 160000000 Hz[0m
[0;32mI (182) app_init: Application information:[0m
[0;32mI (182) app_init: Project name:     lab4[0m
[0;32mI (186) app_init: App version:      2c3774c-dirty[0m
[0;32mI (190) app_init: Compile time:     Oct  8 2025 09:46:24[0m
[0;32mI (195) app_init: ELF file SHA256:  08103d625...[0m
[0;32mI (200) app_init: ESP-IDF:          HEAD-HASH-NOTFOUND[0m
[0;32mI (204) efuse_init: Min chip rev:     v0.0[0m
[0;32mI (208) efuse_init: Max chip rev:     v3.99 [0m
[0;32mI (212) efuse_init: Chip rev:         v3.1[0m
[0;32mI (216) heap_init: Initializing. RAM available for dynamic allocation:[0m
[0;32mI (223) heap_init: At 3FFAE6E0 len 00001920 (6 KiB): DRAM[0m
[0;32mI (227) heap_init: At 3FFB2CA8 len 0002D358 (180 KiB): DRAM[0m
[0;32mI (233) heap_init: At 3FFE0440 len 00003AE0 (14 KiB): D/IRAM[0m
[0;32mI (238) heap_init: At 3FFE4350 len 0001BCB0 (111 KiB): D/IRAM[0m
[0;32mI (244) heap_init: At 4008CFF8 len 00013008 (76 KiB): IRAM[0m
[0;33mW (250) spi_flash: Detected boya flash chip but using generic driver. For optimal functionality, enable `SPI_FLASH_SUPPORT_BOYA_CHIP` in menuconfig[0m
[0;32mI (262) spi_flash: detected chip: generic[0m
[0;32mI (265) spi_flash: flash io: dio[0m
[0;33mW (268) spi_flash: Detected size(4096k) larger than the size in the binary image header(2048k). Using the size in the binary image header.[0m
[0;32mI (281) main_task: Started on CPU0[0m
[0;32mI (291) main_task: Calling app_main()[0m
------single_linked_list tests------
added:16
added:50
added:72
added:67
added:51
added:75
added:53
added:18
added:56
added:24
added:36
added:76
added:82
added:8
added:40
added:15
added:29
added:0
added:7
added:50
added:49
added:60
added:87
added:44
added:81
index[0] = 0
index[1] = 7
index[2] = 8
index[3] = 15
index[4] = 16
index[5] = 18
index[6] = 24
index[7] = 29
index[8] = 36
index[9] = 40
index[10] = 44
index[11] = 49
index[12] = 50
index[13] = 50
index[14] = 51
index[15] = 53
index[16] = 56
index[17] = 60
index[18] = 67
index[19] = 72
index[20] = 75
index[21] = 76
index[22] = 81
index[23] = 82
index[24] = 87
index[0] = 44
index[1] = 49
index[2] = 50
index[3] = 50
index[4] = 51
------double_linked_list tests------
added:20
added:54
added:36
added:41
added:86
added:21
added:8
added:45
added:18
added:32
added:88
added:11
added:80
added:58
added:56
added:39
added:43
added:68
added:64
added:45
added:79
added:9
added:54
added:15
added:27
index[0] = 8
index[1] = 9
index[2] = 11
index[3] = 15
index[4] = 18
index[5] = 20
index[6] = 21
index[7] = 27
index[8] = 32
index[9] = 36
index[10] = 39
index[11] = 41
index[12] = 43
index[13] = 45
index[14] = 45
index[15] = 54
index[16] = 54
index[17] = 56
index[18] = 58
index[19] = 64
index[20] = 68
index[21] = 79
index[22] = 80
index[23] = 86
index[24] = 88
--Remove--

assert failed: tlsf_free tlsf.c:630 (!block_is_free(block) && "block already marked as free")


Backtrace: 0x40085365:0x3ffb3d70 0x4008532d:0x3ffb3d90 0x4008b3b1:0x3ffb3db0 0x40089ca3:0x3ffb3ed0 0x40089b44:0x3ffb3ef0 0x40081c23:0x3ffb3f10 0x4008b439:0x3ffb3f30 0x400d6211:0x3ffb3f50 0x400d60bb:0x3ffb3f70 0x400e30f1:0x3ffb3fa0 0x40085d35:0x3ffb3fd0




ELF file SHA256: 08103d625

Rebooting...
ets Jul 29 2019 12:21:46

rst:0xc (SW_CPU_RESET),boot:0x13 (SPI_FAST_FLASH_BOOT)
configsip: 0, SPIWP:0xee
clk_drv:0x00,q_drv:0x00,d_drv:0x00,cs0_drv:0x00,hd_drv:0x00,wp_drv:0x00
mode:DIO, clock div:2
load:0x3fff0030,len:6380
ho 0 tail 12 room 4
load:0x40078000,len:15916
load:0x40080400,len:3860
entry 0x40080638
[0;32mI (29) boot: ESP-IDF HEAD-HASH-NOTFOUND 2nd stage bootloader[0m
[0;32mI (29) boot: compile time Oct  8 2025 00:30:29[0m
[0;32mI (29) boot: Multicore bootloader[0m
[0;32mI (32) boot: chip revision: v3.1[0m
[0;32mI (34) boot.esp32: SPI Speed      : 40MHz[0m
[0;32mI (38) boot.esp32: SPI Mode       : DIO[0m
[0;32mI (42) boot.esp32: SPI Flash Size : 2MB[0m
[0;32mI (45) boot: Enabling RNG early entropy source...[0m
[0;32mI (50) boot: Partition Table:[0m
[0;32mI (52) boot: ## Label            Usage          Type ST Offset   Length[0m
[0;32mI (59) boot:  0 nvs              WiFi data        01 02 00009000 00006000[0m
[0;32mI (65) boot:  1 phy_init         RF data          01 01 0000f000 00001000[0m
[0;32mI (72) boot:  2 factory          factory app      00 00 00010000 00100000[0m
[0;32mI (78) boot: End of partition table[0m
[0;32mI (82) esp_image: segment 0: paddr=00010020 vaddr=3f400020 size=09a68h ( 39528) map[0m
[0;32mI (102) esp_image: segment 1: paddr=00019a90 vaddr=3ffb0000 size=023d8h (  9176) load[0m
[0;32mI (106) esp_image: segment 2: paddr=0001be70 vaddr=40080000 size=041a8h ( 16808) load[0m
[0;32mI (113) esp_image: segment 3: paddr=00020020 vaddr=400d0020 size=137d8h ( 79832) map[0m
[0;32mI (141) esp_image: segment 4: paddr=00033800 vaddr=400841a8 size=08e50h ( 36432) load[0m
[0;32mI (156) esp_image: segment 5: paddr=0003c658 vaddr=50000000 size=00020h (    32) load[0m
[0;32mI (162) boot: Loaded app from partition at offset 0x10000[0m
[0;32mI (162) boot: Disabling RNG early entropy source...[0m
[0;32mI (174) cpu_start: Multicore app[0m
[0;32mI (182) cpu_start: Pro cpu start user code[0m
[0;32mI (182) cpu_start: cpu freq: 160000000 Hz[0m
[0;32mI (182) app_init: Application information:[0m
[0;32mI (182) app_init: Project name:     lab4[0m
[0;32mI (186) app_init: App version:      2c3774c-dirty[0m
[0;32mI (190) app_init: Compile time:     Oct  8 2025 09:46:24[0m
[0;32mI (195) app_init: ELF file SHA256:  08103d625...[0m
[0;32mI (200) app_init: ESP-IDF:          HEAD-HASH-NOTFOUND[0m
[0;32mI (204) efuse_init: Min chip rev:     v0.0[0m
[0;32mI (208) efuse_init: Max chip rev:     v3.99 [0m
[0;32mI (212) efuse_init: Chip rev:         v3.1[0m
[0;32mI (216) heap_init: Initializing. RAM available for dynamic allocation:[0m
[0;32mI (223) heap_init: At 3FFAE6E0 len 00001920 (6 KiB): DRAM[0m
[0;32mI (227) heap_init: At 3FFB2CA8 len 0002D358 (180 KiB): DRAM[0m
[0;32mI (233) heap_init: At 3FFE0440 len 00003AE0 (14 KiB): D/IRAM[0m
[0;32mI (238) heap_init: At 3FFE4350 len 0001BCB0 (111 KiB): D/IRAM[0m
[0;32mI (244) heap_init: At 4008CFF8 len 00013008 (76 KiB): IRAM[0m
[0;33mW (250) spi_flash: Detected boya flash chip but using generic driver. For optimal functionality, enable `SPI_FLASH_SUPPORT_BOYA_CHIP` in menuconfig[0m
[0;32mI (262) spi_flash: detected chip: generic[0m
[0;32mI (266) spi_flash: flash io: dio[0m
[0;33mW (268) spi_flash: Detected size(4096k) larger than the size in the binary image header(2048k). Using the size in the binary image header.[0m
[0;32mI (281) main_task: Started on CPU0[0m
[0;32mI (291) main_task: Calling app_main()[0m
------single_linked_list tests------
added:40
added:50
added:78
added:32
added:65
added:28
added:59
added:8
added:82
added:70
added:99
added:12
added:21
added:56
added:55
added:99
added:87
added:41
added:19
added:18
added:26
added:98
added:96
added:94
added:74
index[0] = 8
index[1] = 12
index[2] = 18
index[3] = 19
index[4] = 21
index[5] = 26
index[6] = 28
index[7] = 32
index[8] = 40
index[9] = 41
index[10] = 50
index[11] = 55
index[12] = 56
index[13] = 59
index[14] = 65
index[15] = 70
index[16] = 74
index[17] = 78
index[18] = 82
index[19] = 87
index[20] = 94
index[21] = 96
index[22] = 98
index[23] = 99
index[24] = 99
index[0] = 50
index[1] = 55
index[2] = 56
index[3] = 59
index[4] = 65
------double_linked_list tests------
added:29
added:62
added:78
added:65
added:86
added:19
added:47
added:78
added:26
added:14
added:80
added:89
added:66
added:30
added:3
added:88
added:98
added:51
added:14
added:40
added:90
added:72
added:72
added:14
added:45
index[0] = 3
index[1] = 14
index[2] = 14
index[3] = 14
index[4] = 19
index[5] = 26
index[6] = 29
index[7] = 30
index[8] = 40
index[9] = 45
index[10] = 47
index[11] = 51
index[12] = 62
index[13] = 65
index[14] = 66
index[15] = 72
index[16] = 72
index[17] = 78
index[18] = 78
index[19] = 80
index[20] = 86
index[21] = 88
index[22] = 89
index[23] = 90
index[24] = 98
--Remove--

assert failed: tlsf_free tlsf.c:630 (!block_is_free(block) && "block already marked as free")


Backtrace: 0x40085365:0x3ffb3d70 0x4008532d:0x3ffb3d90 0x4008b3b1:0x3ffb3db0 0x40089ca3:0x3ffb3ed0 0x40089b44:0x3ffb3ef0 0x40081c23:0x3ffb3f10 0x4008b439:0x3ffb3f30 0x400d6211:0x3ffb3f50 0x400d60bb:0x3ffb3f70 0x400e30f1:0x3ffb3fa0 0x40085d35:0x3ffb3fd0




ELF file SHA256: 08103d625

Rebooting...
ets Jul 29 2019 12:21:46

rst:0xc (SW_CPU_RESET),boot:0x13 (SPI_FAST_FLASH_BOOT)
configsip: 0, SPIWP:0xee
clk_drv:0x00,q_drv:0x00,d_drv:0x00,cs0_drv:0x00,hd_drv:0x00,wp_drv:0x00
mode:DIO, clock div:2
load:0x3fff0030,len:6380
ho 0 tail 12 room 4
load:0x40078000,len:15916
load:0x40080400,len:3860
entry 0x40080638
[0;32mI (29) boot: ESP-IDF HEAD-HASH-NOTFOUND 2nd stage bootloader[0m
[0;32mI (29) boot: compile time Oct  8 2025 00:30:29[0m
[0;32mI (29) boot: Multicore bootloader[0m
[0;32mI (32) boot: chip revision: v3.1[0m
[0;32mI (34) boot.esp32: SPI Speed      : 40MHz[0m
[0;32mI (38) boot.esp32: SPI Mode       : DIO[0m
[0;32mI (42) boot.esp32: SPI Flash Size : 2MB[0m
[0;32mI (45) boot: Enabling RNG early entropy source...[0m
[0;32mI (50) boot: Partition Table:[0m
[0;32mI (52) boot: ## Label            Usage          Type ST Offset   Length[0m
[0;32mI (59) boot:  0 nvs              WiFi data        01 02 00009000 00006000[0m
[0;32mI (65) boot:  1 phy_init         RF data          01 01 0000f000 00001000[0m
[0;32mI (72) boot:  2 factory          factory app      00 00 00010000 00100000[0m
[0;32mI (78) boot: End of partition table[0m
[0;32mI (82) esp_image: segment 0: paddr=00010020 vaddr=3f400020 size=09a68h ( 39528) map[0m
[0;32mI (102) esp_image: segment 1: paddr=00019a90 vaddr=3ffb0000 size=023d8h (  9176) load[0m
[0;32mI (106) esp_image: segment 2: paddr=0001be70 vaddr=40080000 size=041a8h ( 16808) load[0m
[0;32mI (113) esp_image: segment 3: paddr=00020020 vaddr=400d0020 size=137d8h ( 79832) map[0m
[0;32mI (141) esp_image: segment 4: paddr=00033800 vaddr=400841a8 size=08e50h ( 36432) load[0m
[0;32mI (156) esp_image: segment 5: paddr=0003c658 vaddr=50000000 size=00020h (    32) load[0m
[0;32mI (162) boot: Loaded app from partition at offset 0x10000[0m
[0;32mI (162) boot: Disabling RNG early entropy source...[0m
[0;32mI (174) cpu_start: Multicore app[0m
[0;32mI (182) cpu_start: Pro cpu start user code[0m
[0;32mI (182) cpu_start: cpu freq: 160000000 Hz[0m
[0;32mI (182) app_init: Application information:[0m
[0;32mI (182) app_init: Project name:     lab4[0m
[0;32mI (186) app_init: App version:      2c3774c-dirty[0m
[0;32mI (190) app_init: Compile time:     Oct  8 2025 09:46:24[0m
[0;32mI (195) app_init: ELF file SHA256:  08103d625...[0m
[0;32mI (200) app_init: ESP-IDF:          HEAD-HASH-NOTFOUND[0m
[0;32mI (204) efuse_init: Min chip rev:     v0.0[0m
[0;32mI (208) efuse_init: Max chip rev:     v3.99 [0m
[0;32mI (212) efuse_init: Chip rev:         v3.1[0m
[0;32mI (216) heap_init: Initializing. RAM available for dynamic allocation:[0m
[0;32mI (223) heap_init: At 3FFAE6E0 len 00001920 (6 KiB): DRAM[0m
[0;32mI (227) heap_init: At 3FFB2CA8 len 0002D358 (180 KiB): DRAM[0m
[0;32mI (233) heap_init: At 3FFE0440 len 00003AE0 (14 KiB): D/IRAM[0m
[0;32mI (238) heap_init: At 3FFE4350 len 0001BCB0 (111 KiB): D/IRAM[0m
[0;32mI (244) heap_init: At 4008CFF8 len 00013008 (76 KiB): IRAM[0m
[0;33mW (250) spi_flash: Detected boya flash chip but using generic driver. For optimal functionality, enable `SPI_FLASH_SUPPORT_BOYA_CHIP` in menuconfig[0m
[0;32mI (262) spi_flash: detected chip: generic[0m
[0;32mI (266) spi_flash: flash io: dio[0m
[0;33mW (268) spi_flash: Detected size(4096k) larger than the size in the binary image header(2048k). Using the size in the binary image header.[0m
[0;32mI (281) main_task: Started on CPU0[0m
[0;32mI (291) main_task: Calling app_main()[0m
------single_linked_list tests------
added:80
added:27
added:62
added:29
added:81
added:5
added:20
added:38
added:64
added:12
added:43
added:43
added:7
added:43
added:62
added:84
added:94
added:42
added:75
added:22
added:32
added:60
added:5
added:75
added:62
index[0] = 5
index[1] = 5
index[2] = 7
index[3] = 12
index[4] = 20
index[5] = 22
index[6] = 27
index[7] = 29
index[8] = 32
index[9] = 38
index[10] = 42
index[11] = 43
index[12] = 43
index[13] = 43
index[14] = 60
index[15] = 62
index[16] = 62
index[17] = 62
index[18] = 64
index[19] = 75
index[20] = 75
index[21] = 80
index[22] = 81
index[23] = 84
index[24] = 94
index[0] = 42
index[1] = 43
index[2] = 43
index[3] = 43
index[4] = 60
------double_linked_list tests------
added:2
added:94
added:42
added:38
added:54
added:61
added:79
added:44
added:29
added:38
added:83
added:88
added:85
added:0
added:87
added:37
added:12
added:84
added:59
added:58
added:44
added:51
added:33
added:67
added:6
index[0] = 0
index[1] = 2
index[2] = 6
index[3] = 12
index[4] = 29
index[5] = 33
index[6] = 37
index[7] = 38
index[8] = 38
index[9] = 42
index[10] = 44
index[11] = 44
index[12] = 51
index[13] = 54
index[14] = 58
index[15] = 59
index[16] = 61
index[17] = 67
index[18] = 79
index[19] = 83
index[20] = 84
index[21] = 85
index[22] = 87
index[23] = 88
index[24] = 94
--Remove--

assert failed: tlsf_free tlsf.c:630 (!block_is_free(block) && "block already marked as free")


Backtrace: 0x40085365:0x3ffb3d70 0x4008532d:0x3ffb3d90 0x4008b3b1:0x3ffb3db0 0x40089ca3:0x3ffb3ed0 0x40089b44:0x3ffb3ef0 0x40081c23:0x3ffb3f10 0x4008b439:0x3ffb3f30 0x400d6211:0x3ffb3f50 0x400d60bb:0x3ffb3f70 0x400e30f1:0x3ffb3fa0 0x40085d35:0x3ffb3fd0




ELF file SHA256: 08103d625

Rebooting...
ets Jul 29 2019 12:21:46

rst:0xc (SW_CPU_RESET),boot:0x13 (SPI_FAST_FLASH_BOOT)
configsip: 0, SPIWP:0xee
clk_drv:0x00,q_drv:0x00,d_drv:0x00,cs0_drv:0x00,hd_drv:0x00,wp_drv:0x00
mode:DIO, clock div:2
load:0x3fff0030,len:6380
ho 0 tail 12 room 4
load:0x40078000,len:15916
load:0x40080400,len:3860
entry 0x40080638
[0;32mI (29) boot: ESP-IDF HEAD-HASH-NOTFOUND 2nd stage bootloader[0m
[0;32mI (29) boot: compile time Oct  8 2025 00:30:29[0m
[0;32mI (29) boot: Multicore bootloader[0m
[0;32mI (32) boot: chip revision: v3.1[0m
[0;32mI (34) boot.esp32: SPI Speed      : 40MHz[0m
[0;32mI (38) boot.esp32: SPI Mode       : DIO[0m
[0;32mI (42) boot.esp32: SPI Flash Size : 2MB[0m
[0;32mI (45) boot: Enabling RNG early entropy source...[0m
[0;32mI (50) boot: Partition Table:[0m
[0;32mI (52) boot: ## Label            Usage          Type ST Offset   Length[0m
[0;32mI (59) boot:  0 nvs              WiFi data        01 02 00009000 00006000[0m
[0;32mI (65) boot:  1 phy_init         RF data          01 01 0000f000 00001000[0m
[0;32mI (72) boot:  2 factory          factory app      00 00 00010000 00100000[0m
[0;32mI (78) boot: End of partition table[0m
[0;32mI (82) esp_image: segment 0: paddr=00010020 vaddr=3f400020 size=09a68h ( 39528) map[0m
[0;32mI (102) esp_image: segment 1: paddr=00019a90 vaddr=3ffb0000 size=023d8h (  9176) load[0m
[0;32mI (106) esp_image: segment 2: paddr=0001be70 vaddr=40080000 size=041a8h ( 16808) load[0m
[0;32mI (113) esp_image: segment 3: paddr=00020020 vaddr=400d0020 size=137d8h ( 79832) map[0m
[0;32mI (141) esp_image: segment 4: paddr=00033800 vaddr=400841a8 size=08e50h ( 36432) load[0m
[0;32mI (156) esp_image: segment 5: paddr=0003c658 vaddr=50000000 size=00020h (    32) load[0m
[0;32mI (162) boot: Loaded app from partition at offset 0x10000[0m
[0;32mI (162) boot: Disabling RNG early entropy source...[0m
[0;32mI (174) cpu_start: Multicore app[0m
[0;32mI (182) cpu_start: Pro cpu start user code[0m
[0;32mI (182) cpu_start: cpu freq: 160000000 Hz[0m
[0;32mI (182) app_init: Application information:[0m
[0;32mI (182) app_init: Project name:     lab4[0m
[0;32mI (186) app_init: App version:      2c3774c-dirty[0m
[0;32mI (190) app_init: Compile time:     Oct  8 2025 09:46:24[0m
[0;32mI (195) app_init: ELF file SHA256:  08103d625...[0m
[0;32mI (200) app_init: ESP-IDF:          HEAD-HASH-NOTFOUND[0m
[0;32mI (204) efuse_init: Min chip rev:     v0.0[0m
[0;32mI (208) efuse_init: Max chip rev:     v3.99 [0m
[0;32mI (212) efuse_init: Chip rev:         v3.1[0m
[0;32mI (216) heap_init: Initializing. RAM available for dynamic allocation:[0m
[0;32mI (223) heap_init: At 3FFAE6E0 len 00001920 (6 KiB): DRAM[0m
[0;32mI (227) heap_init: At 3FFB2CA8 len 0002D358 (180 KiB): DRAM[0m
[0;32mI (233) heap_init: At 3FFE0440 len 00003AE0 (14 KiB): D/IRAM[0m
[0;32mI (238) heap_init: At 3FFE4350 len 0001BCB0 (111 KiB): D/IRAM[0m
[0;32mI (244) heap_init: At 4008CFF8 len 00013008 (76 KiB): IRAM[0m
[0;33mW (250) spi_flash: Detected boya flash chip but using generic driver. For optimal functionality, enable `SPI_FLASH_SUPPORT_BOYA_CHIP` in menuconfig[0m
[0;32mI (262) spi_flash: detected chip: generic[0m
[0;32mI (266) spi_flash: flash io: dio[0m
[0;33mW (268) spi_flash: Detected size(4096k) larger than the size in the binary image header(2048k). Using the size in the binary image header.[0m
[0;32mI (281) main_task: Started on CPU0[0m
[0;32mI (291) main_task: Calling app_main()[0m
------single_linked_list tests------
added:47
added:20
added:0
added:33
added:63
added:41
added:96
added:29
added:74
added:54
added:28
added:48
added:65
added:76
added:91
added:54
added:29
added:0
added:8
added:59
added:24
added:52
added:69
added:40
added:8
index[0] = 0
index[1] = 0
index[2] = 8
index[3] = 8
index[4] = 20
index[5] = 24
index[6] = 28
index[7] = 29
index[8] = 29
index[9] = 33
index[10] = 40
index[11] = 41
index[12] = 47
index[13] = 48
index[14] = 52
index[15] = 54
index[16] = 54
index[17] = 59
index[18] = 63
index[19] = 65
index[20] = 69
index[21] = 74
index[22] = 76
index[23] = 91
index[24] = 96
index[0] = 40
index[1] = 41
index[2] = 47
index[3] = 48
index[4] = 52
------double_linked_list tests------
added:78
added:49
added:55
added:31
added:0
added:23
added:9
added:82
added:37
added:31
added:12
added:48
added:47
added:91
added:76
added:16
added:20
added:85
added:77
added:0
added:34
added:25
added:3
added:54
added:24
index[0] = 0
index[1] = 0
index[2] = 3
index[3] = 9
index[4] = 12
index[5] = 16
index[6] = 20
index[7] = 23
index[8] = 24
index[9] = 25
index[10] = 31
index[11] = 31
index[12] = 34
index[13] = 37
index[14] = 47
index[15] = 48
index[16] = 49
index[17] = 54
index[18] = 55
index[19] = 76
index[20] = 77
index[21] = 78
index[22] = 82
index[23] = 85
index[24] = 91
--Remove--

assert failed: tlsf_free tlsf.c:630 (!block_is_free(block) && "block already marked as free")


Backtrace: 0x40085365:0x3ffb3d70 0x4008532d:0x3ffb3d90 0x4008b3b1:0x3ffb3db0 0x40089ca3:0x3ffb3ed0 0x40089b44:0x3ffb3ef0 0x40081c23:0x3ffb3f10 0x4008b439:0x3ffb3f30 0x400d6211:0x3ffb3f50 0x400d60bb:0x3ffb3f70 0x400e30f1:0x3ffb3fa0 0x40085d35:0x3ffb3fd0




ELF file SHA256: 08103d625

Rebooting...
ets Jul 29 2019 12:21:46

rst:0xc (SW_CPU_RESET),boot:0x13 (SPI_FAST_FLASH_BOOT)
configsip: 0, SPIWP:0xee
clk_drv:0x00,q_drv:0x00,d_drv:0x00,cs0_drv:0x00,hd_drv:0x00,wp_drv:0x00
mode:DIO, clock div:2
load:0x3fff0030,len:6380
ho 0 tail 12 room 4
load:0x40078000,len:15916
load:0x40080400,len:3860
entry 0x40080638
[0;32mI (29) boot: ESP-IDF HEAD-HASH-NOTFOUND 2nd stage bootloader[0m
[0;32mI (29) boot: compile time Oct  8 2025 00:30:29[0m
[0;32mI (29) boot: Multicore bootloader[0m
[0;32mI (32) boot: chip revision: v3.1[0m
[0;32mI (34) boot.esp32: SPI Speed      : 40MHz[0m
[0;32mI (38) boot.esp32: SPI Mode       : DIO[0m
[0;32mI (42) boot.esp32: SPI Flash Size : 2MB[0m
[0;32mI (45) boot: Enabling RNG early entropy source...[0m
[0;32mI (50) boot: Partition Table:[0m
[0;32mI (52) boot: ## Label            Usage          Type ST Offset   Length[0m
[0;32mI (59) boot:  0 nvs              WiFi data        01 02 00009000 00006000[0m
[0;32mI (65) boot:  1 phy_init         RF data          01 01 0000f000 00001000[0m
[0;32mI (72) boot:  2 factory          factory app      00 00 00010000 00100000[0m
[0;32mI (78) boot: End of partition table[0m
[0;32mI (82) esp_image: segment 0: paddr=00010020 vaddr=3f400020 size=09a68h ( 39528) map[0m
[0;32mI (102) esp_image: segment 1: paddr=00019a90 vaddr=3ffb0000 size=023d8h (  9176) load[0m
[0;32mI (106) esp_image: segment 2: paddr=0001be70 vaddr=40080000 size=041a8h ( 16808) load[0m
[0;32mI (113) esp_image: segment 3: paddr=00020020 vaddr=400d0020 size=137d8h ( 79832) map[0m
[0;32mI (141) esp_image: segment 4: paddr=00033800 vaddr=400841a8 size=08e50h ( 36432) load[0m
[0;32mI (156) esp_image: segment 5: paddr=0003c658 vaddr=50000000 size=00020h (    32) load[0m
[0;32mI (162) boot: Loaded app from partition at offset 0x10000[0m
[0;32mI (162) boot: Disabling RNG early entropy source...[0m
[0;32mI (174) cpu_start: Multicore app[0m
[0;32mI (182) cpu_start: Pro cpu start user code[0m
