Command: /home/minipops/.espressif/python_env/idf5.5_py3.13_env/bin/python /opt/esp-idf/tools/idf_monitor.py -p /dev/ttyUSB0 -b 115200 --toolchain-prefix xtensa-esp32-elf- --target esp32 --revision 0 /home/minipops/uni/da267a/labs/lab4/build/lab4.elf /home/minipops/uni/da267a/labs/lab4/build/bootloader/bootloader.elf -m '/home/minipops/.espressif/python_env/idf5.5_py3.13_env/bin/python' '/opt/esp-idf/tools/idf.py'
ets Jul 29 2019 12:21:46

rst:0x1 (POWERON_RESET),boot:0x13 (SPI_FAST_FLASH_BOOT)
configsip: 0, SPIWP:0xee
clk_drv:0x00,q_drv:0x00,d_drv:0x00,cs0_drv:0x00,hd_drv:0x00,wp_drv:0x00
mode:DIO, clock div:2
load:0x3fff0030,len:6380
ho 0 tail 12 room 4
load:0x40078000,len:15916
load:0x40080400,len:3860
entry 0x40080638
[0;32mI (29) boot: ESP-IDF HEAD-HASH-NOTFOUND 2nd stage bootloader[0m
[0;32mI (29) boot: compile time Oct  8 2025 00:30:29[0m
[0;32mI (29) boot: Multicore bootloader[0m
[0;32mI (32) boot: chip revision: v3.1[0m
[0;32mI (34) boot.esp32: SPI Speed      : 40MHz[0m
[0;32mI (38) boot.esp32: SPI Mode       : DIO[0m
[0;32mI (42) boot.esp32: SPI Flash Size : 2MB[0m
[0;32mI (45) boot: Enabling RNG early entropy source...[0m
[0;32mI (50) boot: Partition Table:[0m
[0;32mI (52) boot: ## Label            Usage          Type ST Offset   Length[0m
[0;32mI (59) boot:  0 nvs              WiFi data        01 02 00009000 00006000[0m
[0;32mI (65) boot:  1 phy_init         RF data          01 01 0000f000 00001000[0m
[0;32mI (72) boot:  2 factory          factory app      00 00 00010000 00100000[0m
[0;32mI (78) boot: End of partition table[0m
[0;32mI (82) esp_image: segment 0: paddr=00010020 vaddr=3f400020 size=09a68h ( 39528) map[0m
[0;32mI (103) esp_image: segment 1: paddr=00019a90 vaddr=3ffb0000 size=023d8h (  9176) load[0m
[0;32mI (106) esp_image: segment 2: paddr=0001be70 vaddr=40080000 size=041a8h ( 16808) load[0m
[0;32mI (113) esp_image: segment 3: paddr=00020020 vaddr=400d0020 size=137d4h ( 79828) map[0m
[0;32mI (141) esp_image: segment 4: paddr=000337fc vaddr=400841a8 size=08e50h ( 36432) load[0m
[0;32mI (156) esp_image: segment 5: paddr=0003c654 vaddr=50000000 size=00020h (    32) load[0m
[0;32mI (162) boot: Loaded app from partition at offset 0x10000[0m
[0;32mI (163) boot: Disabling RNG early entropy source...[0m
[0;32mI (174) cpu_start: Multicore app[0m
[0;32mI (182) cpu_start: Pro cpu start user code[0m
[0;32mI (182) cpu_start: cpu freq: 160000000 Hz[0m
[0;32mI (182) app_init: Application information:[0m
[0;32mI (182) app_init: Project name:     lab4[0m
[0;32mI (186) app_init: App version:      2c3774c-dirty[0m
[0;32mI (190) app_init: Compile time:     Oct  8 2025 09:46:24[0m
[0;32mI (195) app_init: ELF file SHA256:  27066a6ff...[0m
[0;32mI (200) app_init: ESP-IDF:          HEAD-HASH-NOTFOUND[0m
[0;32mI (205) efuse_init: Min chip rev:     v0.0[0m
[0;32mI (208) efuse_init: Max chip rev:     v3.99 [0m
[0;32mI (212) efuse_init: Chip rev:         v3.1[0m
[0;32mI (217) heap_init: Initializing. RAM available for dynamic allocation:[0m
[0;32mI (223) heap_init: At 3FFAE6E0 len 00001920 (6 KiB): DRAM[0m
[0;32mI (228) heap_init: At 3FFB2CA8 len 0002D358 (180 KiB): DRAM[0m
[0;32mI (233) heap_init: At 3FFE0440 len 00003AE0 (14 KiB): D/IRAM[0m
[0;32mI (238) heap_init: At 3FFE4350 len 0001BCB0 (111 KiB): D/IRAM[0m
[0;32mI (244) heap_init: At 4008CFF8 len 00013008 (76 KiB): IRAM[0m
[0;33mW (250) spi_flash: Detected boya flash chip but using generic driver. For optimal functionality, enable `SPI_FLASH_SUPPORT_BOYA_CHIP` in menuconfig[0m
[0;32mI (262) spi_flash: detected chip: generic[0m
[0;32mI (266) spi_flash: flash io: dio[0m
[0;33mW (269) spi_flash: Detected size(4096k) larger than the size in the binary image header(2048k). Using the size in the binary image header.[0m
[0;32mI (281) main_task: Started on CPU0[0m
[0;32mI (291) main_task: Calling app_main()[0m
------single_linked_list tests------
added:58
added:81
added:14
added:35
added:11
added:94
added:85
added:29
added:8
added:17
added:89
added:36
added:5
added:66
added:79
added:12
added:59
added:12
added:53
added:63
added:20
added:58
added:32
added:46
added:4
index[0] = 4
index[1] = 5
index[2] = 8
index[3] = 11
index[4] = 12
index[5] = 12
index[6] = 14
index[7] = 17
index[8] = 20
index[9] = 29
index[10] = 32
index[11] = 35
index[12] = 36
index[13] = 46
index[14] = 53
index[15] = 58
index[16] = 58
index[17] = 59
index[18] = 63
index[19] = 66
index[20] = 79
index[21] = 81
index[22] = 85
index[23] = 89
index[24] = 94
index[0] = 32
index[1] = 35
index[2] = 36
index[3] = 46
index[4] = 53
------double_linked_list tests------
added:1
added:3
added:3
added:3
added:0
added:0
added:1
added:0
added:4
added:1
added:0
added:2
added:4
added:3
added:1
added:0
added:4
added:4
added:2
added:3
index[0] = 0
index[1] = 0
index[2] = 0
index[3] = 0
index[4] = 0
index[5] = 1
index[6] = 1
index[7] = 1
index[8] = 1
index[9] = 2
index[10] = 2
index[11] = 3
index[12] = 3
index[13] = 3
index[14] = 3
index[15] = 3
index[16] = 4
index[17] = 4
index[18] = 4
index[19] = 4
--Remove--
index[0] = 0
index[1] = 0
index[2] = 0
index[3] = 0
index[4] = 1
index[5] = 1
index[6] = 1
index[7] = 1
index[8] = 2
index[9] = 2
index[10] = 3
index[11] = 3
index[12] = 3
index[13] = 3
index[14] = 3
index[15] = 4
index[16] = 4
index[17] = 4
index[18] = 1073413928
index[19] = 17282599
index[20] = 2126512358
index[21] = -1073715586
Guru Meditation Error: Core  0 panic'ed (LoadProhibited). Exception was unhandled.

Core  0 register dump:
PC      : 0x400d6225  PS      : 0x00060330  A0      : 0x800d60c1  A1      : 0x3ffb3f50  
A2      : 0x3ffb3f74  A3      : 0x00000003  A4      : 0x3ffb3f60  A5      : 0x0000000c  
A6      : 0x00000016  A7      : 0xc000667e  A8      : 0x800d6230  A9      : 0x3ffb3f00  
A10     : 0x00000018  A11     : 0x00000015  A12     : 0xc000667e  A13     : 0x3f40256b  
A14     : 0x00000015  A15     : 0x3ffaea38  SAR     : 0x00000004  EXCCAUSE: 0x0000001c  
EXCVADDR: 0xc000667e  LBEG    : 0x400014fd  LEND    : 0x4000150d  LCOUNT  : 0xffffffff  


Backtrace: 0x400d6222:0x3ffb3f50 0x400d60be:0x3ffb3f70 0x400e30ed:0x3ffb3fa0 0x40085d35:0x3ffb3fd0




ELF file SHA256: 27066a6ff

Rebooting...
ets Jul 29 2019 12:21:46

rst:0xc (SW_CPU_RESET),boot:0x13 (SPI_FAST_FLASH_BOOT)
configsip: 0, SPIWP:0xee
clk_drv:0x00,q_drv:0x00,d_drv:0x00,cs0_drv:0x00,hd_drv:0x00,wp_drv:0x00
mode:DIO, clock div:2
load:0x3fff0030,len:6380
ho 0 tail 12 room 4
load:0x40078000,len:15916
load:0x40080400,len:3860
entry 0x40080638
[0;32mI (29) boot: ESP-IDF HEAD-HASH-NOTFOUND 2nd stage bootloader[0m
[0;32mI (29) boot: compile time Oct  8 2025 00:30:29[0m
[0;32mI (29) boot: Multicore bootloader[0m
[0;32mI (32) boot: chip revision: v3.1[0m
[0;32mI (34) boot.esp32: SPI Speed      : 40MHz[0m
[0;32mI (38) boot.esp32: SPI Mode       : DIO[0m
[0;32mI (42) boot.esp32: SPI Flash Size : 2MB[0m
[0;32mI (45) boot: Enabling RNG early entropy source...[0m
[0;32mI (50) boot: Partition Table:[0m
[0;32mI (52) boot: ## Label            Usage          Type ST Offset   Length[0m
[0;32mI (59) boot:  0 nvs              WiFi data        01 02 00009000 00006000[0m
[0;32mI (65) boot:  1 phy_init         RF data          01 01 0000f000 00001000[0m
[0;32mI (72) boot:  2 factory          factory app      00 00 00010000 00100000[0m
[0;32mI (78) boot: End of partition table[0m
[0;32mI (82) esp_image: segment 0: paddr=00010020 vaddr=3f400020 size=09a68h ( 39528) map[0m
[0;32mI (102) esp_image: segment 1: paddr=00019a90 vaddr=3ffb0000 size=023d8h (  9176) load[0m
[0;32mI (106) esp_image: segment 2: paddr=0001be70 vaddr=40080000 size=041a8h ( 16808) load[0m
[0;32mI (113) esp_image: segment 3: paddr=00020020 vaddr=400d0020 size=137d4h ( 79828) map[0m
[0;32mI (141) esp_image: segment 4: paddr=000337fc vaddr=400841a8 size=08e50h ( 36432) load[0m
[0;32mI (156) esp_image: segment 5: paddr=0003c654 vaddr=50000000 size=00020h (    32) load[0m
[0;32mI (162) boot: Loaded app from partition at offset 0x10000[0m
[0;32mI (162) boot: Disabling RNG early entropy source...[0m
[0;32mI (174) cpu_start: Multicore app[0m
[0;32mI (182) cpu_start: Pro cpu start user code[0m
[0;32mI (182) cpu_start: cpu freq: 160000000 Hz[0m
[0;32mI (182) app_init: Application information:[0m
[0;32mI (182) app_init: Project name:     lab4[0m
[0;32mI (186) app_init: App version:      2c3774c-dirty[0m
[0;32mI (190) app_init: Compile time:     Oct  8 2025 09:46:24[0m
[0;32mI (195) app_init: ELF file SHA256:  27066a6ff...[0m
[0;32mI (200) app_init: ESP-IDF:          HEAD-HASH-NOTFOUND[0m
[0;32mI (205) efuse_init: Min chip rev:     v0.0[0m
[0;32mI (208) efuse_init: Max chip rev:     v3.99 [0m
[0;32mI (212) efuse_init: Chip rev:         v3.1[0m
[0;32mI (216) heap_init: Initializing. RAM available for dynamic allocation:[0m
[0;32mI (223) heap_init: At 3FFAE6E0 len 00001920 (6 KiB): DRAM[0m
[0;32mI (228) heap_init: At 3FFB2CA8 len 0002D358 (180 KiB): DRAM[0m
[0;32mI (233) heap_init: At 3FFE0440 len 00003AE0 (14 KiB): D/IRAM[0m
[0;32mI (238) heap_init: At 3FFE4350 len 0001BCB0 (111 KiB): D/IRAM[0m
[0;32mI (244) heap_init: At 4008CFF8 len 00013008 (76 KiB): IRAM[0m
[0;33mW (250) spi_flash: Detected boya flash chip but using generic driver. For optimal functionality, enable `SPI_FLASH_SUPPORT_BOYA_CHIP` in menuconfig[0m
[0;32mI (262) spi_flash: detected chip: generic[0m
[0;32mI (266) spi_flash: flash io: dio[0m
[0;33mW (269) spi_flash: Detected size(4096k) larger than the size in the binary image header(2048k). Using the size in the binary image header.[0m
[0;32mI (281) main_task: Started on CPU0[0m
[0;32mI (291) main_task: Calling app_main()[0m
------single_linked_list tests------
added:21
added:19
added:60
added:81
added:42
added:72
added:47
added:12
added:16
added:14
added:88
added:89
added:24
added:58
added:72
added:74
added:52
added:63
added:7
added:11
added:69
added:34
added:71
added:24
added:32
index[0] = 7
index[1] = 11
index[2] = 12
index[3] = 14
index[4] = 16
index[5] = 19
index[6] = 21
index[7] = 24
index[8] = 24
index[9] = 32
index[10] = 34
index[11] = 42
index[12] = 47
index[13] = 52
index[14] = 58
index[15] = 60
index[16] = 63
index[17] = 69
index[18] = 71
index[19] = 72
index[20] = 72
index[21] = 74
index[22] = 81
index[23] = 88
index[24] = 89
index[0] = 34
index[1] = 42
index[2] = 47
index[3] = 52
index[4] = 58
------double_linked_list tests------
added:4
added:2
added:3
added:3
added:4
added:3
added:2
added:4
added:0
added:2
added:4
added:0
added:4
added:1
added:4
added:2
added:0
added:4
added:0
added:0
index[0] = 0
index[1] = 0
index[2] = 0
index[3] = 0
index[4] = 0
index[5] = 1
index[6] = 2
index[7] = 2
index[8] = 2
index[9] = 2
index[10] = 3
index[11] = 3
index[12] = 3
index[13] = 4
index[14] = 4
index[15] = 4
index[16] = 4
index[17] = 4
index[18] = 4
index[19] = 4
--Remove--
index[0] = 0
index[1] = 0
index[2] = 0
index[3] = 0
index[4] = 1
index[5] = 2
index[6] = 2
index[7] = 2
index[8] = 2
index[9] = 3
index[10] = 3
index[11] = 3
index[12] = 4
index[13] = 4
index[14] = 4
index[15] = 4
index[16] = 4
index[17] = 4
index[18] = 1073407732
index[19] = 17282599
index[20] = 2126512358
index[21] = -1073715586
Guru Meditation Error: Core  0 panic'ed (LoadProhibited). Exception was unhandled.

Core  0 register dump:
PC      : 0x400d6225  PS      : 0x00060330  A0      : 0x800d60c1  A1      : 0x3ffb3f50  
A2      : 0x3ffb3f74  A3      : 0x00000000  A4      : 0x3ffb3f60  A5      : 0x0000000c  
A6      : 0x00000016  A7      : 0xc000667e  A8      : 0x800d6230  A9      : 0x3ffb3f00  
A10     : 0x00000018  A11     : 0x00000015  A12     : 0xc000667e  A13     : 0x3f40256b  
A14     : 0x00000015  A15     : 0x3ffaea38  SAR     : 0x00000004  EXCCAUSE: 0x0000001c  
EXCVADDR: 0xc000667e  LBEG    : 0x400014fd  LEND    : 0x4000150d  LCOUNT  : 0xffffffff  


Backtrace: 0x400d6222:0x3ffb3f50 0x400d60be:0x3ffb3f70 0x400e30ed:0x3ffb3fa0 0x40085d35:0x3ffb3fd0




ELF file SHA256: 27066a6ff

Rebooting...
ets Jul 29 2019 12:21:46

rst:0xc (SW_CPU_RESET),boot:0x13 (SPI_FAST_FLASH_BOOT)
configsip: 0, SPIWP:0xee
clk_drv:0x00,q_drv:0x00,d_drv:0x00,cs0_drv:0x00,hd_drv:0x00,wp_drv:0x00
mode:DIO, clock div:2
load:0x3fff0030,len:6380
ho 0 tail 12 room 4
load:0x40078000,len:15916
load:0x40080400,len:3860
entry 0x40080638
[0;32mI (29) boot: ESP-IDF HEAD-HASH-NOTFOUND 2nd stage bootloader[0m
[0;32mI (29) boot: compile time Oct  8 2025 00:30:29[0m
[0;32mI (29) boot: Multicore bootloader[0m
[0;32mI (32) boot: chip revision: v3.1[0m
[0;32mI (34) boot.esp32: SPI Speed      : 40MHz[0m
[0;32mI (38) boot.esp32: SPI Mode       : DIO[0m
[0;32mI (42) boot.esp32: SPI Flash Size : 2MB[0m
[0;32mI (45) boot: Enabling RNG early entropy source...[0m
[0;32mI (50) boot: Partition Table:[0m
[0;32mI (52) boot: ## Label            Usage          Type ST Offset   Length[0m
[0;32mI (59) boot:  0 nvs              WiFi data        01 02 00009000 00006000[0m
[0;32mI (65) boot:  1 phy_init         RF data          01 01 0000f000 00001000[0m
[0;32mI (72) boot:  2 factory          factory app      00 00 00010000 00100000[0m
[0;32mI (78) boot: End of partition table[0m
[0;32mI (82) esp_image: segment 0: paddr=00010020 vaddr=3f400020 size=09a68h ( 39528) map[0m
[0;32mI (102) esp_image: segment 1: paddr=00019a90 vaddr=3ffb0000 size=023d8h (  9176) load[0m
[0;32mI (106) esp_image: segment 2: paddr=0001be70 vaddr=40080000 size=041a8h ( 16808) load[0m
[0;32mI (113) esp_image: segment 3: paddr=00020020 vaddr=400d0020 size=137d4h ( 79828) map[0m
[0;32mI (141) esp_image: segment 4: paddr=000337fc vaddr=400841a8 size=08e50h ( 36432) load[0m
[0;32mI (156) esp_image: segment 5: paddr=0003c654 vaddr=50000000 size=00020h (    32) load[0m
[0;32mI (162) boot: Loaded app from partition at offset 0x10000[0m
[0;32mI (162) boot: Disabling RNG early entropy source...[0m
[0;32mI (174) cpu_start: Multicore app[0m
[0;32mI (182) cpu_start: Pro cpu start user code[0m
[0;32mI (182) cpu_start: cpu freq: 160000000 Hz[0m
[0;32mI (182) app_init: Application information:[0m
[0;32mI (182) app_init: Project name:     lab4[0m
[0;32mI (186) app_init: App version:      2c3774c-dirty[0m
[0;32mI (190) app_init: Compile time:     Oct  8 2025 09:46:24[0m
[0;32mI (195) app_init: ELF file SHA256:  27066a6ff...[0m
[0;32mI (200) app_init: ESP-IDF:          HEAD-HASH-NOTFOUND[0m
[0;32mI (205) efuse_init: Min chip rev:     v0.0[0m
[0;32mI (208) efuse_init: Max chip rev:     v3.99 [0m
[0;32mI (212) efuse_init: Chip rev:         v3.1[0m
[0;32mI (216) heap_init: Initializing. RAM available for dynamic allocation:[0m
[0;32mI (223) heap_init: At 3FFAE6E0 len 00001920 (6 KiB): DRAM[0m
[0;32mI (228) heap_init: At 3FFB2CA8 len 0002D358 (180 KiB): DRAM[0m
[0;32mI (233) heap_init: At 3FFE0440 len 00003AE0 (14 KiB): D/IRAM[0m
[0;32mI (238) heap_init: At 3FFE4350 len 0001BCB0 (111 KiB): D/IRAM[0m
[0;32mI (244) heap_init: At 4008CFF8 len 00013008 (76 KiB): IRAM[0m
[0;33mW (250) spi_flash: Detected boya flash chip but using generic driver. For optimal functionality, enable `SPI_FLASH_SUPPORT_BOYA_CHIP` in menuconfig[0m
[0;32mI (262) spi_flash: detected chip: generic[0m
[0;32mI (266) spi_flash: flash io: dio[0m
[0;33mW (269) spi_flash: Detected size(4096k) larger than the size in the binary image header(2048k). Using the size in the binary image header.[0m
[0;32mI (281) main_task: Started on CPU0[0m
[0;32mI (291) main_task: Calling app_main()[0m
------single_linked_list tests------
added:10
added:42
added:20
added:95
added:79
added:82
added:29
added:50
added:63
added:81
added:97
added:49
added:87
added:77
added:84
added:9
added:32
added:47
added:89
added:9
added:7
added:99
added:55
added:27
added:47
index[0] = 7
index[1] = 9
index[2] = 9
index[3] = 10
index[4] = 20
index[5] = 27
index[6] = 29
index[7] = 32
index[8] = 42
index[9] = 47
index[10] = 47
index[11] = 49
index[12] = 50
index[13] = 55
index[14] = 63
index[15] = 77
index[16] = 79
index[17] = 81
index[18] = 82
index[19] = 84
index[20] = 87
index[21] = 89
index[22] = 95
index[23] = 97
index[24] = 99
index[0] = 47
index[1] = 49
index[2] = 50
index[3] = 55
index[4] = 63
------double_linked_list tests------
added:1
added:0
added:3
added:1
added:0
added:2
added:3
added:3
added:2
added:4
added:1
added:4
added:0
added:2
added:1
added:4
added:3
added:3
added:4
added:1
index[0] = 0
index[1] = 0
index[2] = 0
index[3] = 1
index[4] = 1
index[5] = 1
index[6] = 1
index[7] = 1
index[8] = 2
index[9] = 2
index[10] = 2
index[11] = 3
index[12] = 3
index[13] = 3
index[14] = 3
index[15] = 3
index[16] = 4
index[17] = 4
index[18] = 4
index[19] = 4
--Remove--
index[0] = 0
index[1] = 0
index[2] = 1
index[3] = 1
index[4] = 1
index[5] = 1
index[6] = 1
index[7] = 2
index[8] = 2
index[9] = 2
index[10] = 3
index[11] = 3
index[12] = 3
index[13] = 3
index[14] = 3
index[15] = 4
index[16] = 4
index[17] = 4
index[18] = 1073413752
index[19] = 17282599
index[20] = 2126512358
index[21] = -1073715586
Guru Meditation Error: Core  0 panic'ed (LoadProhibited). Exception was unhandled.

Core  0 register dump:
PC      : 0x400d6225  PS      : 0x00060330  A0      : 0x800d60c1  A1      : 0x3ffb3f50  
A2      : 0x3ffb3f74  A3      : 0x00000001  A4      : 0x3ffb3f60  A5      : 0x0000000c  
A6      : 0x00000016  A7      : 0xc000667e  A8      : 0x800d6230  A9      : 0x3ffb3f00  
A10     : 0x00000018  A11     : 0x00000015  A12     : 0xc000667e  A13     : 0x3f40256b  
A14     : 0x00000015  A15     : 0x3ffaea38  SAR     : 0x00000004  EXCCAUSE: 0x0000001c  
EXCVADDR: 0xc000667e  LBEG    : 0x400014fd  LEND    : 0x4000150d  LCOUNT  : 0xffffffff  


Backtrace: 0x400d6222:0x3ffb3f50 0x400d60be:0x3ffb3f70 0x400e30ed:0x3ffb3fa0 0x40085d35:0x3ffb3fd0




ELF file SHA256: 27066a6ff

Rebooting...
ets Jul 29 2019 12:21:46

rst:0xc (SW_CPU_RESET),boot:0x13 (SPI_FAST_FLASH_BOOT)
configsip: 0, SPIWP:0xee
clk_drv:0x00,q_drv:0x00,d_drv:0x00,cs0_drv:0x00,hd_drv:0x00,wp_drv:0x00
mode:DIO, clock div:2
load:0x3fff0030,len:6380
ho 0 tail 12 room 4
load:0x40078000,len:15916
load:0x40080400,len:3860
entry 0x40080638
[0;32mI (29) boot: ESP-IDF HEAD-HASH-NOTFOUND 2nd stage bootloader[0m
[0;32mI (29) boot: compile time Oct  8 2025 00:30:29[0m
[0;32mI (29) boot: Multicore bootloader[0m
[0;32mI (32) boot: chip revision: v3.1[0m
[0;32mI (34) boot.esp32: SPI Speed      : 40MHz[0m
[0;32mI (38) boot.esp32: SPI Mode       : DIO[0m
[0;32mI (42) boot.esp32: SPI Flash Size : 2MB[0m
[0;32mI (45) boot: Enabling RNG early entropy source...[0m
[0;32mI (50) boot: Partition Table:[0m
[0;32mI (52) boot: ## Label            Usage          Type ST Offset   Length[0m
[0;32mI (59) boot:  0 nvs              WiFi data        01 02 00009000 00006000[0m
[0;32mI (65) boot:  1 phy_init         RF data          01 01 0000f000 00001000[0m
[0;32mI (72) boot:  2 factory          factory app      00 00 00010000 00100000[0m
[0;32mI (78) boot: End of partition table[0m
[0;32mI (82) esp_image: segment 0: paddr=00010020 vaddr=3f400020 size=09a68h ( 39528) map[0m
[0;32mI (102) esp_image: segment 1: paddr=00019a90 vaddr=3ffb0000 size=023d8h (  9176) load[0m
[0;32mI (106) esp_image: segment 2: paddr=0001be70 vaddr=40080000 size=041a8h ( 16808) load[0m
[0;32mI (113) esp_image: segment 3: paddr=00020020 vaddr=400d0020 size=137d4h ( 79828) map[0m
[0;32mI (141) esp_image: segment 4: paddr=000337fc vaddr=400841a8 size=08e50h ( 36432) load[0m
[0;32mI (156) esp_image: segment 5: paddr=0003c654 vaddr=50000000 size=00020h (    32) load[0m
[0;32mI (162) boot: Loaded app from partition at offset 0x10000[0m
[0;32mI (162) boot: Disabling RNG early entropy source...[0m
[0;32mI (174) cpu_start: Multicore app[0m
[0;32mI (182) cpu_start: Pro cpu start user code[0m
[0;32mI (182) cpu_start: cpu freq: 160000000 Hz[0m
[0;32mI (182) app_init: Application information:[0m
[0;32mI (182) app_init: Project name:     lab4[0m
[0;32mI (186) app_init: App version:      2c3774c-dirty[0m
[0;32mI (190) app_init: Compile time:     Oct  8 2025 09:46:24[0m
[0;32mI (195) app_init: ELF file SHA256:  27066a6ff...[0m
[0;32mI (200) app_init: ESP-IDF:          HEAD-HASH-NOTFOUND[0m
[0;32mI (205) efuse_init: Min chip rev:     v0.0[0m
[0;32mI (208) efuse_init: Max chip rev:     v3.99 [0m
[0;32mI (212) efuse_init: Chip rev:         v3.1[0m
[0;32mI (216) heap_init: Initializing. RAM available for dynamic allocation:[0m
[0;32mI (223) heap_init: At 3FFAE6E0 len 00001920 (6 KiB): DRAM[0m
[0;32mI (228) heap_init: At 3FFB2CA8 len 0002D358 (180 KiB): DRAM[0m
[0;32mI (233) heap_init: At 3FFE0440 len 00003AE0 (14 KiB): D/IRAM[0m
[0;32mI (238) heap_init: At 3FFE4350 len 0001BCB0 (111 KiB): D/IRAM[0m
[0;32mI (244) heap_init: At 4008CFF8 len 00013008 (76 KiB): IRAM[0m
[0;33mW (250) spi_flash: Detected boya flash chip but using generic driver. For optimal functionality, enable `SPI_FLASH_SUPPORT_BOYA_CHIP` in menuconfig[0m
[0;32mI (262) spi_flash: detected chip: generic[0m
[0;32mI (266) spi_flash: flash io: dio[0m
[0;33mW (269) spi_flash: Detected size(4096k) larger than the size in the binary image header(2048k). Using the size in the binary image header.[0m
[0;32mI (281) main_task: Started on CPU0[0m
[0;32mI (291) main_task: Calling app_main()[0m
------single_linked_list tests------
added:82
added:52
added:77
added:48
added:75
added:34
added:85
added:22
added:60
added:53
added:29
added:81
added:17
added:73
added:3
added:32
added:95
added:32
added:5
added:59
added:42
added:65
added:37
added:22
added:13
index[0] = 3
index[1] = 5
index[2] = 13
index[3] = 17
index[4] = 22
index[5] = 22
index[6] = 29
index[7] = 32
index[8] = 32
index[9] = 34
index[10] = 37
index[11] = 42
index[12] = 48
index[13] = 52
index[14] = 53
index[15] = 59
index[16] = 60
index[17] = 65
index[18] = 73
index[19] = 75
index[20] = 77
index[21] = 81
index[22] = 82
index[23] = 85
index[24] = 95
index[0] = 37
index[1] = 42
index[2] = 48
index[3] = 52
index[4] = 53
------double_linked_list tests------
added:0
added:2
added:4
added:2
added:2
added:1
added:1
added:1
added:0
added:3
added:2
added:1
added:1
added:1
added:0
added:1
added:0
added:0
added:0
added:0
index[0] = 0
index[1] = 0
index[2] = 0
index[3] = 0
index[4] = 0
index[5] = 0
index[6] = 0
index[7] = 1
index[8] = 1
index[9] = 1
index[10] = 1
index[11] = 1
index[12] = 1
index[13] = 1
index[14] = 2
index[15] = 2
index[16] = 2
index[17] = 2
index[18] = 3
index[19] = 4
--Remove--
index[0] = 0
index[1] = 0
index[2] = 0
index[3] = 0
index[4] = 0
index[5] = 0
index[6] = 1
index[7] = 1
index[8] = 1
index[9] = 1
index[10] = 1
index[11] = 1
index[12] = 1
index[13] = 2
index[14] = 2
index[15] = 2
index[16] = 2
index[17] = 3
index[18] = 1073407732
index[19] = 17282599
index[20] = 2126512358
index[21] = -1073715586
Guru Meditation Error: Core  0 panic'ed (LoadProhibited). Exception was unhandled.

Core  0 register dump:
PC      : 0x400d6225  PS      : 0x00060330  A0      : 0x800d60c1  A1      : 0x3ffb3f50  
A2      : 0x3ffb3f74  A3      : 0x00000000  A4      : 0x3ffb3f60  A5      : 0x0000000c  
A6      : 0x00000016  A7      : 0xc000667e  A8      : 0x800d6230  A9      : 0x3ffb3f00  
A10     : 0x00000018  A11     : 0x00000015  A12     : 0xc000667e  A13     : 0x3f40256b  
A14     : 0x00000015  A15     : 0x3ffaea38  SAR     : 0x00000004  EXCCAUSE: 0x0000001c  
EXCVADDR: 0xc000667e  LBEG    : 0x400014fd  LEND    : 0x4000150d  LCOUNT  : 0xffffffff  


Backtrace: 0x400d6222:0x3ffb3f50 0x400d60be:0x3ffb3f70 0x400e30ed:0x3ffb3fa0 0x40085d35:0x3ffb3fd0




ELF file SHA256: 27066a6ff

Rebooting...
ets Jul 29 2019 12:21:46

rst:0xc (SW_CPU_RESET),boot:0x13 (SPI_FAST_FLASH_BOOT)
configsip: 0, SPIWP:0xee
clk_drv:0x00,q_drv:0x00,d_drv:0x00,cs0_drv:0x00,hd_drv:0x00,wp_drv:0x00
mode:DIO, clock div:2
load:0x3fff0030,len:6380
ho 0 tail 12 room 4
load:0x40078000,len:15916
load:0x40080400,len:3860
entry 0x40080638
[0;32mI (29) boot: ESP-IDF HEAD-HASH-NOTFOUND 2nd stage bootloader[0m
[0;32mI (29) boot: compile time Oct  8 2025 00:30:29[0m
[0;32mI (29) boot: Multicore bootloader[0m
[0;32mI (32) boot: chip revision: v3.1[0m
[0;32mI (34) boot.esp32: SPI Speed      : 40MHz[0m
[0;32mI (38) boot.esp32: SPI Mode       : DIO[0m
[0;32mI (42) boot.esp32: SPI Flash Size : 2MB[0m
[0;32mI (45) boot: Enabling RNG early entropy source...[0m
[0;32mI (50) boot: Partition Table:[0m
[0;32mI (52) boot: ## Label            Usage          Type ST Offset   Length[0m
[0;32mI (59) boot:  0 nvs              WiFi data        01 02 00009000 00006000[0m
[0;32mI (65) boot:  1 phy_init         RF data          01 01 0000f000 00001000[0m
[0;32mI (72) boot:  2 factory          factory app      00 00 00010000 00100000[0m
[0;32mI (78) boot: End of partition table[0m
[0;32mI (82) esp_image: segment 0: paddr=00010020 vaddr=3f400020 size=09a68h ( 39528) map[0m
[0;32mI (102) esp_image: segment 1: paddr=00019a90 vaddr=3ffb0000 size=023d8h (  9176) load[0m
[0;32mI (106) esp_image: segment 2: paddr=0001be70 vaddr=40080000 size=041a8h ( 16808) load[0m
[0;32mI (113) esp_image: segment 3: paddr=00020020 vaddr=400d0020 size=137d4h ( 79828) map[0m
[0;32mI (141) esp_image: segment 4: paddr=000337fc vaddr=400841a8 size=08e50h ( 36432) load[0m
[0;32mI (156) esp_image: segment 5: paddr=0003c654 vaddr=50000000 size=00020h (    32) load[0m
[0;32mI (162) boot: Loaded app from partition at offset 0x10000[0m
[0;32mI (162) boot: Disabling RNG early entropy source...[0m
[0;32mI (174) cpu_start: Multicore app[0m
[0;32mI (182) cpu_start: Pro cpu start user code[0m
[0;32mI (182) cpu_start: cpu freq: 160000000 Hz[0m
[0;32mI (182) app_init: Application information:[0m
[0;32mI (182) app_init: Project name:     lab4[0m
[0;32mI (186) app_init: App version:      2c3774c-dirty[0m
[0;32mI (190) app_init: Compile time:     Oct  8 2025 09:46:24[0m
[0;32mI (195) app_init: ELF file SHA256:  27066a6ff...[0m
[0;32mI (200) app_init: ESP-IDF:          HEAD-HASH-NOTFOUND[0m
[0;32mI (205) efuse_init: Min chip rev:     v0.0[0m
[0;32mI (208) efuse_init: Max chip rev:     v3.99 [0m
[0;32mI (212) efuse_init: Chip rev:         v3.1[0m
[0;32mI (216) heap_init: Initializing. RAM available for dynamic allocation:[0m
[0;32mI (223) heap_init: At 3FFAE6E0 len 00001920 (6 KiB): DRAM[0m
[0;32mI (228) heap_init: At 3FFB2CA8 len 0002D358 (180 KiB): DRAM[0m
[0;32mI (233) heap_init: At 3FFE0440 len 00003AE0 (14 KiB): D/IRAM[0m
[0;32mI (238) heap_init: At 3FFE4350 len 0001BCB0 (111 KiB): D/IRAM[0m
[0;32mI (244) heap_init: At 4008CFF8 len 00013008 (76 KiB): IRAM[0m
[0;33mW (250) spi_flash: Detected boya flash chip but using generic driver. For optimal functionality, enable `SPI_FLASH_SUPPORT_BOYA_CHIP` in menuconfig[0m
[0;32mI (262) spi_flash: detected chip: generic[0m
[0;32mI (266) spi_flash: flash io: dio[0m
[0;33mW (269) spi_flash: Detected size(4096k) larger than the size in the binary image header(2048k). Using the size in the binary image header.[0m
[0;32mI (281) main_task: Started on CPU0[0m
[0;32mI (291) main_task: Calling app_main()[0m
------single_linked_list tests------
added:82
added:81
added:7
added:54
added:11
added:10
added:98
added:51
added:61
added:24
added:37
added:29
added:86
added:26
added:64
added:32
added:45
added:75
added:59
added:33
added:88
added:72
added:82
added:97
added:86
index[0] = 7
index[1] = 10
index[2] = 11
index[3] = 24
index[4] = 26
index[5] = 29
index[6] = 32
index[7] = 33
index[8] = 37
index[9] = 45
index[10] = 51
index[11] = 54
index[12] = 59
index[13] = 61
index[14] = 64
index[15] = 72
index[16] = 75
index[17] = 81
index[18] = 82
index[19] = 82
index[20] = 86
index[21] = 86
index[22] = 88
index[23] = 97
index[24] = 98
index[0] = 51
index[1] = 54
index[2] = 59
index[3] = 61
index[4] = 64
------double_linked_list tests------
added:0
added:3
added:4
added:1
added:2
added:4
added:1
added:3
added:0
added:2
added:4
added:3
added:4
added:2
added:0
added:3
added:1
added:4
added:4
added:4
index[0] = 0
index[1] = 0
index[2] = 0
index[3] = 1
index[4] = 1
index[5] = 1
index[6] = 2
index[7] = 2
index[8] = 2
index[9] = 3
index[10] = 3
index[11] = 3
index[12] = 3
index[13] = 4
index[14] = 4
index[15] = 4
index[16] = 4
index[17] = 4
index[18] = 4
index[19] = 4
--Remove--
index[0] = 0
index[1] = 0
index[2] = 1
index[3] = 1
index[4] = 1
index[5] = 2
index[6] = 2
index[7] = 2
index[8] = 3
index[9] = 3
index[10] = 3
index[11] = 3
index[12] = 4
index[13] = 4
index[14] = 4
index[15] = 4
index[16] = 4
index[17] = 4
index[18] = 1073407732
index[19] = 17282599
index[20] = 2126512358
index[21] = -1073715586
Guru Meditation Error: Core  0 panic'ed (LoadProhibited). Exception was unhandled.

Core  0 register dump:
PC      : 0x400d6225  PS      : 0x00060330  A0      : 0x800d60c1  A1      : 0x3ffb3f50  
A2      : 0x3ffb3f74  A3      : 0x00000004  A4      : 0x3ffb3f60  A5      : 0x0000000c  
A6      : 0x00000016  A7      : 0xc000667e  A8      : 0x800d6230  A9      : 0x3ffb3f00  
A10     : 0x00000018  A11     : 0x00000015  A12     : 0xc000667e  A13     : 0x3f40256b  
A14     : 0x00000015  A15     : 0x3ffaea38  SAR     : 0x00000004  EXCCAUSE: 0x0000001c  
EXCVADDR: 0xc000667e  LBEG    : 0x400014fd  LEND    : 0x4000150d  LCOUNT  : 0xffffffff  


Backtrace: 0x400d6222:0x3ffb3f50 0x400d60be:0x3ffb3f70 0x400e30ed:0x3ffb3fa0 0x40085d35:0x3ffb3fd0




ELF file SHA256: 27066a6ff

Rebooting...
ets Jul 29 2019 12:21:46

rst:0xc (SW_CPU_RESET),boot:0x13 (SPI_FAST_FLASH_BOOT)
configsip: 0, SPIWP:0xee
clk_drv:0x00,q_drv:0x00,d_drv:0x00,cs0_drv:0x00,hd_drv:0x00,wp_drv:0x00
mode:DIO, clock div:2
load:0x3fff0030,len:6380
ho 0 tail 12 room 4
load:0x40078000,len:15916
load:0x40080400,len:3860
entry 0x40080638
[0;32mI (29) boot: ESP-IDF HEAD-HASH-NOTFOUND 2nd stage bootloader[0m
[0;32mI (29) boot: compile time Oct  8 2025 00:30:29[0m
[0;32mI (29) boot: Multicore bootloader[0m
[0;32mI (32) boot: chip revision: v3.1[0m
[0;32mI (34) boot.esp32: SPI Speed      : 40MHz[0m
[0;32mI (38) boot.esp32: SPI Mode       : DIO[0m
[0;32mI (42) boot.esp32: SPI Flash Size : 2MB[0m
[0;32mI (45) boot: Enabling RNG early entropy source...[0m
[0;32mI (50) boot: Partition Table:[0m
[0;32mI (52) boot: ## Label            Usage          Type ST Offset   Length[0m
[0;32mI (59) boot:  0 nvs              WiFi data        01 02 00009000 00006000[0m
[0;32mI (65) boot:  1 phy_init         RF data          01 01 0000f000 00001000[0m
[0;32mI (72) boot:  2 factory          factory app      00 00 00010000 00100000[0m
[0;32mI (78) boot: End of partition table[0m
[0;32mI (82) esp_image: segment 0: paddr=00010020 vaddr=3f400020 size=09a68h ( 39528) map[0m
[0;32mI (102) esp_image: segment 1: paddr=00019a90 vaddr=3ffb0000 size=023d8h (  9176) load[0m
[0;32mI (106) esp_image: segment 2: paddr=0001be70 vaddr=40080000 size=041a8h ( 16808) load[0m
[0;32mI (113) esp_image: segment 3: paddr=00020020 vaddr=400d0020 size=137d4h ( 79828) map[0m
[0;32mI (141) esp_image: segment 4: paddr=000337fc vaddr=400841a8 size=08e50h ( 36432) load[0m
[0;32mI (156) esp_image: segment 5: paddr=0003c654 vaddr=50000000 size=00020h (    32) load[0m
[0;32mI (162) boot: Loaded app from partition at offset 0x10000[0m
[0;32mI (162) boot: Disabling RNG early entropy source...[0m
[0;32mI (174) cpu_start: Multicore app[0m
[0;32mI (182) cpu_start: Pro cpu start user code[0m
[0;32mI (182) cpu_start: cpu freq: 160000000 Hz[0m
[0;32mI (182) app_init: Application information:[0m
[0;32mI (182) app_init: Project name:     lab4[0m
[0;32mI (186) app_init: App version:      2c3774c-dirty[0m
[0;32mI (190) app_init: Compile time:     Oct  8 2025 09:46:24[0m
[0;32mI (195) app_init: ELF file SHA256:  27066a6ff...[0m
[0;32mI (200) app_init: ESP-IDF:          HEAD-HASH-NOTFOUND[0m
[0;32mI (205) efuse_init: Min chip rev:     v0.0[0m
[0;32mI (208) efuse_init: Max chip rev:     v3.99 [0m
[0;32mI (212) efuse_init: Chip rev:         v3.1[0m
[0;32mI (216) heap_init: Initializing. RAM available for dynamic allocation:[0m
[0;32mI (223) heap_init: At 3FFAE6E0 len 00001920 (6 KiB): DRAM[0m
[0;32mI (228) heap_init: At 3FFB2CA8 len 0002D358 (180 KiB): DRAM[0m
[0;32mI (233) heap_init: At 3FFE0440 len 00003AE0 (14 KiB): D/IRAM[0m
[0;32mI (238) heap_init: At 3FFE4350 len 0001BCB0 (111 KiB): D/IRAM[0m
[0;32mI (244) heap_init: At 4008CFF8 len 00013008 (76 KiB): IRAM[0m
[0;33mW (250) spi_flash: Detected boya flash chip but using generic driver. For optimal functionality, enable `SPI_FLASH_SUPPORT_BOYA_CHIP` in menuconfig[0m
[0;32mI (262) spi_flash: detected chip: generic[0m
[0;32mI (266) spi_flash: flash io: dio[0m
[0;33mW (269) spi_flash: Detected size(4096k) larger than the size in the binary image header(2048k). Using the size in the binary image header.[0m
[0;32mI (281) main_task: Started on CPU0[0m
[0;32mI (291) main_task: Calling app_main()[0m
------single_linked_list tests------
added:15
added:30
added:49
added:52
added:55
added:9
added:82
added:58
added:27
added:37
added:19
added:50
added:98
added:18
added:36
added:42
added:74
added:89
added:96
added:44
added:1
added:5
added:91
added:45
added:47
index[0] = 1
index[1] = 5
index[2] = 9
index[3] = 15
index[4] = 18
index[5] = 19
index[6] = 27
index[7] = 30
index[8] = 36
index[9] = 37
index[10] = 42
index[11] = 44
index[12] = 45
index[13] = 47
index[14] = 49
index[15] = 50
index[16] = 52
index[17] = 55
index[18] = 58
index[19] = 74
index[20] = 82
index[21] = 89
index[22] = 91
index[23] = 96
index[24] = 98
index[0] = 42
index[1] = 44
index[2] = 45
index[3] = 47
index[4] = 49
------double_linked_list tests------
added:2
added:4
added:2
added:4
added:4
added:2
added:3
added:4
added:1
added:1
added:1
added:1
added:2
added:0
added:1
added:0
added:4
added:1
added:0
added:1
index[0] = 0
index[1] = 0
index[2] = 0
index[3] = 1
index[4] = 1
index[5] = 1
index[6] = 1
index[7] = 1
index[8] = 1
index[9] = 1
index[10] = 2
index[11] = 2
index[12] = 2
index[13] = 2
index[14] = 3
index[15] = 4
index[16] = 4
index[17] = 4
index[18] = 4
index[19] = 4
--Remove--
index[0] = 0
index[1] = 0
index[2] = 1
index[3] = 1
index[4] = 1
index[5] = 1
index[6] = 1
index[7] = 1
index[8] = 1
index[9] = 2
index[10] = 2
index[11] = 2
index[12] = 2
index[13] = 3
index[14] = 4
index[15] = 4
index[16] = 4
index[17] = 4
index[18] = 1073413816
index[19] = 17282599
index[20] = 2126512358
index[21] = -1073715586
Guru Meditation Error: Core  0 panic'ed (LoadProhibited). Exception was unhandled.

Core  0 register dump:
PC      : 0x400d6225  PS      : 0x00060330  A0      : 0x800d60c1  A1      : 0x3ffb3f50  
A2      : 0x3ffb3f74  A3      : 0x00000001  A4      : 0x3ffb3f60  A5      : 0x0000000c  
A6      : 0x00000016  A7      : 0xc000667e  A8      : 0x800d6230  A9      : 0x3ffb3f00  
A10     : 0x00000018  A11     : 0x00000015  A12     : 0xc000667e  A13     : 0x3f40256b  
A14     : 0x00000015  A15     : 0x3ffaea38  SAR     : 0x00000004  EXCCAUSE: 0x0000001c  
EXCVADDR: 0xc000667e  LBEG    : 0x400014fd  LEND    : 0x4000150d  LCOUNT  : 0xffffffff  


Backtrace: 0x400d6222:0x3ffb3f50 0x400d60be:0x3ffb3f70 0x400e30ed:0x3ffb3fa0 0x40085d35:0x3ffb3fd0




ELF file SHA256: 27066a6ff

Rebooting...
ets Jul 29 2019 12:21:46

rst:0xc (SW_CPU_RESET),boot:0x13 (SPI_FAST_FLASH_BOOT)
configsip: 0, SPIWP:0xee
clk_drv:0x00,q_drv:0x00,d_drv:0x00,cs0_drv:0x00,hd_drv:0x00,wp_drv:0x00
mode:DIO, clock div:2
load:0x3fff0030,len:6380
ho 0 tail 12 room 4
load:0x40078000,len:15916
load:0x40080400,len:3860
entry 0x40080638
[0;32mI (29) boot: ESP-IDF HEAD-HASH-NOTFOUND 2nd stage bootloader[0m
[0;32mI (29) boot: compile time Oct  8 2025 00:30:29[0m
[0;32mI (29) boot: Multicore bootloader[0m
[0;32mI (32) boot: chip revision: v3.1[0m
[0;32mI (34) boot.esp32: SPI Speed      : 40MHz[0m
[0;32mI (38) boot.esp32: SPI Mode       : DIO[0m
[0;32mI (42) boot.esp32: SPI Flash Size : 2MB[0m
[0;32mI (45) boot: Enabling RNG early entropy source...[0m
[0;32mI (50) boot: Partition Table:[0m
[0;32mI (52) boot: ## Label            Usage          Type ST Offset   Length[0m
[0;32mI (59) boot:  0 nvs              WiFi data        01 02 00009000 00006000[0m
[0;32mI (65) boot:  1 phy_init         RF data          01 01 0000f000 00001000[0m
[0;32mI (72) boot:  2 factory          factory app      00 00 00010000 00100000[0m
[0;32mI (78) boot: End of partition table[0m
[0;32mI (82) esp_image: segment 0: paddr=00010020 vaddr=3f400020 size=09a68h ( 39528) map[0m
[0;32mI (102) esp_image: segment 1: paddr=00019a90 vaddr=3ffb0000 size=023d8h (  9176) load[0m
[0;32mI (106) esp_image: segment 2: paddr=0001be70 vaddr=40080000 size=041a8h ( 16808) load[0m
[0;32mI (113) esp_image: segment 3: paddr=00020020 vaddr=400d0020 size=137d4h ( 79828) map[0m
[0;32mI (141) esp_image: segment 4: paddr=000337fc vaddr=400841a8 size=08e50h ( 36432) load[0m
[0;32mI (156) esp_image: segment 5: paddr=0003c654 vaddr=50000000 size=00020h (    32) load[0m
[0;32mI (162) boot: Loaded app from partition at offset 0x10000[0m
[0;32mI (162) boot: Disabling RNG early entropy source...[0m
[0;32mI (174) cpu_start: Multicore app[0m
[0;32mI (182) cpu_start: Pro cpu start user code[0m
[0;32mI (182) cpu_start: cpu freq: 160000000 Hz[0m
[0;32mI (182) app_init: Application information:[0m
[0;32mI (182) app_init: Project name:     lab4[0m
[0;32mI (186) app_init: App version:      2c3774c-dirty[0m
[0;32mI (190) app_init: Compile time:     Oct  8 2025 09:46:24[0m
[0;32mI (195) app_init: ELF file SHA256:  27066a6ff...[0m
[0;32mI (200) app_init: ESP-IDF:          HEAD-HASH-NOTFOUND[0m
[0;32mI (205) efuse_init: Min chip rev:     v0.0[0m
[0;32mI (208) efuse_init: Max chip rev:     v3.99 [0m
[0;32mI (212) efuse_init: Chip rev:         v3.1[0m
[0;32mI (216) heap_init: Initializing. RAM available for dynamic allocation:[0m
[0;32mI (223) heap_init: At 3FFAE6E0 len 00001920 (6 KiB): DRAM[0m
[0;32mI (228) heap_init: At 3FFB2CA8 len 0002D358 (180 KiB): DRAM[0m
[0;32mI (233) heap_init: At 3FFE0440 len 00003AE0 (14 KiB): D/IRAM[0m
[0;32mI (238) heap_init: At 3FFE4350 len 0001BCB0 (111 KiB): D/IRAM[0m
[0;32mI (244) heap_init: At 4008CFF8 len 00013008 (76 KiB): IRAM[0m
[0;33mW (250) spi_flash: Detected boya flash chip but using generic driver. For optimal functionality, enable `SPI_FLASH_SUPPORT_BOYA_CHIP` in menuconfig[0m
[0;32mI (262) spi_flash: detected chip: generic[0m
[0;32mI (266) spi_flash: flash io: dio[0m
[0;33mW (269) spi_flash: Detected size(4096k) larger than the size in the binary image header(2048k). Using the size in the binary image header.[0m
[0;32mI (281) main_task: Started on CPU0[0m
[0;32mI (291) main_task: Calling app_main()[0m
------single_linked_list tests------
added:0
added:48
added:3
added:90
added:21
added:54
added:59
added:24
added:29
added:26
added:97
added:28
added:36
added:36
added:13
added:83
added:31
added:95
added:37
added:83
added:79
added:78
added:22
added:55
added:43
index[0] = 0
index[1] = 3
index[2] = 13
index[3] = 21
index[4] = 22
index[5] = 24
index[6] = 26
index[7] = 28
index[8] = 29
index[9] = 31
index[10] = 36
index[11] = 36
index[12] = 37
index[13] = 43
index[14] = 48
index[15] = 54
index[16] = 55
index[17] = 59
index[18] = 78
index[19] = 79
index[20] = 83
index[21] = 83
index[22] = 90
index[23] = 95
index[24] = 97
index[0] = 36
index[1] = 36
index[2] = 37
index[3] = 43
index[4] = 48
------double_linked_list tests------
added:1
added:3
added:3
added:1
added:0
added:2
added:2
added:1
added:1
added:2
added:0
added:1
added:2
added:1
added:4
added:0
added:1
added:2
added:3
added:0
index[0] = 0
index[1] = 0
index[2] = 0
index[3] = 0
index[4] = 1
index[5] = 1
index[6] = 1
index[7] = 1
index[8] = 1
index[9] = 1
index[10] = 1
index[11] = 2
index[12] = 2
index[13] = 2
index[14] = 2
index[15] = 2
index[16] = 3
index[17] = 3
index[18] = 3
index[19] = 4
--Remove--
index[0] = 0
index[1] = 0
index[2] = 0
index[3] = 1
index[4] = 1
index[5] = 1
index[6] = 1
index[7] = 1
index[8] = 1
index[9] = 1
index[10] = 2
index[11] = 2
index[12] = 2
index[13] = 2
index[14] = 2
index[15] = 3
index[16] = 3
index[17] = 3
index[18] = 1073407732
index[19] = 17282599
index[20] = 2126512358
index[21] = -1073715586
Guru Meditation Error: Core  0 panic'ed (LoadProhibited). Exception was unhandled.

Core  0 register dump:
PC      : 0x400d6225  PS      : 0x00060330  A0      : 0x800d60c1  A1      : 0x3ffb3f50  
A2      : 0x3ffb3f74  A3      : 0x00000000  A4      : 0x3ffb3f60  A5      : 0x0000000c  
A6      : 0x00000016  A7      : 0xc000667e  A8      : 0x800d6230  A9      : 0x3ffb3f00  
A10     : 0x00000018  A11     : 0x00000015  A12     : 0xc000667e  A13     : 0x3f40256b  
A14     : 0x00000015  A15     : 0x3ffaea38  SAR     : 0x00000004  EXCCAUSE: 0x0000001c  
EXCVADDR: 0xc000667e  LBEG    : 0x400014fd  LEND    : 0x4000150d  LCOUNT  : 0xffffffff  


Backtrace: 0x400d6222:0x3ffb3f50 0x400d60be:0x3ffb3f70 0x400e30ed:0x3ffb3fa0 0x40085d35:0x3ffb3fd0




ELF file SHA256: 27066a6ff

Rebooting...
ets Jul 29 2019 12:21:46

rst:0xc (SW_CPU_RESET),boot:0x13 (SPI_FAST_FLASH_BOOT)
configsip: 0, SPIWP:0xee
clk_drv:0x00,q_drv:0x00,d_drv:0x00,cs0_drv:0x00,hd_drv:0x00,wp_drv:0x00
mode:DIO, clock div:2
load:0x3fff0030,len:6380
ho 0 tail 12 room 4
load:0x40078000,len:15916
load:0x40080400,len:3860
entry 0x40080638
[0;32mI (29) boot: ESP-IDF HEAD-HASH-NOTFOUND 2nd stage bootloader[0m
[0;32mI (29) boot: compile time Oct  8 2025 00:30:29[0m
[0;32mI (29) boot: Multicore bootloader[0m
[0;32mI (32) boot: chip revision: v3.1[0m
[0;32mI (34) boot.esp32: SPI Speed      : 40MHz[0m
[0;32mI (38) boot.esp32: SPI Mode       : DIO[0m
[0;32mI (42) boot.esp32: SPI Flash Size : 2MB[0m
[0;32mI (45) boot: Enabling RNG early entropy source...[0m
[0;32mI (50) boot: Partition Table:[0m
[0;32mI (52) boot: ## Label            Usage          Type ST Offset   Length[0m
[0;32mI (59) boot:  0 nvs              WiFi data        01 02 00009000 00006000[0m
[0;32mI (65) boot:  1 phy_init         RF data          01 01 0000f000 00001000[0m
[0;32mI (72) boot:  2 factory          factory app      00 00 00010000 00100000[0m
[0;32mI (78) boot: End of partition table[0m
[0;32mI (82) esp_image: segment 0: paddr=00010020 vaddr=3f400020 size=09a68h ( 39528) map[0m
[0;32mI (102) esp_image: segment 1: paddr=00019a90 vaddr=3ffb0000 size=023d8h (  9176) load[0m
[0;32mI (106) esp_image: segment 2: paddr=0001be70 vaddr=40080000 size=041a8h ( 16808) load[0m
[0;32mI (113) esp_image: segment 3: paddr=00020020 vaddr=400d0020 size=137d4h ( 79828) map[0m
[0;32mI (141) esp_image: segment 4: paddr=000337fc vaddr=400841a8 size=08e50h ( 36432) load[0m
[0;32mI (156) esp_image: segment 5: paddr=0003c654 vaddr=50000000 size=00020h (    32) load[0m
[0;32mI (162) boot: Loaded app from partition at offset 0x10000[0m
[0;32mI (162) boot: Disabling RNG early entropy source...[0m
[0;32mI (174) cpu_start: Multicore app[0m
[0;32mI (182) cpu_start: Pro cpu start user code[0m
[0;32mI (182) cpu_start: cpu freq: 160000000 Hz[0m
[0;32mI (182) app_init: Application information:[0m
[0;32mI (182) app_init: Project name:     lab4[0m
[0;32mI (186) app_init: App version:      2c3774c-dirty[0m
[0;32mI (190) app_init: Compile time:     Oct  8 2025 09:46:24[0m
[0;32mI (195) app_init: ELF file SHA256:  27066a6ff...[0m
[0;32mI (200) app_init: ESP-IDF:          HEAD-HASH-NOTFOUND[0m
[0;32mI (205) efuse_init: Min chip rev:     v0.0[0m
[0;32mI (208) efuse_init: Max chip rev:     v3.99 [0m
[0;32mI (212) efuse_init: Chip rev:         v3.1[0m
[0;32mI (216) heap_init: Initializing. RAM available for dynamic allocation:[0m
[0;32mI (223) heap_init: At 3FFAE6E0 len 00001920 (6 KiB): DRAM[0m
[0;32mI (228) heap_init: At 3FFB2CA8 len 0002D358 (180 KiB): DRAM[0m
[0;32mI (233) heap_init: At 3FFE0440 len 00003AE0 (14 KiB): D/IRAM[0m
[0;32mI (238) heap_init: At 3FFE4350 len 0001BCB0 (111 KiB): D/IRAM[0m
[0;32mI (244) heap_init: At 4008CFF8 len 00013008 (76 KiB): IRAM[0m
[0;33mW (250) spi_flash: Detected boya flash chip but using generic driver. For optimal functionality, enable `SPI_FLASH_SUPPORT_BOYA_CHIP` in menuconfig[0m
[0;32mI (262) spi_flash: detected chip: generic[0m
[0;32mI (266) spi_flash: flash io: dio[0m
[0;33mW (269) spi_flash: Detected size(4096k) larger than the size in the binary image header(2048k). Using the size in the binary image header.[0m
[0;32mI (281) main_task: Started on CPU0[0m
[0;32mI (291) main_task: Calling app_main()[0m
------single_linked_list tests------
added:73
added:54
added:88
added:63
added:65
added:45
added:22
added:81
added:85
added:5
added:19
added:63
added:0
added:75
added:17
added:33
added:90
added:97
added:63
added:82
added:10
added:10
added:9
added:41
added:31
index[0] = 0
index[1] = 5
index[2] = 9
index[3] = 10
index[4] = 10
index[5] = 17
index[6] = 19
index[7] = 22
index[8] = 31
index[9] = 33
index[10] = 41
index[11] = 45
index[12] = 54
index[13] = 63
index[14] = 63
index[15] = 63
index[16] = 65
index[17] = 73
index[18] = 75
index[19] = 81
index[20] = 82
index[21] = 85
index[22] = 88
index[23] = 90
index[24] = 97
index[0] = 41
index[1] = 45
index[2] = 54
index[3] = 63
index[4] = 63
------double_linked_list tests------
added:3
added:0
added:3
added:0
added:2
added:0
added:4
added:1
added:1
added:1
added:4
added:2
added:1
added:2
added:4
added:0
added:2
added:4
added:0
added:2
index[0] = 0
index[1] = 0
index[2] = 0
index[3] = 0
index[4] = 0
index[5] = 1
index[6] = 1
index[7] = 1
index[8] = 1
index[9] = 2
index[10] = 2
index[11] = 2
index[12] = 2
index[13] = 2
index[14] = 3
index[15] = 3
index[16] = 4
index[17] = 4
index[18] = 4
index[19] = 4
--Remove--
index[0] = 0
index[1] = 0
index[2] = 0
index[3] = 0
index[4] = 1
index[5] = 1
index[6] = 1
index[7] = 1
index[8] = 2
index[9] = 2
index[10] = 2
index[11] = 2
index[12] = 2
index[13] = 3
index[14] = 3
index[15] = 4
index[16] = 4
index[17] = 4
index[18] = 1073407732
index[19] = 17282599
index[20] = 2126512358
index[21] = -1073715586
Guru Meditation Error: Core  0 panic'ed (LoadProhibited). Exception was unhandled.

Core  0 register dump:
PC      : 0x400d6225  PS      : 0x00060330  A0      : 0x800d60c1  A1      : 0x3ffb3f50  
A2      : 0x3ffb3f74  A3      : 0x00000002  A4      : 0x3ffb3f60  A5      : 0x0000000c  
A6      : 0x00000016  A7      : 0xc000667e  A8      : 0x800d6230  A9      : 0x3ffb3f00  
A10     : 0x00000018  A11     : 0x00000015  A12     : 0xc000667e  A13     : 0x3f40256b  
A14     : 0x00000015  A15     : 0x3ffaea38  SAR     : 0x00000004  EXCCAUSE: 0x0000001c  
EXCVADDR: 0xc000667e  LBEG    : 0x400014fd  LEND    : 0x4000150d  LCOUNT  : 0xffffffff  


Backtrace: 0x400d6222:0x3ffb3f50 0x400d60be:0x3ffb3f70 0x400e30ed:0x3ffb3fa0 0x40085d35:0x3ffb3fd0




ELF file SHA256: 27066a6ff

Rebooting...
ets Jul 29 2019 12:21:46

rst:0xc (SW_CPU_RESET),boot:0x13 (SPI_FAST_FLASH_BOOT)
configsip: 0, SPIWP:0xee
clk_drv:0x00,q_drv:0x00,d_drv:0x00,cs0_drv:0x00,hd_drv:0x00,wp_drv:0x00
mode:DIO, clock div:2
load:0x3fff0030,len:6380
ho 0 tail 12 room 4
load:0x40078000,len:15916
load:0x40080400,len:3860
entry 0x40080638
[0;32mI (29) boot: ESP-IDF HEAD-HASH-NOTFOUND 2nd stage bootloader[0m
[0;32mI (29) boot: compile time Oct  8 2025 00:30:29[0m
[0;32mI (29) boot: Multicore bootloader[0m
[0;32mI (32) boot: chip revision: v3.1[0m
[0;32mI (34) boot.esp32: SPI Speed      : 40MHz[0m
[0;32mI (38) boot.esp32: SPI Mode       : DIO[0m
[0;32mI (42) boot.esp32: SPI Flash Size : 2MB[0m
[0;32mI (45) boot: Enabling RNG early entropy source...[0m
[0;32mI (50) boot: Partition Table:[0m
[0;32mI (52) boot: ## Label            Usage          Type ST Offset   Length[0m
[0;32mI (59) boot:  0 nvs              WiFi data        01 02 00009000 00006000[0m
[0;32mI (65) boot:  1 phy_init         RF data          01 01 0000f000 00001000[0m
[0;32mI (72) boot:  2 factory          factory app      00 00 00010000 00100000[0m
[0;32mI (78) boot: End of partition table[0m
[0;32mI (82) esp_image: segment 0: paddr=00010020 vaddr=3f400020 size=09a68h ( 39528) map[0m
[0;32mI (102) esp_image: segment 1: paddr=00019a90 vaddr=3ffb0000 size=023d8h (  9176) load[0m
[0;32mI (106) esp_image: segment 2: paddr=0001be70 vaddr=40080000 size=041a8h ( 16808) load[0m
[0;32mI (113) esp_image: segment 3: paddr=00020020 vaddr=400d0020 size=137d4h ( 79828) map[0m
[0;32mI (141) esp_image: segment 4: paddr=000337fc vaddr=400841a8 size=08e50h ( 36432) load[0m
[0;32mI (156) esp_image: segment 5: paddr=0003c654 vaddr=50000000 size=00020h (    32) load[0m
[0;32mI (162) boot: Loaded app from partition at offset 0x10000[0m
[0;32mI (162) boot: Disabling RNG early entropy source...[0m
[0;32mI (174) cpu_start: Multicore app[0m
[0;32mI (182) cpu_start: Pro cpu start user code[0m
[0;32mI (182) cpu_start: cpu freq: 160000000 Hz[0m
[0;32mI (182) app_init: Application information:[0m
[0;32mI (182) app_init: Project name:     lab4[0m
[0;32mI (186) app_init: App version:      2c3774c-dirty[0m
[0;32mI (190) app_init: Compile time:     Oct  8 2025 09:46:24[0m
[0;32mI (195) app_init: ELF file SHA256:  27066a6ff...[0m
[0;32mI (200) app_init: ESP-IDF:          HEAD-HASH-NOTFOUND[0m
[0;32mI (205) efuse_init: Min chip rev:     v0.0[0m
[0;32mI (208) efuse_init: Max chip rev:     v3.99 [0m
[0;32mI (212) efuse_init: Chip rev:         v3.1[0m
[0;32mI (216) heap_init: Initializing. RAM available for dynamic allocation:[0m
[0;32mI (223) heap_init: At 3FFAE6E0 len 00001920 (6 KiB): DRAM[0m
[0;32mI (228) heap_init: At 3FFB2CA8 len 0002D358 (180 KiB): DRAM[0m
[0;32mI (233) heap_init: At 3FFE0440 len 00003AE0 (14 KiB): D/IRAM[0m
[0;32mI (238) heap_init: At 3FFE4350 len 0001BCB0 (111 KiB): D/IRAM[0m
[0;32mI (244) heap_init: At 4008CFF8 len 00013008 (76 KiB): IRAM[0m
[0;33mW (250) spi_flash: Detected boya flash chip but using generic driver. For optimal functionality, enable `SPI_FLASH_SUPPORT_BOYA_CHIP` in menuconfig[0m
[0;32mI (262) spi_flash: detected chip: generic[0m
[0;32mI (266) spi_flash: flash io: dio[0m
[0;33mW (269) spi_flash: Detected size(4096k) larger than the size in the binary image header(2048k). Using the size in the binary image header.[0m
[0;32mI (281) main_task: Started on CPU0[0m
[0;32mI (291) main_task: Calling app_main()[0m
------single_linked_list tests------
added:77
added:38
added:14
added:50
added:48
added:51
added:17
added:24
added:70
added:50
added:75
added:62
added:65
added:59
added:34
added:11
added:18
added:71
added:18
added:83
added:84
added:74
added:88
added:89
added:5
index[0] = 5
index[1] = 11
index[2] = 14
index[3] = 17
index[4] = 18
index[5] = 18
index[6] = 24
index[7] = 34
index[8] = 38
index[9] = 48
index[10] = 50
index[11] = 50
index[12] = 51
index[13] = 59
index[14] = 62
index[15] = 65
index[16] = 70
index[17] = 71
index[18] = 74
index[19] = 75
index[20] = 77
index[21] = 83
index[22] = 84
index[23] = 88
index[24] = 89
index[0] = 50
index[1] = 50
index[2] = 51
index[3] = 59
index[4] = 62
------double_linked_list tests------
added:2
added:3
added:0
added:4
added:4
added:3
added:0
added:3
added:3
added:3
added:4
added:1
added:4
added:1
added:3
added:1
added:2
added:3
added:4
added:4
index[0] = 0
index[1] = 0
index[2] = 1
index[3] = 1
index[4] = 1
index[5] = 2
index[6] = 2
index[7] = 3
index[8] = 3
index[9] = 3
index[10] = 3
index[11] = 3
index[12] = 3
index[13] = 3
index[14] = 4
index[15] = 4
index[16] = 4
index[17] = 4
index[18] = 4
index[19] = 4
--Remove--
index[0] = 0
index[1] = 1
index[2] = 1
index[3] = 1
index[4] = 2
index[5] = 2
index[6] = 3
index[7] = 3
index[8] = 3
index[9] = 3
index[10] = 3
index[11] = 3
index[12] = 3
index[13] = 4
index[14] = 4
index[15] = 4
index[16] = 4
index[17] = 4
index[18] = 1073407732
index[19] = 17282599
index[20] = 2126512358
index[21] = -1073715586
Guru Meditation Error: Core  0 panic'ed (LoadProhibited). Exception was unhandled.

Core  0 register dump:
PC      : 0x400d6225  PS      : 0x00060330  A0      : 0x800d60c1  A1      : 0x3ffb3f50  
A2      : 0x3ffb3f74  A3      : 0x00000004  A4      : 0x3ffb3f60  A5      : 0x0000000c  
A6      : 0x00000016  A7      : 0xc000667e  A8      : 0x800d6230  A9      : 0x3ffb3f00  
A10     : 0x00000018  A11     : 0x00000015  A12     : 0xc000667e  A13     : 0x3f40256b  
A14     : 0x00000015  A15     : 0x3ffaea38  SAR     : 0x00000004  EXCCAUSE: 0x0000001c  
EXCVADDR: 0xc000667e  LBEG    : 0x400014fd  LEND    : 0x4000150d  LCOUNT  : 0xffffffff  


Backtrace: 0x400d6222:0x3ffb3f50 0x400d60be:0x3ffb3f70 0x400e30ed:0x3ffb3fa0 0x40085d35:0x3ffb3fd0




ELF file SHA256: 27066a6ff

Rebooting...
ets Jul 29 2019 12:21:46

rst:0xc (SW_CPU_RESET),boot:0x13 (SPI_FAST_FLASH_BOOT)
configsip: 0, SPIWP:0xee
clk_drv:0x00,q_drv:0x00,d_drv:0x00,cs0_drv:0x00,hd_drv:0x00,wp_drv:0x00
mode:DIO, clock div:2
load:0x3fff0030,len:6380
ho 0 tail 12 room 4
load:0x40078000,len:15916
load:0x40080400,len:3860
entry 0x40080638
[0;32mI (29) boot: ESP-IDF HEAD-HASH-NOTFOUND 2nd stage bootloader[0m
[0;32mI (29) boot: compile time Oct  8 2025 00:30:29[0m
[0;32mI (29) boot: Multicore bootloader[0m
[0;32mI (32) boot: chip revision: v3.1[0m
[0;32mI (34) boot.esp32: SPI Speed      : 40MHz[0m
[0;32mI (38) boot.esp32: SPI Mode       : DIO[0m
[0;32mI (42) boot.esp32: SPI Flash Size : 2MB[0m
[0;32mI (45) boot: Enabling RNG early entropy source...[0m
[0;32mI (50) boot: Partition Table:[0m
[0;32mI (52) boot: ## Label            Usage          Type ST Offset   Length[0m
[0;32mI (59) boot:  0 nvs              WiFi data        01 02 00009000 00006000[0m
[0;32mI (65) boot:  1 phy_init         RF data          01 01 0000f000 00001000[0m
[0;32mI (72) boot:  2 factory          factory app      00 00 00010000 00100000[0m
[0;32mI (78) boot: End of partition table[0m
[0;32mI (82) esp_image: segment 0: paddr=00010020 vaddr=3f400020 size=09a68h ( 39528) map[0m
[0;32mI (102) esp_image: segment 1: paddr=00019a90 vaddr=3ffb0000 size=023d8h (  9176) load[0m
[0;32mI (106) esp_image: segment 2: paddr=0001be70 vaddr=40080000 size=041a8h ( 16808) load[0m
[0;32mI (113) esp_image: segment 3: paddr=00020020 vaddr=400d0020 size=137d4h ( 79828) map[0m
[0;32mI (141) esp_image: segment 4: paddr=000337fc vaddr=400841a8 size=08e50h ( 36432) load[0m
[0;32mI (156) esp_image: segment 5: paddr=0003c654 vaddr=50000000 size=00020h (    32) load[0m
[0;32mI (162) boot: Loaded app from partition at offset 0x10000[0m
[0;32mI (162) boot: Disabling RNG early entropy source...[0m
[0;32mI (174) cpu_start: Multicore app[0m
[0;32mI (182) cpu_start: Pro cpu start user code[0m
[0;32mI (182) cpu_start: cpu freq: 160000000 Hz[0m
[0;32mI (182) app_init: Application information:[0m
[0;32mI (182) app_init: Project name:     lab4[0m
[0;32mI (186) app_init: App version:      2c3774c-dirty[0m
[0;32mI (190) app_init: Compile time:     Oct  8 2025 09:46:24[0m
[0;32mI (195) app_init: ELF file SHA256:  27066a6ff...[0m
[0;32mI (200) app_init: ESP-IDF:          HEAD-HASH-NOTFOUND[0m
[0;32mI (205) efuse_init: Min chip rev:     v0.0[0m
[0;32mI (208) efuse_init: Max chip rev:     v3.99 [0m
[0;32mI (212) efuse_init: Chip rev:         v3.1[0m
[0;32mI (216) heap_init: Initializing. RAM available for dynamic allocation:[0m
[0;32mI (223) heap_init: At 3FFAE6E0 len 00001920 (6 KiB): DRAM[0m
[0;32mI (228) heap_init: At 3FFB2CA8 len 0002D358 (180 KiB): DRAM[0m
[0;32mI (233) heap_init: At 3FFE0440 len 00003AE0 (14 KiB): D/IRAM[0m
[0;32mI (238) heap_init: At 3FFE4350 len 0001BCB0 (111 KiB): D/IRAM[0m
[0;32mI (244) heap_init: At 4008CFF8 len 00013008 (76 KiB): IRAM[0m
[0;33mW (250) spi_flash: Detected boya flash chip but using generic driver. For optimal functionality, enable `SPI_FLASH_SUPPORT_BOYA_CHIP` in menuconfig[0m
[0;32mI (262) spi_flash: detected chip: generic[0m
[0;32mI (266) spi_flash: flash io: dio[0m
[0;33mW (269) spi_flash: Detected size(4096k) larger than the size in the binary image header(2048k). Using the size in the binary image header.[0m
[0;32mI (281) main_task: Started on CPU0[0m
[0;32mI (291) main_task: Calling app_main()[0m
------single_linked_list tests------
added:52
added:16
added:7
added:82
added:32
added:94
added:86
added:41
added:12
added:29
added:76
added:54
added:12
added:67
added:92
added:99
added:21
added:37
added:39
added:10
added:23
added:85
added:91
added:18
added:48
index[0] = 7
index[1] = 10
index[2] = 12
index[3] = 12
index[4] = 16
index[5] = 18
index[6] = 21
index[7] = 23
index[8] = 29
index[9] = 32
index[10] = 37
index[11] = 39
index[12] = 41
index[13] = 48
index[14] = 52
index[15] = 54
index[16] = 67
index[17] = 76
index[18] = 82
index[19] = 85
index[20] = 86
index[21] = 91
index[22] = 92
index[23] = 94
index[24] = 99
index[0] = 37
index[1] = 39
index[2] = 41
index[3] = 48
index[4] = 52
------double_linked_list tests------
added:2
added:2
added:1
added:0
added:4
added:0
added:2
added:4
added:1
added:4
added:0
added:3
added:2
added:2
added:2
added:3
added:1
added:2
added:3
added:2
index[0] = 0
index[1] = 0
index[2] = 0
index[3] = 1
index[4] = 1
index[5] = 1
index[6] = 2
index[7] = 2
index[8] = 2
index[9] = 2
index[10] = 2
index[11] = 2
index[12] = 2
index[13] = 2
index[14] = 3
index[15] = 3
index[16] = 3
index[17] = 4
index[18] = 4
index[19] = 4
--Remove--
index[0] = 0
index[1] = 0
index[2] = 1
index[3] = 1
index[4] = 1
index[5] = 2
index[6] = 2
index[7] = 2
index[8] = 2
index[9] = 2
index[10] = 2
index[11] = 2
index[12] = 2
index[13] = 3
index[14] = 3
index[15] = 3
index[16] = 4
index[17] = 4
index[18] = 1073407732
index[19] = 17282599
index[20] = 2126512358
index[21] = -1073715586
Guru Meditation Error: Core  0 panic'ed (LoadProhibited). Exception was unhandled.

Core  0 register dump:
PC      : 0x400d6225  PS      : 0x00060330  A0      : 0x800d60c1  A1      : 0x3ffb3f50  
A2      : 0x3ffb3f74  A3      : 0x00000002  A4      : 0x3ffb3f60  A5      : 0x0000000c  
A6      : 0x00000016  A7      : 0xc000667e  A8      : 0x800d6230  A9      : 0x3ffb3f00  
A10     : 0x00000018  A11     : 0x00000015  A12     : 0xc000667e  A13     : 0x3f40256b  
A14     : 0x00000015  A15     : 0x3ffaea38  SAR     : 0x00000004  EXCCAUSE: 0x0000001c  
EXCVADDR: 0xc000667e  LBEG    : 0x400014fd  LEND    : 0x4000150d  LCOUNT  : 0xffffffff  


Backtrace: 0x400d6222:0x3ffb3f50 0x400d60be:0x3ffb3f70 0x400e30ed:0x3ffb3fa0 0x40085d35:0x3ffb3fd0




ELF file SHA256: 27066a6ff

Rebooting...
ets Jul 29 2019 12:21:46

rst:0xc (SW_CPU_RESET),boot:0x13 (SPI_FAST_FLASH_BOOT)
configsip: 0, SPIWP:0xee
clk_drv:0x00,q_drv:0x00,d_drv:0x00,cs0_drv:0x00,hd_drv:0x00,wp_drv:0x00
mode:DIO, clock div:2
load:0x3fff0030,len:6380
ho 0 tail 12 room 4
load:0x40078000,len:15916
load:0x40080400,len:3860
entry 0x40080638
[0;32mI (29) boot: ESP-IDF HEAD-HASH-NOTFOUND 2nd stage bootloader[0m
[0;32mI (29) boot: compile time Oct  8 2025 00:30:29[0m
[0;32mI (29) boot: Multicore bootloader[0m
[0;32mI (32) boot: chip revision: v3.1[0m
[0;32mI (34) boot.esp32: SPI Speed      : 40MHz[0m
[0;32mI (38) boot.esp32: SPI Mode       : DIO[0m
[0;32mI (42) boot.esp32: SPI Flash Size : 2MB[0m
[0;32mI (45) boot: Enabling RNG early entropy source...[0m
[0;32mI (50) boot: Partition Table:[0m
[0;32mI (52) boot: ## Label            Usage          Type ST Offset   Length[0m
[0;32mI (59) boot:  0 nvs              WiFi data        01 02 00009000 00006000[0m
[0;32mI (65) boot:  1 phy_init         RF data          01 01 0000f000 00001000[0m
[0;32mI (72) boot:  2 factory          factory app      00 00 00010000 00100000[0m
[0;32mI (78) boot: End of partition table[0m
[0;32mI (82) esp_image: segment 0: paddr=00010020 vaddr=3f400020 size=09a68h ( 39528) map[0m
[0;32mI (102) esp_image: segment 1: paddr=00019a90 vaddr=3ffb0000 size=023d8h (  9176) load[0m
[0;32mI (106) esp_image: segment 2: paddr=0001be70 vaddr=40080000 size=041a8h ( 16808) load[0m
[0;32mI (113) esp_image: segment 3: paddr=00020020 vaddr=400d0020 size=137d4h ( 79828) map[0m
[0;32mI (141) esp_image: segment 4: paddr=000337fc vaddr=400841a8 size=08e50h ( 36432) load[0m
[0;32mI (156) esp_image: segment 5: paddr=0003c654 vaddr=50000000 size=00020h (    32) load[0m
[0;32mI (162) boot: Loaded app from partition at offset 0x10000[0m
[0;32mI (162) boot: Disabling RNG early entropy source...[0m
[0;32mI (174) cpu_start: Multicore app[0m
[0;32mI (182) cpu_start: Pro cpu start user code[0m
[0;32mI (182) cpu_start: cpu freq: 160000000 Hz[0m
[0;32mI (182) app_init: Application information:[0m
[0;32mI (182) app_init: Project name:     lab4[0m
[0;32mI (186) app_init: App version:      2c3774c-dirty[0m
[0;32mI (190) app_init: Compile time:     Oct  8 2025 09:46:24[0m
[0;32mI (195) app_init: ELF file SHA256:  27066a6ff...[0m
[0;32mI (200) app_init: ESP-IDF:          HEAD-HASH-NOTFOUND[0m
[0;32mI (205) efuse_init: Min chip rev:     v0.0[0m
[0;32mI (208) efuse_init: Max chip rev:     v3.99 [0m
[0;32mI (212) efuse_init: Chip rev:         v3.1[0m
[0;32mI (216) heap_init: Initializing. RAM available for dynamic allocation:[0m
[0;32mI (223) heap_init: At 3FFAE6E0 len 00001920 (6 KiB): DRAM[0m
[0;32mI (228) heap_init: At 3FFB2CA8 len 0002D358 (180 KiB): DRAM[0m
[0;32mI (233) heap_init: At 3FFE0440 len 00003AE0 (14 KiB): D/IRAM[0m
[0;32mI (238) heap_init: At 3FFE4350 len 0001BCB0 (111 KiB): D/IRAM[0m
[0;32mI (244) heap_init: At 4008CFF8 len 00013008 (76 KiB): IRAM[0m
[0;33mW (250) spi_flash: Detected boya flash chip but using generic driver. For optimal functionality, enable `SPI_FLASH_SUPPORT_BOYA_CHIP` in menuconfig[0m
[0;32mI (262) spi_flash: detected chip: generic[0m
[0;32mI (266) spi_flash: flash io: dio[0m
[0;33mW (269) spi_flash: Detected size(4096k) larger than the size in the binary image header(2048k). Using the size in the binary image header.[0m
[0;32mI (281) main_task: Started on CPU0[0m
[0;32mI (291) main_task: Calling app_main()[0m
------single_linked_list tests------
added:17
added:39
added:21
added:52
added:17
added:3
added:24
added:89
added:36
added:30
added:12
added:59
added:98
added:72
added:3
added:20
added:53
added:95
added:22
added:75
added:14
added:28
added:0
added:85
added:6
index[0] = 0
index[1] = 3
index[2] = 3
index[3] = 6
index[4] = 12
index[5] = 14
index[6] = 17
index[7] = 17
index[8] = 20
index[9] = 21
index[10] = 22
index[11] = 24
index[12] = 28
index[13] = 30
index[14] = 36
index[15] = 39
index[16] = 52
index[17] = 53
index[18] = 59
index[19] = 72
index[20] = 75
index[21] = 85
index[22] = 89
index[23] = 95
index[24] = 98
index[0] = 22
index[1] = 24
index[2] = 28
index[3] = 30
index[4] = 36
------double_linked_list tests------
added:3
added:0
added:2
added:1
added:1
added:2
added:1
added:4
added:3
added:4
added:1
added:4
added:1
added:3
added:0
added:3
added:4
added:1
added:1
added:4
index[0] = 0
index[1] = 0
index[2] = 1
index[3] = 1
index[4] = 1
index[5] = 1
index[6] = 1
index[7] = 1
index[8] = 1
index[9] = 2
index[10] = 2
index[11] = 3
index[12] = 3
index[13] = 3
index[14] = 3
index[15] = 4
index[16] = 4
index[17] = 4
index[18] = 4
index[19] = 4
--Remove--
index[0] = 0
index[1] = 1
index[2] = 1
index[3] = 1
index[4] = 1
index[5] = 1
index[6] = 1
index[7] = 1
index[8] = 2
index[9] = 2
index[10] = 3
index[11] = 3
index[12] = 3
index[13] = 3
index[14] = 4
index[15] = 4
index[16] = 4
index[17] = 4
index[18] = 1073407732
index[19] = 17282599
index[20] = 2126512358
index[21] = -1073715586
Guru Meditation Error: Core  0 panic'ed (LoadProhibited). Exception was unhandled.

Core  0 register dump:
PC      : 0x400d6225  PS      : 0x00060330  A0      : 0x800d60c1  A1      : 0x3ffb3f50  
A2      : 0x3ffb3f74  A3      : 0x00000004  A4      : 0x3ffb3f60  A5      : 0x0000000c  
A6      : 0x00000016  A7      : 0xc000667e  A8      : 0x800d6230  A9      : 0x3ffb3f00  
A10     : 0x00000018  A11     : 0x00000015  A12     : 0xc000667e  A13     : 0x3f40256b  
A14     : 0x00000015  A15     : 0x3ffaea38  SAR     : 0x00000004  EXCCAUSE: 0x0000001c  
EXCVADDR: 0xc000667e  LBEG    : 0x400014fd  LEND    : 0x4000150d  LCOUNT  : 0xffffffff  


Backtrace: 0x400d6222:0x3ffb3f50 0x400d60be:0x3ffb3f70 0x400e30ed:0x3ffb3fa0 0x40085d35:0x3ffb3fd0




ELF file SHA256: 27066a6ff

Rebooting...
ets Jul 29 2019 12:21:46

rst:0xc (SW_CPU_RESET),boot:0x13 (SPI_FAST_FLASH_BOOT)
configsip: 0, SPIWP:0xee
clk_drv:0x00,q_drv:0x00,d_drv:0x00,cs0_drv:0x00,hd_drv:0x00,wp_drv:0x00
mode:DIO, clock div:2
load:0x3fff0030,len:6380
ho 0 tail 12 room 4
load:0x40078000,len:15916
load:0x40080400,len:3860
entry 0x40080638
[0;32mI (29) boot: ESP-IDF HEAD-HASH-NOTFOUND 2nd stage bootloader[0m
[0;32mI (29) boot: compile time Oct  8 2025 00:30:29[0m
[0;32mI (29) boot: Multicore bootloader[0m
[0;32mI (32) boot: chip revision: v3.1[0m
[0;32mI (34) boot.esp32: SPI Speed      : 40MHz[0m
[0;32mI (38) boot.esp32: SPI Mode       : DIO[0m
[0;32mI (42) boot.esp32: SPI Flash Size : 2MB[0m
[0;32mI (45) boot: Enabling RNG early entropy source...[0m
[0;32mI (50) boot: Partition Table:[0m
[0;32mI (52) boot: ## Label            Usage          Type ST Offset   Length[0m
[0;32mI (59) boot:  0 nvs              WiFi data        01 02 00009000 00006000[0m
[0;32mI (65) boot:  1 phy_init         RF data          01 01 0000f000 00001000[0m
[0;32mI (72) boot:  2 factory          factory app      00 00 00010000 00100000[0m
[0;32mI (78) boot: End of partition table[0m
[0;32mI (82) esp_image: segment 0: paddr=00010020 vaddr=3f400020 size=09a68h ( 39528) map[0m
[0;32mI (102) esp_image: segment 1: paddr=00019a90 vaddr=3ffb0000 size=023d8h (  9176) load[0m
[0;32mI (106) esp_image: segment 2: paddr=0001be70 vaddr=40080000 size=041a8h ( 16808) load[0m
[0;32mI (113) esp_image: segment 3: paddr=00020020 vaddr=400d0020 size=137d4h ( 79828) map[0m
[0;32mI (141) esp_image: segment 4: paddr=000337fc vaddr=400841a8 size=08e50h ( 36432) load[0m
[0;32mI (156) esp_image: segment 5: paddr=0003c654 vaddr=50000000 size=00020h (    32) load[0m
[0;32mI (162) boot: Loaded app from partition at offset 0x10000[0m
[0;32mI (162) boot: Disabling RNG early entropy source...[0m
[0;32mI (174) cpu_start: Multicore app[0m
[0;32mI (182) cpu_start: Pro cpu start user code[0m
[0;32mI (182) cpu_start: cpu freq: 160000000 Hz[0m
[0;32mI (182) app_init: Application information:[0m
[0;32mI (182) app_init: Project name:     lab4[0m
[0;32mI (186) app_init: App version:      2c3774c-dirty[0m
[0;32mI (190) app_init: Compile time:     Oct  8 2025 09:46:24[0m
[0;32mI (195) app_init: ELF file SHA256:  27066a6ff...[0m
[0;32mI (200) app_init: ESP-IDF:          HEAD-HASH-NOTFOUND[0m
[0;32mI (205) efuse_init: Min chip rev:     v0.0[0m
[0;32mI (208) efuse_init: Max chip rev:     v3.99 [0m
[0;32mI (212) efuse_init: Chip rev:         v3.1[0m
[0;32mI (216) heap_init: Initializing. RAM available for dynamic allocation:[0m
[0;32mI (223) heap_init: At 3FFAE6E0 len 00001920 (6 KiB): DRAM[0m
[0;32mI (228) heap_init: At 3FFB2CA8 len 0002D358 (180 KiB): DRAM[0m
[0;32mI (233) heap_init: At 3FFE0440 len 00003AE0 (14 KiB): D/IRAM[0m
[0;32mI (238) heap_init: At 3FFE4350 len 0001BCB0 (111 KiB): D/IRAM[0m
[0;32mI (244) heap_init: At 4008CFF8 len 00013008 (76 KiB): IRAM[0m
[0;33mW (250) spi_flash: Detected boya flash chip but using generic driver. For optimal functionality, enable `SPI_FLASH_SUPPORT_BOYA_CHIP` in menuconfig[0m
[0;32mI (262) spi_flash: detected chip: generic[0m
[0;32mI (266) spi_flash: flash io: dio[0m
[0;33mW (269) spi_flash: Detected size(4096k) larger than the size in the binary image header(2048k). Using the size in the binary image header.[0m
[0;32mI (281) main_task: Started on CPU0[0m
[0;32mI (291) main_task: Calling app_main()[0m
------single_linked_list tests------
added:63
added:35
added:32
added:40
added:35
added:32
added:91
added:70
added:97
added:67
added:11
added:87
added:29
added:64
added:31
added:7
added:9
added:23
added:29
added:5
added:70
added:21
added:16
added:99
added:14
index[0] = 5
index[1] = 7
index[2] = 9
index[3] = 11
index[4] = 14
index[5] = 16
index[6] = 21
index[7] = 23
index[8] = 29
index[9] = 29
index[10] = 31
index[11] = 32
index[12] = 32
index[13] = 35
index[14] = 35
index[15] = 40
index[16] = 63
index[17] = 64
index[18] = 67
index[19] = 70
index[20] = 70
index[21] = 87
index[22] = 91
index[23] = 97
index[24] = 99
index[0] = 31
index[1] = 32
index[2] = 32
index[3] = 35
index[4] = 35
------double_linked_list tests------
added:3
added:4
added:1
added:3
added:2
added:3
added:3
added:3
added:0
added:0
added:1
added:4
added:3
added:4
added:2
added:0
added:3
added:4
added:1
added:2
index[0] = 0
index[1] = 0
index[2] = 0
index[3] = 1
index[4] = 1
index[5] = 1
index[6] = 2
index[7] = 2
index[8] = 2
index[9] = 3
index[10] = 3
index[11] = 3
index[12] = 3
index[13] = 3
index[14] = 3
index[15] = 3
index[16] = 4
index[17] = 4
index[18] = 4
index[19] = 4
--Remove--
index[0] = 0
index[1] = 0
index[2] = 1
index[3] = 1
index[4] = 1
index[5] = 2
index[6] = 2
index[7] = 2
index[8] = 3
index[9] = 3
index[10] = 3
index[11] = 3
index[12] = 3
index[13] = 3
index[14] = 3
index[15] = 4
index[16] = 4
index[17] = 4
index[18] = 1073413992
index[19] = 17282599
index[20] = 2126512358
index[21] = -1073715586
Guru Meditation Error: Core  0 panic'ed (LoadProhibited). Exception was unhandled.

Core  0 register dump:
PC      : 0x400d6225  PS      : 0x00060330  A0      : 0x800d60c1  A1      : 0x3ffb3f50  
A2      : 0x3ffb3f74  A3      : 0x00000002  A4      : 0x3ffb3f60  A5      : 0x0000000c  
A6      : 0x00000016  A7      : 0xc000667e  A8      : 0x800d6230  A9      : 0x3ffb3f00  
A10     : 0x00000018  A11     : 0x00000015  A12     : 0xc000667e  A13     : 0x3f40256b  
A14     : 0x00000015  A15     : 0x3ffaea38  SAR     : 0x00000004  EXCCAUSE: 0x0000001c  
EXCVADDR: 0xc000667e  LBEG    : 0x400014fd  LEND    : 0x4000150d  LCOUNT  : 0xffffffff  


Backtrace: 0x400d6222:0x3ffb3f50 0x400d60be:0x3ffb3f70 0x400e30ed:0x3ffb3fa0 0x40085d35:0x3ffb3fd0




ELF file SHA256: 27066a6ff

Rebooting...
ets Jul 29 2019 12:21:46

rst:0xc (SW_CPU_RESET),boot:0x13 (SPI_FAST_FLASH_BOOT)
configsip: 0, SPIWP:0xee
clk_drv:0x00,q_drv:0x00,d_drv:0x00,cs0_drv:0x00,hd_drv:0x00,wp_drv:0x00
mode:DIO, clock div:2
load:0x3fff0030,len:6380
ho 0 tail 12 room 4
load:0x40078000,len:15916
load:0x40080400,len:3860
entry 0x40080638
[0;32mI (29) boot: ESP-IDF HEAD-HASH-NOTFOUND 2nd stage bootloader[0m
[0;32mI (29) boot: compile time Oct  8 2025 00:30:29[0m
[0;32mI (29) boot: Multicore bootloader[0m
[0;32mI (32) boot: chip revision: v3.1[0m
[0;32mI (34) boot.esp32: SPI Speed      : 40MHz[0m
[0;32mI (38) boot.esp32: SPI Mode       : DIO[0m
[0;32mI (42) boot.esp32: SPI Flash Size : 2MB[0m
[0;32mI (45) boot: Enabling RNG early entropy source...[0m
[0;32mI (50) boot: Partition Table:[0m
[0;32mI (52) boot: ## Label            Usage          Type ST Offset   Length[0m
[0;32mI (59) boot:  0 nvs              WiFi data        01 02 00009000 00006000[0m
[0;32mI (65) boot:  1 phy_init         RF data          01 01 0000f000 00001000[0m
[0;32mI (72) boot:  2 factory          factory app      00 00 00010000 00100000[0m
[0;32mI (78) boot: End of partition table[0m
[0;32mI (82) esp_image: segment 0: paddr=00010020 vaddr=3f400020 size=09a68h ( 39528) map[0m
[0;32mI (102) esp_image: segment 1: paddr=00019a90 vaddr=3ffb0000 size=023d8h (  9176) load[0m
[0;32mI (106) esp_image: segment 2: paddr=0001be70 vaddr=40080000 size=041a8h ( 16808) load[0m
[0;32mI (113) esp_image: segment 3: paddr=00020020 vaddr=400d0020 size=137d4h ( 79828) map[0m
[0;32mI (141) esp_image: segment 4: paddr=000337fc vaddr=400841a8 size=08e50h ( 36432) load[0m
[0;32mI (156) esp_image: segment 5: paddr=0003c654 vaddr=50000000 size=00020h (    32) load[0m
[0;32mI (162) boot: Loaded app from partition at offset 0x10000[0m
[0;32mI (162) boot: Disabling RNG early entropy source...[0m
[0;32mI (174) cpu_start: Multicore app[0m
[0;32mI (182) cpu_start: Pro cpu start user code[0m
[0;32mI (182) cpu_start: cpu freq: 160000000 Hz[0m
[0;32mI (182) app_init: Application information:[0m
[0;32mI (182) app_init: Project name:     lab4[0m
[0;32mI (186) app_init: App version:      2c3774c-dirty[0m
[0;32mI (190) app_init: Compile time:     Oct  8 2025 09:46:24[0m
[0;32mI (195) app_init: ELF file SHA256:  27066a6ff...[0m
[0;32mI (200) app_init: ESP-IDF:          HEAD-HASH-NOTFOUND[0m
[0;32mI (205) efuse_init: Min chip rev:     v0.0[0m
[0;32mI (208) efuse_init: Max chip rev:     v3.99 [0m
[0;32mI (212) efuse_init: Chip rev:         v3.1[0m
[0;32mI (216) heap_init: Initializing. RAM available for dynamic allocation:[0m
[0;32mI (223) heap_init: At 3FFAE6E0 len 00001920 (6 KiB): DRAM[0m
[0;32mI (228) heap_init: At 3FFB2CA8 len 0002D358 (180 KiB): DRAM[0m
[0;32mI (233) heap_init: At 3FFE0440 len 00003AE0 (14 KiB): D/IRAM[0m
[0;32mI (238) heap_init: At 3FFE4350 len 0001BCB0 (111 KiB): D/IRAM[0m
[0;32mI (244) heap_init: At 4008CFF8 len 00013008 (76 KiB): IRAM[0m
[0;33mW (250) spi_flash: Detected boya flash chip but using generic driver. For optimal functionality, enable `SPI_FLASH_SUPPORT_BOYA_CHIP` in menuconfig[0m
[0;32mI (262) spi_flash: detected chip: generic[0m
[0;32mI (266) spi_flash: flash io: dio[0m
[0;33mW (269) spi_flash: Detected size(4096k) larger than the size in the binary image header(2048k). Using the size in the binary image header.[0m
[0;32mI (281) main_task: Started on CPU0[0m
[0;32mI (291) main_task: Calling app_main()[0m
------single_linked_list tests------
added:14
added:28
added:76
added:16
added:42
added:68
added:11
added:14
added:99
added:7
added:27
added:8
added:60
added:96
added:37
added:97
added:13
added:68
added:94
added:20
added:68
added:40
added:77
added:41
added:54
index[0] = 7
index[1] = 8
index[2] = 11
index[3] = 13
index[4] = 14
index[5] = 14
index[6] = 16
index[7] = 20
index[8] = 27
index[9] = 28
index[10] = 37
index[11] = 40
index[12] = 41
index[13] = 42
index[14] = 54
index[15] = 60
index[16] = 68
index[17] = 68
index[18] = 68
index[19] = 76
index[20] = 77
index[21] = 94
index[22] = 96
index[23] = 97
index[24] = 99
index[0] = 37
index[1] = 40
index[2] = 41
index[3] = 42
index[4] = 54
------double_linked_list tests------
added:2
added:0
added:0
added:1
added:4
added:4
added:0
added:3
added:1
added:0
added:1
added:4
added:0
added:2
added:2
added:0
added:4
added:2
added:4
added:1
index[0] = 0
index[1] = 0
index[2] = 0
index[3] = 0
index[4] = 0
index[5] = 0
index[6] = 1
index[7] = 1
index[8] = 1
index[9] = 1
index[10] = 2
index[11] = 2
index[12] = 2
index[13] = 2
index[14] = 3
index[15] = 4
index[16] = 4
index[17] = 4
index[18] = 4
index[19] = 4
--Remove--
index[0] = 0
index[1] = 0
index[2] = 0
index[3] = 0
index[4] = 0
index[5] = 1
index[6] = 1
index[7] = 1
index[8] = 1
index[9] = 2
index[10] = 2
index[11] = 2
index[12] = 2
index[13] = 3
index[14] = 4
index[15] = 4
index[16] = 4
index[17] = 4
index[18] = 1073413752
index[19] = 17282599
index[20] = 2126512358
index[21] = -1073715586
Guru Meditation Error: Core  0 panic'ed (LoadProhibited). Exception was unhandled.

Core  0 register dump:
PC      : 0x400d6225  PS      : 0x00060330  A0      : 0x800d60c1  A1      : 0x3ffb3f50  
A2      : 0x3ffb3f74  A3      : 0x00000001  A4      : 0x3ffb3f60  A5      : 0x0000000c  
A6      : 0x00000016  A7      : 0xc000667e  A8      : 0x800d6230  A9      : 0x3ffb3f00  
A10     : 0x00000018  A11     : 0x00000015  A12     : 0xc000667e  A13     : 0x3f40256b  
A14     : 0x00000015  A15     : 0x3ffaea38  SAR     : 0x00000004  EXCCAUSE: 0x0000001c  
EXCVADDR: 0xc000667e  LBEG    : 0x400014fd  LEND    : 0x4000150d  LCOUNT  : 0xffffffff  


Backtrace: 0x400d6222:0x3ffb3f50 0x400d60be:0x3ffb3f70 0x400e30ed:0x3ffb3fa0 0x40085d35:0x3ffb3fd0




ELF file SHA256: 27066a6ff

Rebooting...
ets Jul 29 2019 12:21:46

rst:0xc (SW_CPU_RESET),boot:0x13 (SPI_FAST_FLASH_BOOT)
configsip: 0, SPIWP:0xee
clk_drv:0x00,q_drv:0x00,d_drv:0x00,cs0_drv:0x00,hd_drv:0x00,wp_drv:0x00
mode:DIO, clock div:2
load:0x3fff0030,len:6380
ho 0 tail 12 room 4
load:0x40078000,len:15916
load:0x40080400,len:3860
entry 0x40080638
[0;32mI (29) boot: ESP-IDF HEAD-HASH-NOTFOUND 2nd stage bootloader[0m
[0;32mI (29) boot: compile time Oct  8 2025 00:30:29[0m
[0;32mI (29) boot: Multicore bootloader[0m
[0;32mI (32) boot: chip revision: v3.1[0m
[0;32mI (34) boot.esp32: SPI Speed      : 40MHz[0m
[0;32mI (38) boot.esp32: SPI Mode       : DIO[0m
[0;32mI (42) boot.esp32: SPI Flash Size : 2MB[0m
[0;32mI (45) boot: Enabling RNG early entropy source...[0m
[0;32mI (50) boot: Partition Table:[0m
[0;32mI (52) boot: ## Label            Usage          Type ST Offset   Length[0m
[0;32mI (59) boot:  0 nvs              WiFi data        01 02 00009000 00006000[0m
[0;32mI (65) boot:  1 phy_init         RF data          01 01 0000f000 00001000[0m
[0;32mI (72) boot:  2 factory          factory app      00 00 00010000 00100000[0m
[0;32mI (78) boot: End of partition table[0m
[0;32mI (82) esp_image: segment 0: paddr=00010020 vaddr=3f400020 size=09a68h ( 39528) map[0m
[0;32mI (102) esp_image: segment 1: paddr=00019a90 vaddr=3ffb0000 size=023d8h (  9176) load[0m
[0;32mI (106) esp_image: segment 2: paddr=0001be70 vaddr=40080000 size=041a8h ( 16808) load[0m
[0;32mI (113) esp_image: segment 3: paddr=00020020 vaddr=400d0020 size=137d4h ( 79828) map[0m
[0;32mI (141) esp_image: segment 4: paddr=000337fc vaddr=400841a8 size=08e50h ( 36432) load[0m
[0;32mI (156) esp_image: segment 5: paddr=0003c654 vaddr=50000000 size=00020h (    32) load[0m
[0;32mI (162) boot: Loaded app from partition at offset 0x10000[0m
[0;32mI (162) boot: Disabling RNG early entropy source...[0m
[0;32mI (174) cpu_start: Multicore app[0m
[0;32mI (182) cpu_start: Pro cpu start user code[0m
[0;32mI (182) cpu_start: cpu freq: 160000000 Hz[0m
[0;32mI (182) app_init: Application information:[0m
[0;32mI (182) app_init: Project name:     lab4[0m
[0;32mI (186) app_init: App version:      2c3774c-dirty[0m
[0;32mI (190) app_init: Compile time:     Oct  8 2025 09:46:24[0m
[0;32mI (195) app_init: ELF file SHA256:  27066a6ff...[0m
[0;32mI (200) app_init: ESP-IDF:          HEAD-HASH-NOTFOUND[0m
[0;32mI (205) efuse_init: Min chip rev:     v0.0[0m
[0;32mI (208) efuse_init: Max chip rev:     v3.99 [0m
[0;32mI (212) efuse_init: Chip rev:         v3.1[0m
[0;32mI (216) heap_init: Initializing. RAM available for dynamic allocation:[0m
[0;32mI (223) heap_init: At 3FFAE6E0 len 00001920 (6 KiB): DRAM[0m
[0;32mI (228) heap_init: At 3FFB2CA8 len 0002D358 (180 KiB): DRAM[0m
[0;32mI (233) heap_init: At 3FFE0440 len 00003AE0 (14 KiB): D/IRAM[0m
[0;32mI (238) heap_init: At 3FFE4350 len 0001BCB0 (111 KiB): D/IRAM[0m
[0;32mI (244) heap_init: At 4008CFF8 len 00013008 (76 KiB): IRAM[0m
[0;33mW (250) spi_flash: Detected boya flash chip but using generic driver. For optimal functionality, enable `SPI_FLASH_SUPPORT_BOYA_CHIP` in menuconfig[0m
[0;32mI (262) spi_flash: detected chip: generic[0m
[0;32mI (266) spi_flash: flash io: dio[0m
[0;33mW (269) spi_flash: Detected size(4096k) larger than the size in the binary image header(2048k). Using the size in the binary image header.[0m
[0;32mI (281) main_task: Started on CPU0[0m
[0;32mI (291) main_task: Calling app_main()[0m
------single_linked_list tests------
added:82
added:33
added:68
added:30
added:78
added:21
added:0
added:40
added:58
added:59
added:45
added:70
added:90
added:28
added:9
added:10
added:70
added:91
added:30
added:13
added:53
added:36
added:56
added:33
added:25
index[0] = 0
index[1] = 9
index[2] = 10
index[3] = 13
index[4] = 21
index[5] = 25
index[6] = 28
index[7] = 30
index[8] = 30
index[9] = 33
index[10] = 33
index[11] = 36
index[12] = 40
index[13] = 45
index[14] = 53
index[15] = 56
index[16] = 58
index[17] = 59
index[18] = 68
index[19] = 70
index[20] = 70
index[21] = 78
index[22] = 82
index[23] = 90
index[24] = 91
index[0] = 33
index[1] = 36
index[2] = 40
index[3] = 45
index[4] = 53
------double_linked_list tests------
added:1
added:1
added:1
added:1
added:0
added:2
added:0
added:0
added:3
added:3
added:2
added:0
added:3
added:4
added:3
added:4
added:2
added:4
added:2
added:1
index[0] = 0
index[1] = 0
index[2] = 0
index[3] = 0
index[4] = 1
index[5] = 1
index[6] = 1
index[7] = 1
index[8] = 1
index[9] = 2
index[10] = 2
index[11] = 2
index[12] = 2
index[13] = 3
index[14] = 3
index[15] = 3
index[16] = 3
index[17] = 4
index[18] = 4
index[19] = 4
--Remove--
index[0] = 0
index[1] = 0
index[2] = 0
index[3] = 1
index[4] = 1
index[5] = 1
index[6] = 1
index[7] = 1
index[8] = 2
index[9] = 2
index[10] = 2
index[11] = 2
index[12] = 3
index[13] = 3
index[14] = 3
index[15] = 3
index[16] = 4
index[17] = 4
index[18] = 1073413720
index[19] = 17282599
index[20] = 2126512358
index[21] = -1073715586
Guru Meditation Error: Core  0 panic'ed (LoadProhibited). Exception was unhandled.

Core  0 register dump:
PC      : 0x400d6225  PS      : 0x00060330  A0      : 0x800d60c1  A1      : 0x3ffb3f50  
A2      : 0x3ffb3f74  A3      : 0x00000001  A4      : 0x3ffb3f60  A5      : 0x0000000c  
A6      : 0x00000016  A7      : 0xc000667e  A8      : 0x800d6230  A9      : 0x3ffb3f00  
A10     : 0x00000018  A11     : 0x00000015  A12     : 0xc000667e  A13     : 0x3f40256b  
A14     : 0x00000015  A15     : 0x3ffaea38  SAR     : 0x00000004  EXCCAUSE: 0x0000001c  
EXCVADDR: 0xc000667e  LBEG    : 0x400014fd  LEND    : 0x4000150d  LCOUNT  : 0xffffffff  


Backtrace: 0x400d6222:0x3ffb3f50 0x400d60be:0x3ffb3f70 0x400e30ed:0x3ffb3fa0 0x40085d35:0x3ffb3fd0




ELF file SHA256: 27066a6ff

Rebooting...
ets Jul 29 2019 12:21:46

rst:0xc (SW_CPU_RESET),boot:0x13 (SPI_FAST_FLASH_BOOT)
configsip: 0, SPIWP:0xee
clk_drv:0x00,q_drv:0x00,d_drv:0x00,cs0_drv:0x00,hd_drv:0x00,wp_drv:0x00
mode:DIO, clock div:2
load:0x3fff0030,len:6380
ho 0 tail 12 room 4
load:0x40078000,len:15916
load:0x40080400,len:3860
entry 0x40080638
[0;32mI (29) boot: ESP-IDF HEAD-HASH-NOTFOUND 2nd stage bootloader[0m
[0;32mI (29) boot: compile time Oct  8 2025 00:30:29[0m
[0;32mI (29) boot: Multicore bootloader[0m
[0;32mI (32) boot: chip revision: v3.1[0m
[0;32mI (34) boot.esp32: SPI Speed      : 40MHz[0m
[0;32mI (38) boot.esp32: SPI Mode       : DIO[0m
[0;32mI (42) boot.esp32: SPI Flash Size : 2MB[0m
[0;32mI (45) boot: Enabling RNG early entropy source...[0m
[0;32mI (50) boot: Partition Table:[0m
[0;32mI (52) boot: ## Label            Usage          Type ST Offset   Length[0m
[0;32mI (59) boot:  0 nvs              WiFi data        01 02 00009000 00006000[0m
[0;32mI (65) boot:  1 phy_init         RF data          01 01 0000f000 00001000[0m
[0;32mI (72) boot:  2 factory          factory app      00 00 00010000 00100000[0m
[0;32mI (78) boot: End of partition table[0m
[0;32mI (82) esp_image: segment 0: paddr=00010020 vaddr=3f400020 size=09a68h ( 39528) map[0m
[0;32mI (102) esp_image: segment 1: paddr=00019a90 vaddr=3ffb0000 size=023d8h (  9176) load[0m
[0;32mI (106) esp_image: segment 2: paddr=0001be70 vaddr=40080000 size=041a8h ( 16808) load[0m
[0;32mI (113) esp_image: segment 3: paddr=00020020 vaddr=400d0020 size=137d4h ( 79828) map[0m
[0;32mI (141) esp_image: segment 4: paddr=000337fc vaddr=400841a8 size=08e50h ( 36432) load[0m
[0;32mI (156) esp_image: segment 5: paddr=0003c654 vaddr=50000000 size=00020h (    32) load[0m
[0;32mI (162) boot: Loaded app from partition at offset 0x10000[0m
[0;32mI (162) boot: Disabling RNG early entropy source...[0m
[0;32mI (174) cpu_start: Multicore app[0m
[0;32mI (182) cpu_start: Pro cpu start user code[0m
[0;32mI (182) cpu_start: cpu freq: 160000000 Hz[0m
[0;32mI (182) app_init: Application information:[0m
[0;32mI (182) app_init: Project name:     lab4[0m
[0;32mI (186) app_init: App version:      2c3774c-dirty[0m
[0;32mI (190) app_init: Compile time:     Oct  8 2025 09:46:24[0m
[0;32mI (195) app_init: ELF file SHA256:  27066a6ff...[0m
[0;32mI (200) app_init: ESP-IDF:          HEAD-HASH-NOTFOUND[0m
[0;32mI (205) efuse_init: Min chip rev:     v0.0[0m
[0;32mI (208) efuse_init: Max chip rev:     v3.99 [0m
[0;32mI (212) efuse_init: Chip rev:         v3.1[0m
[0;32mI (216) heap_init: Initializing. RAM available for dynamic allocation:[0m
[0;32mI (223) heap_init: At 3FFAE6E0 len 00001920 (6 KiB): DRAM[0m
[0;32mI (228) heap_init: At 3FFB2CA8 len 0002D358 (180 KiB): DRAM[0m
[0;32mI (233) heap_init: At 3FFE0440 len 00003AE0 (14 KiB): D/IRAM[0m
[0;32mI (238) heap_init: At 3FFE4350 len 0001BCB0 (111 KiB): D/IRAM[0m
[0;32mI (244) heap_init: At 4008CFF8 len 00013008 (76 KiB): IRAM[0m
[0;33mW (250) spi_flash: Detected boya flash chip but using generic driver. For optimal functionality, enable `SPI_FLASH_SUPPORT_BOYA_CHIP` in menuconfig[0m
[0;32mI (262) spi_flash: detected chip: generic[0m
[0;32mI (266) spi_flash: flash io: dio[0m
[0;33mW (269) spi_flash: Detected size(4096k) larger than the size in the binary image header(2048k). Using the size in the binary image header.[0m
[0;32mI (281) main_task: Started on CPU0[0m
[0;32mI (291) main_task: Calling app_main()[0m
------single_linked_list tests------
added:79
added:2
added:43
added:37
added:41
added:90
added:25
added:81
added:90
added:63
added:63
added:16
added:9
added:11
added:67
added:8
added:12
added:6
added:63
added:66
added:5
added:61
added:52
added:0
added:5
index[0] = 0
index[1] = 2
index[2] = 5
index[3] = 5
index[4] = 6
index[5] = 8
index[6] = 9
index[7] = 11
index[8] = 12
index[9] = 16
index[10] = 25
index[11] = 37
index[12] = 41
index[13] = 43
index[14] = 52
index[15] = 61
index[16] = 63
index[17] = 63
index[18] = 63
index[19] = 66
index[20] = 67
index[21] = 79
index[22] = 81
index[23] = 90
index[24] = 90
index[0] = 25
index[1] = 37
index[2] = 41
index[3] = 43
index[4] = 52
------double_linked_list tests------
added:1
added:0
added:4
added:1
added:2
added:1
added:0
added:1
added:3
added:0
added:2
added:3
added:1
added:4
added:3
added:2
added:4
added:2
added:3
added:0
index[0] = 0
index[1] = 0
index[2] = 0
index[3] = 0
index[4] = 1
index[5] = 1
index[6] = 1
index[7] = 1
index[8] = 1
index[9] = 2
index[10] = 2
index[11] = 2
index[12] = 2
index[13] = 3
index[14] = 3
index[15] = 3
index[16] = 3
index[17] = 4
index[18] = 4
index[19] = 4
--Remove--
index[0] = 0
index[1] = 0
index[2] = 0
index[3] = 1
index[4] = 1
index[5] = 1
index[6] = 1
index[7] = 1
index[8] = 2
index[9] = 2
index[10] = 2
index[11] = 2
index[12] = 3
index[13] = 3
index[14] = 3
index[15] = 3
index[16] = 4
index[17] = 4
index[18] = 1073407732
index[19] = 17282599
index[20] = 2126512358
index[21] = -1073715586
Guru Meditation Error: Core  0 panic'ed (LoadProhibited). Exception was unhandled.

Core  0 register dump:
PC      : 0x400d6225  PS      : 0x00060330  A0      : 0x800d60c1  A1      : 0x3ffb3f50  
A2      : 0x3ffb3f74  A3      : 0x00000000  A4      : 0x3ffb3f60  A5      : 0x0000000c  
A6      : 0x00000016  A7      : 0xc000667e  A8      : 0x800d6230  A9      : 0x3ffb3f00  
A10     : 0x00000018  A11     : 0x00000015  A12     : 0xc000667e  A13     : 0x3f40256b  
A14     : 0x00000015  A15     : 0x3ffaea38  SAR     : 0x00000004  EXCCAUSE: 0x0000001c  
EXCVADDR: 0xc000667e  LBEG    : 0x400014fd  LEND    : 0x4000150d  LCOUNT  : 0xffffffff  


Backtrace: 0x400d6222:0x3ffb3f50 0x400d60be:0x3ffb3f70 0x400e30ed:0x3ffb3fa0 0x40085d35:0x3ffb3fd0




ELF file SHA256: 27066a6ff

Rebooting...
ets Jul 29 2019 12:21:46

rst:0xc (SW_CPU_RESET),boot:0x13 (SPI_FAST_FLASH_BOOT)
configsip: 0, SPIWP:0xee
clk_drv:0x00,q_drv:0x00,d_drv:0x00,cs0_drv:0x00,hd_drv:0x00,wp_drv:0x00
mode:DIO, clock div:2
load:0x3fff0030,len:6380
ho 0 tail 12 room 4
load:0x40078000,len:15916
load:0x40080400,len:3860
entry 0x40080638
[0;32mI (29) boot: ESP-IDF HEAD-HASH-NOTFOUND 2nd stage bootloader[0m
[0;32mI (29) boot: compile time Oct  8 2025 00:30:29[0m
[0;32mI (29) boot: Multicore bootloader[0m
[0;32mI (32) boot: chip revision: v3.1[0m
[0;32mI (34) boot.esp32: SPI Speed      : 40MHz[0m
[0;32mI (38) boot.esp32: SPI Mode       : DIO[0m
[0;32mI (42) boot.esp32: SPI Flash Size : 2MB[0m
[0;32mI (45) boot: Enabling RNG early entropy source...[0m
[0;32mI (50) boot: Partition Table:[0m
[0;32mI (52) boot: ## Label            Usage          Type ST Offset   Length[0m
[0;32mI (59) boot:  0 nvs              WiFi data        01 02 00009000 00006000[0m
[0;32mI (65) boot:  1 phy_init         RF data          01 01 0000f000 00001000[0m
[0;32mI (72) boot:  2 factory          factory app      00 00 00010000 00100000[0m
[0;32mI (78) boot: End of partition table[0m
[0;32mI (82) esp_image: segment 0: paddr=00010020 vaddr=3f400020 size=09a68h ( 39528) map[0m
[0;32mI (102) esp_image: segment 1: paddr=00019a90 vaddr=3ffb0000 size=023d8h (  9176) load[0m
[0;32mI (106) esp_image: segment 2: paddr=0001be70 vaddr=40080000 size=041a8h ( 16808) load[0m
[0;32mI (113) esp_image: segment 3: paddr=00020020 vaddr=400d0020 size=137d4h ( 79828) map[0m
[0;32mI (141) esp_image: segment 4: paddr=000337fc vaddr=400841a8 size=08e50h ( 36432) load[0m
[0;32mI (156) esp_image: segment 5: paddr=0003c654 vaddr=50000000 size=00020h (    32) load[0m
[0;32mI (162) boot: Loaded app from partition at offset 0x10000[0m
[0;32mI (162) boot: Disabling RNG early entropy source...[0m
[0;32mI (174) cpu_start: Multicore app[0m
[0;32mI (182) cpu_start: Pro cpu start user code[0m
[0;32mI (182) cpu_start: cpu freq: 160000000 Hz[0m
[0;32mI (182) app_init: Application information:[0m
[0;32mI (182) app_init: Project name:     lab4[0m
[0;32mI (186) app_init: App version:      2c3774c-dirty[0m
[0;32mI (190) app_init: Compile time:     Oct  8 2025 09:46:24[0m
[0;32mI (195) app_init: ELF file SHA256:  27066a6ff...[0m
[0;32mI (200) app_init: ESP-IDF:          HEAD-HASH-NOTFOUND[0m
[0;32mI (205) efuse_init: Min chip rev:     v0.0[0m
[0;32mI (208) efuse_init: Max chip rev:     v3.99 [0m
[0;32mI (212) efuse_init: Chip rev:         v3.1[0m
[0;32mI (216) heap_init: Initializing. RAM available for dynamic allocation:[0m
[0;32mI (223) heap_init: At 3FFAE6E0 len 00001920 (6 KiB): DRAM[0m
[0;32mI (228) heap_init: At 3FFB2CA8 len 0002D358 (180 KiB): DRAM[0m
[0;32mI (233) heap_init: At 3FFE0440 len 00003AE0 (14 KiB): D/IRAM[0m
[0;32mI (238) heap_init: At 3FFE4350 len 0001BCB0 (111 KiB): D/IRAM[0m
[0;32mI (244) heap_init: At 4008CFF8 len 00013008 (76 KiB): IRAM[0m
[0;33mW (250) spi_flash: Detected boya flash chip but using generic driver. For optimal functionality, enable `SPI_FLASH_SUPPORT_BOYA_CHIP` in menuconfig[0m
[0;32mI (262) spi_flash: detected chip: generic[0m
[0;32mI (266) spi_flash: flash io: dio[0m
[0;33mW (269) spi_flash: Detected size(4096k) larger than the size in the binary image header(2048k). Using the size in the binary image header.[0m
[0;32mI (281) main_task: Started on CPU0[0m
[0;32mI (291) main_task: Calling app_main()[0m
------single_linked_list tests------
added:35
added:98
added:14
added:84
added:96
added:99
added:75
added:65
added:12
added:56
added:68
added:33
added:47
added:20
added:36
added:99
added:60
added:61
added:40
added:94
added:95
added:97
added:11
added:15
added:50
index[0] = 11
index[1] = 12
index[2] = 14
index[3] = 15
index[4] = 20
index[5] = 33
index[6] = 35
index[7] = 36
index[8] = 40
index[9] = 47
index[10] = 50
index[11] = 56
index[12] = 60
index[13] = 61
index[14] = 65
index[15] = 68
index[16] = 75
index[17] = 84
index[18] = 94
index[19] = 95
index[20] = 96
index[21] = 97
index[22] = 98
index[23] = 99
index[24] = 99
index[0] = 50
index[1] = 56
index[2] = 60
index[3] = 61
index[4] = 65
------double_linked_list tests------
added:1
added:4
added:1
added:0
added:1
added:1
added:4
added:0
added:3
added:0
added:4
added:1
added:3
added:3
added:0
added:4
added:2
added:3
added:1
added:0
index[0] = 0
index[1] = 0
index[2] = 0
index[3] = 0
index[4] = 0
index[5] = 1
index[6] = 1
index[7] = 1
index[8] = 1
index[9] = 1
index[10] = 1
index[11] = 2
index[12] = 3
index[13] = 3
index[14] = 3
index[15] = 3
index[16] = 4
index[17] = 4
index[18] = 4
index[19] = 4
--Remove--
index[0] = 0
index[1] = 0
index[2] = 0
index[3] = 0
index[4] = 1
index[5] = 1
index[6] = 1
index[7] = 1
index[8] = 1
index[9] = 1
index[10] = 2
index[11] = 3
index[12] = 3
index[13] = 3
index[14] = 3
index[15] = 4
index[16] = 4
index[17] = 4
index[18] = 1073407732
index[19] = 17282599
index[20] = 2126512358
index[21] = -1073715586
Guru Meditation Error: Core  0 panic'ed (LoadProhibited). Exception was unhandled.

Core  0 register dump:
PC      : 0x400d6225  PS      : 0x00060330  A0      : 0x800d60c1  A1      : 0x3ffb3f50  
A2      : 0x3ffb3f74  A3      : 0x00000000  A4      : 0x3ffb3f60  A5      : 0x0000000c  
A6      : 0x00000016  A7      : 0xc000667e  A8      : 0x800d6230  A9      : 0x3ffb3f00  
A10     : 0x00000018  A11     : 0x00000015  A12     : 0xc000667e  A13     : 0x3f40256b  
A14     : 0x00000015  A15     : 0x3ffaea38  SAR     : 0x00000004  EXCCAUSE: 0x0000001c  
EXCVADDR: 0xc000667e  LBEG    : 0x400014fd  LEND    : 0x4000150d  LCOUNT  : 0xffffffff  


Backtrace: 0x400d6222:0x3ffb3f50 0x400d60be:0x3ffb3f70 0x400e30ed:0x3ffb3fa0 0x40085d35:0x3ffb3fd0




ELF file SHA256: 27066a6ff

Rebooting...
ets Jul 29 2019 12:21:46

rst:0xc (SW_CPU_RESET),boot:0x13 (SPI_FAST_FLASH_BOOT)
configsip: 0, SPIWP:0xee
clk_drv:0x00,q_drv:0x00,d_drv:0x00,cs0_drv:0x00,hd_drv:0x00,wp_drv:0x00
mode:DIO, clock div:2
load:0x3fff0030,len:6380
ho 0 tail 12 room 4
load:0x40078000,len:15916
load:0x40080400,len:3860
entry 0x40080638
[0;32mI (29) boot: ESP-IDF HEAD-HASH-NOTFOUND 2nd stage bootloader[0m
[0;32mI (29) boot: compile time Oct  8 2025 00:30:29[0m
[0;32mI (29) boot: Multicore bootloader[0m
[0;32mI (32) boot: chip revision: v3.1[0m
[0;32mI (34) boot.esp32: SPI Speed      : 40MHz[0m
[0;32mI (38) boot.esp32: SPI Mode       : DIO[0m
[0;32mI (42) boot.esp32: SPI Flash Size : 2MB[0m
[0;32mI (45) boot: Enabling RNG early entropy source...[0m
[0;32mI (50) boot: Partition Table:[0m
[0;32mI (52) boot: ## Label            Usage          Type ST Offset   Length[0m
[0;32mI (59) boot:  0 nvs              WiFi data        01 02 00009000 00006000[0m
[0;32mI (65) boot:  1 phy_init         RF data          01 01 0000f000 00001000[0m
[0;32mI (72) boot:  2 factory          factory app      00 00 00010000 00100000[0m
[0;32mI (78) boot: End of partition table[0m
[0;32mI (82) esp_image: segment 0: paddr=00010020 vaddr=3f400020 size=09a68h ( 39528) map[0m
[0;32mI (102) esp_image: segment 1: paddr=00019a90 vaddr=3ffb0000 size=023d8h (  9176) load[0m
[0;32mI (106) esp_image: segment 2: paddr=0001be70 vaddr=40080000 size=041a8h ( 16808) load[0m
[0;32mI (113) esp_image: segment 3: paddr=00020020 vaddr=400d0020 size=137d4h ( 79828) map[0m
[0;32mI (141) esp_image: segment 4: paddr=000337fc vaddr=400841a8 size=08e50h ( 36432) load[0m
[0;32mI (156) esp_image: segment 5: paddr=0003c654 vaddr=50000000 size=00020h (    32) load[0m
[0;32mI (162) boot: Loaded app from partition at offset 0x10000[0m
[0;32mI (162) boot: Disabling RNG early entropy source...[0m
[0;32mI (174) cpu_start: Multicore app[0m
[0;32mI (182) cpu_start: Pro cpu start user code[0m
[0;32mI (182) cpu_start: cpu freq: 160000000 Hz[0m
[0;32mI (182) app_init: Application information:[0m
[0;32mI (182) app_init: Project name:     lab4[0m
[0;32mI (186) app_init: App version:      2c3774c-dirty[0m
[0;32mI (190) app_init: Compile time:     Oct  8 2025 09:46:24[0m
[0;32mI (195) app_init: ELF file SHA256:  27066a6ff...[0m
[0;32mI (200) app_init: ESP-IDF:          HEAD-HASH-NOTFOUND[0m
[0;32mI (205) efuse_init: Min chip rev:     v0.0[0m
[0;32mI (208) efuse_init: Max chip rev:     v3.99 [0m
[0;32mI (212) efuse_init: Chip rev:         v3.1[0m
[0;32mI (216) heap_init: Initializing. RAM available for dynamic allocation:[0m
[0;32mI (223) heap_init: At 3FFAE6E0 len 00001920 (6 KiB): DRAM[0m
[0;32mI (228) heap_init: At 3FFB2CA8 len 0002D358 (180 KiB): DRAM[0m
[0;32mI (233) heap_init: At 3FFE0440 len 00003AE0 (14 KiB): D/IRAM[0m
[0;32mI (238) heap_init: At 3FFE4350 len 0001BCB0 (111 KiB): D/IRAM[0m
[0;32mI (244) heap_init: At 4008CFF8 len 00013008 (76 KiB): IRAM[0m
[0;33mW (250) spi_flash: Detected boya flash chip but using generic driver. For optimal functionality, enable `SPI_FLASH_SUPPORT_BOYA_CHIP` in menuconfig[0m
[0;32mI (262) spi_flash: detected chip: generic[0m
[0;32mI (266) spi_flash: flash io: dio[0m
[0;33mW (269) spi_flash: Detected size(4096k) larger than the size in the binary image header(2048k). Using the size in the binary image header.[0m
[0;32mI (281) main_task: Started on CPU0[0m
[0;32mI (291) main_task: Calling app_main()[0m
------single_linked_list tests------
added:16
added:12
added:1
added:17
added:31
added:66
added:48
added:33
added:45
added:24
added:64
added:61
added:77
added:46
added:35
added:67
added:44
added:66
added:71
added:15
added:25
added:52
