Command: /home/minipops/.espressif/python_env/idf5.5_py3.13_env/bin/python /opt/esp-idf/tools/idf_monitor.py -p /dev/ttyUSB0 -b 115200 --toolchain-prefix xtensa-esp32-elf- --target esp32 --revision 0 /home/minipops/uni/da267a/labs/lab4/build/lab4.elf /home/minipops/uni/da267a/labs/lab4/build/bootloader/bootloader.elf -m '/home/minipops/.espressif/python_env/idf5.5_py3.13_env/bin/python' '/opt/esp-idf/tools/idf.py'
ets Jul 29 2019 12:21:46

rst:0x1 (POWERON_RESET),boot:0x13 (SPI_FAST_FLASH_BOOT)
configsip: 0, SPIWP:0xee
clk_drv:0x00,q_drv:0x00,d_drv:0x00,cs0_drv:0x00,hd_drv:0x00,wp_drv:0x00
mode:DIO, clock div:2
load:0x3fff0030,len:6380
ho 0 tail 12 room 4
load:0x40078000,len:15916
load:0x40080400,len:3860
entry 0x40080638
[0;32mI (29) boot: ESP-IDF HEAD-HASH-NOTFOUND 2nd stage bootloader[0m
[0;32mI (29) boot: compile time Oct  8 2025 00:30:29[0m
[0;32mI (29) boot: Multicore bootloader[0m
[0;32mI (32) boot: chip revision: v3.1[0m
[0;32mI (34) boot.esp32: SPI Speed      : 40MHz[0m
[0;32mI (38) boot.esp32: SPI Mode       : DIO[0m
[0;32mI (42) boot.esp32: SPI Flash Size : 2MB[0m
[0;32mI (45) boot: Enabling RNG early entropy source...[0m
[0;32mI (50) boot: Partition Table:[0m
[0;32mI (52) boot: ## Label            Usage          Type ST Offset   Length[0m
[0;32mI (59) boot:  0 nvs              WiFi data        01 02 00009000 00006000[0m
[0;32mI (65) boot:  1 phy_init         RF data          01 01 0000f000 00001000[0m
[0;32mI (72) boot:  2 factory          factory app      00 00 00010000 00100000[0m
[0;32mI (78) boot: End of partition table[0m
[0;32mI (82) esp_image: segment 0: paddr=00010020 vaddr=3f400020 size=09c18h ( 39960) map[0m
[0;32mI (103) esp_image: segment 1: paddr=00019c40 vaddr=3ffb0000 size=023d8h (  9176) load[0m
[0;32mI (106) esp_image: segment 2: paddr=0001c020 vaddr=40080000 size=03ff8h ( 16376) load[0m
[0;32mI (113) esp_image: segment 3: paddr=00020020 vaddr=400d0020 size=13a68h ( 80488) map[0m
[0;32mI (142) esp_image: segment 4: paddr=00033a90 vaddr=40083ff8 size=09000h ( 36864) load[0m
[0;32mI (156) esp_image: segment 5: paddr=0003ca98 vaddr=50000000 size=00020h (    32) load[0m
[0;32mI (163) boot: Loaded app from partition at offset 0x10000[0m
[0;32mI (163) boot: Disabling RNG early entropy source...[0m
[0;32mI (174) cpu_start: Multicore app[0m
[0;32mI (183) cpu_start: Pro cpu start user code[0m
[0;32mI (183) cpu_start: cpu freq: 160000000 Hz[0m
[0;32mI (183) app_init: Application information:[0m
[0;32mI (183) app_init: Project name:     lab4[0m
[0;32mI (187) app_init: App version:      2c3774c-dirty[0m
[0;32mI (191) app_init: Compile time:     Oct  8 2025 09:46:24[0m
[0;32mI (196) app_init: ELF file SHA256:  20e99a81f...[0m
[0;32mI (200) app_init: ESP-IDF:          HEAD-HASH-NOTFOUND[0m
[0;32mI (205) efuse_init: Min chip rev:     v0.0[0m
[0;32mI (209) efuse_init: Max chip rev:     v3.99 [0m
[0;32mI (213) efuse_init: Chip rev:         v3.1[0m
[0;32mI (217) heap_init: Initializing. RAM available for dynamic allocation:[0m
[0;32mI (223) heap_init: At 3FFAE6E0 len 00001920 (6 KiB): DRAM[0m
[0;32mI (228) heap_init: At 3FFB2CA8 len 0002D358 (180 KiB): DRAM[0m
[0;32mI (234) heap_init: At 3FFE0440 len 00003AE0 (14 KiB): D/IRAM[0m
[0;32mI (239) heap_init: At 3FFE4350 len 0001BCB0 (111 KiB): D/IRAM[0m
[0;32mI (244) heap_init: At 4008CFF8 len 00013008 (76 KiB): IRAM[0m
[0;33mW (251) spi_flash: Detected boya flash chip but using generic driver. For optimal functionality, enable `SPI_FLASH_SUPPORT_BOYA_CHIP` in menuconfig[0m
[0;32mI (263) spi_flash: detected chip: generic[0m
[0;32mI (266) spi_flash: flash io: dio[0m
[0;33mW (269) spi_flash: Detected size(4096k) larger than the size in the binary image header(2048k). Using the size in the binary image header.[0m
[0;32mI (282) main_task: Started on CPU0[0m
[0;32mI (292) main_task: Calling app_main()[0m
----Sorted insert test----
single linked list: 
added:32
added:67
added:62
added:19
added:67
list(first: 19)[19 32 62 67 67 ]


double linked list: 
added 20
added 83
added 56
added 16
added 84
list(first:16, last84 )[16 20 56 83 84 ]
----Removeing elements test----
single linked list: 
added:54
added:20
added:51
added:44
added:40
list(first: 20)[20 40 44 51 54 ]
removeing first element
list(first: 40)[40 44 51 54 ]
40 removed
removeing last element
list(first: 40)[40 44 51 ]
40 removed


double linked list: 
added 7
added 46
added 47
added 86
added 31
list(first:7, last86 )[7 31 46 47 86 ]
removeing first element
list(first:31, last86 )[31 46 47 86 ]
31 removed
removing last element
list(first:31, last47 )[31 46 47 ]
31 removed
----Remove from empty list----
remove from empty sll
remove first: -2147483648
remove last: -2147483648
remove from empty dll
remove first: -2147483648
remove last: -2147483648


----Adding duplicate values----
single linked list: 
added:1
added:1
list(first: 1)[1 1 ]
double linked list: 
added 1
added 1
list(first:1, last1 )[1 1 ]


----Adding values to beginning----
single linked list: 
added:1
added:1
added:0
list(first: 0)[0 1 1 ]
double linked list: 
added 1
added 1
added 0
list(first:0, last1 )[0 1 1 ]


----Adding values to end----
single linked list: 
added:3
list(first: 0)[0 1 1 3 ]
double linked list: 
added 3
list(first:0, last3 )[0 1 1 3 ]


 ----Removeing only element----single linked list: 
added:1
list(first: 1)[1 ]
removeing first element
Guru Meditation Error: Core  0 panic'ed (LoadProhibited). Exception was unhandled.

Core  0 register dump:
PC      : 0x400d63a4  PS      : 0x00060530  A0      : 0x800d62d8  A1      : 0x3ffb3f20  
A2      : 0x3ffb3f40  A3      : 0x00000001  A4      : 0x0000000b  A5      : 0x3f402567  
A6      : 0x00000015  A7      : 0x00000000  A8      : 0x00000000  A9      : 0x3ffb3f00  
A10     : 0x3ffb3f40  A11     : 0x00000001  A12     : 0x3ffb3be0  A13     : 0x3f403835  
A14     : 0x00000021  A15     : 0x00000000  SAR     : 0x0000001d  EXCCAUSE: 0x0000001c  
EXCVADDR: 0x00000000  LBEG    : 0x400014fd  LEND    : 0x4000150d  LCOUNT  : 0xfffffff9  


Backtrace: 0x400d63a1:0x3ffb3f20 0x400d62d5:0x3ffb3f40 0x400d6315:0x3ffb3f70 0x400e3381:0x3ffb3fa0 0x40085d35:0x3ffb3fd0




ELF file SHA256: 20e99a81f

Rebooting...
ets Jul 29 2019 12:21:46

rst:0xc (SW_CPU_RESET),boot:0x13 (SPI_FAST_FLASH_BOOT)
configsip: 0, SPIWP:0xee
clk_drv:0x00,q_drv:0x00,d_drv:0x00,cs0_drv:0x00,hd_drv:0x00,wp_drv:0x00
mode:DIO, clock div:2
load:0x3fff0030,len:6380
ho 0 tail 12 room 4
load:0x40078000,len:15916
load:0x40080400,len:3860
entry 0x40080638
[0;32mI (29) boot: ESP-IDF HEAD-HASH-NOTFOUND 2nd stage bootloader[0m
[0;32mI (29) boot: compile time Oct  8 2025 00:30:29[0m
[0;32mI (29) boot: Multicore bootloader[0m
[0;32mI (32) boot: chip revision: v3.1[0m
[0;32mI (34) boot.esp32: SPI Speed      : 40MHz[0m
[0;32mI (38) boot.esp32: SPI Mode       : DIO[0m
[0;32mI (42) boot.esp32: SPI Flash Size : 2MB[0m
[0;32mI (45) boot: Enabling RNG early entropy source...[0m
[0;32mI (50) boot: Partition Table:[0m
[0;32mI (52) boot: ## Label            Usage          Type ST Offset   Length[0m
[0;32mI (59) boot:  0 nvs              WiFi data        01 02 00009000 00006000[0m
[0;32mI (65) boot:  1 phy_init         RF data          01 01 0000f000 00001000[0m
[0;32mI (72) boot:  2 factory          factory app      00 00 00010000 00100000[0m
[0;32mI (78) boot: End of partition table[0m
[0;32mI (82) esp_image: segment 0: paddr=00010020 vaddr=3f400020 size=09c18h ( 39960) map[0m
[0;32mI (103) esp_image: segment 1: paddr=00019c40 vaddr=3ffb0000 size=023d8h (  9176) load[0m
[0;32mI (106) esp_image: segment 2: paddr=0001c020 vaddr=40080000 size=03ff8h ( 16376) load[0m
[0;32mI (113) esp_image: segment 3: paddr=00020020 vaddr=400d0020 size=13a68h ( 80488) map[0m
[0;32mI (142) esp_image: segment 4: paddr=00033a90 vaddr=40083ff8 size=09000h ( 36864) load[0m
[0;32mI (156) esp_image: segment 5: paddr=0003ca98 vaddr=50000000 size=00020h (    32) load[0m
[0;32mI (163) boot: Loaded app from partition at offset 0x10000[0m
[0;32mI (163) boot: Disabling RNG early entropy source...[0m
[0;32mI (174) cpu_start: Multicore app[0m
[0;32mI (183) cpu_start: Pro cpu start user code[0m
[0;32mI (183) cpu_start: cpu freq: 160000000 Hz[0m
[0;32mI (183) app_init: Application information:[0m
[0;32mI (183) app_init: Project name:     lab4[0m
[0;32mI (186) app_init: App version:      2c3774c-dirty[0m
[0;32mI (191) app_init: Compile time:     Oct  8 2025 09:46:24[0m
[0;32mI (196) app_init: ELF file SHA256:  20e99a81f...[0m
[0;32mI (200) app_init: ESP-IDF:          HEAD-HASH-NOTFOUND[0m
[0;32mI (205) efuse_init: Min chip rev:     v0.0[0m
[0;32mI (209) efuse_init: Max chip rev:     v3.99 [0m
[0;32mI (213) efuse_init: Chip rev:         v3.1[0m
[0;32mI (217) heap_init: Initializing. RAM available for dynamic allocation:[0m
[0;32mI (223) heap_init: At 3FFAE6E0 len 00001920 (6 KiB): DRAM[0m
[0;32mI (228) heap_init: At 3FFB2CA8 len 0002D358 (180 KiB): DRAM[0m
[0;32mI (233) heap_init: At 3FFE0440 len 00003AE0 (14 KiB): D/IRAM[0m
[0;32mI (239) heap_init: At 3FFE4350 len 0001BCB0 (111 KiB): D/IRAM[0m
[0;32mI (244) heap_init: At 4008CFF8 len 00013008 (76 KiB): IRAM[0m
[0;33mW (251) spi_flash: Detected boya flash chip but using generic driver. For optimal functionality, enable `SPI_FLASH_SUPPORT_BOYA_CHIP` in menuconfig[0m
[0;32mI (263) spi_flash: detected chip: generic[0m
[0;32mI (266) spi_flash: flash io: dio[0m
[0;33mW (269) spi_flash: Detected size(4096k) larger than the size in the binary image header(2048k). Using the size in the binary image header.[0m
[0;32mI (282) main_task: Started on CPU0[0m
[0;32mI (292) main_task: Calling app_main()[0m
----Sorted insert test----
single linked list: 
added:31
added:8
added:54
added:71
added:32
list(first: 8)[8 31 32 54 71 ]


double linked list: 
added 66
added 34
added 40
added 23
added 92
list(first:23, last92 )[23 34 40 66 92 ]
----Removeing elements test----
single linked list: 
added:17
added:46
added:95
added:35
added:43
list(first: 17)[17 35 43 46 95 ]
removeing first element
list(first: 35)[35 43 46 95 ]
35 removed
removeing last element
list(first: 35)[35 43 46 ]
35 removed


double linked list: 
added 67
added 94
added 15
added 82
added 89
list(first:15, last94 )[15 67 82 89 94 ]
removeing first element
list(first:67, last94 )[67 82 89 94 ]
67 removed
removing last element
list(first:67, last89 )[67 82 89 ]
67 removed
----Remove from empty list----
remove from empty sll
remove first: -2147483648
remove last: -2147483648
remove from empty dll
remove first: -2147483648
remove last: -2147483648


----Adding duplicate values----
single linked list: 
added:1
added:1
list(first: 1)[1 1 ]
double linked list: 
added 1
added 1
list(first:1, last1 )[1 1 ]


----Adding values to beginning----
single linked list: 
added:1
added:1
added:0
list(first: 0)[0 1 1 ]
double linked list: 
added 1
added 1
added 0
list(first:0, last1 )[0 1 1 ]


----Adding values to end----
single linked list: 
added:3
list(first: 0)[0 1 1 3 ]
double linked list: 
added 3
list(first:0, last3 )[0 1 1 3 ]


 ----Removeing only element----single linked list: 
added:1
list(first: 1)[1 ]
removeing first element
Guru Meditation Error: Core  0 panic'ed (LoadProhibited). Exception was unhandled.

Core  0 register dump:
PC      : 0x400d63a4  PS      : 0x00060530  A0      : 0x800d62d8  A1      : 0x3ffb3f20  
A2      : 0x3ffb3f40  A3      : 0x00000001  A4      : 0x0000000b  A5      : 0x3f402567  
A6      : 0x00000015  A7      : 0x00000000  A8      : 0x00000000  A9      : 0x3ffb3f00  
A10     : 0x3ffb3f40  A11     : 0x00000001  A12     : 0x3ffb3be0  A13     : 0x3f403835  
A14     : 0x00000021  A15     : 0x00000000  SAR     : 0x0000001d  EXCCAUSE: 0x0000001c  
EXCVADDR: 0x00000000  LBEG    : 0x400014fd  LEND    : 0x4000150d  LCOUNT  : 0xfffffff9  


Backtrace: 0x400d63a1:0x3ffb3f20 0x400d62d5:0x3ffb3f40 0x400d6315:0x3ffb3f70 0x400e3381:0x3ffb3fa0 0x40085d35:0x3ffb3fd0




ELF file SHA256: 20e99a81f

Rebooting...
ets Jul 29 2019 12:21:46

rst:0xc (SW_CPU_RESET),boot:0x13 (SPI_FAST_FLASH_BOOT)
configsip: 0, SPIWP:0xee
clk_drv:0x00,q_drv:0x00,d_drv:0x00,cs0_drv:0x00,hd_drv:0x00,wp_drv:0x00
mode:DIO, clock div:2
load:0x3fff0030,len:6380
ho 0 tail 12 room 4
load:0x40078000,len:15916
load:0x40080400,len:3860
entry 0x40080638
[0;32mI (29) boot: ESP-IDF HEAD-HASH-NOTFOUND 2nd stage bootloader[0m
[0;32mI (29) boot: compile time Oct  8 2025 00:30:29[0m
[0;32mI (29) boot: Multicore bootloader[0m
[0;32mI (32) boot: chip revision: v3.1[0m
[0;32mI (34) boot.esp32: SPI Speed      : 40MHz[0m
[0;32mI (38) boot.esp32: SPI Mode       : DIO[0m
[0;32mI (42) boot.esp32: SPI Flash Size : 2MB[0m
[0;32mI (45) boot: Enabling RNG early entropy source...[0m
[0;32mI (50) boot: Partition Table:[0m
[0;32mI (52) boot: ## Label            Usage          Type ST Offset   Length[0m
[0;32mI (59) boot:  0 nvs              WiFi data        01 02 00009000 00006000[0m
[0;32mI (65) boot:  1 phy_init         RF data          01 01 0000f000 00001000[0m
[0;32mI (72) boot:  2 factory          factory app      00 00 00010000 00100000[0m
[0;32mI (78) boot: End of partition table[0m
[0;32mI (82) esp_image: segment 0: paddr=00010020 vaddr=3f400020 size=09c18h ( 39960) map[0m
[0;32mI (103) esp_image: segment 1: paddr=00019c40 vaddr=3ffb0000 size=023d8h (  9176) load[0m
[0;32mI (106) esp_image: segment 2: paddr=0001c020 vaddr=40080000 size=03ff8h ( 16376) load[0m
[0;32mI (113) esp_image: segment 3: paddr=00020020 vaddr=400d0020 size=13a68h ( 80488) map[0m
[0;32mI (142) esp_image: segment 4: paddr=00033a90 vaddr=40083ff8 size=09000h ( 36864) load[0m
[0;32mI (156) esp_image: segment 5: paddr=0003ca98 vaddr=50000000 size=00020h (    32) load[0m
[0;32mI (163) boot: Loaded app from partition at offset 0x10000[0m
[0;32mI (163) boot: Disabling RNG early entropy source...[0m
[0;32mI (174) cpu_start: Multicore app[0m
[0;32mI (183) cpu_start: Pro cpu start user code[0m
[0;32mI (183) cpu_start: cpu freq: 160000000 Hz[0m
[0;32mI (183) app_init: Application information:[0m
[0;32mI (183) app_init: Project name:     lab4[0m
[0;32mI (186) app_init: App version:      2c3774c-dirty[0m
[0;32mI (191) app_init: Compile time:     Oct  8 2025 09:46:24[0m
[0;32mI (196) app_init: ELF file SHA256:  20e99a81f...[0m
[0;32mI (200) app_init: ESP-IDF:          HEAD-HASH-NOTFOUND[0m
[0;32mI (205) efuse_init: Min chip rev:     v0.0[0m
[0;32mI (209) efuse_init: Max chip rev:     v3.99 [0m
[0;32mI (213) efuse_init: Chip rev:         v3.1[0m
[0;32mI (217) heap_init: Initializing. RAM available for dynamic allocation:[0m
[0;32mI (223) heap_init: At 3FFAE6E0 len 00001920 (6 KiB): DRAM[0m
[0;32mI (228) heap_init: At 3FFB2CA8 len 0002D358 (180 KiB): DRAM[0m
[0;32mI (233) heap_init: At 3FFE0440 len 00003AE0 (14 KiB): D/IRAM[0m
[0;32mI (239) heap_init: At 3FFE4350 len 0001BCB0 (111 KiB): D/IRAM[0m
[0;32mI (244) heap_init: At 4008CFF8 len 00013008 (76 KiB): IRAM[0m
[0;33mW (251) spi_flash: Detected boya flash chip but using generic driver. For optimal functionality, enable `SPI_FLASH_SUPPORT_BOYA_CHIP` in menuconfig[0m
[0;32mI (263) spi_flash: detected chip: generic[0m
[0;32mI (266) spi_flash: flash io: dio[0m
[0;33mW (269) spi_flash: Detected size(4096k) larger than the size in the binary image header(2048k). Using the size in the binary image header.[0m
[0;32mI (282) main_task: Started on CPU0[0m
[0;32mI (292) main_task: Calling app_main()[0m
----Sorted insert test----
single linked list: 
added:12
added:74
added:21
added:83
added:81
list(first: 12)[12 21 74 81 83 ]


double linked list: 
added 18
added 55
added 86
added 94
added 65
list(first:18, last94 )[18 55 65 86 94 ]
----Removeing elements test----
single linked list: 
added:75
added:7
added:61
added:86
added:73
list(first: 7)[7 61 73 75 86 ]
removeing first element
list(first: 61)[61 73 75 86 ]
61 removed
removeing last element
list(first: 61)[61 73 75 ]
61 removed


double linked list: 
added 3
added 76
added 52
added 39
added 58
list(first:3, last76 )[3 39 52 58 76 ]
removeing first element
list(first:39, last76 )[39 52 58 76 ]
39 removed
removing last element
list(first:39, last58 )[39 52 58 ]
39 removed
----Remove from empty list----
remove from empty sll
remove first: -2147483648
remove last: -2147483648
remove from empty dll
remove first: -2147483648
remove last: -2147483648


----Adding duplicate values----
single linked list: 
added:1
added:1
list(first: 1)[1 1 ]
double linked list: 
added 1
added 1
list(first:1, last1 )[1 1 ]


----Adding values to beginning----
single linked list: 
added:1
added:1
added:0
list(first: 0)[0 1 1 ]
double linked list: 
added 1
added 1
added 0
list(first:0, last1 )[0 1 1 ]


----Adding values to end----
single linked list: 
added:3
list(first: 0)[0 1 1 3 ]
double linked list: 
added 3
list(first:0, last3 )[0 1 1 3 ]


 ----Removeing only element----single linked list: 
added:1
list(first: 1)[1 ]
removeing first element
Guru Meditation Error: Core  0 panic'ed (LoadProhibited). Exception was unhandled.

Core  0 register dump:
PC      : 0x400d63a4  PS      : 0x00060530  A0      : 0x800d62d8  A1      : 0x3ffb3f20  
A2      : 0x3ffb3f40  A3      : 0x00000001  A4      : 0x0000000b  A5      : 0x3f402567  
A6      : 0x00000015  A7      : 0x00000000  A8      : 0x00000000  A9      : 0x3ffb3f00  
A10     : 0x3ffb3f40  A11     : 0x00000001  A12     : 0x3ffb3be0  A13     : 0x3f403835  
A14     : 0x00000021  A15     : 0x00000000  SAR     : 0x0000001d  EXCCAUSE: 0x0000001c  
EXCVADDR: 0x00000000  LBEG    : 0x400014fd  LEND    : 0x4000150d  LCOUNT  : 0xfffffff9  


Backtrace: 0x400d63a1:0x3ffb3f20 0x400d62d5:0x3ffb3f40 0x400d6315:0x3ffb3f70 0x400e3381:0x3ffb3fa0 0x40085d35:0x3ffb3fd0




ELF file SHA256: 20e99a81f

Rebooting...
ets Jul 29 2019 12:21:46

rst:0xc (SW_CPU_RESET),boot:0x13 (SPI_FAST_FLASH_BOOT)
configsip: 0, SPIWP:0xee
clk_drv:0x00,q_drv:0x00,d_drv:0x00,cs0_drv:0x00,hd_drv:0x00,wp_drv:0x00
mode:DIO, clock div:2
load:0x3fff0030,len:6380
ho 0 tail 12 room 4
load:0x40078000,len:15916
load:0x40080400,len:3860
entry 0x40080638
[0;32mI (29) boot: ESP-IDF HEAD-HASH-NOTFOUND 2nd stage bootloader[0m
[0;32mI (29) boot: compile time Oct  8 2025 00:30:29[0m
[0;32mI (29) boot: Multicore bootloader[0m
[0;32mI (32) boot: chip revision: v3.1[0m
[0;32mI (34) boot.esp32: SPI Speed      : 40MHz[0m
[0;32mI (38) boot.esp32: SPI Mode       : DIO[0m
[0;32mI (42) boot.esp32: SPI Flash Size : 2MB[0m
[0;32mI (45) boot: Enabling RNG early entropy source...[0m
[0;32mI (50) boot: Partition Table:[0m
[0;32mI (52) boot: ## Label            Usage          Type ST Offset   Length[0m
[0;32mI (59) boot:  0 nvs              WiFi data        01 02 00009000 00006000[0m
[0;32mI (65) boot:  1 phy_init         RF data          01 01 0000f000 00001000[0m
[0;32mI (72) boot:  2 factory          factory app      00 00 00010000 00100000[0m
[0;32mI (78) boot: End of partition table[0m
[0;32mI (82) esp_image: segment 0: paddr=00010020 vaddr=3f400020 size=09c18h ( 39960) map[0m
[0;32mI (103) esp_image: segment 1: paddr=00019c40 vaddr=3ffb0000 size=023d8h (  9176) load[0m
[0;32mI (106) esp_image: segment 2: paddr=0001c020 vaddr=40080000 size=03ff8h ( 16376) load[0m
[0;32mI (113) esp_image: segment 3: paddr=00020020 vaddr=400d0020 size=13a68h ( 80488) map[0m
[0;32mI (142) esp_image: segment 4: paddr=00033a90 vaddr=40083ff8 size=09000h ( 36864) load[0m
[0;32mI (156) esp_image: segment 5: paddr=0003ca98 vaddr=50000000 size=00020h (    32) load[0m
[0;32mI (163) boot: Loaded app from partition at offset 0x10000[0m
[0;32mI (163) boot: Disabling RNG early entropy source...[0m
[0;32mI (174) cpu_start: Multicore app[0m
[0;32mI (183) cpu_start: Pro cpu start user code[0m
[0;32mI (183) cpu_start: cpu freq: 160000000 Hz[0m
[0;32mI (183) app_init: Application information:[0m
[0;32mI (183) app_init: Project name:     lab4[0m
[0;32mI (186) app_init: App version:      2c3774c-dirty[0m
[0;32mI (191) app_init: Compile time:     Oct  8 2025 09:46:24[0m
[0;32mI (196) app_init: ELF file SHA256:  20e99a81f...[0m
[0;32mI (200) app_init: ESP-IDF:          HEAD-HASH-NOTFOUND[0m
[0;32mI (205) efuse_init: Min chip rev:     v0.0[0m
[0;32mI (209) efuse_init: Max chip rev:     v3.99 [0m
[0;32mI (213) efuse_init: Chip rev:         v3.1[0m
[0;32mI (217) heap_init: Initializing. RAM available for dynamic allocation:[0m
[0;32mI (223) heap_init: At 3FFAE6E0 len 00001920 (6 KiB): DRAM[0m
[0;32mI (228) heap_init: At 3FFB2CA8 len 0002D358 (180 KiB): DRAM[0m
[0;32mI (233) heap_init: At 3FFE0440 len 00003AE0 (14 KiB): D/IRAM[0m
[0;32mI (239) heap_init: At 3FFE4350 len 0001BCB0 (111 KiB): D/IRAM[0m
[0;32mI (244) heap_init: At 4008CFF8 len 00013008 (76 KiB): IRAM[0m
[0;33mW (251) spi_flash: Detected boya flash chip but using generic driver. For optimal functionality, enable `SPI_FLASH_SUPPORT_BOYA_CHIP` in menuconfig[0m
[0;32mI (263) spi_flash: detected chip: generic[0m
[0;32mI (266) spi_flash: flash io: dio[0m
[0;33mW (269) spi_flash: Detected size(4096k) larger than the size in the binary image header(2048k). Using the size in the binary image header.[0m
[0;32mI (282) main_task: Started on CPU0[0m
[0;32mI (292) main_task: Calling app_main()[0m
----Sorted insert test----
single linked list: 
added:63
added:50
added:23
added:22
added:32
list(first: 22)[22 23 32 50 63 ]


double linked list: 
added 32
added 14
added 12
added 65
added 44
list(first:12, last65 )[12 14 32 44 65 ]
----Removeing elements test----
single linked list: 
added:67
added:22
added:2
added:81
added:93
list(first: 2)[2 22 67 81 93 ]
removeing first element
list(first: 22)[22 67 81 93 ]
22 removed
removeing last element
list(first: 22)[22 67 81 ]
22 removed


double linked list: 
added 63
added 63
added 2
added 93
added 38
list(first:2, last93 )[2 38 63 63 93 ]
removeing first element
list(first:38, last93 )[38 63 63 93 ]
38 removed
removing last element
list(first:38, last63 )[38 63 63 ]
38 removed
----Remove from empty list----
remove from empty sll
remove first: -2147483648
remove last: -2147483648
remove from empty dll
remove first: -2147483648
remove last: -2147483648


----Adding duplicate values----
single linked list: 
added:1
added:1
list(first: 1)[1 1 ]
double linked list: 
added 1
added 1
list(first:1, last1 )[1 1 ]


----Adding values to beginning----
single linked list: 
added:1
added:1
added:0
list(first: 0)[0 1 1 ]
double linked list: 
added 1
added 1
added 0
list(first:0, last1 )[0 1 1 ]


----Adding values to end----
single linked list: 
added:3
list(first: 0)[0 1 1 3 ]
double linked list: 
added 3
list(first:0, last3 )[0 1 1 3 ]


 ----Removeing only element----single linked list: 
added:1
list(first: 1)[1 ]
removeing first element
Guru Meditation Error: Core  0 panic'ed (LoadProhibited). Exception was unhandled.

Core  0 register dump:
PC      : 0x400d63a4  PS      : 0x00060530  A0      : 0x800d62d8  A1      : 0x3ffb3f20  
A2      : 0x3ffb3f40  A3      : 0x00000001  A4      : 0x0000000b  A5      : 0x3f402567  
A6      : 0x00000015  A7      : 0x00000000  A8      : 0x00000000  A9      : 0x3ffb3f00  
A10     : 0x3ffb3f40  A11     : 0x00000001  A12     : 0x3ffb3be0  A13     : 0x3f403835  
A14     : 0x00000021  A15     : 0x00000000  SAR     : 0x0000001d  EXCCAUSE: 0x0000001c  
EXCVADDR: 0x00000000  LBEG    : 0x400014fd  LEND    : 0x4000150d  LCOUNT  : 0xfffffff9  


Backtrace: 0x400d63a1:0x3ffb3f20 0x400d62d5:0x3ffb3f40 0x400d6315:0x3ffb3f70 0x400e3381:0x3ffb3fa0 0x40085d35:0x3ffb3fd0




ELF file SHA256: 20e99a81f

Rebooting...
ets Jul 29 2019 12:21:46

rst:0xc (SW_CPU_RESET),boot:0x13 (SPI_FAST_FLASH_BOOT)
configsip: 0, SPIWP:0xee
clk_drv:0x00,q_drv:0x00,d_drv:0x00,cs0_drv:0x00,hd_drv:0x00,wp_drv:0x00
mode:DIO, clock div:2
load:0x3fff0030,len:6380
ho 0 tail 12 room 4
load:0x40078000,len:15916
load:0x40080400,len:3860
entry 0x40080638
[0;32mI (29) boot: ESP-IDF HEAD-HASH-NOTFOUND 2nd stage bootloader[0m
[0;32mI (29) boot: compile time Oct  8 2025 00:30:29[0m
[0;32mI (29) boot: Multicore bootloader[0m
[0;32mI (32) boot: chip revision: v3.1[0m
[0;32mI (34) boot.esp32: SPI Speed      : 40MHz[0m
[0;32mI (38) boot.esp32: SPI Mode       : DIO[0m
[0;32mI (42) boot.esp32: SPI Flash Size : 2MB[0m
[0;32mI (45) boot: Enabling RNG early entropy source...[0m
[0;32mI (50) boot: Partition Table:[0m
[0;32mI (52) boot: ## Label            Usage          Type ST Offset   Length[0m
[0;32mI (59) boot:  0 nvs              WiFi data        01 02 00009000 00006000[0m
[0;32mI (65) boot:  1 phy_init         RF data          01 01 0000f000 00001000[0m
[0;32mI (72) boot:  2 factory          factory app      00 00 00010000 00100000[0m
[0;32mI (78) boot: End of partition table[0m
[0;32mI (82) esp_image: segment 0: paddr=00010020 vaddr=3f400020 size=09c18h ( 39960) map[0m
[0;32mI (103) esp_image: segment 1: paddr=00019c40 vaddr=3ffb0000 size=023d8h (  9176) load[0m
[0;32mI (106) esp_image: segment 2: paddr=0001c020 vaddr=40080000 size=03ff8h ( 16376) load[0m
[0;32mI (113) esp_image: segment 3: paddr=00020020 vaddr=400d0020 size=13a68h ( 80488) map[0m
[0;32mI (142) esp_image: segment 4: paddr=00033a90 vaddr=40083ff8 size=09000h ( 36864) load[0m
[0;32mI (156) esp_image: segment 5: paddr=0003ca98 vaddr=50000000 size=00020h (    32) load[0m
[0;32mI (163) boot: Loaded app from partition at offset 0x10000[0m
[0;32mI (163) boot: Disabling RNG early entropy source...[0m
[0;32mI (174) cpu_start: Multicore app[0m
[0;32mI (183) cpu_start: Pro cpu start user code[0m
[0;32mI (183) cpu_start: cpu freq: 160000000 Hz[0m
[0;32mI (183) app_init: Application information:[0m
[0;32mI (183) app_init: Project name:     lab4[0m
[0;32mI (186) app_init: App version:      2c3774c-dirty[0m
[0;32mI (191) app_init: Compile time:     Oct  8 2025 09:46:24[0m
[0;32mI (196) app_init: ELF file SHA256:  20e99a81f...[0m
[0;32mI (200) app_init: ESP-IDF:          HEAD-HASH-NOTFOUND[0m
[0;32mI (205) efuse_init: Min chip rev:     v0.0[0m
[0;32mI (209) efuse_init: Max chip rev:     v3.99 [0m
[0;32mI (213) efuse_init: Chip rev:         v3.1[0m
[0;32mI (217) heap_init: Initializing. RAM available for dynamic allocation:[0m
[0;32mI (223) heap_init: At 3FFAE6E0 len 00001920 (6 KiB): DRAM[0m
[0;32mI (228) heap_init: At 3FFB2CA8 len 0002D358 (180 KiB): DRAM[0m
[0;32mI (233) heap_init: At 3FFE0440 len 00003AE0 (14 KiB): D/IRAM[0m
[0;32mI (239) heap_init: At 3FFE4350 len 0001BCB0 (111 KiB): D/IRAM[0m
[0;32mI (244) heap_init: At 4008CFF8 len 00013008 (76 KiB): IRAM[0m
[0;33mW (251) spi_flash: Detected boya flash chip but using generic driver. For optimal functionality, enable `SPI_FLASH_SUPPORT_BOYA_CHIP` in menuconfig[0m
[0;32mI (263) spi_flash: detected chip: generic[0m
[0;32mI (266) spi_flash: flash io: dio[0m
[0;33mW (269) spi_flash: Detected size(4096k) larger than the size in the binary image header(2048k). Using the size in the binary image header.[0m
[0;32mI (282) main_task: Started on CPU0[0m
[0;32mI (292) main_task: Calling app_main()[0m
----Sorted insert test----
single linked list: 
added:35
added:85
added:41
added:34
added:83
list(first: 34)[34 35 41 83 85 ]


double linked list: 
added 97
added 3
added 77
added 14
added 25
list(first:3, last97 )[3 14 25 77 97 ]
----Removeing elements test----
single linked list: 
added:8
added:80
added:4
added:71
added:8
list(first: 4)[4 8 8 71 80 ]
removeing first element
list(first: 8)[8 8 71 80 ]
8 removed
removeing last element
list(first: 8)[8 8 71 ]
8 removed


double linked list: 
added 76
added 83
added 18
added 16
added 93
list(first:16, last93 )[16 18 76 83 93 ]
removeing first element
list(first:18, last93 )[18 76 83 93 ]
18 removed
removing last element
list(first:18, last83 )[18 76 83 ]
18 removed
----Remove from empty list----
remove from empty sll
remove first: -2147483648
remove last: -2147483648
remove from empty dll
remove first: -2147483648
remove last: -2147483648


----Adding duplicate values----
single linked list: 
added:1
added:1
list(first: 1)[1 1 ]
double linked list: 
added 1
added 1
list(first:1, last1 )[1 1 ]


----Adding values to beginning----
single linked list: 
added:1
added:1
added:0
list(first: 0)[0 1 1 ]
double linked list: 
added 1
added 1
added 0
list(first:0, last1 )[0 1 1 ]


----Adding values to end----
single linked list: 
added:3
list(first: 0)[0 1 1 3 ]
double linked list: 
added 3
list(first:0, last3 )[0 1 1 3 ]


 ----Removeing only element----single linked list: 
added:1
list(first: 1)[1 ]
removeing first element
Guru Meditation Error: Core  0 panic'ed (LoadProhibited). Exception was unhandled.

Core  0 register dump:
PC      : 0x400d63a4  PS      : 0x00060530  A0      : 0x800d62d8  A1      : 0x3ffb3f20  
A2      : 0x3ffb3f40  A3      : 0x00000001  A4      : 0x0000000b  A5      : 0x3f402567  
A6      : 0x00000015  A7      : 0x00000000  A8      : 0x00000000  A9      : 0x3ffb3f00  
A10     : 0x3ffb3f40  A11     : 0x00000001  A12     : 0x3ffb3be0  A13     : 0x3f403835  
A14     : 0x00000021  A15     : 0x00000000  SAR     : 0x0000001d  EXCCAUSE: 0x0000001c  
EXCVADDR: 0x00000000  LBEG    : 0x400014fd  LEND    : 0x4000150d  LCOUNT  : 0xfffffff9  


Backtrace: 0x400d63a1:0x3ffb3f20 0x400d62d5:0x3ffb3f40 0x400d6315:0x3ffb3f70 0x400e3381:0x3ffb3fa0 0x40085d35:0x3ffb3fd0




ELF file SHA256: 20e99a81f

Rebooting...
ets Jul 29 2019 12:21:46

rst:0xc (SW_CPU_RESET),boot:0x13 (SPI_FAST_FLASH_BOOT)
configsip: 0, SPIWP:0xee
clk_drv:0x00,q_drv:0x00,d_drv:0x00,cs0_drv:0x00,hd_drv:0x00,wp_drv:0x00
mode:DIO, clock div:2
load:0x3fff0030,len:6380
ho 0 tail 12 room 4
load:0x40078000,len:15916
load:0x40080400,len:3860
entry 0x40080638
[0;32mI (29) boot: ESP-IDF HEAD-HASH-NOTFOUND 2nd stage bootloader[0m
[0;32mI (29) boot: compile time Oct  8 2025 00:30:29[0m
[0;32mI (29) boot: Multicore bootloader[0m
[0;32mI (32) boot: chip revision: v3.1[0m
[0;32mI (34) boot.esp32: SPI Speed      : 40MHz[0m
[0;32mI (38) boot.esp32: SPI Mode       : DIO[0m
[0;32mI (42) boot.esp32: SPI Flash Size : 2MB[0m
[0;32mI (45) boot: Enabling RNG early entropy source...[0m
[0;32mI (50) boot: Partition Table:[0m
[0;32mI (52) boot: ## Label            Usage          Type ST Offset   Length[0m
[0;32mI (59) boot:  0 nvs              WiFi data        01 02 00009000 00006000[0m
[0;32mI (65) boot:  1 phy_init         RF data          01 01 0000f000 00001000[0m
[0;32mI (72) boot:  2 factory          factory app      00 00 00010000 00100000[0m
[0;32mI (78) boot: End of partition table[0m
[0;32mI (82) esp_image: segment 0: paddr=00010020 vaddr=3f400020 size=09c18h ( 39960) map[0m
[0;32mI (103) esp_image: segment 1: paddr=00019c40 vaddr=3ffb0000 size=023d8h (  9176) load[0m
[0;32mI (106) esp_image: segment 2: paddr=0001c020 vaddr=40080000 size=03ff8h ( 16376) load[0m
[0;32mI (113) esp_image: segment 3: paddr=00020020 vaddr=400d0020 size=13a68h ( 80488) map[0m
[0;32mI (142) esp_image: segment 4: paddr=00033a90 vaddr=40083ff8 size=09000h ( 36864) load[0m
[0;32mI (156) esp_image: segment 5: paddr=0003ca98 vaddr=50000000 size=00020h (    32) load[0m
[0;32mI (163) boot: Loaded app from partition at offset 0x10000[0m
[0;32mI (163) boot: Disabling RNG early entropy source...[0m
[0;32mI (174) cpu_start: Multicore app[0m
[0;32mI (183) cpu_start: Pro cpu start user code[0m
[0;32mI (183) cpu_start: cpu freq: 160000000 Hz[0m
[0;32mI (183) app_init: Application information:[0m
[0;32mI (183) app_init: Project name:     lab4[0m
[0;32mI (186) app_init: App version:      2c3774c-dirty[0m
[0;32mI (191) app_init: Compile time:     Oct  8 2025 09:46:24[0m
[0;32mI (196) app_init: ELF file SHA256:  20e99a81f...[0m
[0;32mI (200) app_init: ESP-IDF:          HEAD-HASH-NOTFOUND[0m
[0;32mI (205) efuse_init: Min chip rev:     v0.0[0m
[0;32mI (209) efuse_init: Max chip rev:     v3.99 [0m
[0;32mI (213) efuse_init: Chip rev:         v3.1[0m
[0;32mI (217) heap_init: Initializing. RAM available for dynamic allocation:[0m
[0;32mI (223) heap_init: At 3FFAE6E0 len 00001920 (6 KiB): DRAM[0m
[0;32mI (228) heap_init: At 3FFB2CA8 len 0002D358 (180 KiB): DRAM[0m
[0;32mI (233) heap_init: At 3FFE0440 len 00003AE0 (14 KiB): D/IRAM[0m
[0;32mI (239) heap_init: At 3FFE4350 len 0001BCB0 (111 KiB): D/IRAM[0m
[0;32mI (244) heap_init: At 4008CFF8 len 00013008 (76 KiB): IRAM[0m
[0;33mW (251) spi_flash: Detected boya flash chip but using generic driver. For optimal functionality, enable `SPI_FLASH_SUPPORT_BOYA_CHIP` in menuconfig[0m
[0;32mI (263) spi_flash: detected chip: generic[0m
[0;32mI (266) spi_flash: flash io: dio[0m
[0;33mW (269) spi_flash: Detected size(4096k) larger than the size in the binary image header(2048k). Using the size in the binary image header.[0m
[0;32mI (282) main_task: Started on CPU0[0m
[0;32mI (292) main_task: Calling app_main()[0m
----Sorted insert test----
single linked list: 
added:15
added:15
added:69
added:64
added:44
list(first: 15)[15 15 44 64 69 ]


double linked list: 
added 95
added 54
added 15
added 10
added 69
list(first:10, last95 )[10 15 54 69 95 ]
----Removeing elements test----
single linked list: 
added:30
added:68
added:63
added:32
added:99
list(first: 30)[30 32 63 68 99 ]
removeing first element
list(first: 32)[32 63 68 99 ]
32 removed
removeing last element
list(first: 32)[32 63 68 ]
32 removed


double linked list: 
added 57
added 79
added 51
added 78
added 56
list(first:51, last79 )[51 56 57 78 79 ]
removeing first element
list(first:56, last79 )[56 57 78 79 ]
56 removed
removing last element
list(first:56, last78 )[56 57 78 ]
56 removed
----Remove from empty list----
remove from empty sll
remove first: -2147483648
remove last: -2147483648
remove from empty dll
remove first: -2147483648
remove last: -2147483648


----Adding duplicate values----
single linked list: 
added:1
added:1
list(first: 1)[1 1 ]
double linked list: 
added 1
added 1
list(first:1, last1 )[1 1 ]


----Adding values to beginning----
single linked list: 
added:1
added:1
added:0
list(first: 0)[0 1 1 ]
double linked list: 
added 1
added 1
added 0
list(first:0, last1 )[0 1 1 ]


----Adding values to end----
single linked list: 
added:3
list(first: 0)[0 1 1 3 ]
double linked list: 
added 3
list(first:0, last3 )[0 1 1 3 ]


 ----Removeing only element----single linked list: 
added:1
list(first: 1)[1 ]
removeing first element
Guru Meditation Error: Core  0 panic'ed (LoadProhibited). Exception was unhandled.

Core  0 register dump:
PC      : 0x400d63a4  PS      : 0x00060530  A0      : 0x800d62d8  A1      : 0x3ffb3f20  
A2      : 0x3ffb3f40  A3      : 0x00000001  A4      : 0x0000000b  A5      : 0x3f402567  
A6      : 0x00000015  A7      : 0x00000000  A8      : 0x00000000  A9      : 0x3ffb3f00  
A10     : 0x3ffb3f40  A11     : 0x00000001  A12     : 0x3ffb3be0  A13     : 0x3f403835  
A14     : 0x00000021  A15     : 0x00000000  SAR     : 0x0000001d  EXCCAUSE: 0x0000001c  
EXCVADDR: 0x00000000  LBEG    : 0x400014fd  LEND    : 0x4000150d  LCOUNT  : 0xfffffff9  


Backtrace: 0x400d63a1:0x3ffb3f20 0x400d62d5:0x3ffb3f40 0x400d6315:0x3ffb3f70 0x400e3381:0x3ffb3fa0 0x40085d35:0x3ffb3fd0




ELF file SHA256: 20e99a81f

Rebooting...
ets Jul 29 2019 12:21:46

rst:0xc (SW_CPU_RESET),boot:0x13 (SPI_FAST_FLASH_BOOT)
configsip: 0, SPIWP:0xee
clk_drv:0x00,q_drv:0x00,d_drv:0x00,cs0_drv:0x00,hd_drv:0x00,wp_drv:0x00
mode:DIO, clock div:2
load:0x3fff0030,len:6380
ho 0 tail 12 room 4
load:0x40078000,len:15916
load:0x40080400,len:3860
entry 0x40080638
[0;32mI (29) boot: ESP-IDF HEAD-HASH-NOTFOUND 2nd stage bootloader[0m
[0;32mI (29) boot: compile time Oct  8 2025 00:30:29[0m
[0;32mI (29) boot: Multicore bootloader[0m
[0;32mI (32) boot: chip revision: v3.1[0m
[0;32mI (34) boot.esp32: SPI Speed      : 40MHz[0m
[0;32mI (38) boot.esp32: SPI Mode       : DIO[0m
[0;32mI (42) boot.esp32: SPI Flash Size : 2MB[0m
[0;32mI (45) boot: Enabling RNG early entropy source...[0m
[0;32mI (50) boot: Partition Table:[0m
[0;32mI (52) boot: ## Label            Usage          Type ST Offset   Length[0m
[0;32mI (59) boot:  0 nvs              WiFi data        01 02 00009000 00006000[0m
[0;32mI (65) boot:  1 phy_init         RF data          01 01 0000f000 00001000[0m
[0;32mI (72) boot:  2 factory          factory app      00 00 00010000 00100000[0m
[0;32mI (78) boot: End of partition table[0m
[0;32mI (82) esp_image: segment 0: paddr=00010020 vaddr=3f400020 size=09c18h ( 39960) map[0m
[0;32mI (103) esp_image: segment 1: paddr=00019c40 vaddr=3ffb0000 size=023d8h (  9176) load[0m
[0;32mI (106) esp_image: segment 2: paddr=0001c020 vaddr=40080000 size=03ff8h ( 16376) load[0m
[0;32mI (113) esp_image: segment 3: paddr=00020020 vaddr=400d0020 size=13a68h ( 80488) map[0m
[0;32mI (142) esp_image: segment 4: paddr=00033a90 vaddr=40083ff8 size=09000h ( 36864) load[0m
[0;32mI (156) esp_image: segment 5: paddr=0003ca98 vaddr=50000000 size=00020h (    32) load[0m
[0;32mI (163) boot: Loaded app from partition at offset 0x10000[0m
[0;32mI (163) boot: Disabling RNG early entropy source...[0m
[0;32mI (174) cpu_start: Multicore app[0m
[0;32mI (183) cpu_start: Pro cpu start user code[0m
[0;32mI (183) cpu_start: cpu freq: 160000000 Hz[0m
[0;32mI (183) app_init: Application information:[0m
[0;32mI (183) app_init: Project name:     lab4[0m
[0;32mI (186) app_init: App version:      2c3774c-dirty[0m
[0;32mI (191) app_init: Compile time:     Oct  8 2025 09:46:24[0m
[0;32mI (196) app_init: ELF file SHA256:  20e99a81f...[0m
[0;32mI (200) app_init: ESP-IDF:          HEAD-HASH-NOTFOUND[0m
[0;32mI (205) efuse_init: Min chip rev:     v0.0[0m
[0;32mI (209) efuse_init: Max chip rev:     v3.99 [0m
[0;32mI (213) efuse_init: Chip rev:         v3.1[0m
[0;32mI (217) heap_init: Initializing. RAM available for dynamic allocation:[0m
[0;32mI (223) heap_init: At 3FFAE6E0 len 00001920 (6 KiB): DRAM[0m
[0;32mI (228) heap_init: At 3FFB2CA8 len 0002D358 (180 KiB): DRAM[0m
[0;32mI (233) heap_init: At 3FFE0440 len 00003AE0 (14 KiB): D/IRAM[0m
[0;32mI (239) heap_init: At 3FFE4350 len 0001BCB0 (111 KiB): D/IRAM[0m
[0;32mI (244) heap_init: At 4008CFF8 len 00013008 (76 KiB): IRAM[0m
[0;33mW (251) spi_flash: Detected boya flash chip but using generic driver. For optimal functionality, enable `SPI_FLASH_SUPPORT_BOYA_CHIP` in menuconfig[0m
[0;32mI (263) spi_flash: detected chip: generic[0m
[0;32mI (266) spi_flash: flash io: dio[0m
[0;33mW (269) spi_flash: Detected size(4096k) larger than the size in the binary image header(2048k). Using the size in the binary image header.[0m
[0;32mI (282) main_task: Started on CPU0[0m
[0;32mI (292) main_task: Calling app_main()[0m
----Sorted insert test----
single linked list: 
added:83
added:99
added:74
added:59
added:59
list(first: 59)[59 59 74 83 99 ]


double linked list: 
added 60
added 13
added 10
added 32
added 12
list(first:10, last60 )[10 12 13 32 60 ]
----Removeing elements test----
single linked list: 
added:43
added:1
added:21
added:50
added:34
list(first: 1)[1 21 34 43 50 ]
removeing first element
list(first: 21)[21 34 43 50 ]
21 removed
removeing last element
list(first: 21)[21 34 43 ]
21 removed


double linked list: 
added 83
added 93
added 61
added 20
added 32
list(first:20, last93 )[20 32 61 83 93 ]
removeing first element
list(first:32, last93 )[32 61 83 93 ]
32 removed
removing last element
list(first:32, last83 )[32 61 83 ]
32 removed
----Remove from empty list----
remove from empty sll
remove first: -2147483648
remove last: -2147483648
remove from empty dll
remove first: -2147483648
remove last: -2147483648


----Adding duplicate values----
single linked list: 
added:1
added:1
list(first: 1)[1 1 ]
double linked list: 
added 1
added 1
list(first:1, last1 )[1 1 ]


----Adding values to beginning----
single linked list: 
added:1
added:1
added:0
list(first: 0)[0 1 1 ]
double linked list: 
added 1
added 1
added 0
list(first:0, last1 )[0 1 1 ]


----Adding values to end----
single linked list: 
added:3
list(first: 0)[0 1 1 3 ]
double linked list: 
added 3
list(first:0, last3 )[0 1 1 3 ]


 ----Removeing only element----single linked list: 
added:1
list(first: 1)[1 ]
removeing first element
Guru Meditation Error: Core  0 panic'ed (LoadProhibited). Exception was unhandled.

Core  0 register dump:
PC      : 0x400d63a4  PS      : 0x00060530  A0      : 0x800d62d8  A1      : 0x3ffb3f20  
A2      : 0x3ffb3f40  A3      : 0x00000001  A4      : 0x0000000b  A5      : 0x3f402567  
A6      : 0x00000015  A7      : 0x00000000  A8      : 0x00000000  A9      : 0x3ffb3f00  
A10     : 0x3ffb3f40  A11     : 0x00000001  A12     : 0x3ffb3be0  A13     : 0x3f403835  
A14     : 0x00000021  A15     : 0x00000000  SAR     : 0x0000001d  EXCCAUSE: 0x0000001c  
EXCVADDR: 0x00000000  LBEG    : 0x400014fd  LEND    : 0x4000150d  LCOUNT  : 0xfffffff9  


Backtrace: 0x400d63a1:0x3ffb3f20 0x400d62d5:0x3ffb3f40 0x400d6315:0x3ffb3f70 0x400e3381:0x3ffb3fa0 0x40085d35:0x3ffb3fd0




ELF file SHA256: 20e99a81f

Rebooting...
ets Jul 29 2019 12:21:46

rst:0xc (SW_CPU_RESET),boot:0x13 (SPI_FAST_FLASH_BOOT)
configsip: 0, SPIWP:0xee
clk_drv:0x00,q_drv:0x00,d_drv:0x00,cs0_drv:0x00,hd_drv:0x00,wp_drv:0x00
mode:DIO, clock div:2
load:0x3fff0030,len:6380
ho 0 tail 12 room 4
load:0x40078000,len:15916
load:0x40080400,len:3860
entry 0x40080638
[0;32mI (29) boot: ESP-IDF HEAD-HASH-NOTFOUND 2nd stage bootloader[0m
[0;32mI (29) boot: compile time Oct  8 2025 00:30:29[0m
[0;32mI (29) boot: Multicore bootloader[0m
[0;32mI (32) boot: chip revision: v3.1[0m
[0;32mI (34) boot.esp32: SPI Speed      : 40MHz[0m
[0;32mI (38) boot.esp32: SPI Mode       : DIO[0m
[0;32mI (42) boot.esp32: SPI Flash Size : 2MB[0m
[0;32mI (45) boot: Enabling RNG early entropy source...[0m
[0;32mI (50) boot: Partition Table:[0m
[0;32mI (52) boot: ## Label            Usage          Type ST Offset   Length[0m
[0;32mI (59) boot:  0 nvs              WiFi data        01 02 00009000 00006000[0m
[0;32mI (65) boot:  1 phy_init         RF data          01 01 0000f000 00001000[0m
[0;32mI (72) boot:  2 factory          factory app      00 00 00010000 00100000[0m
[0;32mI (78) boot: End of partition table[0m
[0;32mI (82) esp_image: segment 0: paddr=00010020 vaddr=3f400020 size=09c18h ( 39960) map[0m
[0;32mI (103) esp_image: segment 1: paddr=00019c40 vaddr=3ffb0000 size=023d8h (  9176) load[0m
[0;32mI (106) esp_image: segment 2: paddr=0001c020 vaddr=40080000 size=03ff8h ( 16376) load[0m
[0;32mI (113) esp_image: segment 3: paddr=00020020 vaddr=400d0020 size=13a68h ( 80488) map[0m
[0;32mI (142) esp_image: segment 4: paddr=00033a90 vaddr=40083ff8 size=09000h ( 36864) load[0m
[0;32mI (156) esp_image: segment 5: paddr=0003ca98 vaddr=50000000 size=00020h (    32) load[0m
[0;32mI (163) boot: Loaded app from partition at offset 0x10000[0m
[0;32mI (163) boot: Disabling RNG early entropy source...[0m
[0;32mI (174) cpu_start: Multicore app[0m
[0;32mI (183) cpu_start: Pro cpu start user code[0m
[0;32mI (183) cpu_start: cpu freq: 160000000 Hz[0m
[0;32mI (183) app_init: Application information:[0m
[0;32mI (183) app_init: Project name:     lab4[0m
[0;32mI (186) app_init: App version:      2c3774c-dirty[0m
[0;32mI (191) app_init: Compile time:     Oct  8 2025 09:46:24[0m
[0;32mI (196) app_init: ELF file SHA256:  20e99a81f...[0m
[0;32mI (200) app_init: ESP-IDF:          HEAD-HASH-NOTFOUND[0m
[0;32mI (205) efuse_init: Min chip rev:     v0.0[0m
[0;32mI (209) efuse_init: Max chip rev:     v3.99 [0m
[0;32mI (213) efuse_init: Chip rev:         v3.1[0m
[0;32mI (217) heap_init: Initializing. RAM available for dynamic allocation:[0m
[0;32mI (223) heap_init: At 3FFAE6E0 len 00001920 (6 KiB): DRAM[0m
[0;32mI (228) heap_init: At 3FFB2CA8 len 0002D358 (180 KiB): DRAM[0m
[0;32mI (233) heap_init: At 3FFE0440 len 00003AE0 (14 KiB): D/IRAM[0m
[0;32mI (239) heap_init: At 3FFE4350 len 0001BCB0 (111 KiB): D/IRAM[0m
[0;32mI (244) heap_init: At 4008CFF8 len 00013008 (76 KiB): IRAM[0m
[0;33mW (251) spi_flash: Detected boya flash chip but using generic driver. For optimal functionality, enable `SPI_FLASH_SUPPORT_BOYA_CHIP` in menuconfig[0m
[0;32mI (263) spi_flash: detected chip: generic[0m
[0;32mI (266) spi_flash: flash io: dio[0m
[0;33mW (269) spi_flash: Detected size(4096k) larger than the size in the binary image header(2048k). Using the size in the binary image header.[0m
[0;32mI (282) main_task: Started on CPU0[0m
[0;32mI (292) main_task: Calling app_main()[0m
----Sorted insert test----
single linked list: 
added:62
added:18
added:80
added:48
added:8
list(first: 8)[8 18 48 62 80 ]


double linked list: 
added 50
added 14
added 47
added 8
added 3
list(first:3, last50 )[3 8 14 47 50 ]
----Removeing elements test----
single linked list: 
added:7
added:95
added:28
added:10
added:37
list(first: 7)[7 10 28 37 95 ]
removeing first element
list(first: 10)[10 28 37 95 ]
10 removed
removeing last element
list(first: 10)[10 28 37 ]
10 removed


double linked list: 
added 12
added 68
added 27
added 17
added 66
list(first:12, last68 )[12 17 27 66 68 ]
removeing first element
list(first:17, last68 )[17 27 66 68 ]
17 removed
removing last element
list(first:17, last66 )[17 27 66 ]
17 removed
----Remove from empty list----
remove from empty sll
remove first: -2147483648
remove last: -2147483648
remove from empty dll
remove first: -2147483648
remove last: -2147483648


----Adding duplicate values----
single linked list: 
added:1
added:1
list(first: 1)[1 1 ]
double linked list: 
added 1
added 1
list(first:1, last1 )[1 1 ]


----Adding values to beginning----
single linked list: 
added:1
added:1
added:0
list(first: 0)[0 1 1 ]
double linked list: 
added 1
added 1
added 0
list(first:0, last1 )[0 1 1 ]


----Adding values to end----
single linked list: 
added:3
list(first: 0)[0 1 1 3 ]
double linked list: 
added 3
list(first:0, last3 )[0 1 1 3 ]


 ----Removeing only element----single linked list: 
added:1
list(first: 1)[1 ]
removeing first element
Guru Meditation Error: Core  0 panic'ed (LoadProhibited). Exception was unhandled.

Core  0 register dump:
PC      : 0x400d63a4  PS      : 0x00060530  A0      : 0x800d62d8  A1      : 0x3ffb3f20  
A2      : 0x3ffb3f40  A3      : 0x00000001  A4      : 0x0000000b  A5      : 0x3f402567  
A6      : 0x00000015  A7      : 0x00000000  A8      : 0x00000000  A9      : 0x3ffb3f00  
A10     : 0x3ffb3f40  A11     : 0x00000001  A12     : 0x3ffb3be0  A13     : 0x3f403835  
A14     : 0x00000021  A15     : 0x00000000  SAR     : 0x0000001d  EXCCAUSE: 0x0000001c  
EXCVADDR: 0x00000000  LBEG    : 0x400014fd  LEND    : 0x4000150d  LCOUNT  : 0xfffffff9  


Backtrace: 0x400d63a1:0x3ffb3f20 0x400d62d5:0x3ffb3f40 0x400d6315:0x3ffb3f70 0x400e3381:0x3ffb3fa0 0x40085d35:0x3ffb3fd0




ELF file SHA256: 20e99a81f

Rebooting...
ets Jul 29 2019 12:21:46

rst:0xc (SW_CPU_RESET),boot:0x13 (SPI_FAST_FLASH_BOOT)
configsip: 0, SPIWP:0xee
clk_drv:0x00,q_drv:0x00,d_drv:0x00,cs0_drv:0x00,hd_drv:0x00,wp_drv:0x00
mode:DIO, clock div:2
load:0x3fff0030,len:6380
ho 0 tail 12 room 4
load:0x40078000,len:15916
load:0x40080400,len:3860
entry 0x40080638
[0;32mI (29) boot: ESP-IDF HEAD-HASH-NOTFOUND 2nd stage bootloader[0m
[0;32mI (29) boot: compile time Oct  8 2025 00:30:29[0m
[0;32mI (29) boot: Multicore bootloader[0m
[0;32mI (32) boot: chip revision: v3.1[0m
[0;32mI (34) boot.esp32: SPI Speed      : 40MHz[0m
[0;32mI (38) boot.esp32: SPI Mode       : DIO[0m
[0;32mI (42) boot.esp32: SPI Flash Size : 2MB[0m
[0;32mI (45) boot: Enabling RNG early entropy source...[0m
[0;32mI (50) boot: Partition Table:[0m
[0;32mI (52) boot: ## Label            Usage          Type ST Offset   Length[0m
[0;32mI (59) boot:  0 nvs              WiFi data        01 02 00009000 00006000[0m
[0;32mI (65) boot:  1 phy_init         RF data          01 01 0000f000 00001000[0m
[0;32mI (72) boot:  2 factory          factory app      00 00 00010000 00100000[0m
[0;32mI (78) boot: End of partition table[0m
[0;32mI (82) esp_image: segment 0: paddr=00010020 vaddr=3f400020 size=09c18h ( 39960) map[0m
[0;32mI (103) esp_image: segment 1: paddr=00019c40 vaddr=3ffb0000 size=023d8h (  9176) load[0m
[0;32mI (106) esp_image: segment 2: paddr=0001c020 vaddr=40080000 size=03ff8h ( 16376) load[0m
[0;32mI (113) esp_image: segment 3: paddr=00020020 vaddr=400d0020 size=13a68h ( 80488) map[0m
[0;32mI (142) esp_image: segment 4: paddr=00033a90 vaddr=40083ff8 size=09000h ( 36864) load[0m
[0;32mI (156) esp_image: segment 5: paddr=0003ca98 vaddr=50000000 size=00020h (    32) load[0m
[0;32mI (163) boot: Loaded app from partition at offset 0x10000[0m
[0;32mI (163) boot: Disabling RNG early entropy source...[0m
[0;32mI (174) cpu_start: Multicore app[0m
[0;32mI (183) cpu_start: Pro cpu start user code[0m
[0;32mI (183) cpu_start: cpu freq: 160000000 Hz[0m
[0;32mI (183) app_init: Application information:[0m
[0;32mI (183) app_init: Project name:     lab4[0m
[0;32mI (186) app_init: App version:      2c3774c-dirty[0m
[0;32mI (191) app_init: Compile time:     Oct  8 2025 09:46:24[0m
[0;32mI (196) app_init: ELF file SHA256:  20e99a81f...[0m
[0;32mI (200) app_init: ESP-IDF:          HEAD-HASH-NOTFOUND[0m
[0;32mI (205) efuse_init: Min chip rev:     v0.0[0m
[0;32mI (209) efuse_init: Max chip rev:     v3.99 [0m
[0;32mI (213) efuse_init: Chip rev:         v3.1[0m
[0;32mI (217) heap_init: Initializing. RAM available for dynamic allocation:[0m
[0;32mI (223) heap_init: At 3FFAE6E0 len 00001920 (6 KiB): DRAM[0m
[0;32mI (228) heap_init: At 3FFB2CA8 len 0002D358 (180 KiB): DRAM[0m
[0;32mI (233) heap_init: At 3FFE0440 len 00003AE0 (14 KiB): D/IRAM[0m
[0;32mI (239) heap_init: At 3FFE4350 len 0001BCB0 (111 KiB): D/IRAM[0m
[0;32mI (244) heap_init: At 4008CFF8 len 00013008 (76 KiB): IRAM[0m
[0;33mW (251) spi_flash: Detected boya flash chip but using generic driver. For optimal functionality, enable `SPI_FLASH_SUPPORT_BOYA_CHIP` in menuconfig[0m
[0;32mI (263) spi_flash: detected chip: generic[0m
[0;32mI (266) spi_flash: flash io: dio[0m
[0;33mW (269) spi_flash: Detected size(4096k) larger than the size in the binary image header(2048k). Using the size in the binary image header.[0m
[0;32mI (282) main_task: Started on CPU0[0m
[0;32mI (292) main_task: Calling app_main()[0m
----Sorted insert test----
single linked list: 
added:93
added:27
added:58
added:84
added:35
list(first: 27)[27 35 58 84 93 ]


double linked list: 
added 85
added 67
added 24
added 9
added 10
list(first:9, last85 )[9 10 24 67 85 ]
----Removeing elements test----
single linked list: 
added:18
added:2
added:46
added:1
added:45
list(first: 1)[1 2 18 45 46 ]
removeing first element
list(first: 2)[2 18 45 46 ]
2 removed
removeing last element
list(first: 2)[2 18 45 ]
2 removed


double linked list: 
added 7
added 19
added 21
added 82
added 62
list(first:7, last82 )[7 19 21 62 82 ]
removeing first element
list(first:19, last82 )[19 21 62 82 ]
19 removed
removing last element
list(first:19, last62 )[19 21 62 ]
19 removed
----Remove from empty list----
remove from empty sll
remove first: -2147483648
remove last: -2147483648
remove from empty dll
remove first: -2147483648
remove last: -2147483648


----Adding duplicate values----
single linked list: 
added:1
added:1
list(first: 1)[1 1 ]
double linked list: 
added 1
added 1
list(first:1, last1 )[1 1 ]


----Adding values to beginning----
single linked list: 
added:1
added:1
added:0
list(first: 0)[0 1 1 ]
double linked list: 
added 1
added 1
added 0
list(first:0, last1 )[0 1 1 ]


----Adding values to end----
single linked list: 
added:3
list(first: 0)[0 1 1 3 ]
double linked list: 
added 3
list(first:0, last3 )[0 1 1 3 ]


 ----Removeing only element----single linked list: 
added:1
list(first: 1)[1 ]
removeing first element
Guru Meditation Error: Core  0 panic'ed (LoadProhibited). Exception was unhandled.

Core  0 register dump:
PC      : 0x400d63a4  PS      : 0x00060530  A0      : 0x800d62d8  A1      : 0x3ffb3f20  
A2      : 0x3ffb3f40  A3      : 0x00000001  A4      : 0x0000000b  A5      : 0x3f402567  
A6      : 0x00000015  A7      : 0x00000000  A8      : 0x00000000  A9      : 0x3ffb3f00  
A10     : 0x3ffb3f40  A11     : 0x00000001  A12     : 0x3ffb3be0  A13     : 0x3f403835  
A14     : 0x00000021  A15     : 0x00000000  SAR     : 0x0000001d  EXCCAUSE: 0x0000001c  
EXCVADDR: 0x00000000  LBEG    : 0x400014fd  LEND    : 0x4000150d  LCOUNT  : 0xfffffff9  


Backtrace: 0x400d63a1:0x3ffb3f20 0x400d62d5:0x3ffb3f40 0x400d6315:0x3ffb3f70 0x400e3381:0x3ffb3fa0 0x40085d35:0x3ffb3fd0




ELF file SHA256: 20e99a81f

Rebooting...
ets Jul 29 2019 12:21:46

rst:0xc (SW_CPU_RESET),boot:0x13 (SPI_FAST_FLASH_BOOT)
configsip: 0, SPIWP:0xee
clk_drv:0x00,q_drv:0x00,d_drv:0x00,cs0_drv:0x00,hd_drv:0x00,wp_drv:0x00
mode:DIO, clock div:2
load:0x3fff0030,len:6380
ho 0 tail 12 room 4
load:0x40078000,len:15916
load:0x40080400,len:3860
entry 0x40080638
[0;32mI (29) boot: ESP-IDF HEAD-HASH-NOTFOUND 2nd stage bootloader[0m
[0;32mI (29) boot: compile time Oct  8 2025 00:30:29[0m
[0;32mI (29) boot: Multicore bootloader[0m
[0;32mI (32) boot: chip revision: v3.1[0m
[0;32mI (34) boot.esp32: SPI Speed      : 40MHz[0m
[0;32mI (38) boot.esp32: SPI Mode       : DIO[0m
[0;32mI (42) boot.esp32: SPI Flash Size : 2MB[0m
[0;32mI (45) boot: Enabling RNG early entropy source...[0m
[0;32mI (50) boot: Partition Table:[0m
[0;32mI (52) boot: ## Label            Usage          Type ST Offset   Length[0m
[0;32mI (59) boot:  0 nvs              WiFi data        01 02 00009000 00006000[0m
[0;32mI (65) boot:  1 phy_init         RF data          01 01 0000f000 00001000[0m
[0;32mI (72) boot:  2 factory          factory app      00 00 00010000 00100000[0m
[0;32mI (78) boot: End of partition table[0m
[0;32mI (82) esp_image: segment 0: paddr=00010020 vaddr=3f400020 size=09c18h ( 39960) map[0m
[0;32mI (103) esp_image: segment 1: paddr=00019c40 vaddr=3ffb0000 size=023d8h (  9176) load[0m
[0;32mI (106) esp_image: segment 2: paddr=0001c020 vaddr=40080000 size=03ff8h ( 16376) load[0m
[0;32mI (113) esp_image: segment 3: paddr=00020020 vaddr=400d0020 size=13a68h ( 80488) map[0m
[0;32mI (142) esp_image: segment 4: paddr=00033a90 vaddr=40083ff8 size=09000h ( 36864) load[0m
[0;32mI (156) esp_image: segment 5: paddr=0003ca98 vaddr=50000000 size=00020h (    32) load[0m
[0;32mI (163) boot: Loaded app from partition at offset 0x10000[0m
[0;32mI (163) boot: Disabling RNG early entropy source...[0m
[0;32mI (174) cpu_start: Multicore app[0m
[0;32mI (183) cpu_start: Pro cpu start user code[0m
[0;32mI (183) cpu_start: cpu freq: 160000000 Hz[0m
[0;32mI (183) app_init: Application information:[0m
[0;32mI (183) app_init: Project name:     lab4[0m
[0;32mI (186) app_init: App version:      2c3774c-dirty[0m
[0;32mI (191) app_init: Compile time:     Oct  8 2025 09:46:24[0m
[0;32mI (196) app_init: ELF file SHA256:  20e99a81f...[0m
[0;32mI (200) app_init: ESP-IDF:          HEAD-HASH-NOTFOUND[0m
[0;32mI (205) efuse_init: Min chip rev:     v0.0[0m
[0;32mI (209) efuse_init: Max chip rev:     v3.99 [0m
[0;32mI (213) efuse_init: Chip rev:         v3.1[0m
[0;32mI (217) heap_init: Initializing. RAM available for dynamic allocation:[0m
[0;32mI (223) heap_init: At 3FFAE6E0 len 00001920 (6 KiB): DRAM[0m
[0;32mI (228) heap_init: At 3FFB2CA8 len 0002D358 (180 KiB): DRAM[0m
[0;32mI (233) heap_init: At 3FFE0440 len 00003AE0 (14 KiB): D/IRAM[0m
[0;32mI (239) heap_init: At 3FFE4350 len 0001BCB0 (111 KiB): D/IRAM[0m
[0;32mI (244) heap_init: At 4008CFF8 len 00013008 (76 KiB): IRAM[0m
[0;33mW (251) spi_flash: Detected boya flash chip but using generic driver. For optimal functionality, enable `SPI_FLASH_SUPPORT_BOYA_CHIP` in menuconfig[0m
[0;32mI (263) spi_flash: detected chip: generic[0m
[0;32mI (266) spi_flash: flash io: dio[0m
[0;33mW (269) spi_flash: Detected size(4096k) larger than the size in the binary image header(2048k). Using the size in the binary image header.[0m
[0;32mI (282) main_task: Started on CPU0[0m
[0;32mI (292) main_task: Calling app_main()[0m
----Sorted insert test----
single linked list: 
added:2
added:72
added:38
added:47
added:99
list(first: 2)[2 38 47 72 99 ]


double linked list: 
added 12
added 95
added 99
added 94
added 35
list(first:12, last99 )[12 35 94 95 99 ]
----Removeing elements test----
single linked list: 
added:0
added:23
added:98
added:57
added:6
list(first: 0)[0 6 23 57 98 ]
removeing first element
list(first: 6)[6 23 57 98 ]
6 removed
removeing last element
list(first: 6)[6 23 57 ]
6 removed


double linked list: 
added 17
added 54
added 89
added 34
added 43
list(first:17, last89 )[17 34 43 54 89 ]
removeing first element
list(first:34, last89 )[34 43 54 89 ]
34 removed
removing last element
list(first:34, last54 )[34 43 54 ]
34 removed
----Remove from empty list----
remove from empty sll
remove first: -2147483648
remove last: -2147483648
remove from empty dll
remove first: -2147483648
remove last: -2147483648


----Adding duplicate values----
single linked list: 
added:1
added:1
list(first: 1)[1 1 ]
double linked list: 
added 1
added 1
list(first:1, last1 )[1 1 ]


----Adding values to beginning----
single linked list: 
added:1
added:1
added:0
list(first: 0)[0 1 1 ]
double linked list: 
added 1
added 1
added 0
list(first:0, last1 )[0 1 1 ]


----Adding values to end----
single linked list: 
added:3
list(first: 0)[0 1 1 3 ]
double linked list: 
added 3
list(first:0, last3 )[0 1 1 3 ]


 ----Removeing only element----single linked list: 
added:1
list(first: 1)[1 ]
removeing first element
Guru Meditation Error: Core  0 panic'ed (LoadProhibited). Exception was unhandled.

Core  0 register dump:
PC      : 0x400d63a4  PS      : 0x00060530  A0      : 0x800d62d8  A1      : 0x3ffb3f20  
A2      : 0x3ffb3f40  A3      : 0x00000001  A4      : 0x0000000b  A5      : 0x3f402567  
A6      : 0x00000015  A7      : 0x00000000  A8      : 0x00000000  A9      : 0x3ffb3f00  
A10     : 0x3ffb3f40  A11     : 0x00000001  A12     : 0x3ffb3be0  A13     : 0x3f403835  
A14     : 0x00000021  A15     : 0x00000000  SAR     : 0x0000001d  EXCCAUSE: 0x0000001c  
EXCVADDR: 0x00000000  LBEG    : 0x400014fd  LEND    : 0x4000150d  LCOUNT  : 0xfffffff9  


Backtrace: 0x400d63a1:0x3ffb3f20 0x400d62d5:0x3ffb3f40 0x400d6315:0x3ffb3f70 0x400e3381:0x3ffb3fa0 0x40085d35:0x3ffb3fd0




ELF file SHA256: 20e99a81f

Rebooting...
ets Jul 29 2019 12:21:46

rst:0xc (SW_CPU_RESET),boot:0x13 (SPI_FAST_FLASH_BOOT)
configsip: 0, SPIWP:0xee
clk_drv:0x00,q_drv:0x00,d_drv:0x00,cs0_drv:0x00,hd_drv:0x00,wp_drv:0x00
mode:DIO, clock div:2
load:0x3fff0030,len:6380
ho 0 tail 12 room 4
load:0x40078000,len:15916
load:0x40080400,len:3860
entry 0x40080638
[0;32mI (29) boot: ESP-IDF HEAD-HASH-NOTFOUND 2nd stage bootloader[0m
[0;32mI (29) boot: compile time Oct  8 2025 00:30:29[0m
[0;32mI (29) boot: Multicore bootloader[0m
[0;32mI (32) boot: chip revision: v3.1[0m
[0;32mI (34) boot.esp32: SPI Speed      : 40MHz[0m
[0;32mI (38) boot.esp32: SPI Mode       : DIO[0m
[0;32mI (42) boot.esp32: SPI Flash Size : 2MB[0m
[0;32mI (45) boot: Enabling RNG early entropy source...[0m
[0;32mI (50) boot: Partition Table:[0m
[0;32mI (52) boot: ## Label            Usage          Type ST Offset   Length[0m
[0;32mI (59) boot:  0 nvs              WiFi data        01 02 00009000 00006000[0m
[0;32mI (65) boot:  1 phy_init         RF data          01 01 0000f000 00001000[0m
[0;32mI (72) boot:  2 factory          factory app      00 00 00010000 00100000[0m
[0;32mI (78) boot: End of partition table[0m
[0;32mI (82) esp_image: segment 0: paddr=00010020 vaddr=3f400020 size=09c18h ( 39960) map[0m
[0;32mI (103) esp_image: segment 1: paddr=00019c40 vaddr=3ffb0000 size=023d8h (  9176) load[0m
[0;32mI (106) esp_image: segment 2: paddr=0001c020 vaddr=40080000 size=03ff8h ( 16376) load[0m
[0;32mI (113) esp_image: segment 3: paddr=00020020 vaddr=400d0020 size=13a68h ( 80488) map[0m
[0;32mI (142) esp_image: segment 4: paddr=00033a90 vaddr=40083ff8 size=09000h ( 36864) load[0m
[0;32mI (156) esp_image: segment 5: paddr=0003ca98 vaddr=50000000 size=00020h (    32) load[0m
[0;32mI (163) boot: Loaded app from partition at offset 0x10000[0m
[0;32mI (163) boot: Disabling RNG early entropy source...[0m
[0;32mI (174) cpu_start: Multicore app[0m
[0;32mI (183) cpu_start: Pro cpu start user code[0m
[0;32mI (183) cpu_start: cpu freq: 160000000 Hz[0m
[0;32mI (183) app_init: Application information:[0m
[0;32mI (183) app_init: Project name:     lab4[0m
[0;32mI (186) app_init: App version:      2c3774c-dirty[0m
[0;32mI (191) app_init: Compile time:     Oct  8 2025 09:46:24[0m
[0;32mI (196) app_init: ELF file SHA256:  20e99a81f...[0m
[0;32mI (200) app_init: ESP-IDF:          HEAD-HASH-NOTFOUND[0m
[0;32mI (205) efuse_init: Min chip rev:     v0.0[0m
[0;32mI (209) efuse_init: Max chip rev:     v3.99 [0m
[0;32mI (213) efuse_init: Chip rev:         v3.1[0m
[0;32mI (217) heap_init: Initializing. RAM available for dynamic allocation:[0m
[0;32mI (223) heap_init: At 3FFAE6E0 len 00001920 (6 KiB): DRAM[0m
[0;32mI (228) heap_init: At 3FFB2CA8 len 0002D358 (180 KiB): DRAM[0m
[0;32mI (233) heap_init: At 3FFE0440 len 00003AE0 (14 KiB): D/IRAM[0m
[0;32mI (239) heap_init: At 3FFE4350 len 0001BCB0 (111 KiB): D/IRAM[0m
[0;32mI (244) heap_init: At 4008CFF8 len 00013008 (76 KiB): IRAM[0m
[0;33mW (251) spi_flash: Detected boya flash chip but using generic driver. For optimal functionality, enable `SPI_FLASH_SUPPORT_BOYA_CHIP` in menuconfig[0m
[0;32mI (263) spi_flash: detected chip: generic[0m
[0;32mI (266) spi_flash: flash io: dio[0m
[0;33mW (269) spi_flash: Detected size(4096k) larger than the size in the binary image header(2048k). Using the size in the binary image header.[0m
[0;32mI (282) main_task: Started on CPU0[0m
[0;32mI (292) main_task: Calling app_main()[0m
----Sorted insert test----
single linked list: 
added:55
added:86
added:26
added:68
added:81
list(first: 26)[26 55 68 81 86 ]


double linked list: 
added 47
added 95
added 45
added 90
added 51
list(first:45, last95 )[45 47 51 90 95 ]
----Removeing elements test----
single linked list: 
added:85
added:98
added:9
added:1
added:1
list(first: 1)[1 1 9 85 98 ]
removeing first element
list(first: 1)[1 9 85 98 ]
1 removed
removeing last element
list(first: 1)[1 9 85 ]
1 removed


double linked list: 
added 59
added 42
added 30
added 62
added 72
list(first:30, last72 )[30 42 59 62 72 ]
removeing first element
list(first:42, last72 )[42 59 62 72 ]
42 removed
removing last element
list(first:42, last62 )[42 59 62 ]
42 removed
----Remove from empty list----
remove from empty sll
remove first: -2147483648
remove last: -2147483648
remove from empty dll
remove first: -2147483648
remove last: -2147483648


----Adding duplicate values----
single linked list: 
added:1
added:1
list(first: 1)[1 1 ]
double linked list: 
added 1
added 1
list(first:1, last1 )[1 1 ]


----Adding values to beginning----
single linked list: 
added:1
added:1
added:0
list(first: 0)[0 1 1 ]
double linked list: 
added 1
added 1
added 0
list(first:0, last1 )[0 1 1 ]


----Adding values to end----
single linked list: 
added:3
list(first: 0)[0 1 1 3 ]
double linked list: 
added 3
list(first:0, last3 )[0 1 1 3 ]


 ----Removeing only element----single linked list: 
added:1
list(first: 1)[1 ]
removeing first element
Guru Meditation Error: Core  0 panic'ed (LoadProhibited). Exception was unhandled.

Core  0 register dump:
PC      : 0x400d63a4  PS      : 0x00060530  A0      : 0x800d62d8  A1      : 0x3ffb3f20  
A2      : 0x3ffb3f40  A3      : 0x00000001  A4      : 0x0000000b  A5      : 0x3f402567  
A6      : 0x00000015  A7      : 0x00000000  A8      : 0x00000000  A9      : 0x3ffb3f00  
A10     : 0x3ffb3f40  A11     : 0x00000001  A12     : 0x3ffb3be0  A13     : 0x3f403835  
A14     : 0x00000021  A15     : 0x00000000  SAR     : 0x0000001d  EXCCAUSE: 0x0000001c  
EXCVADDR: 0x00000000  LBEG    : 0x400014fd  LEND    : 0x4000150d  LCOUNT  : 0xfffffff9  


Backtrace: 0x400d63a1:0x3ffb3f20 0x400d62d5:0x3ffb3f40 0x400d6315:0x3ffb3f70 0x400e3381:0x3ffb3fa0 0x40085d35:0x3ffb3fd0




ELF file SHA256: 20e99a81f

Rebooting...
ets Jul 29 2019 12:21:46

rst:0xc (SW_CPU_RESET),boot:0x13 (SPI_FAST_FLASH_BOOT)
configsip: 0, SPIWP:0xee
clk_drv:0x00,q_drv:0x00,d_drv:0x00,cs0_drv:0x00,hd_drv:0x00,wp_drv:0x00
mode:DIO, clock div:2
load:0x3fff0030,len:6380
ho 0 tail 12 room 4
load:0x40078000,len:15916
load:0x40080400,len:3860
entry 0x40080638
[0;32mI (29) boot: ESP-IDF HEAD-HASH-NOTFOUND 2nd stage bootloader[0m
[0;32mI (29) boot: compile time Oct  8 2025 00:30:29[0m
[0;32mI (29) boot: Multicore bootloader[0m
[0;32mI (32) boot: chip revision: v3.1[0m
[0;32mI (34) boot.esp32: SPI Speed      : 40MHz[0m
[0;32mI (38) boot.esp32: SPI Mode       : DIO[0m
[0;32mI (42) boot.esp32: SPI Flash Size : 2MB[0m
[0;32mI (45) boot: Enabling RNG early entropy source...[0m
[0;32mI (50) boot: Partition Table:[0m
[0;32mI (52) boot: ## Label            Usage          Type ST Offset   Length[0m
[0;32mI (59) boot:  0 nvs              WiFi data        01 02 00009000 00006000[0m
[0;32mI (65) boot:  1 phy_init         RF data          01 01 0000f000 00001000[0m
[0;32mI (72) boot:  2 factory          factory app      00 00 00010000 00100000[0m
[0;32mI (78) boot: End of partition table[0m
[0;32mI (82) esp_image: segment 0: paddr=00010020 vaddr=3f400020 size=09c18h ( 39960) map[0m
[0;32mI (103) esp_image: segment 1: paddr=00019c40 vaddr=3ffb0000 size=023d8h (  9176) load[0m
[0;32mI (106) esp_image: segment 2: paddr=0001c020 vaddr=40080000 size=03ff8h ( 16376) load[0m
[0;32mI (113) esp_image: segment 3: paddr=00020020 vaddr=400d0020 size=13a68h ( 80488) map[0m
[0;32mI (142) esp_image: segment 4: paddr=00033a90 vaddr=40083ff8 size=09000h ( 36864) load[0m
[0;32mI (156) esp_image: segment 5: paddr=0003ca98 vaddr=50000000 size=00020h (    32) load[0m
[0;32mI (163) boot: Loaded app from partition at offset 0x10000[0m
[0;32mI (163) boot: Disabling RNG early entropy source...[0m
[0;32mI (174) cpu_start: Multicore app[0m
[0;32mI (183) cpu_start: Pro cpu start user code[0m
[0;32mI (183) cpu_start: cpu freq: 160000000 Hz[0m
[0;32mI (183) app_init: Application information:[0m
[0;32mI (183) app_init: Project name:     lab4[0m
[0;32mI (186) app_init: App version:      2c3774c-dirty[0m
[0;32mI (191) app_init: Compile time:     Oct  8 2025 09:46:24[0m
[0;32mI (196) app_init: ELF file SHA256:  20e99a81f...[0m
[0;32mI (200) app_init: ESP-IDF:          HEAD-HASH-NOTFOUND[0m
[0;32mI (205) efuse_init: Min chip rev:     v0.0[0m
[0;32mI (209) efuse_init: Max chip rev:     v3.99 [0m
[0;32mI (213) efuse_init: Chip rev:         v3.1[0m
[0;32mI (217) heap_init: Initializing. RAM available for dynamic allocation:[0m
[0;32mI (223) heap_init: At 3FFAE6E0 len 00001920 (6 KiB): DRAM[0m
[0;32mI (228) heap_init: At 3FFB2CA8 len 0002D358 (180 KiB): DRAM[0m
[0;32mI (233) heap_init: At 3FFE0440 len 00003AE0 (14 KiB): D/IRAM[0m
[0;32mI (239) heap_init: At 3FFE4350 len 0001BCB0 (111 KiB): D/IRAM[0m
[0;32mI (244) heap_init: At 4008CFF8 len 00013008 (76 KiB): IRAM[0m
[0;33mW (251) spi_flash: Detected boya flash chip but using generic driver. For optimal functionality, enable `SPI_FLASH_SUPPORT_BOYA_CHIP` in menuconfig[0m
[0;32mI (263) spi_flash: detected chip: generic[0m
[0;32mI (266) spi_flash: flash io: dio[0m
[0;33mW (269) spi_flash: Detected size(4096k) larger than the size in the binary image header(2048k). Using the size in the binary image header.[0m
[0;32mI (282) main_task: Started on CPU0[0m
[0;32mI (292) main_task: Calling app_main()[0m
----Sorted insert test----
single linked list: 
added:53
added:10
added:20
added:47
added:68
list(first: 10)[10 20 47 53 68 ]


double linked list: 
added 24
added 66
added 57
added 76
added 47
list(first:24, last76 )[24 47 57 66 76 ]
----Removeing elements test----
single linked list: 
added:5
added:32
added:57
added:81
added:68
list(first: 5)[5 32 57 68 81 ]
removeing first element
list(first: 32)[32 57 68 81 ]
32 removed
removeing last element
list(first: 32)[32 57 68 ]
32 removed


double linked list: 
added 52
added 92
added 9
added 15
added 34
list(first:9, last92 )[9 15 34 52 92 ]
removeing first element
list(first:15, last92 )[15 34 52 92 ]
15 removed
removing last element
list(first:15, last52 )[15 34 52 ]
15 removed
----Remove from empty list----
remove from empty sll
remove first: -2147483648
remove last: -2147483648
remove from empty dll
remove first: -2147483648
remove last: -2147483648


----Adding duplicate values----
single linked list: 
added:1
added:1
list(first: 1)[1 1 ]
double linked list: 
added 1
added 1
list(first:1, last1 )[1 1 ]


----Adding values to beginning----
single linked list: 
added:1
added:1
added:0
list(first: 0)[0 1 1 ]
double linked list: 
added 1
added 1
added 0
list(first:0, last1 )[0 1 1 ]


----Adding values to end----
single linked list: 
added:3
list(first: 0)[0 1 1 3 ]
double linked list: 
added 3
list(first:0, last3 )[0 1 1 3 ]


 ----Removeing only element----single linked list: 
added:1
list(first: 1)[1 ]
removeing first element
Guru Meditation Error: Core  0 panic'ed (LoadProhibited). Exception was unhandled.

Core  0 register dump:
PC      : 0x400d63a4  PS      : 0x00060530  A0      : 0x800d62d8  A1      : 0x3ffb3f20  
A2      : 0x3ffb3f40  A3      : 0x00000001  A4      : 0x0000000b  A5      : 0x3f402567  
A6      : 0x00000015  A7      : 0x00000000  A8      : 0x00000000  A9      : 0x3ffb3f00  
A10     : 0x3ffb3f40  A11     : 0x00000001  A12     : 0x3ffb3be0  A13     : 0x3f403835  
A14     : 0x00000021  A15     : 0x00000000  SAR     : 0x0000001d  EXCCAUSE: 0x0000001c  
EXCVADDR: 0x00000000  LBEG    : 0x400014fd  LEND    : 0x4000150d  LCOUNT  : 0xfffffff9  


Backtrace: 0x400d63a1:0x3ffb3f20 0x400d62d5:0x3ffb3f40 0x400d6315:0x3ffb3f70 0x400e3381:0x3ffb3fa0 0x40085d35:0x3ffb3fd0




ELF file SHA256: 20e99a81f

Rebooting...
ets Jul 29 2019 12:21:46

rst:0xc (SW_CPU_RESET),boot:0x13 (SPI_FAST_FLASH_BOOT)
configsip: 0, SPIWP:0xee
clk_drv:0x00,q_drv:0x00,d_drv:0x00,cs0_drv:0x00,hd_drv:0x00,wp_drv:0x00
mode:DIO, clock div:2
load:0x3fff0030,len:6380
ho 0 tail 12 room 4
load:0x40078000,len:15916
load:0x40080400,len:3860
entry 0x40080638
[0;32mI (29) boot: ESP-IDF HEAD-HASH-NOTFOUND 2nd stage bootloader[0m
[0;32mI (29) boot: compile time Oct  8 2025 00:30:29[0m
[0;32mI (29) boot: Multicore bootloader[0m
[0;32mI (32) boot: chip revision: v3.1[0m
[0;32mI (34) boot.esp32: SPI Speed      : 40MHz[0m
[0;32mI (38) boot.esp32: SPI Mode       : DIO[0m
[0;32mI (42) boot.esp32: SPI Flash Size : 2MB[0m
[0;32mI (45) boot: Enabling RNG early entropy source...[0m
[0;32mI (50) boot: Partition Table:[0m
[0;32mI (52) boot: ## Label            Usage          Type ST Offset   Length[0m
[0;32mI (59) boot:  0 nvs              WiFi data        01 02 00009000 00006000[0m
[0;32mI (65) boot:  1 phy_init         RF data          01 01 0000f000 00001000[0m
[0;32mI (72) boot:  2 factory          factory app      00 00 00010000 00100000[0m
[0;32mI (78) boot: End of partition table[0m
[0;32mI (82) esp_image: segment 0: paddr=00010020 vaddr=3f400020 size=09c18h ( 39960) map[0m
[0;32mI (103) esp_image: segment 1: paddr=00019c40 vaddr=3ffb0000 size=023d8h (  9176) load[0m
[0;32mI (106) esp_image: segment 2: paddr=0001c020 vaddr=40080000 size=03ff8h ( 16376) load[0m
[0;32mI (113) esp_image: segment 3: paddr=00020020 vaddr=400d0020 size=13a68h ( 80488) map[0m
[0;32mI (142) esp_image: segment 4: paddr=00033a90 vaddr=40083ff8 size=09000h ( 36864) load[0m
[0;32mI (156) esp_image: segment 5: paddr=0003ca98 vaddr=50000000 size=00020h (    32) load[0m
[0;32mI (163) boot: Loaded app from partition at offset 0x10000[0m
[0;32mI (163) boot: Disabling RNG early entropy source...[0m
[0;32mI (174) cpu_start: Multicore app[0m
[0;32mI (183) cpu_start: Pro cpu start user code[0m
[0;32mI (183) cpu_start: cpu freq: 160000000 Hz[0m
[0;32mI (183) app_init: Application information:[0m
[0;32mI (183) app_init: Project name:     lab4[0m
[0;32mI (186) app_init: App version:      2c3774c-dirty[0m
[0;32mI (191) app_init: Compile time:     Oct  8 2025 09:46:24[0m
[0;32mI (196) app_init: ELF file SHA256:  20e99a81f...[0m
[0;32mI (200) app_init: ESP-IDF:          HEAD-HASH-NOTFOUND[0m
[0;32mI (205) efuse_init: Min chip rev:     v0.0[0m
[0;32mI (209) efuse_init: Max chip rev:     v3.99 [0m
[0;32mI (213) efuse_init: Chip rev:         v3.1[0m
[0;32mI (217) heap_init: Initializing. RAM available for dynamic allocation:[0m
[0;32mI (223) heap_init: At 3FFAE6E0 len 00001920 (6 KiB): DRAM[0m
[0;32mI (228) heap_init: At 3FFB2CA8 len 0002D358 (180 KiB): DRAM[0m
[0;32mI (233) heap_init: At 3FFE0440 len 00003AE0 (14 KiB): D/IRAM[0m
[0;32mI (239) heap_init: At 3FFE4350 len 0001BCB0 (111 KiB): D/IRAM[0m
[0;32mI (244) heap_init: At 4008CFF8 len 00013008 (76 KiB): IRAM[0m
[0;33mW (251) spi_flash: Detected boya flash chip but using generic driver. For optimal functionality, enable `SPI_FLASH_SUPPORT_BOYA_CHIP` in menuconfig[0m
[0;32mI (263) spi_flash: detected chip: generic[0m
[0;32mI (266) spi_flash: flash io: dio[0m
[0;33mW (269) spi_flash: Detected size(4096k) larger than the size in the binary image header(2048k). Using the size in the binary image header.[0m
[0;32mI (282) main_task: Started on CPU0[0m
[0;32mI (292) main_task: Calling app_main()[0m
----Sorted insert test----
single linked list: 
added:99
added:8
added:75
added:44
added:81
list(first: 8)[8 44 75 81 99 ]


double linked list: 
added 62
added 38
added 78
added 83
added 85
list(first:38, last85 )[38 62 78 83 85 ]
----Removeing elements test----
single linked list: 
added:65
added:13
added:70
added:12
added:76
list(first: 12)[12 13 65 70 76 ]
removeing first element
list(first: 13)[13 65 70 76 ]
13 removed
removeing last element
list(first: 13)[13 65 70 ]
13 removed


double linked list: 
added 60
added 19
added 65
added 62
added 68
list(first:19, last68 )[19 60 62 65 68 ]
removeing first element
list(first:60, last68 )[60 62 65 68 ]
60 removed
removing last element
list(first:60, last65 )[60 62 65 ]
60 removed
----Remove from empty list----
remove from empty sll
remove first: -2147483648
remove last: -2147483648
remove from empty dll
remove first: -2147483648
remove last: -2147483648


----Adding duplicate values----
single linked list: 
added:1
added:1
list(first: 1)[1 1 ]
double linked list: 
added 1
added 1
list(first:1, last1 )[1 1 ]


----Adding values to beginning----
single linked list: 
added:1
added:1
added:0
list(first: 0)[0 1 1 ]
double linked list: 
added 1
added 1
added 0
list(first:0, last1 )[0 1 1 ]


----Adding values to end----
single linked list: 
added:3
list(first: 0)[0 1 1 3 ]
double linked list: 
added 3
list(first:0, last3 )[0 1 1 3 ]


 ----Removeing only element----single linked list: 
added:1
list(first: 1)[1 ]
removeing first element
Guru Meditation Error: Core  0 panic'ed (LoadProhibited). Exception was unhandled.

Core  0 register dump:
PC      : 0x400d63a4  PS      : 0x00060530  A0      : 0x800d62d8  A1      : 0x3ffb3f20  
A2      : 0x3ffb3f40  A3      : 0x00000001  A4      : 0x0000000b  A5      : 0x3f402567  
A6      : 0x00000015  A7      : 0x00000000  A8      : 0x00000000  A9      : 0x3ffb3f00  
A10     : 0x3ffb3f40  A11     : 0x00000001  A12     : 0x3ffb3be0  A13     : 0x3f403835  
A14     : 0x00000021  A15     : 0x00000000  SAR     : 0x0000001d  EXCCAUSE: 0x0000001c  
EXCVADDR: 0x00000000  LBEG    : 0x400014fd  LEND    : 0x4000150d  LCOUNT  : 0xfffffff9  


Backtrace: 0x400d63a1:0x3ffb3f20 0x400d62d5:0x3ffb3f40 0x400d6315:0x3ffb3f70 0x400e3381:0x3ffb3fa0 0x40085d35:0x3ffb3fd0




ELF file SHA256: 20e99a81f

Rebooting...
ets Jul 29 2019 12:21:46

rst:0xc (SW_CPU_RESET),boot:0x13 (SPI_FAST_FLASH_BOOT)
configsip: 0, SPIWP:0xee
clk_drv:0x00,q_drv:0x00,d_drv:0x00,cs0_drv:0x00,hd_drv:0x00,wp_drv:0x00
mode:DIO, clock div:2
load:0x3fff0030,len:6380
ho 0 tail 12 room 4
load:0x40078000,len:15916
load:0x40080400,len:3860
entry 0x40080638
[0;32mI (29) boot: ESP-IDF HEAD-HASH-NOTFOUND 2nd stage bootloader[0m
[0;32mI (29) boot: compile time Oct  8 2025 00:30:29[0m
[0;32mI (29) boot: Multicore bootloader[0m
[0;32mI (32) boot: chip revision: v3.1[0m
[0;32mI (34) boot.esp32: SPI Speed      : 40MHz[0m
[0;32mI (38) boot.esp32: SPI Mode       : DIO[0m
[0;32mI (42) boot.esp32: SPI Flash Size : 2MB[0m
[0;32mI (45) boot: Enabling RNG early entropy source...[0m
[0;32mI (50) boot: Partition Table:[0m
[0;32mI (52) boot: ## Label            Usage          Type ST Offset   Length[0m
[0;32mI (59) boot:  0 nvs              WiFi data        01 02 00009000 00006000[0m
[0;32mI (65) boot:  1 phy_init         RF data          01 01 0000f000 00001000[0m
[0;32mI (72) boot:  2 factory          factory app      00 00 00010000 00100000[0m
[0;32mI (78) boot: End of partition table[0m
[0;32mI (82) esp_image: segment 0: paddr=00010020 vaddr=3f400020 size=09c18h ( 39960) map[0m
[0;32mI (103) esp_image: segment 1: paddr=00019c40 vaddr=3ffb0000 size=023d8h (  9176) load[0m
[0;32mI (106) esp_image: segment 2: paddr=0001c020 vaddr=40080000 size=03ff8h ( 16376) load[0m
[0;32mI (113) esp_image: segment 3: paddr=00020020 vaddr=400d0020 size=13a68h ( 80488) map[0m
[0;32mI (142) esp_image: segment 4: paddr=00033a90 vaddr=40083ff8 size=09000h ( 36864) load[0m
[0;32mI (156) esp_image: segment 5: paddr=0003ca98 vaddr=50000000 size=00020h (    32) load[0m
[0;32mI (163) boot: Loaded app from partition at offset 0x10000[0m
[0;32mI (163) boot: Disabling RNG early entropy source...[0m
[0;32mI (174) cpu_start: Multicore app[0m
[0;32mI (183) cpu_start: Pro cpu start user code[0m
[0;32mI (183) cpu_start: cpu freq: 160000000 Hz[0m
[0;32mI (183) app_init: Application information:[0m
[0;32mI (183) app_init: Project name:     lab4[0m
[0;32mI (186) app_init: App version:      2c3774c-dirty[0m
[0;32mI (191) app_init: Compile time:     Oct  8 2025 09:46:24[0m
[0;32mI (196) app_init: ELF file SHA256:  20e99a81f...[0m
[0;32mI (200) app_init: ESP-IDF:          HEAD-HASH-NOTFOUND[0m
[0;32mI (205) efuse_init: Min chip rev:     v0.0[0m
[0;32mI (209) efuse_init: Max chip rev:     v3.99 [0m
[0;32mI (213) efuse_init: Chip rev:         v3.1[0m
[0;32mI (217) heap_init: Initializing. RAM available for dynamic allocation:[0m
[0;32mI (223) heap_init: At 3FFAE6E0 len 00001920 (6 KiB): DRAM[0m
[0;32mI (228) heap_init: At 3FFB2CA8 len 0002D358 (180 KiB): DRAM[0m
[0;32mI (233) heap_init: At 3FFE0440 len 00003AE0 (14 KiB): D/IRAM[0m
[0;32mI (239) heap_init: At 3FFE4350 len 0001BCB0 (111 KiB): D/IRAM[0m
[0;32mI (244) heap_init: At 4008CFF8 len 00013008 (76 KiB): IRAM[0m
[0;33mW (251) spi_flash: Detected boya flash chip but using generic driver. For optimal functionality, enable `SPI_FLASH_SUPPORT_BOYA_CHIP` in menuconfig[0m
[0;32mI (263) spi_flash: detected chip: generic[0m
[0;32mI (266) spi_flash: flash io: dio[0m
[0;33mW (269) spi_flash: Detected size(4096k) larger than the size in the binary image header(2048k). Using the size in the binary image header.[0m
[0;32mI (282) main_task: Started on CPU0[0m
[0;32mI (292) main_task: Calling app_main()[0m
----Sorted insert test----
single linked list: 
added:28
added:99
added:74
added:15
added:64
list(first: 15)[15 28 64 74 99 ]


double linked list: 
added 91
added 18
added 60
added 72
added 33
list(first:18, last91 )[18 33 60 72 91 ]
----Removeing elements test----
single linked list: 
added:59
added:67
added:43
added:69
added:88
list(first: 43)[43 59 67 69 88 ]
removeing first element
list(first: 59)[59 67 69 88 ]
59 removed
removeing last element
list(first: 59)[59 67 69 ]
59 removed


double linked list: 
added 2
added 55
added 42
added 10
added 73
list(first:2, last73 )[2 10 42 55 73 ]
removeing first element
list(first:10, last73 )[10 42 55 73 ]
10 removed
removing last element
list(first:10, last55 )[10 42 55 ]
10 removed
----Remove from empty list----
remove from empty sll
remove first: -2147483648
remove last: -2147483648
remove from empty dll
remove first: -2147483648
remove last: -2147483648


----Adding duplicate values----
single linked list: 
added:1
added:1
list(first: 1)[1 1 ]
double linked list: 
added 1
added 1
list(first:1, last1 )[1 1 ]


----Adding values to beginning----
single linked list: 
added:1
added:1
added:0
list(first: 0)[0 1 1 ]
double linked list: 
added 1
added 1
added 0
list(first:0, last1 )[0 1 1 ]


----Adding values to end----
single linked list: 
added:3
list(first: 0)[0 1 1 3 ]
double linked list: 
added 3
list(first:0, last3 )[0 1 1 3 ]


 ----Removeing only element----single linked list: 
added:1
list(first: 1)[1 ]
removeing first element
Guru Meditation Error: Core  0 panic'ed (LoadProhibited). Exception was unhandled.

Core  0 register dump:
PC      : 0x400d63a4  PS      : 0x00060530  A0      : 0x800d62d8  A1      : 0x3ffb3f20  
A2      : 0x3ffb3f40  A3      : 0x00000001  A4      : 0x0000000b  A5      : 0x3f402567  
A6      : 0x00000015  A7      : 0x00000000  A8      : 0x00000000  A9      : 0x3ffb3f00  
A10     : 0x3ffb3f40  A11     : 0x00000001  A12     : 0x3ffb3be0  A13     : 0x3f403835  
A14     : 0x00000021  A15     : 0x00000000  SAR     : 0x0000001d  EXCCAUSE: 0x0000001c  
EXCVADDR: 0x00000000  LBEG    : 0x400014fd  LEND    : 0x4000150d  LCOUNT  : 0xfffffff9  


Backtrace: 0x400d63a1:0x3ffb3f20 0x400d62d5:0x3ffb3f40 0x400d6315:0x3ffb3f70 0x400e3381:0x3ffb3fa0 0x40085d35:0x3ffb3fd0




ELF file SHA256: 20e99a81f

Rebooting...
ets Jul 29 2019 12:21:46

rst:0xc (SW_CPU_RESET),boot:0x13 (SPI_FAST_FLASH_BOOT)
configsip: 0, SPIWP:0xee
clk_drv:0x00,q_drv:0x00,d_drv:0x00,cs0_drv:0x00,hd_drv:0x00,wp_drv:0x00
mode:DIO, clock div:2
load:0x3fff0030,len:6380
ho 0 tail 12 room 4
load:0x40078000,len:15916
load:0x40080400,len:3860
entry 0x40080638
[0;32mI (29) boot: ESP-IDF HEAD-HASH-NOTFOUND 2nd stage bootloader[0m
[0;32mI (29) boot: compile time Oct  8 2025 00:30:29[0m
[0;32mI (29) boot: Multicore bootloader[0m
[0;32mI (32) boot: chip revision: v3.1[0m
[0;32mI (34) boot.esp32: SPI Speed      : 40MHz[0m
[0;32mI (38) boot.esp32: SPI Mode       : DIO[0m
[0;32mI (42) boot.esp32: SPI Flash Size : 2MB[0m
[0;32mI (45) boot: Enabling RNG early entropy source...[0m
[0;32mI (50) boot: Partition Table:[0m
[0;32mI (52) boot: ## Label            Usage          Type ST Offset   Length[0m
[0;32mI (59) boot:  0 nvs              WiFi data        01 02 00009000 00006000[0m
[0;32mI (65) boot:  1 phy_init         RF data          01 01 0000f000 00001000[0m
[0;32mI (72) boot:  2 factory          factory app      00 00 00010000 00100000[0m
[0;32mI (78) boot: End of partition table[0m
[0;32mI (82) esp_image: segment 0: paddr=00010020 vaddr=3f400020 size=09c18h ( 39960) map[0m
[0;32mI (103) esp_image: segment 1: paddr=00019c40 vaddr=3ffb0000 size=023d8h (  9176) load[0m
[0;32mI (106) esp_image: segment 2: paddr=0001c020 vaddr=40080000 size=03ff8h ( 16376) load[0m
[0;32mI (113) esp_image: segment 3: paddr=00020020 vaddr=400d0020 size=13a68h ( 80488) map[0m
[0;32mI (142) esp_image: segment 4: paddr=00033a90 vaddr=40083ff8 size=09000h ( 36864) load[0m
[0;32mI (156) esp_image: segment 5: paddr=0003ca98 vaddr=50000000 size=00020h (    32) load[0m
[0;32mI (163) boot: Loaded app from partition at offset 0x10000[0m
[0;32mI (163) boot: Disabling RNG early entropy source...[0m
[0;32mI (174) cpu_start: Multicore app[0m
[0;32mI (183) cpu_start: Pro cpu start user code[0m
[0;32mI (183) cpu_start: cpu freq: 160000000 Hz[0m
[0;32mI (183) app_init: Application information:[0m
[0;32mI (183) app_init: Project name:     lab4[0m
[0;32mI (186) app_init: App version:      2c3774c-dirty[0m
[0;32mI (191) app_init: Compile time:     Oct  8 2025 09:46:24[0m
[0;32mI (196) app_init: ELF file SHA256:  20e99a81f...[0m
[0;32mI (200) app_init: ESP-IDF:          HEAD-HASH-NOTFOUND[0m
[0;32mI (205) efuse_init: Min chip rev:     v0.0[0m
[0;32mI (209) efuse_init: Max chip rev:     v3.99 [0m
[0;32mI (213) efuse_init: Chip rev:         v3.1[0m
[0;32mI (217) heap_init: Initializing. RAM available for dynamic allocation:[0m
[0;32mI (223) heap_init: At 3FFAE6E0 len 00001920 (6 KiB): DRAM[0m
[0;32mI (228) heap_init: At 3FFB2CA8 len 0002D358 (180 KiB): DRAM[0m
[0;32mI (233) heap_init: At 3FFE0440 len 00003AE0 (14 KiB): D/IRAM[0m
[0;32mI (239) heap_init: At 3FFE4350 len 0001BCB0 (111 KiB): D/IRAM[0m
[0;32mI (244) heap_init: At 4008CFF8 len 00013008 (76 KiB): IRAM[0m
[0;33mW (251) spi_flash: Detected boya flash chip but using generic driver. For optimal functionality, enable `SPI_FLASH_SUPPORT_BOYA_CHIP` in menuconfig[0m
[0;32mI (263) spi_flash: detected chip: generic[0m
[0;32mI (266) spi_flash: flash io: dio[0m
[0;33mW (269) spi_flash: Detected size(4096k) larger than the size in the binary image header(2048k). Using the size in the binary image header.[0m
[0;32mI (282) main_task: Started on CPU0[0m
[0;32mI (292) main_task: Calling app_main()[0m
----Sorted insert test----
single linked list: 
added:61
added:98
added:46
added:71
added:85
list(first: 46)[46 61 71 85 98 ]


double linked list: 
added 44
added 11
added 81
added 45
added 16
list(first:11, last81 )[11 16 44 45 81 ]
----Removeing elements test----
single linked list: 
added:72
added:68
added:21
added:42
added:57
list(first: 21)[21 42 57 68 72 ]
removeing first element
list(first: 42)[42 57 68 72 ]
42 removed
removeing last element
list(first: 42)[42 57 68 ]
42 removed


double linked list: 
added 67
added 49
added 40
added 20
added 20
list(first:20, last67 )[20 20 40 49 67 ]
removeing first element
list(first:20, last67 )[20 40 49 67 ]
20 removed
removing last element
list(first:20, last49 )[20 40 49 ]
20 removed
----Remove from empty list----
remove from empty sll
remove first: -2147483648
remove last: -2147483648
remove from empty dll
remove first: -2147483648
remove last: -2147483648


----Adding duplicate values----
single linked list: 
added:1
added:1
list(first: 1)[1 1 ]
double linked list: 
added 1
added 1
list(first:1, last1 )[1 1 ]


----Adding values to beginning----
single linked list: 
added:1
added:1
added:0
list(first: 0)[0 1 1 ]
double linked list: 
added 1
added 1
added 0
list(first:0, last1 )[0 1 1 ]


----Adding values to end----
single linked list: 
added:3
list(first: 0)[0 1 1 3 ]
double linked list: 
added 3
list(first:0, last3 )[0 1 1 3 ]


 ----Removeing only element----single linked list: 
added:1
list(first: 1)[1 ]
removeing first element
Guru Meditation Error: Core  0 panic'ed (LoadProhibited). Exception was unhandled.

Core  0 register dump:
PC      : 0x400d63a4  PS      : 0x00060530  A0      : 0x800d62d8  A1      : 0x3ffb3f20  
A2      : 0x3ffb3f40  A3      : 0x00000001  A4      : 0x0000000b  A5      : 0x3f402567  
A6      : 0x00000015  A7      : 0x00000000  A8      : 0x00000000  A9      : 0x3ffb3f00  
A10     : 0x3ffb3f40  A11     : 0x00000001  A12     : 0x3ffb3be0  A13     : 0x3f403835  
A14     : 0x00000021  A15     : 0x00000000  SAR     : 0x0000001d  EXCCAUSE: 0x0000001c  
EXCVADDR: 0x00000000  LBEG    : 0x400014fd  LEND    : 0x4000150d  LCOUNT  : 0xfffffff9  


Backtrace: 0x400d63a1:0x3ffb3f20 0x400d62d5:0x3ffb3f40 0x400d6315:0x3ffb3f70 0x400e3381:0x3ffb3fa0 0x40085d35:0x3ffb3fd0




ELF file SHA256: 20e99a81f

Rebooting...
ets Jul 29 2019 12:21:46

rst:0xc (SW_CPU_RESET),boot:0x13 (SPI_FAST_FLASH_BOOT)
configsip: 0, SPIWP:0xee
clk_drv:0x00,q_drv:0x00,d_drv:0x00,cs0_drv:0x00,hd_drv:0x00,wp_drv:0x00
mode:DIO, clock div:2
load:0x3fff0030,len:6380
ho 0 tail 12 room 4
load:0x40078000,len:15916
load:0x40080400,len:3860
entry 0x40080638
[0;32mI (29) boot: ESP-IDF HEAD-HASH-NOTFOUND 2nd stage bootloader[0m
[0;32mI (29) boot: compile time Oct  8 2025 00:30:29[0m
[0;32mI (29) boot: Multicore bootloader[0m
[0;32mI (32) boot: chip revision: v3.1[0m
[0;32mI (34) boot.esp32: SPI Speed      : 40MHz[0m
[0;32mI (38) boot.esp32: SPI Mode       : DIO[0m
[0;32mI (42) boot.esp32: SPI Flash Size : 2MB[0m
[0;32mI (45) boot: Enabling RNG early entropy source...[0m
[0;32mI (50) boot: Partition Table:[0m
[0;32mI (52) boot: ## Label            Usage          Type ST Offset   Length[0m
[0;32mI (59) boot:  0 nvs              WiFi data        01 02 00009000 00006000[0m
[0;32mI (65) boot:  1 phy_init         RF data          01 01 0000f000 00001000[0m
[0;32mI (72) boot:  2 factory          factory app      00 00 00010000 00100000[0m
[0;32mI (78) boot: End of partition table[0m
[0;32mI (82) esp_image: segment 0: paddr=00010020 vaddr=3f400020 size=09c18h ( 39960) map[0m
[0;32mI (103) esp_image: segment 1: paddr=00019c40 vaddr=3ffb0000 size=023d8h (  9176) load[0m
[0;32mI (106) esp_image: segment 2: paddr=0001c020 vaddr=40080000 size=03ff8h ( 16376) load[0m
[0;32mI (113) esp_image: segment 3: paddr=00020020 vaddr=400d0020 size=13a68h ( 80488) map[0m
[0;32mI (142) esp_image: segment 4: paddr=00033a90 vaddr=40083ff8 size=09000h ( 36864) load[0m
[0;32mI (156) esp_image: segment 5: paddr=0003ca98 vaddr=50000000 size=00020h (    32) load[0m
[0;32mI (163) boot: Loaded app from partition at offset 0x10000[0m
[0;32mI (163) boot: Disabling RNG early entropy source...[0m
[0;32mI (174) cpu_start: Multicore app[0m
[0;32mI (183) cpu_start: Pro cpu start user code[0m
[0;32mI (183) cpu_start: cpu freq: 160000000 Hz[0m
[0;32mI (183) app_init: Application information:[0m
[0;32mI (183) app_init: Project name:     lab4[0m
[0;32mI (186) app_init: App version:      2c3774c-dirty[0m
[0;32mI (191) app_init: Compile time:     Oct  8 2025 09:46:24[0m
[0;32mI (196) app_init: ELF file SHA256:  20e99a81f...[0m
[0;32mI (200) app_init: ESP-IDF:          HEAD-HASH-NOTFOUND[0m
[0;32mI (205) efuse_init: Min chip rev:     v0.0[0m
[0;32mI (209) efuse_init: Max chip rev:     v3.99 [0m
[0;32mI (213) efuse_init: Chip rev:         v3.1[0m
[0;32mI (217) heap_init: Initializing. RAM available for dynamic allocation:[0m
[0;32mI (223) heap_init: At 3FFAE6E0 len 00001920 (6 KiB): DRAM[0m
[0;32mI (228) heap_init: At 3FFB2CA8 len 0002D358 (180 KiB): DRAM[0m
[0;32mI (233) heap_init: At 3FFE0440 len 00003AE0 (14 KiB): D/IRAM[0m
[0;32mI (239) heap_init: At 3FFE4350 len 0001BCB0 (111 KiB): D/IRAM[0m
[0;32mI (244) heap_init: At 4008CFF8 len 00013008 (76 KiB): IRAM[0m
[0;33mW (251) spi_flash: Detected boya flash chip but using generic driver. For optimal functionality, enable `SPI_FLASH_SUPPORT_BOYA_CHIP` in menuconfig[0m
[0;32mI (263) spi_flash: detected chip: generic[0m
[0;32mI (266) spi_flash: flash io: dio[0m
[0;33mW (269) spi_flash: Detected size(4096k) larger than the size in the binary image header(2048k). Using the size in the binary image header.[0m
[0;32mI (282) main_task: Started on CPU0[0m
[0;32mI (292) main_task: Calling app_main()[0m
----Sorted insert test----
single linked list: 
added:52
added:34
added:50
added:29
added:46
list(first: 29)[29 34 46 50 52 ]


double linked list: 
added 11
added 22
added 41
added 0
added 64
list(first:0, last64 )[0 11 22 41 64 ]
----Removeing elements test----
single linked list: 
added:53
added:69
added:31
added:46
added:59
list(first: 31)[31 46 53 59 69 ]
removeing first element
list(first: 46)[46 53 59 69 ]
46 removed
removeing last element
list(first: 46)[46 53 59 ]
46 removed


double linked list: 
added 75
added 28
added 69
added 72
added 85
list(first:28, last85 )[28 69 72 75 85 ]
removeing first element
list(first:69, last85 )[69 72 75 85 ]
69 removed
removing last element
list(first:69, last75 )[69 72 75 ]
69 removed
----Remove from empty list----
remove from empty sll
remove first: -2147483648
remove last: -2147483648
remove from empty dll
remove first: -2147483648
remove last: -2147483648


----Adding duplicate values----
single linked list: 
added:1
added:1
list(first: 1)[1 1 ]
double linked list: 
added 1
added 1
list(first:1, last1 )[1 1 ]


----Adding values to beginning----
single linked list: 
added:1
added:1
added:0
list(first: 0)[0 1 1 ]
double linked list: 
added 1
added 1
added 0
list(first:0, last1 )[0 1 1 ]


----Adding values to end----
single linked list: 
added:3
list(first: 0)[0 1 1 3 ]
double linked list: 
added 3
list(first:0, last3 )[0 1 1 3 ]


 ----Removeing only element----single linked list: 
added:1
list(first: 1)[1 ]
removeing first element
Guru Meditation Error: Core  0 panic'ed (LoadProhibited). Exception was unhandled.

Core  0 register dump:
PC      : 0x400d63a4  PS      : 0x00060530  A0      : 0x800d62d8  A1      : 0x3ffb3f20  
A2      : 0x3ffb3f40  A3      : 0x00000001  A4      : 0x0000000b  A5      : 0x3f402567  
A6      : 0x00000015  A7      : 0x00000000  A8      : 0x00000000  A9      : 0x3ffb3f00  
A10     : 0x3ffb3f40  A11     : 0x00000001  A12     : 0x3ffb3be0  A13     : 0x3f403835  
A14     : 0x00000021  A15     : 0x00000000  SAR     : 0x0000001d  EXCCAUSE: 0x0000001c  
EXCVADDR: 0x00000000  LBEG    : 0x400014fd  LEND    : 0x4000150d  LCOUNT  : 0xfffffff9  


Backtrace: 0x400d63a1:0x3ffb3f20 0x400d62d5:0x3ffb3f40 0x400d6315:0x3ffb3f70 0x400e3381:0x3ffb3fa0 0x40085d35:0x3ffb3fd0




ELF file SHA256: 20e99a81f

Rebooting...
ets Jul 29 2019 12:21:46

rst:0xc (SW_CPU_RESET),boot:0x13 (SPI_FAST_FLASH_BOOT)
configsip: 0, SPIWP:0xee
clk_drv:0x00,q_drv:0x00,d_drv:0x00,cs0_drv:0x00,hd_drv:0x00,wp_drv:0x00
mode:DIO, clock div:2
load:0x3fff0030,len:6380
ho 0 tail 12 room 4
load:0x40078000,len:15916
load:0x40080400,len:3860
entry 0x40080638
[0;32mI (29) boot: ESP-IDF HEAD-HASH-NOTFOUND 2nd stage bootloader[0m
[0;32mI (29) boot: compile time Oct  8 2025 00:30:29[0m
[0;32mI (29) boot: Multicore bootloader[0m
[0;32mI (32) boot: chip revision: v3.1[0m
[0;32mI (34) boot.esp32: SPI Speed      : 40MHz[0m
[0;32mI (38) boot.esp32: SPI Mode       : DIO[0m
[0;32mI (42) boot.esp32: SPI Flash Size : 2MB[0m
[0;32mI (45) boot: Enabling RNG early entropy source...[0m
[0;32mI (50) boot: Partition Table:[0m
[0;32mI (52) boot: ## Label            Usage          Type ST Offset   Length[0m
[0;32mI (59) boot:  0 nvs              WiFi data        01 02 00009000 00006000[0m
[0;32mI (65) boot:  1 phy_init         RF data          01 01 0000f000 00001000[0m
[0;32mI (72) boot:  2 factory          factory app      00 00 00010000 00100000[0m
[0;32mI (78) boot: End of partition table[0m
[0;32mI (82) esp_image: segment 0: paddr=00010020 vaddr=3f400020 size=09c18h ( 39960) map[0m
[0;32mI (103) esp_image: segment 1: paddr=00019c40 vaddr=3ffb0000 size=023d8h (  9176) load[0m
[0;32mI (106) esp_image: segment 2: paddr=0001c020 vaddr=40080000 size=03ff8h ( 16376) load[0m
[0;32mI (113) esp_image: segment 3: paddr=00020020 vaddr=400d0020 size=13a68h ( 80488) map[0m
[0;32mI (142) esp_image: segment 4: paddr=00033a90 vaddr=40083ff8 size=09000h ( 36864) load[0m
[0;32mI (156) esp_image: segment 5: paddr=0003ca98 vaddr=50000000 size=00020h (    32) load[0m
[0;32mI (163) boot: Loaded app from partition at offset 0x10000[0m
[0;32mI (163) boot: Disabling RNG early entropy source...[0m
[0;32mI (174) cpu_start: Multicore app[0m
[0;32mI (183) cpu_start: Pro cpu start user code[0m
[0;32mI (183) cpu_start: cpu freq: 160000000 Hz[0m
[0;32mI (183) app_init: Application information:[0m
[0;32mI (183) app_init: Project name:     lab4[0m
[0;32mI (186) app_init: App version:      2c3774c-dirty[0m
[0;32mI (191) app_init: Compile time:     Oct  8 2025 09:46:24[0m
[0;32mI (196) app_init: ELF file SHA256:  20e99a81f...[0m
[0;32mI (200) app_init: ESP-IDF:          HEAD-HASH-NOTFOUND[0m
[0;32mI (205) efuse_init: Min chip rev:     v0.0[0m
[0;32mI (209) efuse_init: Max chip rev:     v3.99 [0m
[0;32mI (213) efuse_init: Chip rev:         v3.1[0m
[0;32mI (217) heap_init: Initializing. RAM available for dynamic allocation:[0m
[0;32mI (223) heap_init: At 3FFAE6E0 len 00001920 (6 KiB): DRAM[0m
[0;32mI (228) heap_init: At 3FFB2CA8 len 0002D358 (180 KiB): DRAM[0m
[0;32mI (233) heap_init: At 3FFE0440 len 00003AE0 (14 KiB): D/IRAM[0m
[0;32mI (239) heap_init: At 3FFE4350 len 0001BCB0 (111 KiB): D/IRAM[0m
[0;32mI (244) heap_init: At 4008CFF8 len 00013008 (76 KiB): IRAM[0m
[0;33mW (251) spi_flash: Detected boya flash chip but using generic driver. For optimal functionality, enable `SPI_FLASH_SUPPORT_BOYA_CHIP` in menuconfig[0m
[0;32mI (263) spi_flash: detected chip: generic[0m
[0;32mI (266) spi_flash: flash io: dio[0m
[0;33mW (269) spi_flash: Detected size(4096k) larger than the size in the binary image header(2048k). Using the size in the binary image header.[0m
[0;32mI (282) main_task: Started on CPU0[0m
[0;32mI (292) main_task: Calling app_main()[0m
----Sorted insert test----
single linked list: 
added:62
added:4
added:22
added:62
added:51
list(first: 4)[4 22 51 62 62 ]


double linked list: 
added 70
added 89
added 48
added 48
added 48
list(first:48, last89 )[48 48 48 70 89 ]
----Removeing elements test----
single linked list: 
added:37
added:51
added:70
added:29
added:40
list(first: 29)[29 37 40 51 70 ]
