Command: /home/minipops/.espressif/python_env/idf5.5_py3.13_env/bin/python /opt/esp-idf/tools/idf_monitor.py -p /dev/ttyUSB0 -b 115200 --toolchain-prefix xtensa-esp32-elf- --target esp32 --revision 0 /home/minipops/uni/da267a/labs/lab4/build/lab4.elf /home/minipops/uni/da267a/labs/lab4/build/bootloader/bootloader.elf -m '/home/minipops/.espressif/python_env/idf5.5_py3.13_env/bin/python' '/opt/esp-idf/tools/idf.py'
ets Jul 29 2019 12:21:46

rst:0x1 (POWERON_RESET),boot:0x13 (SPI_FAST_FLASH_BOOT)
configsip: 0, SPIWP:0xee
clk_drv:0x00,q_drv:0x00,d_drv:0x00,cs0_drv:0x00,hd_drv:0x00,wp_drv:0x00
mode:DIO, clock div:2
load:0x3fff0030,len:6380
ho 0 tail 12 room 4
load:0x40078000,len:15916
load:0x40080400,len:3860
entry 0x40080638
[0;32mI (29) boot: ESP-IDF HEAD-HASH-NOTFOUND 2nd stage bootloader[0m
[0;32mI (29) boot: compile time Oct  8 2025 00:30:29[0m
[0;32mI (29) boot: Multicore bootloader[0m
[0;32mI (32) boot: chip revision: v3.1[0m
[0;32mI (34) boot.esp32: SPI Speed      : 40MHz[0m
[0;32mI (38) boot.esp32: SPI Mode       : DIO[0m
[0;32mI (42) boot.esp32: SPI Flash Size : 2MB[0m
[0;32mI (45) boot: Enabling RNG early entropy source...[0m
[0;32mI (50) boot: Partition Table:[0m
[0;32mI (52) boot: ## Label            Usage          Type ST Offset   Length[0m
[0;32mI (59) boot:  0 nvs              WiFi data        01 02 00009000 00006000[0m
[0;32mI (65) boot:  1 phy_init         RF data          01 01 0000f000 00001000[0m
[0;32mI (72) boot:  2 factory          factory app      00 00 00010000 00100000[0m
[0;32mI (78) boot: End of partition table[0m
[0;32mI (82) esp_image: segment 0: paddr=00010020 vaddr=3f400020 size=09a58h ( 39512) map[0m
[0;32mI (103) esp_image: segment 1: paddr=00019a80 vaddr=3ffb0000 size=023d8h (  9176) load[0m
[0;32mI (106) esp_image: segment 2: paddr=0001be60 vaddr=40080000 size=041b8h ( 16824) load[0m
[0;32mI (113) esp_image: segment 3: paddr=00020020 vaddr=400d0020 size=136e0h ( 79584) map[0m
[0;32mI (141) esp_image: segment 4: paddr=00033708 vaddr=400841b8 size=08e40h ( 36416) load[0m
[0;32mI (156) esp_image: segment 5: paddr=0003c550 vaddr=50000000 size=00020h (    32) load[0m
[0;32mI (162) boot: Loaded app from partition at offset 0x10000[0m
[0;32mI (162) boot: Disabling RNG early entropy source...[0m
[0;32mI (174) cpu_start: Multicore app[0m
[0;32mI (182) cpu_start: Pro cpu start user code[0m
[0;32mI (182) cpu_start: cpu freq: 160000000 Hz[0m
[0;32mI (182) app_init: Application information:[0m
[0;32mI (182) app_init: Project name:     lab4[0m
[0;32mI (186) app_init: App version:      2c3774c-dirty[0m
[0;32mI (190) app_init: Compile time:     Oct  8 2025 09:46:24[0m
[0;32mI (195) app_init: ELF file SHA256:  9c9fcd53b...[0m
[0;32mI (200) app_init: ESP-IDF:          HEAD-HASH-NOTFOUND[0m
[0;32mI (204) efuse_init: Min chip rev:     v0.0[0m
[0;32mI (208) efuse_init: Max chip rev:     v3.99 [0m
[0;32mI (212) efuse_init: Chip rev:         v3.1[0m
[0;32mI (216) heap_init: Initializing. RAM available for dynamic allocation:[0m
[0;32mI (223) heap_init: At 3FFAE6E0 len 00001920 (6 KiB): DRAM[0m
[0;32mI (228) heap_init: At 3FFB2CA8 len 0002D358 (180 KiB): DRAM[0m
[0;32mI (233) heap_init: At 3FFE0440 len 00003AE0 (14 KiB): D/IRAM[0m
[0;32mI (238) heap_init: At 3FFE4350 len 0001BCB0 (111 KiB): D/IRAM[0m
[0;32mI (244) heap_init: At 4008CFF8 len 00013008 (76 KiB): IRAM[0m
[0;33mW (250) spi_flash: Detected boya flash chip but using generic driver. For optimal functionality, enable `SPI_FLASH_SUPPORT_BOYA_CHIP` in menuconfig[0m
[0;32mI (262) spi_flash: detected chip: generic[0m
[0;32mI (266) spi_flash: flash io: dio[0m
[0;33mW (268) spi_flash: Detected size(4096k) larger than the size in the binary image header(2048k). Using the size in the binary image header.[0m
[0;32mI (281) main_task: Started on CPU0[0m
[0;32mI (291) main_task: Calling app_main()[0m
------single_linked_list tests------
added:63
added:93
added:92
added:16
added:68
added:67
added:31
added:43
added:0
added:12
added:60
added:6
added:82
added:87
added:76
added:27
added:57
added:29
added:43
added:64
added:23
added:26
added:79
added:68
added:73
index[0] = 0
index[1] = 6
index[2] = 12
index[3] = 16
index[4] = 23
index[5] = 26
index[6] = 27
index[7] = 29
index[8] = 31
index[9] = 43
index[10] = 43
index[11] = 57
index[12] = 60
index[13] = 63
index[14] = 64
index[15] = 67
index[16] = 68
index[17] = 68
index[18] = 73
index[19] = 76
index[20] = 79
index[21] = 82
index[22] = 87
index[23] = 92
index[24] = 93
index[0] = 43
index[1] = 57
index[2] = 60
index[3] = 63
index[4] = 64
------double_linked_list tests------
Guru Meditation Error: Core  0 panic'ed (LoadProhibited). Exception was unhandled.

Core  0 register dump:
PC      : 0x400d6131  PS      : 0x00060130  A0      : 0x800d606c  A1      : 0x3ffb3f50  
A2      : 0x3ffb3f74  A3      : 0x00000049  A4      : 0x3ffb3f60  A5      : 0x0000000c  
A6      : 0x00000000  A7      : 0x00000000  A8      : 0x00000000  A9      : 0x3ffb3f10  
A10     : 0x0000000a  A11     : 0x3f4036cc  A12     : 0x00000040  A13     : 0x3f40256b  
A14     : 0x00000015  A15     : 0x3ffaea38  SAR     : 0x00000004  EXCCAUSE: 0x0000001c  
EXCVADDR: 0x00000000  LBEG    : 0x400014fd  LEND    : 0x4000150d  LCOUNT  : 0xfffffff6  


Backtrace: 0x400d612e:0x3ffb3f50 0x400d6069:0x3ffb3f70 0x400e2ff9:0x3ffb3fa0 0x40085d35:0x3ffb3fd0




ELF file SHA256: 9c9fcd53b

Rebooting...
ets Jul 29 2019 12:21:46

rst:0xc (SW_CPU_RESET),boot:0x13 (SPI_FAST_FLASH_BOOT)
configsip: 0, SPIWP:0xee
clk_drv:0x00,q_drv:0x00,d_drv:0x00,cs0_drv:0x00,hd_drv:0x00,wp_drv:0x00
mode:DIO, clock div:2
load:0x3fff0030,len:6380
ho 0 tail 12 room 4
load:0x40078000,len:15916
load:0x40080400,len:3860
entry 0x40080638
[0;32mI (29) boot: ESP-IDF HEAD-HASH-NOTFOUND 2nd stage bootloader[0m
[0;32mI (29) boot: compile time Oct  8 2025 00:30:29[0m
[0;32mI (29) boot: Multicore bootloader[0m
[0;32mI (32) boot: chip revision: v3.1[0m
[0;32mI (34) boot.esp32: SPI Speed      : 40MHz[0m
[0;32mI (38) boot.esp32: SPI Mode       : DIO[0m
[0;32mI (42) boot.esp32: SPI Flash Size : 2MB[0m
[0;32mI (45) boot: Enabling RNG early entropy source...[0m
[0;32mI (50) boot: Partition Table:[0m
[0;32mI (52) boot: ## Label            Usage          Type ST Offset   Length[0m
[0;32mI (59) boot:  0 nvs              WiFi data        01 02 00009000 00006000[0m
[0;32mI (65) boot:  1 phy_init         RF data          01 01 0000f000 00001000[0m
[0;32mI (72) boot:  2 factory          factory app      00 00 00010000 00100000[0m
[0;32mI (78) boot: End of partition table[0m
[0;32mI (82) esp_image: segment 0: paddr=00010020 vaddr=3f400020 size=09a58h ( 39512) map[0m
[0;32mI (102) esp_image: segment 1: paddr=00019a80 vaddr=3ffb0000 size=023d8h (  9176) load[0m
[0;32mI (106) esp_image: segment 2: paddr=0001be60 vaddr=40080000 size=041b8h ( 16824) load[0m
[0;32mI (113) esp_image: segment 3: paddr=00020020 vaddr=400d0020 size=136e0h ( 79584) map[0m
[0;32mI (141) esp_image: segment 4: paddr=00033708 vaddr=400841b8 size=08e40h ( 36416) load[0m
[0;32mI (156) esp_image: segment 5: paddr=0003c550 vaddr=50000000 size=00020h (    32) load[0m
[0;32mI (162) boot: Loaded app from partition at offset 0x10000[0m
[0;32mI (162) boot: Disabling RNG early entropy source...[0m
[0;32mI (174) cpu_start: Multicore app[0m
[0;32mI (182) cpu_start: Pro cpu start user code[0m
[0;32mI (182) cpu_start: cpu freq: 160000000 Hz[0m
[0;32mI (182) app_init: Application information:[0m
[0;32mI (182) app_init: Project name:     lab4[0m
[0;32mI (186) app_init: App version:      2c3774c-dirty[0m
[0;32mI (190) app_init: Compile time:     Oct  8 2025 09:46:24[0m
[0;32mI (195) app_init: ELF file SHA256:  9c9fcd53b...[0m
[0;32mI (200) app_init: ESP-IDF:          HEAD-HASH-NOTFOUND[0m
[0;32mI (204) efuse_init: Min chip rev:     v0.0[0m
[0;32mI (208) efuse_init: Max chip rev:     v3.99 [0m
[0;32mI (212) efuse_init: Chip rev:         v3.1[0m
[0;32mI (216) heap_init: Initializing. RAM available for dynamic allocation:[0m
[0;32mI (222) heap_init: At 3FFAE6E0 len 00001920 (6 KiB): DRAM[0m
[0;32mI (227) heap_init: At 3FFB2CA8 len 0002D358 (180 KiB): DRAM[0m
[0;32mI (233) heap_init: At 3FFE0440 len 00003AE0 (14 KiB): D/IRAM[0m
[0;32mI (238) heap_init: At 3FFE4350 len 0001BCB0 (111 KiB): D/IRAM[0m
[0;32mI (244) heap_init: At 4008CFF8 len 00013008 (76 KiB): IRAM[0m
[0;33mW (250) spi_flash: Detected boya flash chip but using generic driver. For optimal functionality, enable `SPI_FLASH_SUPPORT_BOYA_CHIP` in menuconfig[0m
[0;32mI (262) spi_flash: detected chip: generic[0m
[0;32mI (265) spi_flash: flash io: dio[0m
[0;33mW (268) spi_flash: Detected size(4096k) larger than the size in the binary image header(2048k). Using the size in the binary image header.[0m
[0;32mI (281) main_task: Started on CPU0[0m
[0;32mI (291) main_task: Calling app_main()[0m
------single_linked_list tests------
added:57
added:96
added:34
added:99
added:88
added:37
added:27
added:59
added:64
added:11
added:13
added:51
added:56
added:73
added:4
added:50
added:99
added:31
added:26
added:29
added:41
added:19
added:42
added:88
added:50
index[0] = 4
index[1] = 11
index[2] = 13
index[3] = 19
index[4] = 26
index[5] = 27
index[6] = 29
index[7] = 31
index[8] = 34
index[9] = 37
index[10] = 41
index[11] = 42
index[12] = 50
index[13] = 50
index[14] = 51
index[15] = 56
index[16] = 57
index[17] = 59
index[18] = 64
index[19] = 73
index[20] = 88
index[21] = 88
index[22] = 96
index[23] = 99
index[24] = 99
index[0] = 41
index[1] = 42
index[2] = 50
index[3] = 50
index[4] = 51
------double_linked_list tests------
Guru Meditation Error: Core  0 panic'ed (LoadProhibited). Exception was unhandled.

Core  0 register dump:
PC      : 0x400d6131  PS      : 0x00060130  A0      : 0x800d606c  A1      : 0x3ffb3f50  
A2      : 0x3ffb3f74  A3      : 0x00000032  A4      : 0x3ffb3f60  A5      : 0x0000000c  
A6      : 0x00000000  A7      : 0x00000000  A8      : 0x00000000  A9      : 0x3ffb3f10  
A10     : 0x0000000a  A11     : 0x3f4036cc  A12     : 0x00000033  A13     : 0x3f40256b  
A14     : 0x00000015  A15     : 0x3ffaea38  SAR     : 0x00000004  EXCCAUSE: 0x0000001c  
EXCVADDR: 0x00000000  LBEG    : 0x400014fd  LEND    : 0x4000150d  LCOUNT  : 0xfffffff6  


Backtrace: 0x400d612e:0x3ffb3f50 0x400d6069:0x3ffb3f70 0x400e2ff9:0x3ffb3fa0 0x40085d35:0x3ffb3fd0




ELF file SHA256: 9c9fcd53b

Rebooting...
ets Jul 29 2019 12:21:46

rst:0xc (SW_CPU_RESET),boot:0x13 (SPI_FAST_FLASH_BOOT)
configsip: 0, SPIWP:0xee
clk_drv:0x00,q_drv:0x00,d_drv:0x00,cs0_drv:0x00,hd_drv:0x00,wp_drv:0x00
mode:DIO, clock div:2
load:0x3fff0030,len:6380
ho 0 tail 12 room 4
load:0x40078000,len:15916
load:0x40080400,len:3860
entry 0x40080638
[0;32mI (29) boot: ESP-IDF HEAD-HASH-NOTFOUND 2nd stage bootloader[0m
[0;32mI (29) boot: compile time Oct  8 2025 00:30:29[0m
[0;32mI (29) boot: Multicore bootloader[0m
[0;32mI (32) boot: chip revision: v3.1[0m
[0;32mI (34) boot.esp32: SPI Speed      : 40MHz[0m
[0;32mI (38) boot.esp32: SPI Mode       : DIO[0m
[0;32mI (42) boot.esp32: SPI Flash Size : 2MB[0m
[0;32mI (45) boot: Enabling RNG early entropy source...[0m
[0;32mI (50) boot: Partition Table:[0m
[0;32mI (52) boot: ## Label            Usage          Type ST Offset   Length[0m
[0;32mI (59) boot:  0 nvs              WiFi data        01 02 00009000 00006000[0m
[0;32mI (65) boot:  1 phy_init         RF data          01 01 0000f000 00001000[0m
[0;32mI (72) boot:  2 factory          factory app      00 00 00010000 00100000[0m
[0;32mI (78) boot: End of partition table[0m
[0;32mI (82) esp_image: segment 0: paddr=00010020 vaddr=3f400020 size=09a58h ( 39512) map[0m
[0;32mI (102) esp_image: segment 1: paddr=00019a80 vaddr=3ffb0000 size=023d8h (  9176) load[0m
[0;32mI (106) esp_image: segment 2: paddr=0001be60 vaddr=40080000 size=041b8h ( 16824) load[0m
[0;32mI (113) esp_image: segment 3: paddr=00020020 vaddr=400d0020 size=136e0h ( 79584) map[0m
[0;32mI (141) esp_image: segment 4: paddr=00033708 vaddr=400841b8 size=08e40h ( 36416) load[0m
[0;32mI (156) esp_image: segment 5: paddr=0003c550 vaddr=50000000 size=00020h (    32) load[0m
[0;32mI (162) boot: Loaded app from partition at offset 0x10000[0m
[0;32mI (162) boot: Disabling RNG early entropy source...[0m
[0;32mI (174) cpu_start: Multicore app[0m
[0;32mI (182) cpu_start: Pro cpu start user code[0m
[0;32mI (182) cpu_start: cpu freq: 160000000 Hz[0m
[0;32mI (182) app_init: Application information:[0m
[0;32mI (182) app_init: Project name:     lab4[0m
[0;32mI (186) app_init: App version:      2c3774c-dirty[0m
[0;32mI (190) app_init: Compile time:     Oct  8 2025 09:46:24[0m
[0;32mI (195) app_init: ELF file SHA256:  9c9fcd53b...[0m
[0;32mI (200) app_init: ESP-IDF:          HEAD-HASH-NOTFOUND[0m
[0;32mI (204) efuse_init: Min chip rev:     v0.0[0m
[0;32mI (208) efuse_init: Max chip rev:     v3.99 [0m
[0;32mI (212) efuse_init: Chip rev:         v3.1[0m
[0;32mI (216) heap_init: Initializing. RAM available for dynamic allocation:[0m
[0;32mI (222) heap_init: At 3FFAE6E0 len 00001920 (6 KiB): DRAM[0m
[0;32mI (227) heap_init: At 3FFB2CA8 len 0002D358 (180 KiB): DRAM[0m
[0;32mI (233) heap_init: At 3FFE0440 len 00003AE0 (14 KiB): D/IRAM[0m
[0;32mI (238) heap_init: At 3FFE4350 len 0001BCB0 (111 KiB): D/IRAM[0m
[0;32mI (244) heap_init: At 4008CFF8 len 00013008 (76 KiB): IRAM[0m
[0;33mW (250) spi_flash: Detected boya flash chip but using generic driver. For optimal functionality, enable `SPI_FLASH_SUPPORT_BOYA_CHIP` in menuconfig[0m
[0;32mI (262) spi_flash: detected chip: generic[0m
[0;32mI (265) spi_flash: flash io: dio[0m
[0;33mW (268) spi_flash: Detected size(4096k) larger than the size in the binary image header(2048k). Using the size in the binary image header.[0m
[0;32mI (281) main_task: Started on CPU0[0m
[0;32mI (291) main_task: Calling app_main()[0m
------single_linked_list tests------
added:66
added:24
added:46
added:10
added:20
added:7
added:89
added:90
added:3
added:48
added:35
added:97
added:49
added:44
added:96
added:37
added:51
added:4
added:80
added:95
added:32
added:96
added:60
added:35
added:6
index[0] = 3
index[1] = 4
index[2] = 6
index[3] = 7
index[4] = 10
index[5] = 20
index[6] = 24
index[7] = 32
index[8] = 35
index[9] = 35
index[10] = 37
index[11] = 44
index[12] = 46
index[13] = 48
index[14] = 49
index[15] = 51
index[16] = 60
index[17] = 66
index[18] = 80
index[19] = 89
index[20] = 90
index[21] = 95
index[22] = 96
index[23] = 96
index[24] = 97
index[0] = 37
index[1] = 44
index[2] = 46
index[3] = 48
index[4] = 49
------double_linked_list tests------
Guru Meditation Error: Core  0 panic'ed (LoadProhibited). Exception was unhandled.

Core  0 register dump:
PC      : 0x400d6131  PS      : 0x00060130  A0      : 0x800d606c  A1      : 0x3ffb3f50  
A2      : 0x3ffb3f74  A3      : 0x00000006  A4      : 0x3ffb3f60  A5      : 0x0000000c  
A6      : 0x00000000  A7      : 0x00000000  A8      : 0x00000000  A9      : 0x3ffb3f10  
A10     : 0x0000000a  A11     : 0x3f4036cc  A12     : 0x00000031  A13     : 0x3f40256b  
A14     : 0x00000015  A15     : 0x3ffaea38  SAR     : 0x00000004  EXCCAUSE: 0x0000001c  
EXCVADDR: 0x00000000  LBEG    : 0x400014fd  LEND    : 0x4000150d  LCOUNT  : 0xfffffff6  


Backtrace: 0x400d612e:0x3ffb3f50 0x400d6069:0x3ffb3f70 0x400e2ff9:0x3ffb3fa0 0x40085d35:0x3ffb3fd0




ELF file SHA256: 9c9fcd53b

Rebooting...
ets Jul 29 2019 12:21:46

rst:0xc (SW_CPU_RESET),boot:0x13 (SPI_FAST_FLASH_BOOT)
configsip: 0, SPIWP:0xee
clk_drv:0x00,q_drv:0x00,d_drv:0x00,cs0_drv:0x00,hd_drv:0x00,wp_drv:0x00
mode:DIO, clock div:2
load:0x3fff0030,len:6380
ho 0 tail 12 room 4
load:0x40078000,len:15916
load:0x40080400,len:3860
entry 0x40080638
[0;32mI (29) boot: ESP-IDF HEAD-HASH-NOTFOUND 2nd stage bootloader[0m
[0;32mI (29) boot: compile time Oct  8 2025 00:30:29[0m
[0;32mI (29) boot: Multicore bootloader[0m
[0;32mI (32) boot: chip revision: v3.1[0m
[0;32mI (34) boot.esp32: SPI Speed      : 40MHz[0m
[0;32mI (38) boot.esp32: SPI Mode       : DIO[0m
[0;32mI (42) boot.esp32: SPI Flash Size : 2MB[0m
[0;32mI (45) boot: Enabling RNG early entropy source...[0m
[0;32mI (50) boot: Partition Table:[0m
[0;32mI (52) boot: ## Label            Usage          Type ST Offset   Length[0m
[0;32mI (59) boot:  0 nvs              WiFi data        01 02 00009000 00006000[0m
[0;32mI (65) boot:  1 phy_init         RF data          01 01 0000f000 00001000[0m
[0;32mI (72) boot:  2 factory          factory app      00 00 00010000 00100000[0m
[0;32mI (78) boot: End of partition table[0m
[0;32mI (82) esp_image: segment 0: paddr=00010020 vaddr=3f400020 size=09a58h ( 39512) map[0m
[0;32mI (102) esp_image: segment 1: paddr=00019a80 vaddr=3ffb0000 size=023d8h (  9176) load[0m
[0;32mI (106) esp_image: segment 2: paddr=0001be60 vaddr=40080000 size=041b8h ( 16824) load[0m
[0;32mI (113) esp_image: segment 3: paddr=00020020 vaddr=400d0020 size=136e0h ( 79584) map[0m
[0;32mI (141) esp_image: segment 4: paddr=00033708 vaddr=400841b8 size=08e40h ( 36416) load[0m
[0;32mI (156) esp_image: segment 5: paddr=0003c550 vaddr=50000000 size=00020h (    32) load[0m
[0;32mI (162) boot: Loaded app from partition at offset 0x10000[0m
[0;32mI (162) boot: Disabling RNG early entropy source...[0m
[0;32mI (174) cpu_start: Multicore app[0m
[0;32mI (182) cpu_start: Pro cpu start user code[0m
[0;32mI (182) cpu_start: cpu freq: 160000000 Hz[0m
[0;32mI (182) app_init: Application information:[0m
[0;32mI (182) app_init: Project name:     lab4[0m
[0;32mI (186) app_init: App version:      2c3774c-dirty[0m
[0;32mI (190) app_init: Compile time:     Oct  8 2025 09:46:24[0m
[0;32mI (195) app_init: ELF file SHA256:  9c9fcd53b...[0m
[0;32mI (200) app_init: ESP-IDF:          HEAD-HASH-NOTFOUND[0m
[0;32mI (204) efuse_init: Min chip rev:     v0.0[0m
[0;32mI (208) efuse_init: Max chip rev:     v3.99 [0m
[0;32mI (212) efuse_init: Chip rev:         v3.1[0m
[0;32mI (216) heap_init: Initializing. RAM available for dynamic allocation:[0m
[0;32mI (222) heap_init: At 3FFAE6E0 len 00001920 (6 KiB): DRAM[0m
[0;32mI (227) heap_init: At 3FFB2CA8 len 0002D358 (180 KiB): DRAM[0m
[0;32mI (233) heap_init: At 3FFE0440 len 00003AE0 (14 KiB): D/IRAM[0m
[0;32mI (238) heap_init: At 3FFE4350 len 0001BCB0 (111 KiB): D/IRAM[0m
[0;32mI (244) heap_init: At 4008CFF8 len 00013008 (76 KiB): IRAM[0m
[0;33mW (250) spi_flash: Detected boya flash chip but using generic driver. For optimal functionality, enable `SPI_FLASH_SUPPORT_BOYA_CHIP` in menuconfig[0m
[0;32mI (262) spi_flash: detected chip: generic[0m
[0;32mI (265) spi_flash: flash io: dio[0m
[0;33mW (268) spi_flash: Detected size(4096k) larger than the size in the binary image header(2048k). Using the size in the binary image header.[0m
[0;32mI (281) main_task: Started on CPU0[0m
[0;32mI (291) main_task: Calling app_main()[0m
------single_linked_list tests------
added:17
added:71
added:93
added:79
added:59
added:96
added:75
added:96
added:95
added:94
added:7
added:77
added:16
added:33
added:2
added:50
added:90
added:46
added:99
added:34
added:87
added:31
added:65
added:90
added:29
index[0] = 2
index[1] = 7
index[2] = 16
index[3] = 17
index[4] = 29
index[5] = 31
index[6] = 33
index[7] = 34
index[8] = 46
index[9] = 50
index[10] = 59
index[11] = 65
index[12] = 71
index[13] = 75
index[14] = 77
index[15] = 79
index[16] = 87
index[17] = 90
index[18] = 90
index[19] = 93
index[20] = 94
index[21] = 95
index[22] = 96
index[23] = 96
index[24] = 99
index[0] = 59
index[1] = 65
index[2] = 71
index[3] = 75
index[4] = 77
------double_linked_list tests------
Guru Meditation Error: Core  0 panic'ed (LoadProhibited). Exception was unhandled.

Core  0 register dump:
PC      : 0x400d6131  PS      : 0x00060130  A0      : 0x800d606c  A1      : 0x3ffb3f50  
A2      : 0x3ffb3f74  A3      : 0x0000001d  A4      : 0x3ffb3f60  A5      : 0x0000000c  
A6      : 0x00000000  A7      : 0x00000000  A8      : 0x00000000  A9      : 0x3ffb3f10  
A10     : 0x0000000a  A11     : 0x3f4036cc  A12     : 0x0000004d  A13     : 0x3f40256b  
A14     : 0x00000015  A15     : 0x3ffaea38  SAR     : 0x00000004  EXCCAUSE: 0x0000001c  
EXCVADDR: 0x00000000  LBEG    : 0x400014fd  LEND    : 0x4000150d  LCOUNT  : 0xfffffff6  


Backtrace: 0x400d612e:0x3ffb3f50 0x400d6069:0x3ffb3f70 0x400e2ff9:0x3ffb3fa0 0x40085d35:0x3ffb3fd0




ELF file SHA256: 9c9fcd53b

Rebooting...
ets Jul 29 2019 12:21:46

rst:0xc (SW_CPU_RESET),boot:0x13 (SPI_FAST_FLASH_BOOT)
configsip: 0, SPIWP:0xee
clk_drv:0x00,q_drv:0x00,d_drv:0x00,cs0_drv:0x00,hd_drv:0x00,wp_drv:0x00
mode:DIO, clock div:2
load:0x3fff0030,len:6380
ho 0 tail 12 room 4
load:0x40078000,len:15916
load:0x40080400,len:3860
entry 0x40080638
[0;32mI (29) boot: ESP-IDF HEAD-HASH-NOTFOUND 2nd stage bootloader[0m
[0;32mI (29) boot: compile time Oct  8 2025 00:30:29[0m
[0;32mI (29) boot: Multicore bootloader[0m
[0;32mI (32) boot: chip revision: v3.1[0m
[0;32mI (34) boot.esp32: SPI Speed      : 40MHz[0m
[0;32mI (38) boot.esp32: SPI Mode       : DIO[0m
[0;32mI (42) boot.esp32: SPI Flash Size : 2MB[0m
[0;32mI (45) boot: Enabling RNG early entropy source...[0m
[0;32mI (50) boot: Partition Table:[0m
[0;32mI (52) boot: ## Label            Usage          Type ST Offset   Length[0m
[0;32mI (59) boot:  0 nvs              WiFi data        01 02 00009000 00006000[0m
[0;32mI (65) boot:  1 phy_init         RF data          01 01 0000f000 00001000[0m
[0;32mI (72) boot:  2 factory          factory app      00 00 00010000 00100000[0m
[0;32mI (78) boot: End of partition table[0m
[0;32mI (82) esp_image: segment 0: paddr=00010020 vaddr=3f400020 size=09a58h ( 39512) map[0m
[0;32mI (102) esp_image: segment 1: paddr=00019a80 vaddr=3ffb0000 size=023d8h (  9176) load[0m
[0;32mI (106) esp_image: segment 2: paddr=0001be60 vaddr=40080000 size=041b8h ( 16824) load[0m
[0;32mI (113) esp_image: segment 3: paddr=00020020 vaddr=400d0020 size=136e0h ( 79584) map[0m
[0;32mI (141) esp_image: segment 4: paddr=00033708 vaddr=400841b8 size=08e40h ( 36416) load[0m
[0;32mI (156) esp_image: segment 5: paddr=0003c550 vaddr=50000000 size=00020h (    32) load[0m
[0;32mI (162) boot: Loaded app from partition at offset 0x10000[0m
[0;32mI (162) boot: Disabling RNG early entropy source...[0m
[0;32mI (174) cpu_start: Multicore app[0m
[0;32mI (182) cpu_start: Pro cpu start user code[0m
[0;32mI (182) cpu_start: cpu freq: 160000000 Hz[0m
[0;32mI (182) app_init: Application information:[0m
[0;32mI (182) app_init: Project name:     lab4[0m
[0;32mI (186) app_init: App version:      2c3774c-dirty[0m
[0;32mI (190) app_init: Compile time:     Oct  8 2025 09:46:24[0m
[0;32mI (195) app_init: ELF file SHA256:  9c9fcd53b...[0m
[0;32mI (200) app_init: ESP-IDF:          HEAD-HASH-NOTFOUND[0m
[0;32mI (204) efuse_init: Min chip rev:     v0.0[0m
[0;32mI (208) efuse_init: Max chip rev:     v3.99 [0m
[0;32mI (212) efuse_init: Chip rev:         v3.1[0m
[0;32mI (216) heap_init: Initializing. RAM available for dynamic allocation:[0m
[0;32mI (222) heap_init: At 3FFAE6E0 len 00001920 (6 KiB): DRAM[0m
[0;32mI (227) heap_init: At 3FFB2CA8 len 0002D358 (180 KiB): DRAM[0m
[0;32mI (233) heap_init: At 3FFE0440 len 00003AE0 (14 KiB): D/IRAM[0m
[0;32mI (238) heap_init: At 3FFE4350 len 0001BCB0 (111 KiB): D/IRAM[0m
[0;32mI (244) heap_init: At 4008CFF8 len 00013008 (76 KiB): IRAM[0m
[0;33mW (250) spi_flash: Detected boya flash chip but using generic driver. For optimal functionality, enable `SPI_FLASH_SUPPORT_BOYA_CHIP` in menuconfig[0m
[0;32mI (262) spi_flash: detected chip: generic[0m
[0;32mI (265) spi_flash: flash io: dio[0m
[0;33mW (268) spi_flash: Detected size(4096k) larger than the size in the binary image header(2048k). Using the size in the binary image header.[0m
[0;32mI (281) main_task: Started on CPU0[0m
[0;32mI (291) main_task: Calling app_main()[0m
------single_linked_list tests------
added:22
added:14
added:27
added:85
added:68
added:76
added:62
added:30
added:2
added:69
added:86
added:23
added:68
added:20
added:8
added:8
added:81
added:22
added:87
added:20
added:78
added:83
added:54
added:94
added:55
index[0] = 2
index[1] = 8
index[2] = 8
index[3] = 14
index[4] = 20
index[5] = 20
index[6] = 22
index[7] = 22
index[8] = 23
index[9] = 27
index[10] = 30
index[11] = 54
index[12] = 55
index[13] = 62
index[14] = 68
index[15] = 68
index[16] = 69
index[17] = 76
index[18] = 78
index[19] = 81
index[20] = 83
index[21] = 85
index[22] = 86
index[23] = 87
index[24] = 94
index[0] = 30
index[1] = 54
index[2] = 55
index[3] = 62
index[4] = 68
------double_linked_list tests------
Guru Meditation Error: Core  0 panic'ed (LoadProhibited). Exception was unhandled.

Core  0 register dump:
PC      : 0x400d6131  PS      : 0x00060130  A0      : 0x800d606c  A1      : 0x3ffb3f50  
A2      : 0x3ffb3f74  A3      : 0x00000037  A4      : 0x3ffb3f60  A5      : 0x0000000c  
A6      : 0x00000000  A7      : 0x00000000  A8      : 0x00000000  A9      : 0x3ffb3f10  
A10     : 0x0000000a  A11     : 0x3f4036cc  A12     : 0x00000044  A13     : 0x3f40256b  
A14     : 0x00000015  A15     : 0x3ffaea38  SAR     : 0x00000004  EXCCAUSE: 0x0000001c  
EXCVADDR: 0x00000000  LBEG    : 0x400014fd  LEND    : 0x4000150d  LCOUNT  : 0xfffffff6  


Backtrace: 0x400d612e:0x3ffb3f50 0x400d6069:0x3ffb3f70 0x400e2ff9:0x3ffb3fa0 0x40085d35:0x3ffb3fd0




ELF file SHA256: 9c9fcd53b

Rebooting...
ets Jul 29 2019 12:21:46

rst:0xc (SW_CPU_RESET),boot:0x13 (SPI_FAST_FLASH_BOOT)
configsip: 0, SPIWP:0xee
clk_drv:0x00,q_drv:0x00,d_drv:0x00,cs0_drv:0x00,hd_drv:0x00,wp_drv:0x00
mode:DIO, clock div:2
load:0x3fff0030,len:6380
ho 0 tail 12 room 4
load:0x40078000,len:15916
load:0x40080400,len:3860
entry 0x40080638
[0;32mI (29) boot: ESP-IDF HEAD-HASH-NOTFOUND 2nd stage bootloader[0m
[0;32mI (29) boot: compile time Oct  8 2025 00:30:29[0m
[0;32mI (29) boot: Multicore bootloader[0m
[0;32mI (32) boot: chip revision: v3.1[0m
[0;32mI (34) boot.esp32: SPI Speed      : 40MHz[0m
[0;32mI (38) boot.esp32: SPI Mode       : DIO[0m
[0;32mI (42) boot.esp32: SPI Flash Size : 2MB[0m
[0;32mI (45) boot: Enabling RNG early entropy source...[0m
[0;32mI (50) boot: Partition Table:[0m
[0;32mI (52) boot: ## Label            Usage          Type ST Offset   Length[0m
[0;32mI (59) boot:  0 nvs              WiFi data        01 02 00009000 00006000[0m
[0;32mI (65) boot:  1 phy_init         RF data          01 01 0000f000 00001000[0m
[0;32mI (72) boot:  2 factory          factory app      00 00 00010000 00100000[0m
[0;32mI (78) boot: End of partition table[0m
[0;32mI (82) esp_image: segment 0: paddr=00010020 vaddr=3f400020 size=09a58h ( 39512) map[0m
[0;32mI (102) esp_image: segment 1: paddr=00019a80 vaddr=3ffb0000 size=023d8h (  9176) load[0m
[0;32mI (106) esp_image: segment 2: paddr=0001be60 vaddr=40080000 size=041b8h ( 16824) load[0m
[0;32mI (113) esp_image: segment 3: paddr=00020020 vaddr=400d0020 size=136e0h ( 79584) map[0m
[0;32mI (141) esp_image: segment 4: paddr=00033708 vaddr=400841b8 size=08e40h ( 36416) load[0m
[0;32mI (156) esp_image: segment 5: paddr=0003c550 vaddr=50000000 size=00020h (    32) load[0m
[0;32mI (162) boot: Loaded app from partition at offset 0x10000[0m
[0;32mI (162) boot: Disabling RNG early entropy source...[0m
[0;32mI (174) cpu_start: Multicore app[0m
[0;32mI (182) cpu_start: Pro cpu start user code[0m
[0;32mI (182) cpu_start: cpu freq: 160000000 Hz[0m
[0;32mI (182) app_init: Application information:[0m
[0;32mI (182) app_init: Project name:     lab4[0m
[0;32mI (186) app_init: App version:      2c3774c-dirty[0m
[0;32mI (190) app_init: Compile time:     Oct  8 2025 09:46:24[0m
[0;32mI (195) app_init: ELF file SHA256:  9c9fcd53b...[0m
[0;32mI (200) app_init: ESP-IDF:          HEAD-HASH-NOTFOUND[0m
[0;32mI (204) efuse_init: Min chip rev:     v0.0[0m
[0;32mI (208) efuse_init: Max chip rev:     v3.99 [0m
[0;32mI (212) efuse_init: Chip rev:         v3.1[0m
[0;32mI (216) heap_init: Initializing. RAM available for dynamic allocation:[0m
[0;32mI (222) heap_init: At 3FFAE6E0 len 00001920 (6 KiB): DRAM[0m
[0;32mI (227) heap_init: At 3FFB2CA8 len 0002D358 (180 KiB): DRAM[0m
[0;32mI (233) heap_init: At 3FFE0440 len 00003AE0 (14 KiB): D/IRAM[0m
[0;32mI (238) heap_init: At 3FFE4350 len 0001BCB0 (111 KiB): D/IRAM[0m
[0;32mI (244) heap_init: At 4008CFF8 len 00013008 (76 KiB): IRAM[0m
[0;33mW (250) spi_flash: Detected boya flash chip but using generic driver. For optimal functionality, enable `SPI_FLASH_SUPPORT_BOYA_CHIP` in menuconfig[0m
[0;32mI (262) spi_flash: detected chip: generic[0m
[0;32mI (265) spi_flash: flash io: dio[0m
[0;33mW (268) spi_flash: Detected size(4096k) larger than the size in the binary image header(2048k). Using the size in the binary image header.[0m
[0;32mI (281) main_task: Started on CPU0[0m
[0;32mI (291) main_task: Calling app_main()[0m
------single_linked_list tests------
added:85
added:57
added:75
added:98
added:59
added:10
added:94
added:90
added:68
added:25
added:27
added:4
added:3
added:15
added:96
added:61
added:28
added:55
added:44
added:20
added:96
added:7
added:24
added:99
added:62
index[0] = 3
index[1] = 4
index[2] = 7
index[3] = 10
index[4] = 15
index[5] = 20
index[6] = 24
index[7] = 25
index[8] = 27
index[9] = 28
index[10] = 44
index[11] = 55
index[12] = 57
index[13] = 59
index[14] = 61
index[15] = 62
index[16] = 68
index[17] = 75
index[18] = 85
index[19] = 90
index[20] = 94
index[21] = 96
index[22] = 96
index[23] = 98
index[24] = 99
index[0] = 44
index[1] = 55
index[2] = 57
index[3] = 59
index[4] = 61
------double_linked_list tests------
Guru Meditation Error: Core  0 panic'ed (LoadProhibited). Exception was unhandled.

Core  0 register dump:
PC      : 0x400d6131  PS      : 0x00060130  A0      : 0x800d606c  A1      : 0x3ffb3f50  
A2      : 0x3ffb3f74  A3      : 0x0000003e  A4      : 0x3ffb3f60  A5      : 0x0000000c  
A6      : 0x00000000  A7      : 0x00000000  A8      : 0x00000000  A9      : 0x3ffb3f10  
A10     : 0x0000000a  A11     : 0x3f4036cc  A12     : 0x0000003d  A13     : 0x3f40256b  
A14     : 0x00000015  A15     : 0x3ffaea38  SAR     : 0x00000004  EXCCAUSE: 0x0000001c  
EXCVADDR: 0x00000000  LBEG    : 0x400014fd  LEND    : 0x4000150d  LCOUNT  : 0xfffffff6  


Backtrace: 0x400d612e:0x3ffb3f50 0x400d6069:0x3ffb3f70 0x400e2ff9:0x3ffb3fa0 0x40085d35:0x3ffb3fd0




ELF file SHA256: 9c9fcd53b

Rebooting...
ets Jul 29 2019 12:21:46

rst:0xc (SW_CPU_RESET),boot:0x13 (SPI_FAST_FLASH_BOOT)
configsip: 0, SPIWP:0xee
clk_drv:0x00,q_drv:0x00,d_drv:0x00,cs0_drv:0x00,hd_drv:0x00,wp_drv:0x00
mode:DIO, clock div:2
load:0x3fff0030,len:6380
ho 0 tail 12 room 4
load:0x40078000,len:15916
load:0x40080400,len:3860
entry 0x40080638
[0;32mI (29) boot: ESP-IDF HEAD-HASH-NOTFOUND 2nd stage bootloader[0m
[0;32mI (29) boot: compile time Oct  8 2025 00:30:29[0m
[0;32mI (29) boot: Multicore bootloader[0m
[0;32mI (32) boot: chip revision: v3.1[0m
[0;32mI (34) boot.esp32: SPI Speed      : 40MHz[0m
[0;32mI (38) boot.esp32: SPI Mode       : DIO[0m
[0;32mI (42) boot.esp32: SPI Flash Size : 2MB[0m
[0;32mI (45) boot: Enabling RNG early entropy source...[0m
[0;32mI (50) boot: Partition Table:[0m
[0;32mI (52) boot: ## Label            Usage          Type ST Offset   Length[0m
[0;32mI (59) boot:  0 nvs              WiFi data        01 02 00009000 00006000[0m
[0;32mI (65) boot:  1 phy_init         RF data          01 01 0000f000 00001000[0m
[0;32mI (72) boot:  2 factory          factory app      00 00 00010000 00100000[0m
[0;32mI (78) boot: End of partition table[0m
[0;32mI (82) esp_image: segment 0: paddr=00010020 vaddr=3f400020 size=09a58h ( 39512) map[0m
[0;32mI (102) esp_image: segment 1: paddr=00019a80 vaddr=3ffb0000 size=023d8h (  9176) load[0m
[0;32mI (106) esp_image: segment 2: paddr=0001be60 vaddr=40080000 size=041b8h ( 16824) load[0m
[0;32mI (113) esp_image: segment 3: paddr=00020020 vaddr=400d0020 size=136e0h ( 79584) map[0m
[0;32mI (141) esp_image: segment 4: paddr=00033708 vaddr=400841b8 size=08e40h ( 36416) load[0m
[0;32mI (156) esp_image: segment 5: paddr=0003c550 vaddr=50000000 size=00020h (    32) load[0m
[0;32mI (162) boot: Loaded app from partition at offset 0x10000[0m
[0;32mI (162) boot: Disabling RNG early entropy source...[0m
[0;32mI (174) cpu_start: Multicore app[0m
[0;32mI (182) cpu_start: Pro cpu start user code[0m
[0;32mI (182) cpu_start: cpu freq: 160000000 Hz[0m
[0;32mI (182) app_init: Application information:[0m
[0;32mI (182) app_init: Project name:     lab4[0m
[0;32mI (186) app_init: App version:      2c3774c-dirty[0m
[0;32mI (190) app_init: Compile time:     Oct  8 2025 09:46:24[0m
[0;32mI (195) app_init: ELF file SHA256:  9c9fcd53b...[0m
[0;32mI (200) app_init: ESP-IDF:          HEAD-HASH-NOTFOUND[0m
[0;32mI (204) efuse_init: Min chip rev:     v0.0[0m
[0;32mI (208) efuse_init: Max chip rev:     v3.99 [0m
[0;32mI (212) efuse_init: Chip rev:         v3.1[0m
[0;32mI (216) heap_init: Initializing. RAM available for dynamic allocation:[0m
[0;32mI (222) heap_init: At 3FFAE6E0 len 00001920 (6 KiB): DRAM[0m
[0;32mI (227) heap_init: At 3FFB2CA8 len 0002D358 (180 KiB): DRAM[0m
[0;32mI (233) heap_init: At 3FFE0440 len 00003AE0 (14 KiB): D/IRAM[0m
[0;32mI (238) heap_init: At 3FFE4350 len 0001BCB0 (111 KiB): D/IRAM[0m
[0;32mI (244) heap_init: At 4008CFF8 len 00013008 (76 KiB): IRAM[0m
[0;33mW (250) spi_flash: Detected boya flash chip but using generic driver. For optimal functionality, enable `SPI_FLASH_SUPPORT_BOYA_CHIP` in menuconfig[0m
[0;32mI (262) spi_flash: detected chip: generic[0m
[0;32mI (265) spi_flash: flash io: dio[0m
[0;33mW (268) spi_flash: Detected size(4096k) larger than the size in the binary image header(2048k). Using the size in the binary image header.[0m
[0;32mI (281) main_task: Started on CPU0[0m
[0;32mI (291) main_task: Calling app_main()[0m
------single_linked_list tests------
added:76
added:50
added:61
added:29
added:19
added:5
added:68
added:46
added:13
added:81
added:72
added:38
added:23
added:55
added:52
added:99
added:5
added:18
added:7
added:11
added:61
added:39
added:43
added:20
added:64
index[0] = 5
index[1] = 5
index[2] = 7
index[3] = 11
index[4] = 13
index[5] = 18
index[6] = 19
index[7] = 20
index[8] = 23
index[9] = 29
index[10] = 38
index[11] = 39
index[12] = 43
index[13] = 46
index[14] = 50
index[15] = 52
index[16] = 55
index[17] = 61
index[18] = 61
index[19] = 64
index[20] = 68
index[21] = 72
index[22] = 76
index[23] = 81
index[24] = 99
index[0] = 38
index[1] = 39
index[2] = 43
index[3] = 46
index[4] = 50
------double_linked_list tests------
Guru Meditation Error: Core  0 panic'ed (LoadProhibited). Exception was unhandled.

Core  0 register dump:
PC      : 0x400d6131  PS      : 0x00060130  A0      : 0x800d606c  A1      : 0x3ffb3f50  
A2      : 0x3ffb3f74  A3      : 0x00000040  A4      : 0x3ffb3f60  A5      : 0x0000000c  
A6      : 0x00000000  A7      : 0x00000000  A8      : 0x00000000  A9      : 0x3ffb3f10  
A10     : 0x0000000a  A11     : 0x3f4036cc  A12     : 0x00000032  A13     : 0x3f40256b  
A14     : 0x00000015  A15     : 0x3ffaea38  SAR     : 0x00000004  EXCCAUSE: 0x0000001c  
EXCVADDR: 0x00000000  LBEG    : 0x400014fd  LEND    : 0x4000150d  LCOUNT  : 0xfffffff6  


Backtrace: 0x400d612e:0x3ffb3f50 0x400d6069:0x3ffb3f70 0x400e2ff9:0x3ffb3fa0 0x40085d35:0x3ffb3fd0




ELF file SHA256: 9c9fcd53b

Rebooting...
ets Jul 29 2019 12:21:46

rst:0xc (SW_CPU_RESET),boot:0x13 (SPI_FAST_FLASH_BOOT)
configsip: 0, SPIWP:0xee
clk_drv:0x00,q_drv:0x00,d_drv:0x00,cs0_drv:0x00,hd_drv:0x00,wp_drv:0x00
mode:DIO, clock div:2
load:0x3fff0030,len:6380
ho 0 tail 12 room 4
load:0x40078000,len:15916
load:0x40080400,len:3860
entry 0x40080638
[0;32mI (29) boot: ESP-IDF HEAD-HASH-NOTFOUND 2nd stage bootloader[0m
[0;32mI (29) boot: compile time Oct  8 2025 00:30:29[0m
[0;32mI (29) boot: Multicore bootloader[0m
[0;32mI (32) boot: chip revision: v3.1[0m
[0;32mI (34) boot.esp32: SPI Speed      : 40MHz[0m
[0;32mI (38) boot.esp32: SPI Mode       : DIO[0m
[0;32mI (42) boot.esp32: SPI Flash Size : 2MB[0m
[0;32mI (45) boot: Enabling RNG early entropy source...[0m
[0;32mI (50) boot: Partition Table:[0m
[0;32mI (52) boot: ## Label            Usage          Type ST Offset   Length[0m
[0;32mI (59) boot:  0 nvs              WiFi data        01 02 00009000 00006000[0m
[0;32mI (65) boot:  1 phy_init         RF data          01 01 0000f000 00001000[0m
[0;32mI (72) boot:  2 factory          factory app      00 00 00010000 00100000[0m
[0;32mI (78) boot: End of partition table[0m
[0;32mI (82) esp_image: segment 0: paddr=00010020 vaddr=3f400020 size=09a58h ( 39512) map[0m
[0;32mI (102) esp_image: segment 1: paddr=00019a80 vaddr=3ffb0000 size=023d8h (  9176) load[0m
[0;32mI (106) esp_image: segment 2: paddr=0001be60 vaddr=40080000 size=041b8h ( 16824) load[0m
[0;32mI (113) esp_image: segment 3: paddr=00020020 vaddr=400d0020 size=136e0h ( 79584) map[0m
[0;32mI (141) esp_image: segment 4: paddr=00033708 vaddr=400841b8 size=08e40h ( 36416) load[0m
[0;32mI (156) esp_image: segment 5: paddr=0003c550 vaddr=50000000 size=00020h (    32) load[0m
[0;32mI (162) boot: Loaded app from partition at offset 0x10000[0m
[0;32mI (162) boot: Disabling RNG early entropy source...[0m
[0;32mI (174) cpu_start: Multicore app[0m
[0;32mI (182) cpu_start: Pro cpu start user code[0m
[0;32mI (182) cpu_start: cpu freq: 160000000 Hz[0m
[0;32mI (182) app_init: Application information:[0m
[0;32mI (182) app_init: Project name:     lab4[0m
[0;32mI (186) app_init: App version:      2c3774c-dirty[0m
[0;32mI (190) app_init: Compile time:     Oct  8 2025 09:46:24[0m
[0;32mI (195) app_init: ELF file SHA256:  9c9fcd53b...[0m
[0;32mI (200) app_init: ESP-IDF:          HEAD-HASH-NOTFOUND[0m
[0;32mI (204) efuse_init: Min chip rev:     v0.0[0m
[0;32mI (208) efuse_init: Max chip rev:     v3.99 [0m
[0;32mI (212) efuse_init: Chip rev:         v3.1[0m
[0;32mI (216) heap_init: Initializing. RAM available for dynamic allocation:[0m
[0;32mI (222) heap_init: At 3FFAE6E0 len 00001920 (6 KiB): DRAM[0m
[0;32mI (227) heap_init: At 3FFB2CA8 len 0002D358 (180 KiB): DRAM[0m
[0;32mI (233) heap_init: At 3FFE0440 len 00003AE0 (14 KiB): D/IRAM[0m
[0;32mI (238) heap_init: At 3FFE4350 len 0001BCB0 (111 KiB): D/IRAM[0m
[0;32mI (244) heap_init: At 4008CFF8 len 00013008 (76 KiB): IRAM[0m
[0;33mW (250) spi_flash: Detected boya flash chip but using generic driver. For optimal functionality, enable `SPI_FLASH_SUPPORT_BOYA_CHIP` in menuconfig[0m
[0;32mI (262) spi_flash: detected chip: generic[0m
[0;32mI (265) spi_flash: flash io: dio[0m
[0;33mW (268) spi_flash: Detected size(4096k) larger than the size in the binary image header(2048k). Using the size in the binary image header.[0m
[0;32mI (281) main_task: Started on CPU0[0m
[0;32mI (291) main_task: Calling app_main()[0m
------single_linked_list tests------
added:21
added:5
added:56
added:0
added:55
added:26
added:27
added:88
added:76
added:25
added:73
added:23
added:99
added:10
added:48
added:98
added:63
added:19
added:36
added:28
added:50
added:79
added:7
added:13
added:73
index[0] = 0
index[1] = 5
index[2] = 7
index[3] = 10
index[4] = 13
index[5] = 19
index[6] = 21
index[7] = 23
index[8] = 25
index[9] = 26
index[10] = 27
index[11] = 28
index[12] = 36
index[13] = 48
index[14] = 50
index[15] = 55
index[16] = 56
index[17] = 63
index[18] = 73
index[19] = 73
index[20] = 76
index[21] = 79
index[22] = 88
index[23] = 98
index[24] = 99
index[0] = 27
index[1] = 28
index[2] = 36
index[3] = 48
index[4] = 50
------double_linked_list tests------
Guru Meditation Error: Core  0 panic'ed (LoadProhibited). Exception was unhandled.

Core  0 register dump:
PC      : 0x400d6131  PS      : 0x00060130  A0      : 0x800d606c  A1      : 0x3ffb3f50  
A2      : 0x3ffb3f74  A3      : 0x00000049  A4      : 0x3ffb3f60  A5      : 0x0000000c  
A6      : 0x00000000  A7      : 0x00000000  A8      : 0x00000000  A9      : 0x3ffb3f10  
A10     : 0x0000000a  A11     : 0x3f4036cc  A12     : 0x00000032  A13     : 0x3f40256b  
A14     : 0x00000015  A15     : 0x3ffaea38  SAR     : 0x00000004  EXCCAUSE: 0x0000001c  
EXCVADDR: 0x00000000  LBEG    : 0x400014fd  LEND    : 0x4000150d  LCOUNT  : 0xfffffff6  


Backtrace: 0x400d612e:0x3ffb3f50 0x400d6069:0x3ffb3f70 0x400e2ff9:0x3ffb3fa0 0x40085d35:0x3ffb3fd0




ELF file SHA256: 9c9fcd53b

Rebooting...
ets Jul 29 2019 12:21:46

rst:0xc (SW_CPU_RESET),boot:0x13 (SPI_FAST_FLASH_BOOT)
configsip: 0, SPIWP:0xee
clk_drv:0x00,q_drv:0x00,d_drv:0x00,cs0_drv:0x00,hd_drv:0x00,wp_drv:0x00
mode:DIO, clock div:2
load:0x3fff0030,len:6380
ho 0 tail 12 room 4
load:0x40078000,len:15916
load:0x40080400,len:3860
entry 0x40080638
[0;32mI (29) boot: ESP-IDF HEAD-HASH-NOTFOUND 2nd stage bootloader[0m
[0;32mI (29) boot: compile time Oct  8 2025 00:30:29[0m
[0;32mI (29) boot: Multicore bootloader[0m
[0;32mI (32) boot: chip revision: v3.1[0m
[0;32mI (34) boot.esp32: SPI Speed      : 40MHz[0m
[0;32mI (38) boot.esp32: SPI Mode       : DIO[0m
[0;32mI (42) boot.esp32: SPI Flash Size : 2MB[0m
[0;32mI (45) boot: Enabling RNG early entropy source...[0m
[0;32mI (50) boot: Partition Table:[0m
[0;32mI (52) boot: ## Label            Usage          Type ST Offset   Length[0m
[0;32mI (59) boot:  0 nvs              WiFi data        01 02 00009000 00006000[0m
[0;32mI (65) boot:  1 phy_init         RF data          01 01 0000f000 00001000[0m
[0;32mI (72) boot:  2 factory          factory app      00 00 00010000 00100000[0m
[0;32mI (78) boot: End of partition table[0m
[0;32mI (82) esp_image: segment 0: paddr=00010020 vaddr=3f400020 size=09a58h ( 39512) map[0m
[0;32mI (102) esp_image: segment 1: paddr=00019a80 vaddr=3ffb0000 size=023d8h (  9176) load[0m
[0;32mI (106) esp_image: segment 2: paddr=0001be60 vaddr=40080000 size=041b8h ( 16824) load[0m
[0;32mI (113) esp_image: segment 3: paddr=00020020 vaddr=400d0020 size=136e0h ( 79584) map[0m
[0;32mI (141) esp_image: segment 4: paddr=00033708 vaddr=400841b8 size=08e40h ( 36416) load[0m
[0;32mI (156) esp_image: segment 5: paddr=0003c550 vaddr=50000000 size=00020h (    32) load[0m
[0;32mI (162) boot: Loaded app from partition at offset 0x10000[0m
[0;32mI (162) boot: Disabling RNG early entropy source...[0m
[0;32mI (174) cpu_start: Multicore app[0m
[0;32mI (182) cpu_start: Pro cpu start user code[0m
[0;32mI (182) cpu_start: cpu freq: 160000000 Hz[0m
[0;32mI (182) app_init: Application information:[0m
[0;32mI (182) app_init: Project name:     lab4[0m
[0;32mI (186) app_init: App version:      2c3774c-dirty[0m
[0;32mI (190) app_init: Compile time:     Oct  8 2025 09:46:24[0m
[0;32mI (195) app_init: ELF file SHA256:  9c9fcd53b...[0m
[0;32mI (200) app_init: ESP-IDF:          HEAD-HASH-NOTFOUND[0m
[0;32mI (204) efuse_init: Min chip rev:     v0.0[0m
[0;32mI (208) efuse_init: Max chip rev:     v3.99 [0m
[0;32mI (212) efuse_init: Chip rev:         v3.1[0m
[0;32mI (216) heap_init: Initializing. RAM available for dynamic allocation:[0m
[0;32mI (222) heap_init: At 3FFAE6E0 len 00001920 (6 KiB): DRAM[0m
[0;32mI (227) heap_init: At 3FFB2CA8 len 0002D358 (180 KiB): DRAM[0m
[0;32mI (233) heap_init: At 3FFE0440 len 00003AE0 (14 KiB): D/IRAM[0m
[0;32mI (238) heap_init: At 3FFE4350 len 0001BCB0 (111 KiB): D/IRAM[0m
[0;32mI (244) heap_init: At 4008CFF8 len 00013008 (76 KiB): IRAM[0m
[0;33mW (250) spi_flash: Detected boya flash chip but using generic driver. For optimal functionality, enable `SPI_FLASH_SUPPORT_BOYA_CHIP` in menuconfig[0m
[0;32mI (262) spi_flash: detected chip: generic[0m
[0;32mI (265) spi_flash: flash io: dio[0m
[0;33mW (268) spi_flash: Detected size(4096k) larger than the size in the binary image header(2048k). Using the size in the binary image header.[0m
[0;32mI (281) main_task: Started on CPU0[0m
[0;32mI (291) main_task: Calling app_main()[0m
------single_linked_list tests------
added:20
added:53
added:56
added:5
added:80
added:51
added:27
added:24
added:75
added:68
added:47
added:18
added:27
added:73
added:48
added:47
added:7
added:35
added:77
added:68
added:6
added:30
added:83
added:35
added:59
index[0] = 5
index[1] = 6
index[2] = 7
index[3] = 18
index[4] = 20
index[5] = 24
index[6] = 27
index[7] = 27
index[8] = 30
index[9] = 35
index[10] = 35
index[11] = 47
index[12] = 47
index[13] = 48
index[14] = 51
index[15] = 53
index[16] = 56
index[17] = 59
index[18] = 68
index[19] = 68
index[20] = 73
index[21] = 75
index[22] = 77
index[23] = 80
index[24] = 83
index[0] = 35
index[1] = 47
index[2] = 47
index[3] = 48
index[4] = 51
------double_linked_list tests------
Guru Meditation Error: Core  0 panic'ed (LoadProhibited). Exception was unhandled.

Core  0 register dump:
PC      : 0x400d6131  PS      : 0x00060130  A0      : 0x800d606c  A1      : 0x3ffb3f50  
A2      : 0x3ffb3f74  A3      : 0x0000003b  A4      : 0x3ffb3f60  A5      : 0x0000000c  
A6      : 0x00000000  A7      : 0x00000000  A8      : 0x00000000  A9      : 0x3ffb3f10  
A10     : 0x0000000a  A11     : 0x3f4036cc  A12     : 0x00000033  A13     : 0x3f40256b  
A14     : 0x00000015  A15     : 0x3ffaea38  SAR     : 0x00000004  EXCCAUSE: 0x0000001c  
EXCVADDR: 0x00000000  LBEG    : 0x400014fd  LEND    : 0x4000150d  LCOUNT  : 0xfffffff6  


Backtrace: 0x400d612e:0x3ffb3f50 0x400d6069:0x3ffb3f70 0x400e2ff9:0x3ffb3fa0 0x40085d35:0x3ffb3fd0




ELF file SHA256: 9c9fcd53b

Rebooting...
ets Jul 29 2019 12:21:46

rst:0xc (SW_CPU_RESET),boot:0x13 (SPI_FAST_FLASH_BOOT)
configsip: 0, SPIWP:0xee
clk_drv:0x00,q_drv:0x00,d_drv:0x00,cs0_drv:0x00,hd_drv:0x00,wp_drv:0x00
mode:DIO, clock div:2
load:0x3fff0030,len:6380
ho 0 tail 12 room 4
load:0x40078000,len:15916
load:0x40080400,len:3860
entry 0x40080638
[0;32mI (29) boot: ESP-IDF HEAD-HASH-NOTFOUND 2nd stage bootloader[0m
[0;32mI (29) boot: compile time Oct  8 2025 00:30:29[0m
[0;32mI (29) boot: Multicore bootloader[0m
[0;32mI (32) boot: chip revision: v3.1[0m
[0;32mI (34) boot.esp32: SPI Speed      : 40MHz[0m
[0;32mI (38) boot.esp32: SPI Mode       : DIO[0m
[0;32mI (42) boot.esp32: SPI Flash Size : 2MB[0m
[0;32mI (45) boot: Enabling RNG early entropy source...[0m
[0;32mI (50) boot: Partition Table:[0m
[0;32mI (52) boot: ## Label            Usage          Type ST Offset   Length[0m
[0;32mI (59) boot:  0 nvs              WiFi data        01 02 00009000 00006000[0m
[0;32mI (65) boot:  1 phy_init         RF data          01 01 0000f000 00001000[0m
[0;32mI (72) boot:  2 factory          factory app      00 00 00010000 00100000[0m
[0;32mI (78) boot: End of partition table[0m
[0;32mI (82) esp_image: segment 0: paddr=00010020 vaddr=3f400020 size=09a58h ( 39512) map[0m
[0;32mI (102) esp_image: segment 1: paddr=00019a80 vaddr=3ffb0000 size=023d8h (  9176) load[0m
[0;32mI (106) esp_image: segment 2: paddr=0001be60 vaddr=40080000 size=041b8h ( 16824) load[0m
[0;32mI (113) esp_image: segment 3: paddr=00020020 vaddr=400d0020 size=136e0h ( 79584) map[0m
[0;32mI (141) esp_image: segment 4: paddr=00033708 vaddr=400841b8 size=08e40h ( 36416) load[0m
[0;32mI (156) esp_image: segment 5: paddr=0003c550 vaddr=50000000 size=00020h (    32) load[0m
[0;32mI (162) boot: Loaded app from partition at offset 0x10000[0m
[0;32mI (162) boot: Disabling RNG early entropy source...[0m
[0;32mI (174) cpu_start: Multicore app[0m
[0;32mI (182) cpu_start: Pro cpu start user code[0m
[0;32mI (182) cpu_start: cpu freq: 160000000 Hz[0m
[0;32mI (182) app_init: Application information:[0m
[0;32mI (182) app_init: Project name:     lab4[0m
[0;32mI (186) app_init: App version:      2c3774c-dirty[0m
[0;32mI (190) app_init: Compile time:     Oct  8 2025 09:46:24[0m
[0;32mI (195) app_init: ELF file SHA256:  9c9fcd53b...[0m
[0;32mI (200) app_init: ESP-IDF:          HEAD-HASH-NOTFOUND[0m
[0;32mI (204) efuse_init: Min chip rev:     v0.0[0m
[0;32mI (208) efuse_init: Max chip rev:     v3.99 [0m
[0;32mI (212) efuse_init: Chip rev:         v3.1[0m
[0;32mI (216) heap_init: Initializing. RAM available for dynamic allocation:[0m
[0;32mI (222) heap_init: At 3FFAE6E0 len 00001920 (6 KiB): DRAM[0m
[0;32mI (227) heap_init: At 3FFB2CA8 len 0002D358 (180 KiB): DRAM[0m
[0;32mI (233) heap_init: At 3FFE0440 len 00003AE0 (14 KiB): D/IRAM[0m
[0;32mI (238) heap_init: At 3FFE4350 len 0001BCB0 (111 KiB): D/IRAM[0m
[0;32mI (244) heap_init: At 4008CFF8 len 00013008 (76 KiB): IRAM[0m
[0;33mW (250) spi_flash: Detected boya flash chip but using generic driver. For optimal functionality, enable `SPI_FLASH_SUPPORT_BOYA_CHIP` in menuconfig[0m
[0;32mI (262) spi_flash: detected chip: generic[0m
[0;32mI (265) spi_flash: flash io: dio[0m
[0;33mW (268) spi_flash: Detected size(4096k) larger than the size in the binary image header(2048k). Using the size in the binary image header.[0m
[0;32mI (281) main_task: Started on CPU0[0m
[0;32mI (291) main_task: Calling app_main()[0m
------single_linked_list tests------
added:94
added:25
added:92
added:5
added:72
added:77
added:61
added:2
added:95
added:32
added:48
added:7
added:59
added:31
added:5
added:47
added:83
added:1
added:7
added:28
added:50
added:22
added:93
added:45
added:89
index[0] = 1
index[1] = 2
index[2] = 5
index[3] = 5
index[4] = 7
index[5] = 7
index[6] = 22
index[7] = 25
index[8] = 28
index[9] = 31
index[10] = 32
index[11] = 45
index[12] = 47
index[13] = 48
index[14] = 50
index[15] = 59
index[16] = 61
index[17] = 72
index[18] = 77
index[19] = 83
index[20] = 89
index[21] = 92
index[22] = 93
index[23] = 94
index[24] = 95
index[0] = 32
index[1] = 45
index[2] = 47
index[3] = 48
index[4] = 50
------double_linked_list tests------
Guru Meditation Error: Core  0 panic'ed (LoadProhibited). Exception was unhandled.

Core  0 register dump:
PC      : 0x400d6131  PS      : 0x00060130  A0      : 0x800d606c  A1      : 0x3ffb3f50  
A2      : 0x3ffb3f74  A3      : 0x00000059  A4      : 0x3ffb3f60  A5      : 0x0000000c  
A6      : 0x00000000  A7      : 0x00000000  A8      : 0x00000000  A9      : 0x3ffb3f10  
A10     : 0x0000000a  A11     : 0x3f4036cc  A12     : 0x00000032  A13     : 0x3f40256b  
A14     : 0x00000015  A15     : 0x3ffaea38  SAR     : 0x00000004  EXCCAUSE: 0x0000001c  
EXCVADDR: 0x00000000  LBEG    : 0x400014fd  LEND    : 0x4000150d  LCOUNT  : 0xfffffff6  


Backtrace: 0x400d612e:0x3ffb3f50 0x400d6069:0x3ffb3f70 0x400e2ff9:0x3ffb3fa0 0x40085d35:0x3ffb3fd0




ELF file SHA256: 9c9fcd53b

Rebooting...
ets Jul 29 2019 12:21:46

rst:0xc (SW_CPU_RESET),boot:0x13 (SPI_FAST_FLASH_BOOT)
configsip: 0, SPIWP:0xee
clk_drv:0x00,q_drv:0x00,d_drv:0x00,cs0_drv:0x00,hd_drv:0x00,wp_drv:0x00
mode:DIO, clock div:2
load:0x3fff0030,len:6380
ho 0 tail 12 room 4
load:0x40078000,len:15916
load:0x40080400,len:3860
entry 0x40080638
[0;32mI (29) boot: ESP-IDF HEAD-HASH-NOTFOUND 2nd stage bootloader[0m
[0;32mI (29) boot: compile time Oct  8 2025 00:30:29[0m
[0;32mI (29) boot: Multicore bootloader[0m
[0;32mI (32) boot: chip revision: v3.1[0m
[0;32mI (34) boot.esp32: SPI Speed      : 40MHz[0m
[0;32mI (38) boot.esp32: SPI Mode       : DIO[0m
[0;32mI (42) boot.esp32: SPI Flash Size : 2MB[0m
[0;32mI (45) boot: Enabling RNG early entropy source...[0m
[0;32mI (50) boot: Partition Table:[0m
[0;32mI (52) boot: ## Label            Usage          Type ST Offset   Length[0m
[0;32mI (59) boot:  0 nvs              WiFi data        01 02 00009000 00006000[0m
[0;32mI (65) boot:  1 phy_init         RF data          01 01 0000f000 00001000[0m
[0;32mI (72) boot:  2 factory          factory app      00 00 00010000 00100000[0m
[0;32mI (78) boot: End of partition table[0m
[0;32mI (82) esp_image: segment 0: paddr=00010020 vaddr=3f400020 size=09a58h ( 39512) map[0m
[0;32mI (102) esp_image: segment 1: paddr=00019a80 vaddr=3ffb0000 size=023d8h (  9176) load[0m
[0;32mI (106) esp_image: segment 2: paddr=0001be60 vaddr=40080000 size=041b8h ( 16824) load[0m
[0;32mI (113) esp_image: segment 3: paddr=00020020 vaddr=400d0020 size=136e0h ( 79584) map[0m
[0;32mI (141) esp_image: segment 4: paddr=00033708 vaddr=400841b8 size=08e40h ( 36416) load[0m
[0;32mI (156) esp_image: segment 5: paddr=0003c550 vaddr=50000000 size=00020h (    32) load[0m
[0;32mI (162) boot: Loaded app from partition at offset 0x10000[0m
[0;32mI (162) boot: Disabling RNG early entropy source...[0m
[0;32mI (174) cpu_start: Multicore app[0m
[0;32mI (182) cpu_start: Pro cpu start user code[0m
[0;32mI (182) cpu_start: cpu freq: 160000000 Hz[0m
[0;32mI (182) app_init: Application information:[0m
[0;32mI (182) app_init: Project name:     lab4[0m
[0;32mI (186) app_init: App version:      2c3774c-dirty[0m
[0;32mI (190) app_init: Compile time:     Oct  8 2025 09:46:24[0m
[0;32mI (195) app_init: ELF file SHA256:  9c9fcd53b...[0m
[0;32mI (200) app_init: ESP-IDF:          HEAD-HASH-NOTFOUND[0m
[0;32mI (204) efuse_init: Min chip rev:     v0.0[0m
[0;32mI (208) efuse_init: Max chip rev:     v3.99 [0m
[0;32mI (212) efuse_init: Chip rev:         v3.1[0m
[0;32mI (216) heap_init: Initializing. RAM available for dynamic allocation:[0m
[0;32mI (222) heap_init: At 3FFAE6E0 len 00001920 (6 KiB): DRAM[0m
[0;32mI (227) heap_init: At 3FFB2CA8 len 0002D358 (180 KiB): DRAM[0m
[0;32mI (233) heap_init: At 3FFE0440 len 00003AE0 (14 KiB): D/IRAM[0m
[0;32mI (238) heap_init: At 3FFE4350 len 0001BCB0 (111 KiB): D/IRAM[0m
[0;32mI (244) heap_init: At 4008CFF8 len 00013008 (76 KiB): IRAM[0m
[0;33mW (250) spi_flash: Detected boya flash chip but using generic driver. For optimal functionality, enable `SPI_FLASH_SUPPORT_BOYA_CHIP` in menuconfig[0m
[0;32mI (262) spi_flash: detected chip: generic[0m
[0;32mI (265) spi_flash: flash io: dio[0m
[0;33mW (268) spi_flash: Detected size(4096k) larger than the size in the binary image header(2048k). Using the size in the binary image header.[0m
[0;32mI (281) main_task: Started on CPU0[0m
[0;32mI (291) main_task: Calling app_main()[0m
------single_linked_list tests------
added:17
added:20
added:76
added:41
added:21
added:8
added:69
added:26
added:50
added:48
added:42
added:59
added:24
added:96
added:5
added:25
added:95
added:5
added:73
added:34
added:3
added:41
added:76
added:28
added:69
index[0] = 3
index[1] = 5
index[2] = 5
index[3] = 8
index[4] = 17
index[5] = 20
index[6] = 21
index[7] = 24
index[8] = 25
index[9] = 26
index[10] = 28
index[11] = 34
index[12] = 41
index[13] = 41
index[14] = 42
index[15] = 48
index[16] = 50
index[17] = 59
index[18] = 69
index[19] = 69
index[20] = 73
index[21] = 76
index[22] = 76
index[23] = 95
index[24] = 96
index[0] = 28
index[1] = 34
index[2] = 41
index[3] = 41
index[4] = 42
------double_linked_list tests------
Guru Meditation Error: Core  0 panic'ed (LoadProhibited). Exception was unhandled.

Core  0 register dump:
PC      : 0x400d6131  PS      : 0x00060130  A0      : 0x800d606c  A1      : 0x3ffb3f50  
A2      : 0x3ffb3f74  A3      : 0x00000045  A4      : 0x3ffb3f60  A5      : 0x0000000c  
A6      : 0x00000000  A7      : 0x00000000  A8      : 0x00000000  A9      : 0x3ffb3f10  
A10     : 0x0000000a  A11     : 0x3f4036cc  A12     : 0x0000002a  A13     : 0x3f40256b  
A14     : 0x00000015  A15     : 0x3ffaea38  SAR     : 0x00000004  EXCCAUSE: 0x0000001c  
EXCVADDR: 0x00000000  LBEG    : 0x400014fd  LEND    : 0x4000150d  LCOUNT  : 0xfffffff6  


Backtrace: 0x400d612e:0x3ffb3f50 0x400d6069:0x3ffb3f70 0x400e2ff9:0x3ffb3fa0 0x40085d35:0x3ffb3fd0




ELF file SHA256: 9c9fcd53b

Rebooting...
ets Jul 29 2019 12:21:46

rst:0xc (SW_CPU_RESET),boot:0x13 (SPI_FAST_FLASH_BOOT)
configsip: 0, SPIWP:0xee
clk_drv:0x00,q_drv:0x00,d_drv:0x00,cs0_drv:0x00,hd_drv:0x00,wp_drv:0x00
mode:DIO, clock div:2
load:0x3fff0030,len:6380
ho 0 tail 12 room 4
load:0x40078000,len:15916
load:0x40080400,len:3860
entry 0x40080638
[0;32mI (29) boot: ESP-IDF HEAD-HASH-NOTFOUND 2nd stage bootloader[0m
[0;32mI (29) boot: compile time Oct  8 2025 00:30:29[0m
[0;32mI (29) boot: Multicore bootloader[0m
[0;32mI (32) boot: chip revision: v3.1[0m
[0;32mI (34) boot.esp32: SPI Speed      : 40MHz[0m
[0;32mI (38) boot.esp32: SPI Mode       : DIO[0m
[0;32mI (42) boot.esp32: SPI Flash Size : 2MB[0m
[0;32mI (45) boot: Enabling RNG early entropy source...[0m
[0;32mI (50) boot: Partition Table:[0m
[0;32mI (52) boot: ## Label            Usage          Type ST Offset   Length[0m
[0;32mI (59) boot:  0 nvs              WiFi data        01 02 00009000 00006000[0m
[0;32mI (65) boot:  1 phy_init         RF data          01 01 0000f000 00001000[0m
[0;32mI (72) boot:  2 factory          factory app      00 00 00010000 00100000[0m
[0;32mI (78) boot: End of partition table[0m
[0;32mI (82) esp_image: segment 0: paddr=00010020 vaddr=3f400020 size=09a58h ( 39512) map[0m
[0;32mI (102) esp_image: segment 1: paddr=00019a80 vaddr=3ffb0000 size=023d8h (  9176) load[0m
[0;32mI (106) esp_image: segment 2: paddr=0001be60 vaddr=40080000 size=041b8h ( 16824) load[0m
[0;32mI (113) esp_image: segment 3: paddr=00020020 vaddr=400d0020 size=136e0h ( 79584) map[0m
[0;32mI (141) esp_image: segment 4: paddr=00033708 vaddr=400841b8 size=08e40h ( 36416) load[0m
[0;32mI (156) esp_image: segment 5: paddr=0003c550 vaddr=50000000 size=00020h (    32) load[0m
[0;32mI (162) boot: Loaded app from partition at offset 0x10000[0m
[0;32mI (162) boot: Disabling RNG early entropy source...[0m
[0;32mI (174) cpu_start: Multicore app[0m
[0;32mI (182) cpu_start: Pro cpu start user code[0m
[0;32mI (182) cpu_start: cpu freq: 160000000 Hz[0m
[0;32mI (182) app_init: Application information:[0m
[0;32mI (182) app_init: Project name:     lab4[0m
[0;32mI (186) app_init: App version:      2c3774c-dirty[0m
[0;32mI (190) app_init: Compile time:     Oct  8 2025 09:46:24[0m
[0;32mI (195) app_init: ELF file SHA256:  9c9fcd53b...[0m
[0;32mI (200) app_init: ESP-IDF:          HEAD-HASH-NOTFOUND[0m
[0;32mI (204) efuse_init: Min chip rev:     v0.0[0m
[0;32mI (208) efuse_init: Max chip rev:     v3.99 [0m
[0;32mI (212) efuse_init: Chip rev:         v3.1[0m
[0;32mI (216) heap_init: Initializing. RAM available for dynamic allocation:[0m
[0;32mI (222) heap_init: At 3FFAE6E0 len 00001920 (6 KiB): DRAM[0m
[0;32mI (227) heap_init: At 3FFB2CA8 len 0002D358 (180 KiB): DRAM[0m
[0;32mI (233) heap_init: At 3FFE0440 len 00003AE0 (14 KiB): D/IRAM[0m
[0;32mI (238) heap_init: At 3FFE4350 len 0001BCB0 (111 KiB): D/IRAM[0m
[0;32mI (244) heap_init: At 4008CFF8 len 00013008 (76 KiB): IRAM[0m
[0;33mW (250) spi_flash: Detected boya flash chip but using generic driver. For optimal functionality, enable `SPI_FLASH_SUPPORT_BOYA_CHIP` in menuconfig[0m
[0;32mI (262) spi_flash: detected chip: generic[0m
[0;32mI (265) spi_flash: flash io: dio[0m
[0;33mW (268) spi_flash: Detected size(4096k) larger than the size in the binary image header(2048k). Using the size in the binary image header.[0m
[0;32mI (281) main_task: Started on CPU0[0m
[0;32mI (291) main_task: Calling app_main()[0m
------single_linked_list tests------
added:60
added:28
added:4
added:93
added:10
added:22
added:65
added:40
added:96
added:87
added:75
added:15
added:90
added:29
added:56
added:63
added:34
added:79
added:87
added:39
added:60
added:97
added:26
added:15
added:11
index[0] = 4
index[1] = 10
index[2] = 11
index[3] = 15
index[4] = 15
index[5] = 22
index[6] = 26
index[7] = 28
index[8] = 29
index[9] = 34
index[10] = 39
index[11] = 40
index[12] = 56
index[13] = 60
index[14] = 60
index[15] = 63
index[16] = 65
index[17] = 75
index[18] = 79
index[19] = 87
index[20] = 87
index[21] = 90
index[22] = 93
index[23] = 96
index[24] = 97
index[0] = 39
index[1] = 40
index[2] = 56
index[3] = 60
index[4] = 60
------double_linked_list tests------
Guru Meditation Error: Core  0 panic'ed (LoadProhibited). Exception was unhandled.

Core  0 register dump:
PC      : 0x400d6131  PS      : 0x00060130  A0      : 0x800d606c  A1      : 0x3ffb3f50  
A2      : 0x3ffb3f74  A3      : 0x0000000b  A4      : 0x3ffb3f60  A5      : 0x0000000c  
A6      : 0x00000000  A7      : 0x00000000  A8      : 0x00000000  A9      : 0x3ffb3f10  
A10     : 0x0000000a  A11     : 0x3f4036cc  A12     : 0x0000003c  A13     : 0x3f40256b  
A14     : 0x00000015  A15     : 0x3ffaea38  SAR     : 0x00000004  EXCCAUSE: 0x0000001c  
EXCVADDR: 0x00000000  LBEG    : 0x400014fd  LEND    : 0x4000150d  LCOUNT  : 0xfffffff6  


Backtrace: 0x400d612e:0x3ffb3f50 0x400d6069:0x3ffb3f70 0x400e2ff9:0x3ffb3fa0 0x40085d35:0x3ffb3fd0




ELF file SHA256: 9c9fcd53b

Rebooting...
ets Jul 29 2019 12:21:46

rst:0xc (SW_CPU_RESET),boot:0x13 (SPI_FAST_FLASH_BOOT)
configsip: 0, SPIWP:0xee
clk_drv:0x00,q_drv:0x00,d_drv:0x00,cs0_drv:0x00,hd_drv:0x00,wp_drv:0x00
mode:DIO, clock div:2
load:0x3fff0030,len:6380
ho 0 tail 12 room 4
load:0x40078000,len:15916
load:0x40080400,len:3860
entry 0x40080638
[0;32mI (29) boot: ESP-IDF HEAD-HASH-NOTFOUND 2nd stage bootloader[0m
[0;32mI (29) boot: compile time Oct  8 2025 00:30:29[0m
[0;32mI (29) boot: Multicore bootloader[0m
[0;32mI (32) boot: chip revision: v3.1[0m
[0;32mI (34) boot.esp32: SPI Speed      : 40MHz[0m
[0;32mI (38) boot.esp32: SPI Mode       : DIO[0m
[0;32mI (42) boot.esp32: SPI Flash Size : 2MB[0m
[0;32mI (45) boot: Enabling RNG early entropy source...[0m
[0;32mI (50) boot: Partition Table:[0m
[0;32mI (52) boot: ## Label            Usage          Type ST Offset   Length[0m
[0;32mI (59) boot:  0 nvs              WiFi data        01 02 00009000 00006000[0m
[0;32mI (65) boot:  1 phy_init         RF data          01 01 0000f000 00001000[0m
[0;32mI (72) boot:  2 factory          factory app      00 00 00010000 00100000[0m
[0;32mI (78) boot: End of partition table[0m
[0;32mI (82) esp_image: segment 0: paddr=00010020 vaddr=3f400020 size=09a58h ( 39512) map[0m
[0;32mI (102) esp_image: segment 1: paddr=00019a80 vaddr=3ffb0000 size=023d8h (  9176) load[0m
[0;32mI (106) esp_image: segment 2: paddr=0001be60 vaddr=40080000 size=041b8h ( 16824) load[0m
[0;32mI (113) esp_image: segment 3: paddr=00020020 vaddr=400d0020 size=136e0h ( 79584) map[0m
[0;32mI (141) esp_image: segment 4: paddr=00033708 vaddr=400841b8 size=08e40h ( 36416) load[0m
[0;32mI (156) esp_image: segment 5: paddr=0003c550 vaddr=50000000 size=00020h (    32) load[0m
[0;32mI (162) boot: Loaded app from partition at offset 0x10000[0m
[0;32mI (162) boot: Disabling RNG early entropy source...[0m
[0;32mI (174) cpu_start: Multicore app[0m
[0;32mI (182) cpu_start: Pro cpu start user code[0m
[0;32mI (182) cpu_start: cpu freq: 160000000 Hz[0m
[0;32mI (182) app_init: Application information:[0m
[0;32mI (182) app_init: Project name:     lab4[0m
[0;32mI (186) app_init: App version:      2c3774c-dirty[0m
[0;32mI (190) app_init: Compile time:     Oct  8 2025 09:46:24[0m
[0;32mI (195) app_init: ELF file SHA256:  9c9fcd53b...[0m
[0;32mI (200) app_init: ESP-IDF:          HEAD-HASH-NOTFOUND[0m
[0;32mI (204) efuse_init: Min chip rev:     v0.0[0m
[0;32mI (208) efuse_init: Max chip rev:     v3.99 [0m
[0;32mI (212) efuse_init: Chip rev:         v3.1[0m
[0;32mI (216) heap_init: Initializing. RAM available for dynamic allocation:[0m
[0;32mI (222) heap_init: At 3FFAE6E0 len 00001920 (6 KiB): DRAM[0m
[0;32mI (227) heap_init: At 3FFB2CA8 len 0002D358 (180 KiB): DRAM[0m
[0;32mI (233) heap_init: At 3FFE0440 len 00003AE0 (14 KiB): D/IRAM[0m
[0;32mI (238) heap_init: At 3FFE4350 len 0001BCB0 (111 KiB): D/IRAM[0m
[0;32mI (244) heap_init: At 4008CFF8 len 00013008 (76 KiB): IRAM[0m
[0;33mW (250) spi_flash: Detected boya flash chip but using generic driver. For optimal functionality, enable `SPI_FLASH_SUPPORT_BOYA_CHIP` in menuconfig[0m
[0;32mI (262) spi_flash: detected chip: generic[0m
[0;32mI (265) spi_flash: flash io: dio[0m
[0;33mW (268) spi_flash: Detected size(4096k) larger than the size in the binary image header(2048k). Using the size in the binary image header.[0m
[0;32mI (281) main_task: Started on CPU0[0m
[0;32mI (291) main_task: Calling app_main()[0m
------single_linked_list tests------
added:87
added:96
added:37
added:95
added:19
added:5
added:75
added:36
added:3
added:16
added:66
added:23
added:93
added:83
added:91
added:93
added:1
added:58
added:75
added:39
added:80
added:51
added:0
added:47
added:44
index[0] = 0
index[1] = 1
index[2] = 3
index[3] = 5
index[4] = 16
index[5] = 19
index[6] = 23
index[7] = 36
index[8] = 37
index[9] = 39
index[10] = 44
index[11] = 47
index[12] = 51
index[13] = 58
index[14] = 66
index[15] = 75
index[16] = 75
index[17] = 80
index[18] = 83
index[19] = 87
index[20] = 91
index[21] = 93
index[22] = 93
index[23] = 95
index[24] = 96
index[0] = 44
index[1] = 47
index[2] = 51
index[3] = 58
index[4] = 66
------double_linked_list tests------
Guru Meditation Error: Core  0 panic'ed (LoadProhibited). Exception was unhandled.

Core  0 register dump:
PC      : 0x400d6131  PS      : 0x00060130  A0      : 0x800d606c  A1      : 0x3ffb3f50  
A2      : 0x3ffb3f74  A3      : 0x0000002c  A4      : 0x3ffb3f60  A5      : 0x0000000c  
A6      : 0x00000000  A7      : 0x00000000  A8      : 0x00000000  A9      : 0x3ffb3f10  
A10     : 0x0000000a  A11     : 0x3f4036cc  A12     : 0x00000042  A13     : 0x3f40256b  
A14     : 0x00000015  A15     : 0x3ffaea38  SAR     : 0x00000004  EXCCAUSE: 0x0000001c  
EXCVADDR: 0x00000000  LBEG    : 0x400014fd  LEND    : 0x4000150d  LCOUNT  : 0xfffffff6  


Backtrace: 0x400d612e:0x3ffb3f50 0x400d6069:0x3ffb3f70 0x400e2ff9:0x3ffb3fa0 0x40085d35:0x3ffb3fd0




ELF file SHA256: 9c9fcd53b

Rebooting...
ets Jul 29 2019 12:21:46

rst:0xc (SW_CPU_RESET),boot:0x13 (SPI_FAST_FLASH_BOOT)
configsip: 0, SPIWP:0xee
clk_drv:0x00,q_drv:0x00,d_drv:0x00,cs0_drv:0x00,hd_drv:0x00,wp_drv:0x00
mode:DIO, clock div:2
load:0x3fff0030,len:6380
ho 0 tail 12 room 4
load:0x40078000,len:15916
load:0x40080400,len:3860
entry 0x40080638
[0;32mI (29) boot: ESP-IDF HEAD-HASH-NOTFOUND 2nd stage bootloader[0m
[0;32mI (29) boot: compile time Oct  8 2025 00:30:29[0m
[0;32mI (29) boot: Multicore bootloader[0m
[0;32mI (32) boot: chip revision: v3.1[0m
[0;32mI (34) boot.esp32: SPI Speed      : 40MHz[0m
[0;32mI (38) boot.esp32: SPI Mode       : DIO[0m
[0;32mI (42) boot.esp32: SPI Flash Size : 2MB[0m
[0;32mI (45) boot: Enabling RNG early entropy source...[0m
[0;32mI (50) boot: Partition Table:[0m
[0;32mI (52) boot: ## Label            Usage          Type ST Offset   Length[0m
[0;32mI (59) boot:  0 nvs              WiFi data        01 02 00009000 00006000[0m
[0;32mI (65) boot:  1 phy_init         RF data          01 01 0000f000 00001000[0m
[0;32mI (72) boot:  2 factory          factory app      00 00 00010000 00100000[0m
[0;32mI (78) boot: End of partition table[0m
[0;32mI (82) esp_image: segment 0: paddr=00010020 vaddr=3f400020 size=09a58h ( 39512) map[0m
[0;32mI (102) esp_image: segment 1: paddr=00019a80 vaddr=3ffb0000 size=023d8h (  9176) load[0m
[0;32mI (106) esp_image: segment 2: paddr=0001be60 vaddr=40080000 size=041b8h ( 16824) load[0m
[0;32mI (113) esp_image: segment 3: paddr=00020020 vaddr=400d0020 size=136e0h ( 79584) map[0m
[0;32mI (141) esp_image: segment 4: paddr=00033708 vaddr=400841b8 size=08e40h ( 36416) load[0m
[0;32mI (156) esp_image: segment 5: paddr=0003c550 vaddr=50000000 size=00020h (    32) load[0m
[0;32mI (162) boot: Loaded app from partition at offset 0x10000[0m
[0;32mI (162) boot: Disabling RNG early entropy source...[0m
[0;32mI (174) cpu_start: Multicore app[0m
[0;32mI (182) cpu_start: Pro cpu start user code[0m
[0;32mI (182) cpu_start: cpu freq: 160000000 Hz[0m
[0;32mI (182) app_init: Application information:[0m
[0;32mI (182) app_init: Project name:     lab4[0m
[0;32mI (186) app_init: App version:      2c3774c-dirty[0m
[0;32mI (190) app_init: Compile time:     Oct  8 2025 09:46:24[0m
[0;32mI (195) app_init: ELF file SHA256:  9c9fcd53b...[0m
[0;32mI (200) app_init: ESP-IDF:          HEAD-HASH-NOTFOUND[0m
[0;32mI (204) efuse_init: Min chip rev:     v0.0[0m
[0;32mI (208) efuse_init: Max chip rev:     v3.99 [0m
[0;32mI (212) efuse_init: Chip rev:         v3.1[0m
[0;32mI (216) heap_init: Initializing. RAM available for dynamic allocation:[0m
[0;32mI (222) heap_init: At 3FFAE6E0 len 00001920 (6 KiB): DRAM[0m
[0;32mI (227) heap_init: At 3FFB2CA8 len 0002D358 (180 KiB): DRAM[0m
[0;32mI (233) heap_init: At 3FFE0440 len 00003AE0 (14 KiB): D/IRAM[0m
[0;32mI (238) heap_init: At 3FFE4350 len 0001BCB0 (111 KiB): D/IRAM[0m
[0;32mI (244) heap_init: At 4008CFF8 len 00013008 (76 KiB): IRAM[0m
[0;33mW (250) spi_flash: Detected boya flash chip but using generic driver. For optimal functionality, enable `SPI_FLASH_SUPPORT_BOYA_CHIP` in menuconfig[0m
[0;32mI (262) spi_flash: detected chip: generic[0m
[0;32mI (265) spi_flash: flash io: dio[0m
[0;33mW (268) spi_flash: Detected size(4096k) larger than the size in the binary image header(2048k). Using the size in the binary image header.[0m
[0;32mI (281) main_task: Started on CPU0[0m
[0;32mI (291) main_task: Calling app_main()[0m
------single_linked_list tests------
added:72
added:17
added:23
added:0
added:45
added:28
added:5
added:85
added:42
added:30
added:58
added:24
added:97
added:28
added:14
added:40
added:6
added:32
added:4
added:99
added:61
added:82
added:92
added:72
added:62
index[0] = 0
index[1] = 4
index[2] = 5
index[3] = 6
index[4] = 14
index[5] = 17
index[6] = 23
index[7] = 24
index[8] = 28
index[9] = 28
index[10] = 30
index[11] = 32
index[12] = 40
index[13] = 42
index[14] = 45
index[15] = 58
index[16] = 61
index[17] = 62
index[18] = 72
index[19] = 72
index[20] = 82
index[21] = 85
index[22] = 92
index[23] = 97
index[24] = 99
index[0] = 30
index[1] = 32
index[2] = 40
index[3] = 42
index[4] = 45
------double_linked_list tests------
Guru Meditation Error: Core  0 panic'ed (LoadProhibited). Exception was unhandled.

Core  0 register dump:
PC      : 0x400d6131  PS      : 0x00060130  A0      : 0x800d606c  A1      : 0x3ffb3f50  
A2      : 0x3ffb3f74  A3      : 0x0000003e  A4      : 0x3ffb3f60  A5      : 0x0000000c  
A6      : 0x00000000  A7      : 0x00000000  A8      : 0x00000000  A9      : 0x3ffb3f10  
A10     : 0x0000000a  A11     : 0x3f4036cc  A12     : 0x0000002d  A13     : 0x3f40256b  
A14     : 0x00000015  A15     : 0x3ffaea38  SAR     : 0x00000004  EXCCAUSE: 0x0000001c  
EXCVADDR: 0x00000000  LBEG    : 0x400014fd  LEND    : 0x4000150d  LCOUNT  : 0xfffffff6  


Backtrace: 0x400d612e:0x3ffb3f50 0x400d6069:0x3ffb3f70 0x400e2ff9:0x3ffb3fa0 0x40085d35:0x3ffb3fd0




ELF file SHA256: 9c9fcd53b

Rebooting...
ets Jul 29 2019 12:21:46

rst:0xc (SW_CPU_RESET),boot:0x13 (SPI_FAST_FLASH_BOOT)
configsip: 0, SPIWP:0xee
clk_drv:0x00,q_drv:0x00,d_drv:0x00,cs0_drv:0x00,hd_drv:0x00,wp_drv:0x00
mode:DIO, clock div:2
load:0x3fff0030,len:6380
ho 0 tail 12 room 4
load:0x40078000,len:15916
load:0x40080400,len:3860
entry 0x40080638
[0;32mI (29) boot: ESP-IDF HEAD-HASH-NOTFOUND 2nd stage bootloader[0m
[0;32mI (29) boot: compile time Oct  8 2025 00:30:29[0m
[0;32mI (29) boot: Multicore bootloader[0m
[0;32mI (32) boot: chip revision: v3.1[0m
[0;32mI (34) boot.esp32: SPI Speed      : 40MHz[0m
[0;32mI (38) boot.esp32: SPI Mode       : DIO[0m
[0;32mI (42) boot.esp32: SPI Flash Size : 2MB[0m
[0;32mI (45) boot: Enabling RNG early entropy source...[0m
[0;32mI (50) boot: Partition Table:[0m
[0;32mI (52) boot: ## Label            Usage          Type ST Offset   Length[0m
[0;32mI (59) boot:  0 nvs              WiFi data        01 02 00009000 00006000[0m
[0;32mI (65) boot:  1 phy_init         RF data          01 01 0000f000 00001000[0m
[0;32mI (72) boot:  2 factory          factory app      00 00 00010000 00100000[0m
[0;32mI (78) boot: End of partition table[0m
[0;32mI (82) esp_image: segment 0: paddr=00010020 vaddr=3f400020 size=09a58h ( 39512) map[0m
[0;32mI (102) esp_image: segment 1: paddr=00019a80 vaddr=3ffb0000 size=023d8h (  9176) load[0m
[0;32mI (106) esp_image: segment 2: paddr=0001be60 vaddr=40080000 size=041b8h ( 16824) load[0m
[0;32mI (113) esp_image: segment 3: paddr=00020020 vaddr=400d0020 size=136e0h ( 79584) map[0m
[0;32mI (141) esp_image: segment 4: paddr=00033708 vaddr=400841b8 size=08e40h ( 36416) load[0m
[0;32mI (156) esp_image: segment 5: paddr=0003c550 vaddr=50000000 size=00020h (    32) load[0m
[0;32mI (162) boot: Loaded app from partition at offset 0x10000[0m
[0;32mI (162) boot: Disabling RNG early entropy source...[0m
[0;32mI (174) cpu_start: Multicore app[0m
[0;32mI (182) cpu_start: Pro cpu start user code[0m
[0;32mI (182) cpu_start: cpu freq: 160000000 Hz[0m
[0;32mI (182) app_init: Application information:[0m
[0;32mI (182) app_init: Project name:     lab4[0m
[0;32mI (186) app_init: App version:      2c3774c-dirty[0m
[0;32mI (190) app_init: Compile time:     Oct  8 2025 09:46:24[0m
[0;32mI (195) app_init: ELF file SHA256:  9c9fcd53b...[0m
[0;32mI (200) app_init: ESP-IDF:          HEAD-HASH-NOTFOUND[0m
[0;32mI (204) efuse_init: Min chip rev:     v0.0[0m
[0;32mI (208) efuse_init: Max chip rev:     v3.99 [0m
[0;32mI (212) efuse_init: Chip rev:         v3.1[0m
[0;32mI (216) heap_init: Initializing. RAM available for dynamic allocation:[0m
[0;32mI (222) heap_init: At 3FFAE6E0 len 00001920 (6 KiB): DRAM[0m
[0;32mI (227) heap_init: At 3FFB2CA8 len 0002D358 (180 KiB): DRAM[0m
[0;32mI (233) heap_init: At 3FFE0440 len 00003AE0 (14 KiB): D/IRAM[0m
[0;32mI (238) heap_init: At 3FFE4350 len 0001BCB0 (111 KiB): D/IRAM[0m
[0;32mI (244) heap_init: At 4008CFF8 len 00013008 (76 KiB): IRAM[0m
[0;33mW (250) spi_flash: Detected boya flash chip but using generic driver. For optimal functionality, enable `SPI_FLASH_SUPPORT_BOYA_CHIP` in menuconfig[0m
[0;32mI (262) spi_flash: detected chip: generic[0m
[0;32mI (265) spi_flash: flash io: dio[0m
[0;33mW (268) spi_flash: Detected size(4096k) larger than the size in the binary image header(2048k). Using the size in the binary image header.[0m
[0;32mI (281) main_task: Started on CPU0[0m
[0;32mI (291) main_task: Calling app_main()[0m
------single_linked_list tests------
added:21
added:73
added:76
added:1
added:39
added:71
added:56
added:95
added:68
added:95
added:89
added:72
added:43
added:37
added:43
added:54
added:59
added:23
added:83
added:4
added:90
added:58
added:58
added:64
added:12
index[0] = 1
index[1] = 4
index[2] = 12
index[3] = 21
index[4] = 23
index[5] = 37
index[6] = 39
index[7] = 43
index[8] = 43
index[9] = 54
index[10] = 56
index[11] = 58
index[12] = 58
index[13] = 59
index[14] = 64
index[15] = 68
index[16] = 71
index[17] = 72
index[18] = 73
index[19] = 76
index[20] = 83
index[21] = 89
index[22] = 90
index[23] = 95
index[24] = 95
index[0] = 56
index[1] = 58
index[2] = 58
index[3] = 59
index[4] = 64
------double_linked_list tests------
Guru Meditation Error: Core  0 panic'ed (LoadProhibited). Exception was unhandled.

Core  0 register dump:
PC      : 0x400d6131  PS      : 0x00060130  A0      : 0x800d606c  A1      : 0x3ffb3f50  
A2      : 0x3ffb3f74  A3      : 0x0000000c  A4      : 0x3ffb3f60  A5      : 0x0000000c  
A6      : 0x00000000  A7      : 0x00000000  A8      : 0x00000000  A9      : 0x3ffb3f10  
A10     : 0x0000000a  A11     : 0x3f4036cc  A12     : 0x00000040  A13     : 0x3f40256b  
A14     : 0x00000015  A15     : 0x3ffaea38  SAR     : 0x00000004  EXCCAUSE: 0x0000001c  
EXCVADDR: 0x00000000  LBEG    : 0x400014fd  LEND    : 0x4000150d  LCOUNT  : 0xfffffff6  


Backtrace: 0x400d612e:0x3ffb3f50 0x400d6069:0x3ffb3f70 0x400e2ff9:0x3ffb3fa0 0x40085d35:0x3ffb3fd0




ELF file SHA256: 9c9fcd53b

Rebooting...
ets Jul 29 2019 12:21:46

rst:0xc (SW_CPU_RESET),boot:0x13 (SPI_FAST_FLASH_BOOT)
configsip: 0, SPIWP:0xee
clk_drv:0x00,q_drv:0x00,d_drv:0x00,cs0_drv:0x00,hd_drv:0x00,wp_drv:0x00
mode:DIO, clock div:2
load:0x3fff0030,len:6380
ho 0 tail 12 room 4
load:0x40078000,len:15916
load:0x40080400,len:3860
entry 0x40080638
[0;32mI (29) boot: ESP-IDF HEAD-HASH-NOTFOUND 2nd stage bootloader[0m
[0;32mI (29) boot: compile time Oct  8 2025 00:30:29[0m
[0;32mI (29) boot: Multicore bootloader[0m
[0;32mI (32) boot: chip revision: v3.1[0m
[0;32mI (34) boot.esp32: SPI Speed      : 40MHz[0m
[0;32mI (38) boot.esp32: SPI Mode       : DIO[0m
[0;32mI (42) boot.esp32: SPI Flash Size : 2MB[0m
[0;32mI (45) boot: Enabling RNG early entropy source...[0m
[0;32mI (50) boot: Partition Table:[0m
[0;32mI (52) boot: ## Label            Usage          Type ST Offset   Length[0m
[0;32mI (59) boot:  0 nvs              WiFi data        01 02 00009000 00006000[0m
[0;32mI (65) boot:  1 phy_init         RF data          01 01 0000f000 00001000[0m
[0;32mI (72) boot:  2 factory          factory app      00 00 00010000 00100000[0m
[0;32mI (78) boot: End of partition table[0m
[0;32mI (82) esp_image: segment 0: paddr=00010020 vaddr=3f400020 size=09a58h ( 39512) map[0m
[0;32mI (102) esp_image: segment 1: paddr=00019a80 vaddr=3ffb0000 size=023d8h (  9176) load[0m
[0;32mI (106) esp_image: segment 2: paddr=0001be60 vaddr=40080000 size=041b8h ( 16824) load[0m
[0;32mI (113) esp_image: segment 3: paddr=00020020 vaddr=400d0020 size=136e0h ( 79584) map[0m
[0;32mI (141) esp_image: segment 4: paddr=00033708 vaddr=400841b8 size=08e40h ( 36416) load[0m
[0;32mI (156) esp_image: segment 5: paddr=0003c550 vaddr=50000000 size=00020h (    32) load[0m
[0;32mI (162) boot: Loaded app from partition at offset 0x10000[0m
[0;32mI (162) boot: Disabling RNG early entropy source...[0m
[0;32mI (174) cpu_start: Multicore app[0m
[0;32mI (182) cpu_start: Pro cpu start user code[0m
[0;32mI (182) cpu_start: cpu freq: 160000000 Hz[0m
[0;32mI (182) app_init: Application information:[0m
[0;32mI (182) app_init: Project name:     lab4[0m
[0;32mI (186) app_init: App version:      2c3774c-dirty[0m
[0;32mI (190) app_init: Compile time:     Oct  8 2025 09:46:24[0m
[0;32mI (195) app_init: ELF file SHA256:  9c9fcd53b...[0m
[0;32mI (200) app_init: ESP-IDF:          HEAD-HASH-NOTFOUND[0m
[0;32mI (204) efuse_init: Min chip rev:     v0.0[0m
[0;32mI (208) efuse_init: Max chip rev:     v3.99 [0m
[0;32mI (212) efuse_init: Chip rev:         v3.1[0m
[0;32mI (216) heap_init: Initializing. RAM available for dynamic allocation:[0m
[0;32mI (222) heap_init: At 3FFAE6E0 len 00001920 (6 KiB): DRAM[0m
[0;32mI (227) heap_init: At 3FFB2CA8 len 0002D358 (180 KiB): DRAM[0m
[0;32mI (233) heap_init: At 3FFE0440 len 00003AE0 (14 KiB): D/IRAM[0m
[0;32mI (238) heap_init: At 3FFE4350 len 0001BCB0 (111 KiB): D/IRAM[0m
[0;32mI (244) heap_init: At 4008CFF8 len 00013008 (76 KiB): IRAM[0m
[0;33mW (250) spi_flash: Detected boya flash chip but using generic driver. For optimal functionality, enable `SPI_FLASH_SUPPORT_BOYA_CHIP` in menuconfig[0m
[0;32mI (262) spi_flash: detected chip: generic[0m
[0;32mI (265) spi_flash: flash io: dio[0m
[0;33mW (268) spi_flash: Detected size(4096k) larger than the size in the binary image header(2048k). Using the size in the binary image header.[0m
[0;32mI (281) main_task: Started on CPU0[0m
[0;32mI (291) main_task: Calling app_main()[0m
------single_linked_list tests------
added:16
added:31
added:41
added:61
added:55
added:0
added:22
added:18
added:54
added:95
added:49
added:93
added:47
added:22
added:33
added:93
added:26
added:86
added:30
added:45
added:21
added:53
added:61
added:89
added:53
index[0] = 0
index[1] = 16
index[2] = 18
index[3] = 21
index[4] = 22
index[5] = 22
index[6] = 26
index[7] = 30
index[8] = 31
index[9] = 33
index[10] = 41
index[11] = 45
index[12] = 47
index[13] = 49
index[14] = 53
index[15] = 53
index[16] = 54
index[17] = 55
index[18] = 61
index[19] = 61
index[20] = 86
index[21] = 89
index[22] = 93
index[23] = 93
index[24] = 95
index[0] = 41
index[1] = 45
index[2] = 47
index[3] = 49
index[4] = 53
------double_linked_list tests------
Guru Meditation Error: Core  0 panic'ed (LoadProhibited). Exception was unhandled.

Core  0 register dump:
PC      : 0x400d6131  PS      : 0x00060130  A0      : 0x800d606c  A1      : 0x3ffb3f50  
A2      : 0x3ffb3f74  A3      : 0x00000035  A4      : 0x3ffb3f60  A5      : 0x0000000c  
A6      : 0x00000000  A7      : 0x00000000  A8      : 0x00000000  A9      : 0x3ffb3f10  
A10     : 0x0000000a  A11     : 0x3f4036cc  A12     : 0x00000035  A13     : 0x3f40256b  
A14     : 0x00000015  A15     : 0x3ffaea38  SAR     : 0x00000004  EXCCAUSE: 0x0000001c  
EXCVADDR: 0x00000000  LBEG    : 0x400014fd  LEND    : 0x4000150d  LCOUNT  : 0xfffffff6  


Backtrace: 0x400d612e:0x3ffb3f50 0x400d6069:0x3ffb3f70 0x400e2ff9:0x3ffb3fa0 0x40085d35:0x3ffb3fd0




ELF file SHA256: 9c9fcd53b

Rebooting...
ets Jul 29 2019 12:21:46

rst:0xc (SW_CPU_RESET),boot:0x13 (SPI_FAST_FLASH_BOOT)
configsip: 0, SPIWP:0xee
clk_drv:0x00,q_drv:0x00,d_drv:0x00,cs0_drv:0x00,hd_drv:0x00,wp_drv:0x00
mode:DIO, clock div:2
load:0x3fff0030,len:6380
ho 0 tail 12 room 4
load:0x40078000,len:15916
load:0x40080400,len:3860
entry 0x40080638
[0;32mI (29) boot: ESP-IDF HEAD-HASH-NOTFOUND 2nd stage bootloader[0m
[0;32mI (29) boot: compile time Oct  8 2025 00:30:29[0m
[0;32mI (29) boot: Multicore bootloader[0m
[0;32mI (32) boot: chip revision: v3.1[0m
[0;32mI (34) boot.esp32: SPI Speed      : 40MHz[0m
[0;32mI (38) boot.esp32: SPI Mode       : DIO[0m
[0;32mI (42) boot.esp32: SPI Flash Size : 2MB[0m
[0;32mI (45) boot: Enabling RNG early entropy source...[0m
[0;32mI (50) boot: Partition Table:[0m
[0;32mI (52) boot: ## Label            Usage          Type ST Offset   Length[0m
[0;32mI (59) boot:  0 nvs              WiFi data        01 02 00009000 00006000[0m
[0;32mI (65) boot:  1 phy_init         RF data          01 01 0000f000 00001000[0m
[0;32mI (72) boot:  2 factory          factory app      00 00 00010000 00100000[0m
[0;32mI (78) boot: End of partition table[0m
[0;32mI (82) esp_image: segment 0: paddr=00010020 vaddr=3f400020 size=09a58h ( 39512) map[0m
[0;32mI (102) esp_image: segment 1: paddr=00019a80 vaddr=3ffb0000 size=023d8h (  9176) load[0m
[0;32mI (106) esp_image: segment 2: paddr=0001be60 vaddr=40080000 size=041b8h ( 16824) load[0m
[0;32mI (113) esp_image: segment 3: paddr=00020020 vaddr=400d0020 size=136e0h ( 79584) map[0m
[0;32mI (141) esp_image: segment 4: paddr=00033708 vaddr=400841b8 size=08e40h ( 36416) load[0m
[0;32mI (156) esp_image: segment 5: paddr=0003c550 vaddr=50000000 size=00020h (    32) load[0m
[0;32mI (162) boot: Loaded app from partition at offset 0x10000[0m
[0;32mI (162) boot: Disabling RNG early entropy source...[0m
[0;32mI (174) cpu_start: Multicore app[0m
[0;32mI (182) cpu_start: Pro cpu start user code[0m
[0;32mI (182) cpu_start: cpu freq: 160000000 Hz[0m
[0;32mI (182) app_init: Application information:[0m
[0;32mI (182) app_init: Project name:     lab4[0m
[0;32mI (186) app_init: App version:      2c3774c-dirty[0m
[0;32mI (190) app_init: Compile time:     Oct  8 2025 09:46:24[0m
[0;32mI (195) app_init: ELF file SHA256:  9c9fcd53b...[0m
[0;32mI (200) app_init: ESP-IDF:          HEAD-HASH-NOTFOUND[0m
[0;32mI (204) efuse_init: Min chip rev:     v0.0[0m
[0;32mI (208) efuse_init: Max chip rev:     v3.99 [0m
[0;32mI (212) efuse_init: Chip rev:         v3.1[0m
[0;32mI (216) heap_init: Initializing. RAM available for dynamic allocation:[0m
[0;32mI (222) heap_init: At 3FFAE6E0 len 00001920 (6 KiB): DRAM[0m
[0;32mI (227) heap_init: At 3FFB2CA8 len 0002D358 (180 KiB): DRAM[0m
[0;32mI (233) heap_init: At 3FFE0440 len 00003AE0 (14 KiB): D/IRAM[0m
[0;32mI (238) heap_init: At 3FFE4350 len 0001BCB0 (111 KiB): D/IRAM[0m
[0;32mI (244) heap_init: At 4008CFF8 len 00013008 (76 KiB): IRAM[0m
[0;33mW (250) spi_flash: Detected boya flash chip but using generic driver. For optimal functionality, enable `SPI_FLASH_SUPPORT_BOYA_CHIP` in menuconfig[0m
[0;32mI (262) spi_flash: detected chip: generic[0m
[0;32mI (265) spi_flash: flash io: dio[0m
[0;33mW (268) spi_flash: Detected size(4096k) larger than the size in the binary image header(2048k). Using the size in the binary image header.[0m
[0;32mI (281) main_task: Started on CPU0[0m
[0;32mI (291) main_task: Calling app_main()[0m
------single_linked_list tests------
added:98
added:68
added:4
added:95
added:40
added:57
added:14
added:34
added:82
added:35
added:50
added:35
added:95
added:76
added:10
added:20
added:64
added:31
added:7
added:4
added:8
added:29
added:15
added:50
added:19
index[0] = 4
index[1] = 4
index[2] = 7
index[3] = 8
index[4] = 10
index[5] = 14
index[6] = 15
index[7] = 19
index[8] = 20
index[9] = 29
index[10] = 31
index[11] = 34
index[12] = 35
index[13] = 35
index[14] = 40
index[15] = 50
index[16] = 50
index[17] = 57
index[18] = 64
index[19] = 68
index[20] = 76
index[21] = 82
index[22] = 95
index[23] = 95
index[24] = 98
index[0] = 31
index[1] = 34
index[2] = 35
index[3] = 35
index[4] = 40
------double_linked_list tests------
Guru Meditation Error: Core  0 panic'ed (LoadProhibited). Exception was unhandled.

Core  0 register dump:
PC      : 0x400d6131  PS      : 0x00060130  A0      : 0x800d606c  A1      : 0x3ffb3f50  
A2      : 0x3ffb3f74  A3      : 0x00000013  A4      : 0x3ffb3f60  A5      : 0x0000000c  
A6      : 0x00000000  A7      : 0x00000000  A8      : 0x00000000  A9      : 0x3ffb3f10  
A10     : 0x0000000a  A11     : 0x3f4036cc  A12     : 0x00000028  A13     : 0x3f40256b  
A14     : 0x00000015  A15     : 0x3ffaea38  SAR     : 0x00000004  EXCCAUSE: 0x0000001c  
EXCVADDR: 0x00000000  LBEG    : 0x400014fd  LEND    : 0x4000150d  LCOUNT  : 0xfffffff6  


Backtrace: 0x400d612e:0x3ffb3f50 0x400d6069:0x3ffb3f70 0x400e2ff9:0x3ffb3fa0 0x40085d35:0x3ffb3fd0




ELF file SHA256: 9c9fcd53b

Rebooting...
ets Jul 29 2019 12:21:46

rst:0xc (SW_CPU_RESET),boot:0x13 (SPI_FAST_FLASH_BOOT)
configsip: 0, SPIWP:0xee
clk_drv:0x00,q_drv:0x00,d_drv:0x00,cs0_drv:0x00,hd_drv:0x00,wp_drv:0x00
mode:DIO, clock div:2
load:0x3fff0030,len:6380
ho 0 tail 12 room 4
load:0x40078000,len:15916
load:0x40080400,len:3860
entry 0x40080638
[0;32mI (29) boot: ESP-IDF HEAD-HASH-NOTFOUND 2nd stage bootloader[0m
[0;32mI (29) boot: compile time Oct  8 2025 00:30:29[0m
[0;32mI (29) boot: Multicore bootloader[0m
[0;32mI (32) boot: chip revision: v3.1[0m
[0;32mI (34) boot.esp32: SPI Speed      : 40MHz[0m
[0;32mI (38) boot.esp32: SPI Mode       : DIO[0m
[0;32mI (42) boot.esp32: SPI Flash Size : 2MB[0m
[0;32mI (45) boot: Enabling RNG early entropy source...[0m
[0;32mI (50) boot: Partition Table:[0m
[0;32mI (52) boot: ## Label            Usage          Type ST Offset   Length[0m
[0;32mI (59) boot:  0 nvs              WiFi data        01 02 00009000 00006000[0m
[0;32mI (65) boot:  1 phy_init         RF data          01 01 0000f000 00001000[0m
[0;32mI (72) boot:  2 factory          factory app      00 00 00010000 00100000[0m
[0;32mI (78) boot: End of partition table[0m
[0;32mI (82) esp_image: segment 0: paddr=00010020 vaddr=3f400020 size=09a58h ( 39512) map[0m
[0;32mI (102) esp_image: segment 1: paddr=00019a80 vaddr=3ffb0000 size=023d8h (  9176) load[0m
[0;32mI (106) esp_image: segment 2: paddr=0001be60 vaddr=40080000 size=041b8h ( 16824) load[0m
[0;32mI (113) esp_image: segment 3: paddr=00020020 vaddr=400d0020 size=136e0h ( 79584) map[0m
[0;32mI (141) esp_image: segment 4: paddr=00033708 vaddr=400841b8 size=08e40h ( 36416) load[0m
[0;32mI (156) esp_image: segment 5: paddr=0003c550 vaddr=50000000 size=00020h (    32) load[0m
[0;32mI (162) boot: Loaded app from partition at offset 0x10000[0m
[0;32mI (162) boot: Disabling RNG early entropy source...[0m
[0;32mI (174) cpu_start: Multicore app[0m
[0;32mI (182) cpu_start: Pro cpu start user code[0m
[0;32mI (182) cpu_start: cpu freq: 160000000 Hz[0m
[0;32mI (182) app_init: Application information:[0m
[0;32mI (182) app_init: Project name:     lab4[0m
[0;32mI (186) app_init: App version:      2c3774c-dirty[0m
[0;32mI (190) app_init: Compile time:     Oct  8 2025 09:46:24[0m
[0;32mI (195) app_init: ELF file SHA256:  9c9fcd53b...[0m
[0;32mI (200) app_init: ESP-IDF:          HEAD-HASH-NOTFOUND[0m
[0;32mI (204) efuse_init: Min chip rev:     v0.0[0m
[0;32mI (208) efuse_init: Max chip rev:     v3.99 [0m
[0;32mI (212) efuse_init: Chip rev:         v3.1[0m
[0;32mI (216) heap_init: Initializing. RAM available for dynamic allocation:[0m
[0;32mI (222) heap_init: At 3FFAE6E0 len 00001920 (6 KiB): DRAM[0m
[0;32mI (227) heap_init: At 3FFB2CA8 len 0002D358 (180 KiB): DRAM[0m
[0;32mI (233) heap_init: At 3FFE0440 len 00003AE0 (14 KiB): D/IRAM[0m
[0;32mI (238) heap_init: At 3FFE4350 len 0001BCB0 (111 KiB): D/IRAM[0m
[0;32mI (244) heap_init: At 4008CFF8 len 00013008 (76 KiB): IRAM[0m
[0;33mW (250) spi_flash: Detected boya flash chip but using generic driver. For optimal functionality, enable `SPI_FLASH_SUPPORT_BOYA_CHIP` in menuconfig[0m
[0;32mI (262) spi_flash: detected chip: generic[0m
[0;32mI (265) spi_flash: flash io: dio[0m
[0;33mW (268) spi_flash: Detected size(4096k) larger than the size in the binary image header(2048k). Using the size in the binary image header.[0m
[0;32mI (281) main_task: Started on CPU0[0m
[0;32mI (291) main_task: Calling app_main()[0m
------single_linked_list tests------
added:37
added:99
added:51
added:99
added:11
added:31
added:43
added:66
added:38
added:25
added:24
added:5
added:25
added:43
added:34
added:47
added:36
added:19
added:0
added:58
added:76
added:3
added:73
added:88
added:40
index[0] = 0
index[1] = 3
index[2] = 5
index[3] = 11
index[4] = 19
index[5] = 24
index[6] = 25
index[7] = 25
index[8] = 31
index[9] = 34
index[10] = 36
index[11] = 37
index[12] = 38
index[13] = 40
index[14] = 43
index[15] = 43
index[16] = 47
index[17] = 51
index[18] = 58
index[19] = 66
index[20] = 73
index[21] = 76
index[22] = 88
index[23] = 99
index[24] = 99
index[0] = 36
index[1] = 37
index[2] = 38
index[3] = 40
index[4] = 43
------double_linked_list tests------
Guru Meditation Error: Core  0 panic'ed (LoadProhibited). Exception was unhandled.

Core  0 register dump:
PC      : 0x400d6131  PS      : 0x00060130  A0      : 0x800d606c  A1      : 0x3ffb3f50  
A2      : 0x3ffb3f74  A3      : 0x00000028  A4      : 0x3ffb3f60  A5      : 0x0000000c  
A6      : 0x00000000  A7      : 0x00000000  A8      : 0x00000000  A9      : 0x3ffb3f10  
A10     : 0x0000000a  A11     : 0x3f4036cc  A12     : 0x0000002b  A13     : 0x3f40256b  
A14     : 0x00000015  A15     : 0x3ffaea38  SAR     : 0x00000004  EXCCAUSE: 0x0000001c  
EXCVADDR: 0x00000000  LBEG    : 0x400014fd  LEND    : 0x4000150d  LCOUNT  : 0xfffffff6  


Backtrace: 0x400d612e:0x3ffb3f50 0x400d6069:0x3ffb3f70 0x400e2ff9:0x3ffb3fa0 0x40085d35:0x3ffb3fd0




ELF file SHA256: 9c9fcd53b

Rebooting...
ets Jul 29 2019 12:21:46

rst:0xc (SW_CPU_RESET),boot:0x13 (SPI_FAST_FLASH_BOOT)
configsip: 0, SPIWP:0xee
clk_drv:0x00,q_drv:0x00,d_drv:0x00,cs0_drv:0x00,hd_drv:0x00,wp_drv:0x00
mode:DIO, clock div:2
load:0x3fff0030,len:6380
ho 0 tail 12 room 4
load:0x40078000,len:15916
load:0x40080400,len:3860
entry 0x40080638
[0;32mI (29) boot: ESP-IDF HEAD-HASH-NOTFOUND 2nd stage bootloader[0m
[0;32mI (29) boot: compile time Oct  8 2025 00:30:29[0m
[0;32mI (29) boot: Multicore bootloader[0m
[0;32mI (32) boot: chip revision: v3.1[0m
[0;32mI (34) boot.esp32: SPI Speed      : 40MHz[0m
[0;32mI (38) boot.esp32: SPI Mode       : DIO[0m
[0;32mI (42) boot.esp32: SPI Flash Size : 2MB[0m
[0;32mI (45) boot: Enabling RNG early entropy source...[0m
[0;32mI (50) boot: Partition Table:[0m
[0;32mI (52) boot: ## Label            Usage          Type ST Offset   Length[0m
[0;32mI (59) boot:  0 nvs              WiFi data        01 02 00009000 00006000[0m
[0;32mI (65) boot:  1 phy_init         RF data          01 01 0000f000 00001000[0m
[0;32mI (72) boot:  2 factory          factory app      00 00 00010000 00100000[0m
[0;32mI (78) boot: End of partition table[0m
[0;32mI (82) esp_image: segment 0: paddr=00010020 vaddr=3f400020 size=09a58h ( 39512) map[0m
[0;32mI (102) esp_image: segment 1: paddr=00019a80 vaddr=3ffb0000 size=023d8h (  9176) load[0m
[0;32mI (106) esp_image: segment 2: paddr=0001be60 vaddr=40080000 size=041b8h ( 16824) load[0m
[0;32mI (113) esp_image: segment 3: paddr=00020020 vaddr=400d0020 size=136e0h ( 79584) map[0m
[0;32mI (141) esp_image: segment 4: paddr=00033708 vaddr=400841b8 size=08e40h ( 36416) load[0m
[0;32mI (156) esp_image: segment 5: paddr=0003c550 vaddr=50000000 size=00020h (    32) load[0m
[0;32mI (162) boot: Loaded app from partition at offset 0x10000[0m
[0;32mI (162) boot: Disabling RNG early entropy source...[0m
[0;32mI (174) cpu_start: Multicore app[0m
[0;32mI (182) cpu_start: Pro cpu start user code[0m
[0;32mI (182) cpu_start: cpu freq: 160000000 Hz[0m
[0;32mI (182) app_init: Application information:[0m
[0;32mI (182) app_init: Project name:     lab4[0m
[0;32mI (186) app_init: App version:      2c3774c-dirty[0m
[0;32mI (190) app_init: Compile time:     Oct  8 2025 09:46:24[0m
[0;32mI (195) app_init: ELF file SHA256:  9c9fcd53b...[0m
[0;32mI (200) app_init: ESP-IDF:          HEAD-HASH-NOTFOUND[0m
[0;32mI (204) efuse_init: Min chip rev:     v0.0[0m
[0;32mI (208) efuse_init: Max chip rev:     v3.99 [0m
[0;32mI (212) efuse_init: Chip rev:         v3.1[0m
[0;32mI (216) heap_init: Initializing. RAM available for dynamic allocation:[0m
[0;32mI (222) heap_init: At 3FFAE6E0 len 00001920 (6 KiB): DRAM[0m
[0;32mI (227) heap_init: At 3FFB2CA8 len 0002D358 (180 KiB): DRAM[0m
[0;32mI (233) heap_init: At 3FFE0440 len 00003AE0 (14 KiB): D/IRAM[0m
[0;32mI (238) heap_init: At 3FFE4350 len 0001BCB0 (111 KiB): D/IRAM[0m
[0;32mI (244) heap_init: At 4008CFF8 len 00013008 (76 KiB): IRAM[0m
[0;33mW (250) spi_flash: Detected boya flash chip but using generic driver. For optimal functionality, enable `SPI_FLASH_SUPPORT_BOYA_CHIP` in menuconfig[0m
[0;32mI (262) spi_flash: detected chip: generic[0m
[0;32mI (265) spi_flash: flash io: dio[0m
[0;33mW (268) spi_flash: Detected size(4096k) larger than the size in the binary image header(2048k). Using the size in the binary image header.[0m
[0;32mI (281) main_task: Started on CPU0[0m
[0;32mI (291) main_task: Calling app_main()[0m
------single_linked_list tests------
added:54
added:5
added:13
added:91
added:82
added:67
added:27
added:26
added:26
added:84
added:94
added:63
added:43
added:78
added:68
added:1
added:23
added:53
added:60
added:87
added:85
added:39
added:96
added:76
added:66
index[0] = 1
index[1] = 5
index[2] = 13
index[3] = 23
index[4] = 26
index[5] = 26
index[6] = 27
index[7] = 39
index[8] = 43
index[9] = 53
index[10] = 54
index[11] = 60
index[12] = 63
index[13] = 66
index[14] = 67
index[15] = 68
index[16] = 76
index[17] = 78
index[18] = 82
index[19] = 84
index[20] = 85
index[21] = 87
index[22] = 91
index[23] = 94
index[24] = 96
index[0] = 54
index[1] = 60
index[2] = 63
index[3] = 66
index[4] = 67
------double_linked_list tests------
Guru Meditation Error: Core  0 panic'ed (LoadProhibited). Exception was unhandled.

Core  0 register dump:
PC      : 0x400d6131  PS      : 0x00060130  A0      : 0x800d606c  A1      : 0x3ffb3f50  
A2      : 0x3ffb3f74  A3      : 0x00000042  A4      : 0x3ffb3f60  A5      : 0x0000000c  
A6      : 0x00000000  A7      : 0x00000000  A8      : 0x00000000  A9      : 0x3ffb3f10  
A10     : 0x0000000a  A11     : 0x3f4036cc  A12     : 0x00000043  A13     : 0x3f40256b  
A14     : 0x00000015  A15     : 0x3ffaea38  SAR     : 0x00000004  EXCCAUSE: 0x0000001c  
EXCVADDR: 0x00000000  LBEG    : 0x400014fd  LEND    : 0x4000150d  LCOUNT  : 0xfffffff6  


Backtrace: 0x400d612e:0x3ffb3f50 0x400d6069:0x3ffb3f70 0x400e2ff9:0x3ffb3fa0 0x40085d35:0x3ffb3fd0




ELF file SHA256: 9c9fcd53b

Rebooting...
ets Jul 29 2019 12:21:46

rst:0xc (SW_CPU_RESET),boot:0x13 (SPI_FAST_FLASH_BOOT)
configsip: 0, SPIWP:0xee
clk_drv:0x00,q_drv:0x00,d_drv:0x00,cs0_drv:0x00,hd_drv:0x00,wp_drv:0x00
mode:DIO, clock div:2
load:0x3fff0030,len:6380
ho 0 tail 12 room 4
load:0x40078000,len:15916
load:0x40080400,len:3860
entry 0x40080638
[0;32mI (29) boot: ESP-IDF HEAD-HASH-NOTFOUND 2nd stage bootloader[0m
[0;32mI (29) boot: compile time Oct  8 2025 00:30:29[0m
[0;32mI (29) boot: Multicore bootloader[0m
[0;32mI (32) boot: chip revision: v3.1[0m
[0;32mI (34) boot.esp32: SPI Speed      : 40MHz[0m
[0;32mI (38) boot.esp32: SPI Mode       : DIO[0m
[0;32mI (42) boot.esp32: SPI Flash Size : 2MB[0m
[0;32mI (45) boot: Enabling RNG early entropy source...[0m
[0;32mI (50) boot: Partition Table:[0m
[0;32mI (52) boot: ## Label            Usage          Type ST Offset   Length[0m
[0;32mI (59) boot:  0 nvs              WiFi data        01 02 00009000 00006000[0m
[0;32mI (65) boot:  1 phy_init         RF data          01 01 0000f000 00001000[0m
[0;32mI (72) boot:  2 factory          factory app      00 00 00010000 00100000[0m
[0;32mI (78) boot: End of partition table[0m
[0;32mI (82) esp_image: segment 0: paddr=00010020 vaddr=3f400020 size=09a58h ( 39512) map[0m
[0;32mI (102) esp_image: segment 1: paddr=00019a80 vaddr=3ffb0000 size=023d8h (  9176) load[0m
[0;32mI (106) esp_image: segment 2: paddr=0001be60 vaddr=40080000 size=041b8h ( 16824) load[0m
[0;32mI (113) esp_image: segment 3: paddr=00020020 vaddr=400d0020 size=136e0h ( 79584) map[0m
[0;32mI (141) esp_image: segment 4: paddr=00033708 vaddr=400841b8 size=08e40h ( 36416) load[0m
[0;32mI (156) esp_image: segment 5: paddr=0003c550 vaddr=50000000 size=00020h (    32) load[0m
