Command: /home/minipops/.espressif/python_env/idf5.5_py3.13_env/bin/python /opt/esp-idf/tools/idf_monitor.py -p /dev/ttyUSB0 -b 115200 --toolchain-prefix xtensa-esp32-elf- --target esp32 --revision 0 /home/minipops/uni/da267a/labs/lab4/build/lab4.elf /home/minipops/uni/da267a/labs/lab4/build/bootloader/bootloader.elf -m '/home/minipops/.espressif/python_env/idf5.5_py3.13_env/bin/python' '/opt/esp-idf/tools/idf.py'
ets Jul 29 2019 12:21:46

rst:0x1 (POWERON_RESET),boot:0x13 (SPI_FAST_FLASH_BOOT)
configsip: 0, SPIWP:0xee
clk_drv:0x00,q_drv:0x00,d_drv:0x00,cs0_drv:0x00,hd_drv:0x00,wp_drv:0x00
mode:DIO, clock div:2
load:0x3fff0030,len:6380
ho 0 tail 12 room 4
load:0x40078000,len:15916
load:0x40080400,len:3860
entry 0x40080638
[0;32mI (29) boot: ESP-IDF HEAD-HASH-NOTFOUND 2nd stage bootloader[0m
[0;32mI (29) boot: compile time Oct  8 2025 00:30:29[0m
[0;32mI (29) boot: Multicore bootloader[0m
[0;32mI (32) boot: chip revision: v3.1[0m
[0;32mI (34) boot.esp32: SPI Speed      : 40MHz[0m
[0;32mI (38) boot.esp32: SPI Mode       : DIO[0m
[0;32mI (42) boot.esp32: SPI Flash Size : 2MB[0m
[0;32mI (45) boot: Enabling RNG early entropy source...[0m
[0;32mI (50) boot: Partition Table:[0m
[0;32mI (52) boot: ## Label            Usage          Type ST Offset   Length[0m
[0;32mI (59) boot:  0 nvs              WiFi data        01 02 00009000 00006000[0m
[0;32mI (65) boot:  1 phy_init         RF data          01 01 0000f000 00001000[0m
[0;32mI (72) boot:  2 factory          factory app      00 00 00010000 00100000[0m
[0;32mI (78) boot: End of partition table[0m
[0;32mI (82) esp_image: segment 0: paddr=00010020 vaddr=3f400020 size=09a58h ( 39512) map[0m
[0;32mI (103) esp_image: segment 1: paddr=00019a80 vaddr=3ffb0000 size=023d8h (  9176) load[0m
[0;32mI (106) esp_image: segment 2: paddr=0001be60 vaddr=40080000 size=041b8h ( 16824) load[0m
[0;32mI (113) esp_image: segment 3: paddr=00020020 vaddr=400d0020 size=13764h ( 79716) map[0m
[0;32mI (141) esp_image: segment 4: paddr=0003378c vaddr=400841b8 size=08e40h ( 36416) load[0m
[0;32mI (156) esp_image: segment 5: paddr=0003c5d4 vaddr=50000000 size=00020h (    32) load[0m
[0;32mI (162) boot: Loaded app from partition at offset 0x10000[0m
[0;32mI (162) boot: Disabling RNG early entropy source...[0m
[0;32mI (174) cpu_start: Multicore app[0m
[0;32mI (182) cpu_start: Pro cpu start user code[0m
[0;32mI (182) cpu_start: cpu freq: 160000000 Hz[0m
[0;32mI (182) app_init: Application information:[0m
[0;32mI (182) app_init: Project name:     lab4[0m
[0;32mI (186) app_init: App version:      2c3774c-dirty[0m
[0;32mI (190) app_init: Compile time:     Oct  8 2025 09:46:24[0m
[0;32mI (195) app_init: ELF file SHA256:  8f952801f...[0m
[0;32mI (200) app_init: ESP-IDF:          HEAD-HASH-NOTFOUND[0m
[0;32mI (205) efuse_init: Min chip rev:     v0.0[0m
[0;32mI (208) efuse_init: Max chip rev:     v3.99 [0m
[0;32mI (212) efuse_init: Chip rev:         v3.1[0m
[0;32mI (216) heap_init: Initializing. RAM available for dynamic allocation:[0m
[0;32mI (223) heap_init: At 3FFAE6E0 len 00001920 (6 KiB): DRAM[0m
[0;32mI (228) heap_init: At 3FFB2CA8 len 0002D358 (180 KiB): DRAM[0m
[0;32mI (233) heap_init: At 3FFE0440 len 00003AE0 (14 KiB): D/IRAM[0m
[0;32mI (238) heap_init: At 3FFE4350 len 0001BCB0 (111 KiB): D/IRAM[0m
[0;32mI (244) heap_init: At 4008CFF8 len 00013008 (76 KiB): IRAM[0m
[0;33mW (250) spi_flash: Detected boya flash chip but using generic driver. For optimal functionality, enable `SPI_FLASH_SUPPORT_BOYA_CHIP` in menuconfig[0m
[0;32mI (262) spi_flash: detected chip: generic[0m
[0;32mI (266) spi_flash: flash io: dio[0m
[0;33mW (269) spi_flash: Detected size(4096k) larger than the size in the binary image header(2048k). Using the size in the binary image header.[0m
[0;32mI (281) main_task: Started on CPU0[0m
[0;32mI (291) main_task: Calling app_main()[0m
------single_linked_list tests------
added:84
added:15
added:20
added:59
added:21
added:13
added:44
added:33
added:3
added:63
added:8
added:98
added:78
added:21
added:15
added:35
added:30
added:14
added:24
added:12
added:53
added:51
added:7
added:32
added:43
index[0] = 3
index[1] = 7
index[2] = 8
index[3] = 12
index[4] = 13
index[5] = 14
index[6] = 15
index[7] = 15
index[8] = 20
index[9] = 21
index[10] = 21
index[11] = 24
index[12] = 30
index[13] = 32
index[14] = 33
index[15] = 35
index[16] = 43
index[17] = 44
index[18] = 51
index[19] = 53
index[20] = 59
index[21] = 63
index[22] = 78
index[23] = 84
index[24] = 98
index[0] = 21
index[1] = 24
index[2] = 30
index[3] = 32
index[4] = 33
------double_linked_list tests------
added:12
added:17
added:34
added:2
added:95
added:24
added:49
added:99
added:63
added:28
added:42
added:14
added:10
added:90
added:54
added:86
added:75
added:27
added:76
added:17
added:87
added:67
added:95
added:25
added:0
index[0] = 12
Guru Meditation Error: Core  0 panic'ed (LoadProhibited). Exception was unhandled.

Core  0 register dump:
PC      : 0x400d61b0  PS      : 0x00060330  A0      : 0x800d6098  A1      : 0x3ffb3f50  
A2      : 0x3ffb3f74  A3      : 0x00000000  A4      : 0x3ffb3f60  A5      : 0x00000000  
A6      : 0x00000001  A7      : 0x00000001  A8      : 0x00000018  A9      : 0x3ffb3f00  
A10     : 0x0000000e  A11     : 0x00000000  A12     : 0x0000000c  A13     : 0x3f40256b  
A14     : 0x00000015  A15     : 0x3ffaea38  SAR     : 0x00000004  EXCCAUSE: 0x0000001c  
EXCVADDR: 0x00000000  LBEG    : 0x400014fd  LEND    : 0x4000150d  LCOUNT  : 0xffffffff  


Backtrace: 0x400d61ad:0x3ffb3f50 0x400d6095:0x3ffb3f70 0x400e307d:0x3ffb3fa0 0x40085d35:0x3ffb3fd0




ELF file SHA256: 8f952801f

Rebooting...
ets Jul 29 2019 12:21:46

rst:0xc (SW_CPU_RESET),boot:0x13 (SPI_FAST_FLASH_BOOT)
configsip: 0, SPIWP:0xee
clk_drv:0x00,q_drv:0x00,d_drv:0x00,cs0_drv:0x00,hd_drv:0x00,wp_drv:0x00
mode:DIO, clock div:2
load:0x3fff0030,len:6380
ho 0 tail 12 room 4
load:0x40078000,len:15916
load:0x40080400,len:3860
entry 0x40080638
[0;32mI (29) boot: ESP-IDF HEAD-HASH-NOTFOUND 2nd stage bootloader[0m
[0;32mI (29) boot: compile time Oct  8 2025 00:30:29[0m
[0;32mI (29) boot: Multicore bootloader[0m
[0;32mI (32) boot: chip revision: v3.1[0m
[0;32mI (34) boot.esp32: SPI Speed      : 40MHz[0m
[0;32mI (38) boot.esp32: SPI Mode       : DIO[0m
[0;32mI (42) boot.esp32: SPI Flash Size : 2MB[0m
[0;32mI (45) boot: Enabling RNG early entropy source...[0m
[0;32mI (50) boot: Partition Table:[0m
[0;32mI (52) boot: ## Label            Usage          Type ST Offset   Length[0m
[0;32mI (59) boot:  0 nvs              WiFi data        01 02 00009000 00006000[0m
[0;32mI (65) boot:  1 phy_init         RF data          01 01 0000f000 00001000[0m
[0;32mI (72) boot:  2 factory          factory app      00 00 00010000 00100000[0m
[0;32mI (78) boot: End of partition table[0m
[0;32mI (82) esp_image: segment 0: paddr=00010020 vaddr=3f400020 size=09a58h ( 39512) map[0m
[0;32mI (102) esp_image: segment 1: paddr=00019a80 vaddr=3ffb0000 size=023d8h (  9176) load[0m
[0;32mI (106) esp_image: segment 2: paddr=0001be60 vaddr=40080000 size=041b8h ( 16824) load[0m
[0;32mI (113) esp_image: segment 3: paddr=00020020 vaddr=400d0020 size=13764h ( 79716) map[0m
[0;32mI (141) esp_image: segment 4: paddr=0003378c vaddr=400841b8 size=08e40h ( 36416) load[0m
[0;32mI (156) esp_image: segment 5: paddr=0003c5d4 vaddr=50000000 size=00020h (    32) load[0m
[0;32mI (162) boot: Loaded app from partition at offset 0x10000[0m
[0;32mI (162) boot: Disabling RNG early entropy source...[0m
[0;32mI (174) cpu_start: Multicore app[0m
[0;32mI (182) cpu_start: Pro cpu start user code[0m
[0;32mI (182) cpu_start: cpu freq: 160000000 Hz[0m
[0;32mI (182) app_init: Application information:[0m
[0;32mI (182) app_init: Project name:     lab4[0m
[0;32mI (186) app_init: App version:      2c3774c-dirty[0m
[0;32mI (190) app_init: Compile time:     Oct  8 2025 09:46:24[0m
[0;32mI (195) app_init: ELF file SHA256:  8f952801f...[0m
[0;32mI (200) app_init: ESP-IDF:          HEAD-HASH-NOTFOUND[0m
[0;32mI (204) efuse_init: Min chip rev:     v0.0[0m
[0;32mI (208) efuse_init: Max chip rev:     v3.99 [0m
[0;32mI (212) efuse_init: Chip rev:         v3.1[0m
[0;32mI (216) heap_init: Initializing. RAM available for dynamic allocation:[0m
[0;32mI (223) heap_init: At 3FFAE6E0 len 00001920 (6 KiB): DRAM[0m
[0;32mI (227) heap_init: At 3FFB2CA8 len 0002D358 (180 KiB): DRAM[0m
[0;32mI (233) heap_init: At 3FFE0440 len 00003AE0 (14 KiB): D/IRAM[0m
[0;32mI (238) heap_init: At 3FFE4350 len 0001BCB0 (111 KiB): D/IRAM[0m
[0;32mI (244) heap_init: At 4008CFF8 len 00013008 (76 KiB): IRAM[0m
[0;33mW (250) spi_flash: Detected boya flash chip but using generic driver. For optimal functionality, enable `SPI_FLASH_SUPPORT_BOYA_CHIP` in menuconfig[0m
[0;32mI (262) spi_flash: detected chip: generic[0m
[0;32mI (266) spi_flash: flash io: dio[0m
[0;33mW (268) spi_flash: Detected size(4096k) larger than the size in the binary image header(2048k). Using the size in the binary image header.[0m
[0;32mI (281) main_task: Started on CPU0[0m
[0;32mI (291) main_task: Calling app_main()[0m
------single_linked_list tests------
added:94
added:19
added:55
added:88
added:57
added:58
added:83
added:77
added:84
added:94
added:54
added:40
added:55
added:0
added:21
added:27
added:69
added:14
added:36
added:76
added:27
added:81
added:11
added:98
added:15
index[0] = 0
index[1] = 11
index[2] = 14
index[3] = 15
index[4] = 19
index[5] = 21
index[6] = 27
index[7] = 27
index[8] = 36
index[9] = 40
index[10] = 54
index[11] = 55
index[12] = 55
index[13] = 57
index[14] = 58
index[15] = 69
index[16] = 76
index[17] = 77
index[18] = 81
index[19] = 83
index[20] = 84
index[21] = 88
index[22] = 94
index[23] = 94
index[24] = 98
index[0] = 54
index[1] = 55
index[2] = 55
index[3] = 57
index[4] = 58
------double_linked_list tests------
added:75
added:25
added:87
added:50
added:26
added:39
added:59
added:55
added:16
added:77
added:95
added:90
added:88
added:94
added:52
added:96
added:39
added:56
added:79
added:77
added:93
added:56
added:28
added:14
added:0
index[0] = 75
Guru Meditation Error: Core  0 panic'ed (LoadProhibited). Exception was unhandled.

Core  0 register dump:
PC      : 0x400d61b0  PS      : 0x00060330  A0      : 0x800d6098  A1      : 0x3ffb3f50  
A2      : 0x3ffb3f74  A3      : 0x00000000  A4      : 0x3ffb3f60  A5      : 0x00000000  
A6      : 0x00000001  A7      : 0x00000001  A8      : 0x00000018  A9      : 0x3ffb3f00  
A10     : 0x0000000e  A11     : 0x00000000  A12     : 0x0000004b  A13     : 0x3f40256b  
A14     : 0x00000015  A15     : 0x3ffaea38  SAR     : 0x00000004  EXCCAUSE: 0x0000001c  
EXCVADDR: 0x00000000  LBEG    : 0x400014fd  LEND    : 0x4000150d  LCOUNT  : 0xffffffff  


Backtrace: 0x400d61ad:0x3ffb3f50 0x400d6095:0x3ffb3f70 0x400e307d:0x3ffb3fa0 0x40085d35:0x3ffb3fd0




ELF file SHA256: 8f952801f

Rebooting...
ets Jul 29 2019 12:21:46

rst:0xc (SW_CPU_RESET),boot:0x13 (SPI_FAST_FLASH_BOOT)
configsip: 0, SPIWP:0xee
clk_drv:0x00,q_drv:0x00,d_drv:0x00,cs0_drv:0x00,hd_drv:0x00,wp_drv:0x00
mode:DIO, clock div:2
load:0x3fff0030,len:6380
ho 0 tail 12 room 4
load:0x40078000,len:15916
load:0x40080400,len:3860
entry 0x40080638
[0;32mI (29) boot: ESP-IDF HEAD-HASH-NOTFOUND 2nd stage bootloader[0m
[0;32mI (29) boot: compile time Oct  8 2025 00:30:29[0m
[0;32mI (29) boot: Multicore bootloader[0m
[0;32mI (32) boot: chip revision: v3.1[0m
[0;32mI (34) boot.esp32: SPI Speed      : 40MHz[0m
[0;32mI (38) boot.esp32: SPI Mode       : DIO[0m
[0;32mI (42) boot.esp32: SPI Flash Size : 2MB[0m
[0;32mI (45) boot: Enabling RNG early entropy source...[0m
[0;32mI (50) boot: Partition Table:[0m
[0;32mI (52) boot: ## Label            Usage          Type ST Offset   Length[0m
[0;32mI (59) boot:  0 nvs              WiFi data        01 02 00009000 00006000[0m
[0;32mI (65) boot:  1 phy_init         RF data          01 01 0000f000 00001000[0m
[0;32mI (72) boot:  2 factory          factory app      00 00 00010000 00100000[0m
[0;32mI (78) boot: End of partition table[0m
[0;32mI (82) esp_image: segment 0: paddr=00010020 vaddr=3f400020 size=09a58h ( 39512) map[0m
[0;32mI (102) esp_image: segment 1: paddr=00019a80 vaddr=3ffb0000 size=023d8h (  9176) load[0m
[0;32mI (106) esp_image: segment 2: paddr=0001be60 vaddr=40080000 size=041b8h ( 16824) load[0m
[0;32mI (113) esp_image: segment 3: paddr=00020020 vaddr=400d0020 size=13764h ( 79716) map[0m
[0;32mI (141) esp_image: segment 4: paddr=0003378c vaddr=400841b8 size=08e40h ( 36416) load[0m
[0;32mI (156) esp_image: segment 5: paddr=0003c5d4 vaddr=50000000 size=00020h (    32) load[0m
[0;32mI (162) boot: Loaded app from partition at offset 0x10000[0m
[0;32mI (162) boot: Disabling RNG early entropy source...[0m
[0;32mI (174) cpu_start: Multicore app[0m
[0;32mI (182) cpu_start: Pro cpu start user code[0m
[0;32mI (182) cpu_start: cpu freq: 160000000 Hz[0m
[0;32mI (182) app_init: Application information:[0m
[0;32mI (182) app_init: Project name:     lab4[0m
[0;32mI (186) app_init: App version:      2c3774c-dirty[0m
[0;32mI (190) app_init: Compile time:     Oct  8 2025 09:46:24[0m
[0;32mI (195) app_init: ELF file SHA256:  8f952801f...[0m
[0;32mI (200) app_init: ESP-IDF:          HEAD-HASH-NOTFOUND[0m
[0;32mI (204) efuse_init: Min chip rev:     v0.0[0m
[0;32mI (208) efuse_init: Max chip rev:     v3.99 [0m
[0;32mI (212) efuse_init: Chip rev:         v3.1[0m
[0;32mI (216) heap_init: Initializing. RAM available for dynamic allocation:[0m
[0;32mI (223) heap_init: At 3FFAE6E0 len 00001920 (6 KiB): DRAM[0m
[0;32mI (228) heap_init: At 3FFB2CA8 len 0002D358 (180 KiB): DRAM[0m
[0;32mI (233) heap_init: At 3FFE0440 len 00003AE0 (14 KiB): D/IRAM[0m
[0;32mI (238) heap_init: At 3FFE4350 len 0001BCB0 (111 KiB): D/IRAM[0m
[0;32mI (244) heap_init: At 4008CFF8 len 00013008 (76 KiB): IRAM[0m
[0;33mW (250) spi_flash: Detected boya flash chip but using generic driver. For optimal functionality, enable `SPI_FLASH_SUPPORT_BOYA_CHIP` in menuconfig[0m
[0;32mI (262) spi_flash: detected chip: generic[0m
[0;32mI (266) spi_flash: flash io: dio[0m
[0;33mW (268) spi_flash: Detected size(4096k) larger than the size in the binary image header(2048k). Using the size in the binary image header.[0m
[0;32mI (281) main_task: Started on CPU0[0m
[0;32mI (291) main_task: Calling app_main()[0m
------single_linked_list tests------
added:78
added:12
added:60
added:41
added:80
added:23
added:63
added:33
added:91
added:8
added:34
added:63
added:43
added:50
added:44
added:70
added:8
added:20
added:57
added:65
added:49
added:5
added:69
added:36
added:46
index[0] = 5
index[1] = 8
index[2] = 8
index[3] = 12
index[4] = 20
index[5] = 23
index[6] = 33
index[7] = 34
index[8] = 36
index[9] = 41
index[10] = 43
index[11] = 44
index[12] = 46
index[13] = 49
index[14] = 50
index[15] = 57
index[16] = 60
index[17] = 63
index[18] = 63
index[19] = 65
index[20] = 69
index[21] = 70
index[22] = 78
index[23] = 80
index[24] = 91
index[0] = 43
index[1] = 44
index[2] = 46
index[3] = 49
index[4] = 50
------double_linked_list tests------
added:41
added:4
added:2
added:62
added:68
added:34
added:82
added:73
added:14
added:9
added:81
added:33
added:21
added:19
added:86
added:97
added:15
added:0
added:99
added:26
added:98
added:30
added:86
added:99
added:64
index[0] = 41
Guru Meditation Error: Core  0 panic'ed (LoadProhibited). Exception was unhandled.

Core  0 register dump:
PC      : 0x400d61b0  PS      : 0x00060330  A0      : 0x800d6098  A1      : 0x3ffb3f50  
A2      : 0x3ffb3f74  A3      : 0x00000040  A4      : 0x3ffb3f60  A5      : 0x00000000  
A6      : 0x00000001  A7      : 0x00000001  A8      : 0x00000018  A9      : 0x3ffb3f00  
A10     : 0x0000000e  A11     : 0x00000000  A12     : 0x00000029  A13     : 0x3f40256b  
A14     : 0x00000015  A15     : 0x3ffaea38  SAR     : 0x00000004  EXCCAUSE: 0x0000001c  
EXCVADDR: 0x00000000  LBEG    : 0x400014fd  LEND    : 0x4000150d  LCOUNT  : 0xffffffff  


Backtrace: 0x400d61ad:0x3ffb3f50 0x400d6095:0x3ffb3f70 0x400e307d:0x3ffb3fa0 0x40085d35:0x3ffb3fd0




ELF file SHA256: 8f952801f

Rebooting...
ets Jul 29 2019 12:21:46

rst:0xc (SW_CPU_RESET),boot:0x13 (SPI_FAST_FLASH_BOOT)
configsip: 0, SPIWP:0xee
clk_drv:0x00,q_drv:0x00,d_drv:0x00,cs0_drv:0x00,hd_drv:0x00,wp_drv:0x00
mode:DIO, clock div:2
load:0x3fff0030,len:6380
ho 0 tail 12 room 4
load:0x40078000,len:15916
load:0x40080400,len:3860
entry 0x40080638
[0;32mI (29) boot: ESP-IDF HEAD-HASH-NOTFOUND 2nd stage bootloader[0m
[0;32mI (29) boot: compile time Oct  8 2025 00:30:29[0m
[0;32mI (29) boot: Multicore bootloader[0m
[0;32mI (32) boot: chip revision: v3.1[0m
[0;32mI (34) boot.esp32: SPI Speed      : 40MHz[0m
[0;32mI (38) boot.esp32: SPI Mode       : DIO[0m
[0;32mI (42) boot.esp32: SPI Flash Size : 2MB[0m
[0;32mI (45) boot: Enabling RNG early entropy source...[0m
[0;32mI (50) boot: Partition Table:[0m
[0;32mI (52) boot: ## Label            Usage          Type ST Offset   Length[0m
[0;32mI (59) boot:  0 nvs              WiFi data        01 02 00009000 00006000[0m
[0;32mI (65) boot:  1 phy_init         RF data          01 01 0000f000 00001000[0m
[0;32mI (72) boot:  2 factory          factory app      00 00 00010000 00100000[0m
[0;32mI (78) boot: End of partition table[0m
[0;32mI (82) esp_image: segment 0: paddr=00010020 vaddr=3f400020 size=09a58h ( 39512) map[0m
[0;32mI (102) esp_image: segment 1: paddr=00019a80 vaddr=3ffb0000 size=023d8h (  9176) load[0m
[0;32mI (106) esp_image: segment 2: paddr=0001be60 vaddr=40080000 size=041b8h ( 16824) load[0m
[0;32mI (113) esp_image: segment 3: paddr=00020020 vaddr=400d0020 size=13764h ( 79716) map[0m
[0;32mI (141) esp_image: segment 4: paddr=0003378c vaddr=400841b8 size=08e40h ( 36416) load[0m
[0;32mI (156) esp_image: segment 5: paddr=0003c5d4 vaddr=50000000 size=00020h (    32) load[0m
[0;32mI (162) boot: Loaded app from partition at offset 0x10000[0m
[0;32mI (162) boot: Disabling RNG early entropy source...[0m
[0;32mI (174) cpu_start: Multicore app[0m
[0;32mI (182) cpu_start: Pro cpu start user code[0m
[0;32mI (182) cpu_start: cpu freq: 160000000 Hz[0m
[0;32mI (182) app_init: Application information:[0m
[0;32mI (182) app_init: Project name:     lab4[0m
[0;32mI (186) app_init: App version:      2c3774c-dirty[0m
[0;32mI (190) app_init: Compile time:     Oct  8 2025 09:46:24[0m
[0;32mI (195) app_init: ELF file SHA256:  8f952801f...[0m
[0;32mI (200) app_init: ESP-IDF:          HEAD-HASH-NOTFOUND[0m
[0;32mI (204) efuse_init: Min chip rev:     v0.0[0m
[0;32mI (208) efuse_init: Max chip rev:     v3.99 [0m
[0;32mI (212) efuse_init: Chip rev:         v3.1[0m
[0;32mI (216) heap_init: Initializing. RAM available for dynamic allocation:[0m
[0;32mI (223) heap_init: At 3FFAE6E0 len 00001920 (6 KiB): DRAM[0m
[0;32mI (227) heap_init: At 3FFB2CA8 len 0002D358 (180 KiB): DRAM[0m
[0;32mI (233) heap_init: At 3FFE0440 len 00003AE0 (14 KiB): D/IRAM[0m
[0;32mI (238) heap_init: At 3FFE4350 len 0001BCB0 (111 KiB): D/IRAM[0m
[0;32mI (244) heap_init: At 4008CFF8 len 00013008 (76 KiB): IRAM[0m
[0;33mW (250) spi_flash: Detected boya flash chip but using generic driver. For optimal functionality, enable `SPI_FLASH_SUPPORT_BOYA_CHIP` in menuconfig[0m
[0;32mI (262) spi_flash: detected chip: generic[0m
[0;32mI (266) spi_flash: flash io: dio[0m
[0;33mW (268) spi_flash: Detected size(4096k) larger than the size in the binary image header(2048k). Using the size in the binary image header.[0m
[0;32mI (281) main_task: Started on CPU0[0m
[0;32mI (291) main_task: Calling app_main()[0m
------single_linked_list tests------
added:70
added:56
added:97
added:43
added:51
added:52
added:7
added:38
added:5
added:48
added:41
added:90
added:66
added:82
added:39
added:35
added:95
added:35
added:55
added:18
added:37
added:41
added:91
added:73
added:80
index[0] = 5
index[1] = 7
index[2] = 18
index[3] = 35
index[4] = 35
index[5] = 37
index[6] = 38
index[7] = 39
index[8] = 41
index[9] = 41
index[10] = 43
index[11] = 48
index[12] = 51
index[13] = 52
index[14] = 55
index[15] = 56
index[16] = 66
index[17] = 70
index[18] = 73
index[19] = 80
index[20] = 82
index[21] = 90
index[22] = 91
index[23] = 95
index[24] = 97
index[0] = 43
index[1] = 48
index[2] = 51
index[3] = 52
index[4] = 55
------double_linked_list tests------
added:39
added:52
added:15
added:29
added:74
added:13
added:84
added:37
added:60
added:23
added:1
added:84
added:40
added:4
added:93
added:1
added:45
added:1
added:57
added:46
added:99
added:82
added:47
added:27
added:56
index[0] = 39
Guru Meditation Error: Core  0 panic'ed (LoadProhibited). Exception was unhandled.

Core  0 register dump:
PC      : 0x400d61b0  PS      : 0x00060330  A0      : 0x800d6098  A1      : 0x3ffb3f50  
A2      : 0x3ffb3f74  A3      : 0x00000038  A4      : 0x3ffb3f60  A5      : 0x00000000  
A6      : 0x00000001  A7      : 0x00000001  A8      : 0x00000018  A9      : 0x3ffb3f00  
A10     : 0x0000000e  A11     : 0x00000000  A12     : 0x00000027  A13     : 0x3f40256b  
A14     : 0x00000015  A15     : 0x3ffaea38  SAR     : 0x00000004  EXCCAUSE: 0x0000001c  
EXCVADDR: 0x00000000  LBEG    : 0x400014fd  LEND    : 0x4000150d  LCOUNT  : 0xffffffff  


Backtrace: 0x400d61ad:0x3ffb3f50 0x400d6095:0x3ffb3f70 0x400e307d:0x3ffb3fa0 0x40085d35:0x3ffb3fd0




ELF file SHA256: 8f952801f

Rebooting...
ets Jul 29 2019 12:21:46

rst:0xc (SW_CPU_RESET),boot:0x13 (SPI_FAST_FLASH_BOOT)
configsip: 0, SPIWP:0xee
clk_drv:0x00,q_drv:0x00,d_drv:0x00,cs0_drv:0x00,hd_drv:0x00,wp_drv:0x00
mode:DIO, clock div:2
load:0x3fff0030,len:6380
ho 0 tail 12 room 4
load:0x40078000,len:15916
load:0x40080400,len:3860
entry 0x40080638
[0;32mI (29) boot: ESP-IDF HEAD-HASH-NOTFOUND 2nd stage bootloader[0m
[0;32mI (29) boot: compile time Oct  8 2025 00:30:29[0m
[0;32mI (29) boot: Multicore bootloader[0m
[0;32mI (32) boot: chip revision: v3.1[0m
[0;32mI (34) boot.esp32: SPI Speed      : 40MHz[0m
[0;32mI (38) boot.esp32: SPI Mode       : DIO[0m
[0;32mI (42) boot.esp32: SPI Flash Size : 2MB[0m
[0;32mI (45) boot: Enabling RNG early entropy source...[0m
[0;32mI (50) boot: Partition Table:[0m
[0;32mI (52) boot: ## Label            Usage          Type ST Offset   Length[0m
[0;32mI (59) boot:  0 nvs              WiFi data        01 02 00009000 00006000[0m
[0;32mI (65) boot:  1 phy_init         RF data          01 01 0000f000 00001000[0m
[0;32mI (72) boot:  2 factory          factory app      00 00 00010000 00100000[0m
[0;32mI (78) boot: End of partition table[0m
[0;32mI (82) esp_image: segment 0: paddr=00010020 vaddr=3f400020 size=09a58h ( 39512) map[0m
[0;32mI (102) esp_image: segment 1: paddr=00019a80 vaddr=3ffb0000 size=023d8h (  9176) load[0m
[0;32mI (106) esp_image: segment 2: paddr=0001be60 vaddr=40080000 size=041b8h ( 16824) load[0m
[0;32mI (113) esp_image: segment 3: paddr=00020020 vaddr=400d0020 size=13764h ( 79716) map[0m
[0;32mI (141) esp_image: segment 4: paddr=0003378c vaddr=400841b8 size=08e40h ( 36416) load[0m
[0;32mI (156) esp_image: segment 5: paddr=0003c5d4 vaddr=50000000 size=00020h (    32) load[0m
[0;32mI (162) boot: Loaded app from partition at offset 0x10000[0m
[0;32mI (162) boot: Disabling RNG early entropy source...[0m
[0;32mI (174) cpu_start: Multicore app[0m
[0;32mI (182) cpu_start: Pro cpu start user code[0m
[0;32mI (182) cpu_start: cpu freq: 160000000 Hz[0m
[0;32mI (182) app_init: Application information:[0m
[0;32mI (182) app_init: Project name:     lab4[0m
[0;32mI (186) app_init: App version:      2c3774c-dirty[0m
[0;32mI (190) app_init: Compile time:     Oct  8 2025 09:46:24[0m
[0;32mI (195) app_init: ELF file SHA256:  8f952801f...[0m
[0;32mI (200) app_init: ESP-IDF:          HEAD-HASH-NOTFOUND[0m
[0;32mI (204) efuse_init: Min chip rev:     v0.0[0m
[0;32mI (208) efuse_init: Max chip rev:     v3.99 [0m
[0;32mI (212) efuse_init: Chip rev:         v3.1[0m
[0;32mI (216) heap_init: Initializing. RAM available for dynamic allocation:[0m
[0;32mI (223) heap_init: At 3FFAE6E0 len 00001920 (6 KiB): DRAM[0m
[0;32mI (227) heap_init: At 3FFB2CA8 len 0002D358 (180 KiB): DRAM[0m
[0;32mI (233) heap_init: At 3FFE0440 len 00003AE0 (14 KiB): D/IRAM[0m
[0;32mI (238) heap_init: At 3FFE4350 len 0001BCB0 (111 KiB): D/IRAM[0m
[0;32mI (244) heap_init: At 4008CFF8 len 00013008 (76 KiB): IRAM[0m
[0;33mW (250) spi_flash: Detected boya flash chip but using generic driver. For optimal functionality, enable `SPI_FLASH_SUPPORT_BOYA_CHIP` in menuconfig[0m
[0;32mI (262) spi_flash: detected chip: generic[0m
[0;32mI (266) spi_flash: flash io: dio[0m
[0;33mW (268) spi_flash: Detected size(4096k) larger than the size in the binary image header(2048k). Using the size in the binary image header.[0m
[0;32mI (281) main_task: Started on CPU0[0m
[0;32mI (291) main_task: Calling app_main()[0m
------single_linked_list tests------
added:41
added:80
added:82
added:16
added:41
added:21
added:48
added:86
added:67
added:82
added:11
added:23
added:43
added:14
added:84
added:46
added:1
added:53
added:31
added:57
added:21
added:92
added:40
added:0
added:52
index[0] = 0
index[1] = 1
index[2] = 11
index[3] = 14
index[4] = 16
index[5] = 21
index[6] = 21
index[7] = 23
index[8] = 31
index[9] = 40
index[10] = 41
index[11] = 41
index[12] = 43
index[13] = 46
index[14] = 48
index[15] = 52
index[16] = 53
index[17] = 57
index[18] = 67
index[19] = 80
index[20] = 82
index[21] = 82
index[22] = 84
index[23] = 86
index[24] = 92
index[0] = 41
index[1] = 41
index[2] = 43
index[3] = 46
index[4] = 48
------double_linked_list tests------
added:69
added:78
added:73
added:12
added:81
added:64
added:55
added:73
added:10
added:51
added:51
added:94
added:77
added:15
added:6
added:42
added:74
added:8
added:3
added:45
added:19
added:60
added:24
added:12
added:17
index[0] = 69
Guru Meditation Error: Core  0 panic'ed (LoadProhibited). Exception was unhandled.

Core  0 register dump:
PC      : 0x400d61b0  PS      : 0x00060330  A0      : 0x800d6098  A1      : 0x3ffb3f50  
A2      : 0x3ffb3f74  A3      : 0x00000011  A4      : 0x3ffb3f60  A5      : 0x00000000  
A6      : 0x00000001  A7      : 0x00000001  A8      : 0x00000018  A9      : 0x3ffb3f00  
A10     : 0x0000000e  A11     : 0x00000000  A12     : 0x00000045  A13     : 0x3f40256b  
A14     : 0x00000015  A15     : 0x3ffaea38  SAR     : 0x00000004  EXCCAUSE: 0x0000001c  
EXCVADDR: 0x00000000  LBEG    : 0x400014fd  LEND    : 0x4000150d  LCOUNT  : 0xffffffff  


Backtrace: 0x400d61ad:0x3ffb3f50 0x400d6095:0x3ffb3f70 0x400e307d:0x3ffb3fa0 0x40085d35:0x3ffb3fd0




ELF file SHA256: 8f952801f

Rebooting...
ets Jul 29 2019 12:21:46

rst:0xc (SW_CPU_RESET),boot:0x13 (SPI_FAST_FLASH_BOOT)
configsip: 0, SPIWP:0xee
clk_drv:0x00,q_drv:0x00,d_drv:0x00,cs0_drv:0x00,hd_drv:0x00,wp_drv:0x00
mode:DIO, clock div:2
load:0x3fff0030,len:6380
ho 0 tail 12 room 4
load:0x40078000,len:15916
load:0x40080400,len:3860
entry 0x40080638
[0;32mI (29) boot: ESP-IDF HEAD-HASH-NOTFOUND 2nd stage bootloader[0m
[0;32mI (29) boot: compile time Oct  8 2025 00:30:29[0m
[0;32mI (29) boot: Multicore bootloader[0m
[0;32mI (32) boot: chip revision: v3.1[0m
[0;32mI (34) boot.esp32: SPI Speed      : 40MHz[0m
[0;32mI (38) boot.esp32: SPI Mode       : DIO[0m
[0;32mI (42) boot.esp32: SPI Flash Size : 2MB[0m
[0;32mI (45) boot: Enabling RNG early entropy source...[0m
[0;32mI (50) boot: Partition Table:[0m
[0;32mI (52) boot: ## Label            Usage          Type ST Offset   Length[0m
[0;32mI (59) boot:  0 nvs              WiFi data        01 02 00009000 00006000[0m
[0;32mI (65) boot:  1 phy_init         RF data          01 01 0000f000 00001000[0m
[0;32mI (72) boot:  2 factory          factory app      00 00 00010000 00100000[0m
[0;32mI (78) boot: End of partition table[0m
[0;32mI (82) esp_image: segment 0: paddr=00010020 vaddr=3f400020 size=09a58h ( 39512) map[0m
[0;32mI (102) esp_image: segment 1: paddr=00019a80 vaddr=3ffb0000 size=023d8h (  9176) load[0m
[0;32mI (106) esp_image: segment 2: paddr=0001be60 vaddr=40080000 size=041b8h ( 16824) load[0m
[0;32mI (113) esp_image: segment 3: paddr=00020020 vaddr=400d0020 size=13764h ( 79716) map[0m
[0;32mI (141) esp_image: segment 4: paddr=0003378c vaddr=400841b8 size=08e40h ( 36416) load[0m
[0;32mI (156) esp_image: segment 5: paddr=0003c5d4 vaddr=50000000 size=00020h (    32) load[0m
[0;32mI (162) boot: Loaded app from partition at offset 0x10000[0m
[0;32mI (162) boot: Disabling RNG early entropy source...[0m
[0;32mI (174) cpu_start: Multicore app[0m
[0;32mI (182) cpu_start: Pro cpu start user code[0m
[0;32mI (182) cpu_start: cpu freq: 160000000 Hz[0m
[0;32mI (182) app_init: Application information:[0m
[0;32mI (182) app_init: Project name:     lab4[0m
[0;32mI (186) app_init: App version:      2c3774c-dirty[0m
[0;32mI (190) app_init: Compile time:     Oct  8 2025 09:46:24[0m
[0;32mI (195) app_init: ELF file SHA256:  8f952801f...[0m
[0;32mI (200) app_init: ESP-IDF:          HEAD-HASH-NOTFOUND[0m
[0;32mI (204) efuse_init: Min chip rev:     v0.0[0m
[0;32mI (208) efuse_init: Max chip rev:     v3.99 [0m
[0;32mI (212) efuse_init: Chip rev:         v3.1[0m
[0;32mI (216) heap_init: Initializing. RAM available for dynamic allocation:[0m
[0;32mI (223) heap_init: At 3FFAE6E0 len 00001920 (6 KiB): DRAM[0m
[0;32mI (228) heap_init: At 3FFB2CA8 len 0002D358 (180 KiB): DRAM[0m
[0;32mI (233) heap_init: At 3FFE0440 len 00003AE0 (14 KiB): D/IRAM[0m
[0;32mI (238) heap_init: At 3FFE4350 len 0001BCB0 (111 KiB): D/IRAM[0m
[0;32mI (244) heap_init: At 4008CFF8 len 00013008 (76 KiB): IRAM[0m
[0;33mW (250) spi_flash: Detected boya flash chip but using generic driver. For optimal functionality, enable `SPI_FLASH_SUPPORT_BOYA_CHIP` in menuconfig[0m
[0;32mI (262) spi_flash: detected chip: generic[0m
[0;32mI (266) spi_flash: flash io: dio[0m
[0;33mW (268) spi_flash: Detected size(4096k) larger than the size in the binary image header(2048k). Using the size in the binary image header.[0m
[0;32mI (281) main_task: Started on CPU0[0m
[0;32mI (291) main_task: Calling app_main()[0m
------single_linked_list tests------
added:5
added:12
added:65
added:19
added:10
added:46
added:30
added:85
added:13
added:80
added:19
added:27
added:27
added:73
added:70
added:91
added:19
added:88
added:37
added:93
added:29
added:80
added:75
added:73
added:22
index[0] = 5
index[1] = 10
index[2] = 12
index[3] = 13
index[4] = 19
index[5] = 19
index[6] = 19
index[7] = 22
index[8] = 27
index[9] = 27
index[10] = 29
index[11] = 30
index[12] = 37
index[13] = 46
index[14] = 65
index[15] = 70
index[16] = 73
index[17] = 73
index[18] = 75
index[19] = 80
index[20] = 80
index[21] = 85
index[22] = 88
index[23] = 91
index[24] = 93
index[0] = 29
index[1] = 30
index[2] = 37
index[3] = 46
index[4] = 65
------double_linked_list tests------
added:38
added:94
added:19
added:95
added:75
added:5
added:45
added:90
added:14
added:81
added:76
added:13
added:94
added:60
added:62
added:7
added:45
added:45
added:86
added:51
added:7
added:33
added:81
added:61
added:45
index[0] = 38
Guru Meditation Error: Core  0 panic'ed (LoadProhibited). Exception was unhandled.

Core  0 register dump:
PC      : 0x400d61b0  PS      : 0x00060330  A0      : 0x800d6098  A1      : 0x3ffb3f50  
A2      : 0x3ffb3f74  A3      : 0x0000002d  A4      : 0x3ffb3f60  A5      : 0x00000000  
A6      : 0x00000001  A7      : 0x00000001  A8      : 0x00000018  A9      : 0x3ffb3f00  
A10     : 0x0000000e  A11     : 0x00000000  A12     : 0x00000026  A13     : 0x3f40256b  
A14     : 0x00000015  A15     : 0x3ffaea38  SAR     : 0x00000004  EXCCAUSE: 0x0000001c  
EXCVADDR: 0x00000000  LBEG    : 0x400014fd  LEND    : 0x4000150d  LCOUNT  : 0xffffffff  


Backtrace: 0x400d61ad:0x3ffb3f50 0x400d6095:0x3ffb3f70 0x400e307d:0x3ffb3fa0 0x40085d35:0x3ffb3fd0




ELF file SHA256: 8f952801f

Rebooting...
ets Jul 29 2019 12:21:46

rst:0xc (SW_CPU_RESET),boot:0x13 (SPI_FAST_FLASH_BOOT)
configsip: 0, SPIWP:0xee
clk_drv:0x00,q_drv:0x00,d_drv:0x00,cs0_drv:0x00,hd_drv:0x00,wp_drv:0x00
mode:DIO, clock div:2
load:0x3fff0030,len:6380
ho 0 tail 12 room 4
load:0x40078000,len:15916
load:0x40080400,len:3860
entry 0x40080638
[0;32mI (29) boot: ESP-IDF HEAD-HASH-NOTFOUND 2nd stage bootloader[0m
[0;32mI (29) boot: compile time Oct  8 2025 00:30:29[0m
[0;32mI (29) boot: Multicore bootloader[0m
[0;32mI (32) boot: chip revision: v3.1[0m
[0;32mI (34) boot.esp32: SPI Speed      : 40MHz[0m
[0;32mI (38) boot.esp32: SPI Mode       : DIO[0m
[0;32mI (42) boot.esp32: SPI Flash Size : 2MB[0m
[0;32mI (45) boot: Enabling RNG early entropy source...[0m
[0;32mI (50) boot: Partition Table:[0m
[0;32mI (52) boot: ## Label            Usage          Type ST Offset   Length[0m
[0;32mI (59) boot:  0 nvs              WiFi data        01 02 00009000 00006000[0m
[0;32mI (65) boot:  1 phy_init         RF data          01 01 0000f000 00001000[0m
[0;32mI (72) boot:  2 factory          factory app      00 00 00010000 00100000[0m
[0;32mI (78) boot: End of partition table[0m
[0;32mI (82) esp_image: segment 0: paddr=00010020 vaddr=3f400020 size=09a58h ( 39512) map[0m
[0;32mI (102) esp_image: segment 1: paddr=00019a80 vaddr=3ffb0000 size=023d8h (  9176) load[0m
[0;32mI (106) esp_image: segment 2: paddr=0001be60 vaddr=40080000 size=041b8h ( 16824) load[0m
[0;32mI (113) esp_image: segment 3: paddr=00020020 vaddr=400d0020 size=13764h ( 79716) map[0m
[0;32mI (141) esp_image: segment 4: paddr=0003378c vaddr=400841b8 size=08e40h ( 36416) load[0m
[0;32mI (156) esp_image: segment 5: paddr=0003c5d4 vaddr=50000000 size=00020h (    32) load[0m
[0;32mI (162) boot: Loaded app from partition at offset 0x10000[0m
[0;32mI (162) boot: Disabling RNG early entropy source...[0m
[0;32mI (174) cpu_start: Multicore app[0m
[0;32mI (182) cpu_start: Pro cpu start user code[0m
[0;32mI (182) cpu_start: cpu freq: 160000000 Hz[0m
[0;32mI (182) app_init: Application information:[0m
[0;32mI (182) app_init: Project name:     lab4[0m
[0;32mI (186) app_init: App version:      2c3774c-dirty[0m
[0;32mI (190) app_init: Compile time:     Oct  8 2025 09:46:24[0m
[0;32mI (195) app_init: ELF file SHA256:  8f952801f...[0m
[0;32mI (200) app_init: ESP-IDF:          HEAD-HASH-NOTFOUND[0m
[0;32mI (204) efuse_init: Min chip rev:     v0.0[0m
[0;32mI (208) efuse_init: Max chip rev:     v3.99 [0m
[0;32mI (212) efuse_init: Chip rev:         v3.1[0m
[0;32mI (216) heap_init: Initializing. RAM available for dynamic allocation:[0m
[0;32mI (223) heap_init: At 3FFAE6E0 len 00001920 (6 KiB): DRAM[0m
[0;32mI (228) heap_init: At 3FFB2CA8 len 0002D358 (180 KiB): DRAM[0m
[0;32mI (233) heap_init: At 3FFE0440 len 00003AE0 (14 KiB): D/IRAM[0m
[0;32mI (238) heap_init: At 3FFE4350 len 0001BCB0 (111 KiB): D/IRAM[0m
[0;32mI (244) heap_init: At 4008CFF8 len 00013008 (76 KiB): IRAM[0m
[0;33mW (250) spi_flash: Detected boya flash chip but using generic driver. For optimal functionality, enable `SPI_FLASH_SUPPORT_BOYA_CHIP` in menuconfig[0m
[0;32mI (262) spi_flash: detected chip: generic[0m
[0;32mI (266) spi_flash: flash io: dio[0m
[0;33mW (268) spi_flash: Detected size(4096k) larger than the size in the binary image header(2048k). Using the size in the binary image header.[0m
[0;32mI (281) main_task: Started on CPU0[0m
[0;32mI (291) main_task: Calling app_main()[0m
------single_linked_list tests------
added:38
added:51
added:81
added:99
added:6
added:54
added:61
added:77
added:31
added:24
added:85
added:16
added:85
added:7
added:58
added:14
added:95
added:34
added:68
added:15
added:58
added:31
added:19
added:21
added:29
index[0] = 6
index[1] = 7
index[2] = 14
index[3] = 15
index[4] = 16
index[5] = 19
index[6] = 21
index[7] = 24
index[8] = 29
index[9] = 31
index[10] = 31
index[11] = 34
index[12] = 38
index[13] = 51
index[14] = 54
index[15] = 58
index[16] = 58
index[17] = 61
index[18] = 68
index[19] = 77
index[20] = 81
index[21] = 85
index[22] = 85
index[23] = 95
index[24] = 99
index[0] = 31
index[1] = 34
index[2] = 38
index[3] = 51
index[4] = 54
------double_linked_list tests------
added:17
added:10
added:75
added:27
added:52
added:89
added:53
added:47
added:58
added:91
added:47
added:73
added:98
added:0
added:85
added:68
added:33
added:51
added:84
added:29
added:29
added:89
added:2
added:24
added:90
index[0] = 17
Guru Meditation Error: Core  0 panic'ed (LoadProhibited). Exception was unhandled.

Core  0 register dump:
PC      : 0x400d61b0  PS      : 0x00060330  A0      : 0x800d6098  A1      : 0x3ffb3f50  
A2      : 0x3ffb3f74  A3      : 0x0000005a  A4      : 0x3ffb3f60  A5      : 0x00000000  
A6      : 0x00000001  A7      : 0x00000001  A8      : 0x00000018  A9      : 0x3ffb3f00  
A10     : 0x0000000e  A11     : 0x00000000  A12     : 0x00000011  A13     : 0x3f40256b  
A14     : 0x00000015  A15     : 0x3ffaea38  SAR     : 0x00000004  EXCCAUSE: 0x0000001c  
EXCVADDR: 0x00000000  LBEG    : 0x400014fd  LEND    : 0x4000150d  LCOUNT  : 0xffffffff  


Backtrace: 0x400d61ad:0x3ffb3f50 0x400d6095:0x3ffb3f70 0x400e307d:0x3ffb3fa0 0x40085d35:0x3ffb3fd0




ELF file SHA256: 8f952801f

Rebooting...
ets Jul 29 2019 12:21:46

rst:0xc (SW_CPU_RESET),boot:0x13 (SPI_FAST_FLASH_BOOT)
configsip: 0, SPIWP:0xee
clk_drv:0x00,q_drv:0x00,d_drv:0x00,cs0_drv:0x00,hd_drv:0x00,wp_drv:0x00
mode:DIO, clock div:2
load:0x3fff0030,len:6380
ho 0 tail 12 room 4
load:0x40078000,len:15916
load:0x40080400,len:3860
entry 0x40080638
[0;32mI (29) boot: ESP-IDF HEAD-HASH-NOTFOUND 2nd stage bootloader[0m
[0;32mI (29) boot: compile time Oct  8 2025 00:30:29[0m
[0;32mI (29) boot: Multicore bootloader[0m
[0;32mI (32) boot: chip revision: v3.1[0m
[0;32mI (34) boot.esp32: SPI Speed      : 40MHz[0m
[0;32mI (38) boot.esp32: SPI Mode       : DIO[0m
[0;32mI (42) boot.esp32: SPI Flash Size : 2MB[0m
[0;32mI (45) boot: Enabling RNG early entropy source...[0m
[0;32mI (50) boot: Partition Table:[0m
[0;32mI (52) boot: ## Label            Usage          Type ST Offset   Length[0m
[0;32mI (59) boot:  0 nvs              WiFi data        01 02 00009000 00006000[0m
[0;32mI (65) boot:  1 phy_init         RF data          01 01 0000f000 00001000[0m
[0;32mI (72) boot:  2 factory          factory app      00 00 00010000 00100000[0m
[0;32mI (78) boot: End of partition table[0m
[0;32mI (82) esp_image: segment 0: paddr=00010020 vaddr=3f400020 size=09a58h ( 39512) map[0m
[0;32mI (102) esp_image: segment 1: paddr=00019a80 vaddr=3ffb0000 size=023d8h (  9176) load[0m
[0;32mI (106) esp_image: segment 2: paddr=0001be60 vaddr=40080000 size=041b8h ( 16824) load[0m
[0;32mI (113) esp_image: segment 3: paddr=00020020 vaddr=400d0020 size=13764h ( 79716) map[0m
[0;32mI (141) esp_image: segment 4: paddr=0003378c vaddr=400841b8 size=08e40h ( 36416) load[0m
[0;32mI (156) esp_image: segment 5: paddr=0003c5d4 vaddr=50000000 size=00020h (    32) load[0m
[0;32mI (162) boot: Loaded app from partition at offset 0x10000[0m
[0;32mI (162) boot: Disabling RNG early entropy source...[0m
[0;32mI (174) cpu_start: Multicore app[0m
[0;32mI (182) cpu_start: Pro cpu start user code[0m
[0;32mI (182) cpu_start: cpu freq: 160000000 Hz[0m
[0;32mI (182) app_init: Application information:[0m
[0;32mI (182) app_init: Project name:     lab4[0m
[0;32mI (186) app_init: App version:      2c3774c-dirty[0m
[0;32mI (190) app_init: Compile time:     Oct  8 2025 09:46:24[0m
[0;32mI (195) app_init: ELF file SHA256:  8f952801f...[0m
[0;32mI (200) app_init: ESP-IDF:          HEAD-HASH-NOTFOUND[0m
[0;32mI (204) efuse_init: Min chip rev:     v0.0[0m
[0;32mI (208) efuse_init: Max chip rev:     v3.99 [0m
[0;32mI (212) efuse_init: Chip rev:         v3.1[0m
[0;32mI (216) heap_init: Initializing. RAM available for dynamic allocation:[0m
[0;32mI (223) heap_init: At 3FFAE6E0 len 00001920 (6 KiB): DRAM[0m
[0;32mI (227) heap_init: At 3FFB2CA8 len 0002D358 (180 KiB): DRAM[0m
[0;32mI (233) heap_init: At 3FFE0440 len 00003AE0 (14 KiB): D/IRAM[0m
[0;32mI (238) heap_init: At 3FFE4350 len 0001BCB0 (111 KiB): D/IRAM[0m
[0;32mI (244) heap_init: At 4008CFF8 len 00013008 (76 KiB): IRAM[0m
[0;33mW (250) spi_flash: Detected boya flash chip but using generic driver. For optimal functionality, enable `SPI_FLASH_SUPPORT_BOYA_CHIP` in menuconfig[0m
[0;32mI (262) spi_flash: detected chip: generic[0m
[0;32mI (266) spi_flash: flash io: dio[0m
[0;33mW (268) spi_flash: Detected size(4096k) larger than the size in the binary image header(2048k). Using the size in the binary image header.[0m
[0;32mI (281) main_task: Started on CPU0[0m
[0;32mI (291) main_task: Calling app_main()[0m
------single_linked_list tests------
added:74
added:73
added:44
added:90
added:17
added:95
added:11
added:85
added:31
added:69
added:35
added:97
added:73
added:9
added:33
added:27
added:25
added:61
added:21
added:77
added:67
added:67
added:88
added:61
added:43
index[0] = 9
index[1] = 11
index[2] = 17
index[3] = 21
index[4] = 25
index[5] = 27
index[6] = 31
index[7] = 33
index[8] = 35
index[9] = 43
index[10] = 44
index[11] = 61
index[12] = 61
index[13] = 67
index[14] = 67
index[15] = 69
index[16] = 73
index[17] = 73
index[18] = 74
index[19] = 77
index[20] = 85
index[21] = 88
index[22] = 90
index[23] = 95
index[24] = 97
index[0] = 44
index[1] = 61
index[2] = 61
index[3] = 67
index[4] = 67
------double_linked_list tests------
added:62
added:57
added:20
added:63
added:96
added:83
added:77
added:12
added:87
added:6
added:7
added:88
added:76
added:35
added:26
added:30
added:51
added:61
added:16
added:33
added:55
added:94
added:62
added:28
added:86
index[0] = 62
Guru Meditation Error: Core  0 panic'ed (LoadProhibited). Exception was unhandled.

Core  0 register dump:
PC      : 0x400d61b0  PS      : 0x00060330  A0      : 0x800d6098  A1      : 0x3ffb3f50  
A2      : 0x3ffb3f74  A3      : 0x00000056  A4      : 0x3ffb3f60  A5      : 0x00000000  
A6      : 0x00000001  A7      : 0x00000001  A8      : 0x00000018  A9      : 0x3ffb3f00  
A10     : 0x0000000e  A11     : 0x00000000  A12     : 0x0000003e  A13     : 0x3f40256b  
A14     : 0x00000015  A15     : 0x3ffaea38  SAR     : 0x00000004  EXCCAUSE: 0x0000001c  
EXCVADDR: 0x00000000  LBEG    : 0x400014fd  LEND    : 0x4000150d  LCOUNT  : 0xffffffff  


Backtrace: 0x400d61ad:0x3ffb3f50 0x400d6095:0x3ffb3f70 0x400e307d:0x3ffb3fa0 0x40085d35:0x3ffb3fd0




ELF file SHA256: 8f952801f

Rebooting...
ets Jul 29 2019 12:21:46

rst:0xc (SW_CPU_RESET),boot:0x13 (SPI_FAST_FLASH_BOOT)
configsip: 0, SPIWP:0xee
clk_drv:0x00,q_drv:0x00,d_drv:0x00,cs0_drv:0x00,hd_drv:0x00,wp_drv:0x00
mode:DIO, clock div:2
load:0x3fff0030,len:6380
ho 0 tail 12 room 4
load:0x40078000,len:15916
load:0x40080400,len:3860
entry 0x40080638
[0;32mI (29) boot: ESP-IDF HEAD-HASH-NOTFOUND 2nd stage bootloader[0m
[0;32mI (29) boot: compile time Oct  8 2025 00:30:29[0m
[0;32mI (29) boot: Multicore bootloader[0m
[0;32mI (32) boot: chip revision: v3.1[0m
[0;32mI (34) boot.esp32: SPI Speed      : 40MHz[0m
[0;32mI (38) boot.esp32: SPI Mode       : DIO[0m
[0;32mI (42) boot.esp32: SPI Flash Size : 2MB[0m
[0;32mI (45) boot: Enabling RNG early entropy source...[0m
[0;32mI (50) boot: Partition Table:[0m
[0;32mI (52) boot: ## Label            Usage          Type ST Offset   Length[0m
[0;32mI (59) boot:  0 nvs              WiFi data        01 02 00009000 00006000[0m
[0;32mI (65) boot:  1 phy_init         RF data          01 01 0000f000 00001000[0m
[0;32mI (72) boot:  2 factory          factory app      00 00 00010000 00100000[0m
[0;32mI (78) boot: End of partition table[0m
[0;32mI (82) esp_image: segment 0: paddr=00010020 vaddr=3f400020 size=09a58h ( 39512) map[0m
[0;32mI (102) esp_image: segment 1: paddr=00019a80 vaddr=3ffb0000 size=023d8h (  9176) load[0m
[0;32mI (106) esp_image: segment 2: paddr=0001be60 vaddr=40080000 size=041b8h ( 16824) load[0m
[0;32mI (113) esp_image: segment 3: paddr=00020020 vaddr=400d0020 size=13764h ( 79716) map[0m
[0;32mI (141) esp_image: segment 4: paddr=0003378c vaddr=400841b8 size=08e40h ( 36416) load[0m
[0;32mI (156) esp_image: segment 5: paddr=0003c5d4 vaddr=50000000 size=00020h (    32) load[0m
[0;32mI (162) boot: Loaded app from partition at offset 0x10000[0m
[0;32mI (162) boot: Disabling RNG early entropy source...[0m
[0;32mI (174) cpu_start: Multicore app[0m
[0;32mI (182) cpu_start: Pro cpu start user code[0m
[0;32mI (182) cpu_start: cpu freq: 160000000 Hz[0m
[0;32mI (182) app_init: Application information:[0m
[0;32mI (182) app_init: Project name:     lab4[0m
[0;32mI (186) app_init: App version:      2c3774c-dirty[0m
[0;32mI (190) app_init: Compile time:     Oct  8 2025 09:46:24[0m
[0;32mI (195) app_init: ELF file SHA256:  8f952801f...[0m
[0;32mI (200) app_init: ESP-IDF:          HEAD-HASH-NOTFOUND[0m
[0;32mI (204) efuse_init: Min chip rev:     v0.0[0m
[0;32mI (208) efuse_init: Max chip rev:     v3.99 [0m
[0;32mI (212) efuse_init: Chip rev:         v3.1[0m
[0;32mI (216) heap_init: Initializing. RAM available for dynamic allocation:[0m
[0;32mI (223) heap_init: At 3FFAE6E0 len 00001920 (6 KiB): DRAM[0m
[0;32mI (228) heap_init: At 3FFB2CA8 len 0002D358 (180 KiB): DRAM[0m
[0;32mI (233) heap_init: At 3FFE0440 len 00003AE0 (14 KiB): D/IRAM[0m
[0;32mI (238) heap_init: At 3FFE4350 len 0001BCB0 (111 KiB): D/IRAM[0m
[0;32mI (244) heap_init: At 4008CFF8 len 00013008 (76 KiB): IRAM[0m
[0;33mW (250) spi_flash: Detected boya flash chip but using generic driver. For optimal functionality, enable `SPI_FLASH_SUPPORT_BOYA_CHIP` in menuconfig[0m
[0;32mI (262) spi_flash: detected chip: generic[0m
[0;32mI (266) spi_flash: flash io: dio[0m
[0;33mW (268) spi_flash: Detected size(4096k) larger than the size in the binary image header(2048k). Using the size in the binary image header.[0m
[0;32mI (281) main_task: Started on CPU0[0m
[0;32mI (291) main_task: Calling app_main()[0m
------single_linked_list tests------
added:27
added:54
added:53
added:66
added:10
added:86
added:10
added:61
added:11
added:31
added:98
added:92
added:13
added:77
added:90
added:0
added:29
added:76
added:4
added:33
added:14
added:32
added:52
added:20
added:14
index[0] = 0
index[1] = 4
index[2] = 10
index[3] = 10
index[4] = 11
index[5] = 13
index[6] = 14
index[7] = 14
index[8] = 20
index[9] = 27
index[10] = 29
index[11] = 31
index[12] = 32
index[13] = 33
index[14] = 52
index[15] = 53
index[16] = 54
index[17] = 61
index[18] = 66
index[19] = 76
index[20] = 77
index[21] = 86
index[22] = 90
index[23] = 92
index[24] = 98
index[0] = 29
index[1] = 31
index[2] = 32
index[3] = 33
index[4] = 52
------double_linked_list tests------
added:91
added:76
added:84
added:94
added:18
added:44
added:96
added:20
added:77
added:45
added:16
added:53
added:13
added:72
added:46
added:10
added:47
added:22
added:5
added:18
added:75
added:62
added:30
added:73
added:63
index[0] = 91
Guru Meditation Error: Core  0 panic'ed (LoadProhibited). Exception was unhandled.

Core  0 register dump:
PC      : 0x400d61b0  PS      : 0x00060330  A0      : 0x800d6098  A1      : 0x3ffb3f50  
A2      : 0x3ffb3f74  A3      : 0x0000003f  A4      : 0x3ffb3f60  A5      : 0x00000000  
A6      : 0x00000001  A7      : 0x00000001  A8      : 0x00000018  A9      : 0x3ffb3f00  
A10     : 0x0000000e  A11     : 0x00000000  A12     : 0x0000005b  A13     : 0x3f40256b  
A14     : 0x00000015  A15     : 0x3ffaea38  SAR     : 0x00000004  EXCCAUSE: 0x0000001c  
EXCVADDR: 0x00000000  LBEG    : 0x400014fd  LEND    : 0x4000150d  LCOUNT  : 0xffffffff  


Backtrace: 0x400d61ad:0x3ffb3f50 0x400d6095:0x3ffb3f70 0x400e307d:0x3ffb3fa0 0x40085d35:0x3ffb3fd0




ELF file SHA256: 8f952801f

Rebooting...
ets Jul 29 2019 12:21:46

rst:0xc (SW_CPU_RESET),boot:0x13 (SPI_FAST_FLASH_BOOT)
configsip: 0, SPIWP:0xee
clk_drv:0x00,q_drv:0x00,d_drv:0x00,cs0_drv:0x00,hd_drv:0x00,wp_drv:0x00
mode:DIO, clock div:2
load:0x3fff0030,len:6380
ho 0 tail 12 room 4
load:0x40078000,len:15916
load:0x40080400,len:3860
entry 0x40080638
[0;32mI (29) boot: ESP-IDF HEAD-HASH-NOTFOUND 2nd stage bootloader[0m
[0;32mI (29) boot: compile time Oct  8 2025 00:30:29[0m
[0;32mI (29) boot: Multicore bootloader[0m
[0;32mI (32) boot: chip revision: v3.1[0m
[0;32mI (34) boot.esp32: SPI Speed      : 40MHz[0m
[0;32mI (38) boot.esp32: SPI Mode       : DIO[0m
[0;32mI (42) boot.esp32: SPI Flash Size : 2MB[0m
[0;32mI (45) boot: Enabling RNG early entropy source...[0m
[0;32mI (50) boot: Partition Table:[0m
[0;32mI (52) boot: ## Label            Usage          Type ST Offset   Length[0m
[0;32mI (59) boot:  0 nvs              WiFi data        01 02 00009000 00006000[0m
[0;32mI (65) boot:  1 phy_init         RF data          01 01 0000f000 00001000[0m
[0;32mI (72) boot:  2 factory          factory app      00 00 00010000 00100000[0m
[0;32mI (78) boot: End of partition table[0m
[0;32mI (82) esp_image: segment 0: paddr=00010020 vaddr=3f400020 size=09a58h ( 39512) map[0m
[0;32mI (102) esp_image: segment 1: paddr=00019a80 vaddr=3ffb0000 size=023d8h (  9176) load[0m
[0;32mI (106) esp_image: segment 2: paddr=0001be60 vaddr=40080000 size=041b8h ( 16824) load[0m
[0;32mI (113) esp_image: segment 3: paddr=00020020 vaddr=400d0020 size=13764h ( 79716) map[0m
[0;32mI (141) esp_image: segment 4: paddr=0003378c vaddr=400841b8 size=08e40h ( 36416) load[0m
[0;32mI (156) esp_image: segment 5: paddr=0003c5d4 vaddr=50000000 size=00020h (    32) load[0m
[0;32mI (162) boot: Loaded app from partition at offset 0x10000[0m
[0;32mI (162) boot: Disabling RNG early entropy source...[0m
[0;32mI (174) cpu_start: Multicore app[0m
[0;32mI (182) cpu_start: Pro cpu start user code[0m
[0;32mI (182) cpu_start: cpu freq: 160000000 Hz[0m
[0;32mI (182) app_init: Application information:[0m
[0;32mI (182) app_init: Project name:     lab4[0m
[0;32mI (186) app_init: App version:      2c3774c-dirty[0m
[0;32mI (190) app_init: Compile time:     Oct  8 2025 09:46:24[0m
[0;32mI (195) app_init: ELF file SHA256:  8f952801f...[0m
[0;32mI (200) app_init: ESP-IDF:          HEAD-HASH-NOTFOUND[0m
[0;32mI (204) efuse_init: Min chip rev:     v0.0[0m
[0;32mI (208) efuse_init: Max chip rev:     v3.99 [0m
[0;32mI (212) efuse_init: Chip rev:         v3.1[0m
[0;32mI (216) heap_init: Initializing. RAM available for dynamic allocation:[0m
[0;32mI (223) heap_init: At 3FFAE6E0 len 00001920 (6 KiB): DRAM[0m
[0;32mI (228) heap_init: At 3FFB2CA8 len 0002D358 (180 KiB): DRAM[0m
[0;32mI (233) heap_init: At 3FFE0440 len 00003AE0 (14 KiB): D/IRAM[0m
[0;32mI (238) heap_init: At 3FFE4350 len 0001BCB0 (111 KiB): D/IRAM[0m
[0;32mI (244) heap_init: At 4008CFF8 len 00013008 (76 KiB): IRAM[0m
[0;33mW (250) spi_flash: Detected boya flash chip but using generic driver. For optimal functionality, enable `SPI_FLASH_SUPPORT_BOYA_CHIP` in menuconfig[0m
[0;32mI (262) spi_flash: detected chip: generic[0m
[0;32mI (266) spi_flash: flash io: dio[0m
[0;33mW (268) spi_flash: Detected size(4096k) larger than the size in the binary image header(2048k). Using the size in the binary image header.[0m
[0;32mI (281) main_task: Started on CPU0[0m
[0;32mI (291) main_task: Calling app_main()[0m
------single_linked_list tests------
added:5
added:96
added:33
added:83
added:76
added:46
added:33
added:50
added:79
added:61
added:25
added:66
added:10
added:19
added:66
added:71
added:6
added:46
added:63
added:83
added:98
added:31
added:7
added:53
added:12
index[0] = 5
index[1] = 6
index[2] = 7
index[3] = 10
index[4] = 12
index[5] = 19
index[6] = 25
index[7] = 31
index[8] = 33
index[9] = 33
index[10] = 46
index[11] = 46
index[12] = 50
index[13] = 53
index[14] = 61
index[15] = 63
index[16] = 66
index[17] = 66
index[18] = 71
index[19] = 76
index[20] = 79
index[21] = 83
index[22] = 83
index[23] = 96
index[24] = 98
index[0] = 46
index[1] = 46
index[2] = 50
index[3] = 53
index[4] = 61
------double_linked_list tests------
added:78
added:71
added:11
added:58
added:90
added:4
added:2
added:91
added:22
added:89
added:77
added:16
added:71
added:51
added:33
added:67
added:88
added:60
added:77
added:21
added:23
added:70
added:32
added:12
added:78
index[0] = 78
Guru Meditation Error: Core  0 panic'ed (LoadProhibited). Exception was unhandled.

Core  0 register dump:
PC      : 0x400d61b0  PS      : 0x00060330  A0      : 0x800d6098  A1      : 0x3ffb3f50  
A2      : 0x3ffb3f74  A3      : 0x0000004e  A4      : 0x3ffb3f60  A5      : 0x00000000  
A6      : 0x00000001  A7      : 0x00000001  A8      : 0x00000018  A9      : 0x3ffb3f00  
A10     : 0x0000000e  A11     : 0x00000000  A12     : 0x0000004e  A13     : 0x3f40256b  
A14     : 0x00000015  A15     : 0x3ffaea38  SAR     : 0x00000004  EXCCAUSE: 0x0000001c  
EXCVADDR: 0x00000000  LBEG    : 0x400014fd  LEND    : 0x4000150d  LCOUNT  : 0xffffffff  


Backtrace: 0x400d61ad:0x3ffb3f50 0x400d6095:0x3ffb3f70 0x400e307d:0x3ffb3fa0 0x40085d35:0x3ffb3fd0




ELF file SHA256: 8f952801f

Rebooting...
ets Jul 29 2019 12:21:46

rst:0xc (SW_CPU_RESET),boot:0x13 (SPI_FAST_FLASH_BOOT)
configsip: 0, SPIWP:0xee
clk_drv:0x00,q_drv:0x00,d_drv:0x00,cs0_drv:0x00,hd_drv:0x00,wp_drv:0x00
mode:DIO, clock div:2
load:0x3fff0030,len:6380
ho 0 tail 12 room 4
load:0x40078000,len:15916
load:0x40080400,len:3860
entry 0x40080638
[0;32mI (29) boot: ESP-IDF HEAD-HASH-NOTFOUND 2nd stage bootloader[0m
[0;32mI (29) boot: compile time Oct  8 2025 00:30:29[0m
[0;32mI (29) boot: Multicore bootloader[0m
[0;32mI (32) boot: chip revision: v3.1[0m
[0;32mI (34) boot.esp32: SPI Speed      : 40MHz[0m
[0;32mI (38) boot.esp32: SPI Mode       : DIO[0m
[0;32mI (42) boot.esp32: SPI Flash Size : 2MB[0m
[0;32mI (45) boot: Enabling RNG early entropy source...[0m
[0;32mI (50) boot: Partition Table:[0m
[0;32mI (52) boot: ## Label            Usage          Type ST Offset   Length[0m
[0;32mI (59) boot:  0 nvs              WiFi data        01 02 00009000 00006000[0m
[0;32mI (65) boot:  1 phy_init         RF data          01 01 0000f000 00001000[0m
[0;32mI (72) boot:  2 factory          factory app      00 00 00010000 00100000[0m
[0;32mI (78) boot: End of partition table[0m
[0;32mI (82) esp_image: segment 0: paddr=00010020 vaddr=3f400020 size=09a58h ( 39512) map[0m
[0;32mI (102) esp_image: segment 1: paddr=00019a80 vaddr=3ffb0000 size=023d8h (  9176) load[0m
[0;32mI (106) esp_image: segment 2: paddr=0001be60 vaddr=40080000 size=041b8h ( 16824) load[0m
[0;32mI (113) esp_image: segment 3: paddr=00020020 vaddr=400d0020 size=13764h ( 79716) map[0m
[0;32mI (141) esp_image: segment 4: paddr=0003378c vaddr=400841b8 size=08e40h ( 36416) load[0m
[0;32mI (156) esp_image: segment 5: paddr=0003c5d4 vaddr=50000000 size=00020h (    32) load[0m
[0;32mI (162) boot: Loaded app from partition at offset 0x10000[0m
[0;32mI (162) boot: Disabling RNG early entropy source...[0m
[0;32mI (174) cpu_start: Multicore app[0m
[0;32mI (182) cpu_start: Pro cpu start user code[0m
[0;32mI (182) cpu_start: cpu freq: 160000000 Hz[0m
[0;32mI (182) app_init: Application information:[0m
[0;32mI (182) app_init: Project name:     lab4[0m
[0;32mI (186) app_init: App version:      2c3774c-dirty[0m
[0;32mI (190) app_init: Compile time:     Oct  8 2025 09:46:24[0m
[0;32mI (195) app_init: ELF file SHA256:  8f952801f...[0m
[0;32mI (200) app_init: ESP-IDF:          HEAD-HASH-NOTFOUND[0m
[0;32mI (204) efuse_init: Min chip rev:     v0.0[0m
[0;32mI (208) efuse_init: Max chip rev:     v3.99 [0m
[0;32mI (212) efuse_init: Chip rev:         v3.1[0m
[0;32mI (216) heap_init: Initializing. RAM available for dynamic allocation:[0m
[0;32mI (223) heap_init: At 3FFAE6E0 len 00001920 (6 KiB): DRAM[0m
[0;32mI (227) heap_init: At 3FFB2CA8 len 0002D358 (180 KiB): DRAM[0m
[0;32mI (233) heap_init: At 3FFE0440 len 00003AE0 (14 KiB): D/IRAM[0m
[0;32mI (238) heap_init: At 3FFE4350 len 0001BCB0 (111 KiB): D/IRAM[0m
[0;32mI (244) heap_init: At 4008CFF8 len 00013008 (76 KiB): IRAM[0m
[0;33mW (250) spi_flash: Detected boya flash chip but using generic driver. For optimal functionality, enable `SPI_FLASH_SUPPORT_BOYA_CHIP` in menuconfig[0m
[0;32mI (262) spi_flash: detected chip: generic[0m
[0;32mI (266) spi_flash: flash io: dio[0m
[0;33mW (268) spi_flash: Detected size(4096k) larger than the size in the binary image header(2048k). Using the size in the binary image header.[0m
[0;32mI (281) main_task: Started on CPU0[0m
[0;32mI (291) main_task: Calling app_main()[0m
------single_linked_list tests------
added:76
added:43
added:49
added:25
added:67
added:36
added:24
added:8
added:44
added:7
added:98
added:51
added:7
added:26
added:21
added:72
added:75
added:18
added:15
added:81
added:94
added:89
added:57
added:99
added:76
index[0] = 7
index[1] = 7
index[2] = 8
index[3] = 15
index[4] = 18
index[5] = 21
index[6] = 24
index[7] = 25
index[8] = 26
index[9] = 36
index[10] = 43
index[11] = 44
index[12] = 49
index[13] = 51
index[14] = 57
index[15] = 67
index[16] = 72
index[17] = 75
index[18] = 76
index[19] = 76
index[20] = 81
index[21] = 89
index[22] = 94
index[23] = 98
index[24] = 99
index[0] = 43
index[1] = 44
index[2] = 49
index[3] = 51
index[4] = 57
------double_linked_list tests------
added:39
added:41
added:87
added:27
added:57
added:18
added:59
added:48
added:62
added:2
added:86
added:90
added:83
added:46
added:68
added:74
added:22
added:69
added:12
added:19
added:11
added:47
added:32
added:39
added:57
index[0] = 39
Guru Meditation Error: Core  0 panic'ed (LoadProhibited). Exception was unhandled.

Core  0 register dump:
PC      : 0x400d61b0  PS      : 0x00060330  A0      : 0x800d6098  A1      : 0x3ffb3f50  
A2      : 0x3ffb3f74  A3      : 0x00000039  A4      : 0x3ffb3f60  A5      : 0x00000000  
A6      : 0x00000001  A7      : 0x00000001  A8      : 0x00000018  A9      : 0x3ffb3f00  
A10     : 0x0000000e  A11     : 0x00000000  A12     : 0x00000027  A13     : 0x3f40256b  
A14     : 0x00000015  A15     : 0x3ffaea38  SAR     : 0x00000004  EXCCAUSE: 0x0000001c  
EXCVADDR: 0x00000000  LBEG    : 0x400014fd  LEND    : 0x4000150d  LCOUNT  : 0xffffffff  


Backtrace: 0x400d61ad:0x3ffb3f50 0x400d6095:0x3ffb3f70 0x400e307d:0x3ffb3fa0 0x40085d35:0x3ffb3fd0




ELF file SHA256: 8f952801f

Rebooting...
ets Jul 29 2019 12:21:46

rst:0xc (SW_CPU_RESET),boot:0x13 (SPI_FAST_FLASH_BOOT)
configsip: 0, SPIWP:0xee
clk_drv:0x00,q_drv:0x00,d_drv:0x00,cs0_drv:0x00,hd_drv:0x00,wp_drv:0x00
mode:DIO, clock div:2
load:0x3fff0030,len:6380
ho 0 tail 12 room 4
load:0x40078000,len:15916
load:0x40080400,len:3860
entry 0x40080638
[0;32mI (29) boot: ESP-IDF HEAD-HASH-NOTFOUND 2nd stage bootloader[0m
[0;32mI (29) boot: compile time Oct  8 2025 00:30:29[0m
[0;32mI (29) boot: Multicore bootloader[0m
[0;32mI (32) boot: chip revision: v3.1[0m
[0;32mI (34) boot.esp32: SPI Speed      : 40MHz[0m
[0;32mI (38) boot.esp32: SPI Mode       : DIO[0m
[0;32mI (42) boot.esp32: SPI Flash Size : 2MB[0m
[0;32mI (45) boot: Enabling RNG early entropy source...[0m
[0;32mI (50) boot: Partition Table:[0m
[0;32mI (52) boot: ## Label            Usage          Type ST Offset   Length[0m
[0;32mI (59) boot:  0 nvs              WiFi data        01 02 00009000 00006000[0m
[0;32mI (65) boot:  1 phy_init         RF data          01 01 0000f000 00001000[0m
[0;32mI (72) boot:  2 factory          factory app      00 00 00010000 00100000[0m
[0;32mI (78) boot: End of partition table[0m
[0;32mI (82) esp_image: segment 0: paddr=00010020 vaddr=3f400020 size=09a58h ( 39512) map[0m
[0;32mI (102) esp_image: segment 1: paddr=00019a80 vaddr=3ffb0000 size=023d8h (  9176) load[0m
[0;32mI (106) esp_image: segment 2: paddr=0001be60 vaddr=40080000 size=041b8h ( 16824) load[0m
[0;32mI (113) esp_image: segment 3: paddr=00020020 vaddr=400d0020 size=13764h ( 79716) map[0m
[0;32mI (141) esp_image: segment 4: paddr=0003378c vaddr=400841b8 size=08e40h ( 36416) load[0m
[0;32mI (156) esp_image: segment 5: paddr=0003c5d4 vaddr=50000000 size=00020h (    32) load[0m
[0;32mI (162) boot: Loaded app from partition at offset 0x10000[0m
[0;32mI (162) boot: Disabling RNG early entropy source...[0m
[0;32mI (174) cpu_start: Multicore app[0m
[0;32mI (182) cpu_start: Pro cpu start user code[0m
[0;32mI (182) cpu_start: cpu freq: 160000000 Hz[0m
[0;32mI (182) app_init: Application information:[0m
[0;32mI (182) app_init: Project name:     lab4[0m
[0;32mI (186) app_init: App version:      2c3774c-dirty[0m
[0;32mI (190) app_init: Compile time:     Oct  8 2025 09:46:24[0m
[0;32mI (195) app_init: ELF file SHA256:  8f952801f...[0m
[0;32mI (200) app_init: ESP-IDF:          HEAD-HASH-NOTFOUND[0m
[0;32mI (204) efuse_init: Min chip rev:     v0.0[0m
[0;32mI (208) efuse_init: Max chip rev:     v3.99 [0m
[0;32mI (212) efuse_init: Chip rev:         v3.1[0m
[0;32mI (216) heap_init: Initializing. RAM available for dynamic allocation:[0m
[0;32mI (223) heap_init: At 3FFAE6E0 len 00001920 (6 KiB): DRAM[0m
[0;32mI (228) heap_init: At 3FFB2CA8 len 0002D358 (180 KiB): DRAM[0m
[0;32mI (233) heap_init: At 3FFE0440 len 00003AE0 (14 KiB): D/IRAM[0m
[0;32mI (238) heap_init: At 3FFE4350 len 0001BCB0 (111 KiB): D/IRAM[0m
[0;32mI (244) heap_init: At 4008CFF8 len 00013008 (76 KiB): IRAM[0m
[0;33mW (250) spi_flash: Detected boya flash chip but using generic driver. For optimal functionality, enable `SPI_FLASH_SUPPORT_BOYA_CHIP` in menuconfig[0m
[0;32mI (262) spi_flash: detected chip: generic[0m
[0;32mI (266) spi_flash: flash io: dio[0m
[0;33mW (268) spi_flash: Detected size(4096k) larger than the size in the binary image header(2048k). Using the size in the binary image header.[0m
[0;32mI (281) main_task: Started on CPU0[0m
[0;32mI (291) main_task: Calling app_main()[0m
------single_linked_list tests------
added:27
added:5
added:59
added:2
added:98
added:6
added:90
added:9
added:15
added:45
added:90
added:33
added:6
added:61
added:69
added:74
added:88
added:84
added:80
added:40
added:83
added:22
added:67
added:65
added:44
index[0] = 2
index[1] = 5
index[2] = 6
index[3] = 6
index[4] = 9
index[5] = 15
index[6] = 22
index[7] = 27
index[8] = 33
index[9] = 40
index[10] = 44
index[11] = 45
index[12] = 59
index[13] = 61
index[14] = 65
index[15] = 67
index[16] = 69
index[17] = 74
index[18] = 80
index[19] = 83
index[20] = 84
index[21] = 88
index[22] = 90
index[23] = 90
index[24] = 98
index[0] = 44
index[1] = 45
index[2] = 59
index[3] = 61
index[4] = 65
------double_linked_list tests------
added:29
added:73
added:19
added:4
added:53
added:24
added:68
added:37
added:69
added:10
added:90
added:35
added:79
added:6
added:54
added:67
added:31
added:7
added:18
added:90
added:75
added:91
added:63
added:62
added:63
index[0] = 29
Guru Meditation Error: Core  0 panic'ed (LoadProhibited). Exception was unhandled.

Core  0 register dump:
PC      : 0x400d61b0  PS      : 0x00060330  A0      : 0x800d6098  A1      : 0x3ffb3f50  
A2      : 0x3ffb3f74  A3      : 0x0000003f  A4      : 0x3ffb3f60  A5      : 0x00000000  
A6      : 0x00000001  A7      : 0x00000001  A8      : 0x00000018  A9      : 0x3ffb3f00  
A10     : 0x0000000e  A11     : 0x00000000  A12     : 0x0000001d  A13     : 0x3f40256b  
A14     : 0x00000015  A15     : 0x3ffaea38  SAR     : 0x00000004  EXCCAUSE: 0x0000001c  
EXCVADDR: 0x00000000  LBEG    : 0x400014fd  LEND    : 0x4000150d  LCOUNT  : 0xffffffff  


Backtrace: 0x400d61ad:0x3ffb3f50 0x400d6095:0x3ffb3f70 0x400e307d:0x3ffb3fa0 0x40085d35:0x3ffb3fd0




ELF file SHA256: 8f952801f

Rebooting...
ets Jul 29 2019 12:21:46

rst:0xc (SW_CPU_RESET),boot:0x13 (SPI_FAST_FLASH_BOOT)
configsip: 0, SPIWP:0xee
clk_drv:0x00,q_drv:0x00,d_drv:0x00,cs0_drv:0x00,hd_drv:0x00,wp_drv:0x00
mode:DIO, clock div:2
load:0x3fff0030,len:6380
ho 0 tail 12 room 4
load:0x40078000,len:15916
load:0x40080400,len:3860
entry 0x40080638
[0;32mI (29) boot: ESP-IDF HEAD-HASH-NOTFOUND 2nd stage bootloader[0m
[0;32mI (29) boot: compile time Oct  8 2025 00:30:29[0m
[0;32mI (29) boot: Multicore bootloader[0m
[0;32mI (32) boot: chip revision: v3.1[0m
[0;32mI (34) boot.esp32: SPI Speed      : 40MHz[0m
[0;32mI (38) boot.esp32: SPI Mode       : DIO[0m
[0;32mI (42) boot.esp32: SPI Flash Size : 2MB[0m
[0;32mI (45) boot: Enabling RNG early entropy source...[0m
[0;32mI (50) boot: Partition Table:[0m
[0;32mI (52) boot: ## Label            Usage          Type ST Offset   Length[0m
[0;32mI (59) boot:  0 nvs              WiFi data        01 02 00009000 00006000[0m
[0;32mI (65) boot:  1 phy_init         RF data          01 01 0000f000 00001000[0m
[0;32mI (72) boot:  2 factory          factory app      00 00 00010000 00100000[0m
[0;32mI (78) boot: End of partition table[0m
[0;32mI (82) esp_image: segment 0: paddr=00010020 vaddr=3f400020 size=09a58h ( 39512) map[0m
[0;32mI (102) esp_image: segment 1: paddr=00019a80 vaddr=3ffb0000 size=023d8h (  9176) load[0m
[0;32mI (106) esp_image: segment 2: paddr=0001be60 vaddr=40080000 size=041b8h ( 16824) load[0m
[0;32mI (113) esp_image: segment 3: paddr=00020020 vaddr=400d0020 size=13764h ( 79716) map[0m
[0;32mI (141) esp_image: segment 4: paddr=0003378c vaddr=400841b8 size=08e40h ( 36416) load[0m
[0;32mI (156) esp_image: segment 5: paddr=0003c5d4 vaddr=50000000 size=00020h (    32) load[0m
[0;32mI (162) boot: Loaded app from partition at offset 0x10000[0m
[0;32mI (162) boot: Disabling RNG early entropy source...[0m
[0;32mI (174) cpu_start: Multicore app[0m
[0;32mI (182) cpu_start: Pro cpu start user code[0m
[0;32mI (182) cpu_start: cpu freq: 160000000 Hz[0m
[0;32mI (182) app_init: Application information:[0m
[0;32mI (182) app_init: Project name:     lab4[0m
[0;32mI (186) app_init: App version:      2c3774c-dirty[0m
[0;32mI (190) app_init: Compile time:     Oct  8 2025 09:46:24[0m
[0;32mI (195) app_init: ELF file SHA256:  8f952801f...[0m
[0;32mI (200) app_init: ESP-IDF:          HEAD-HASH-NOTFOUND[0m
[0;32mI (204) efuse_init: Min chip rev:     v0.0[0m
[0;32mI (208) efuse_init: Max chip rev:     v3.99 [0m
[0;32mI (212) efuse_init: Chip rev:         v3.1[0m
[0;32mI (216) heap_init: Initializing. RAM available for dynamic allocation:[0m
[0;32mI (223) heap_init: At 3FFAE6E0 len 00001920 (6 KiB): DRAM[0m
[0;32mI (228) heap_init: At 3FFB2CA8 len 0002D358 (180 KiB): DRAM[0m
[0;32mI (233) heap_init: At 3FFE0440 len 00003AE0 (14 KiB): D/IRAM[0m
[0;32mI (238) heap_init: At 3FFE4350 len 0001BCB0 (111 KiB): D/IRAM[0m
[0;32mI (244) heap_init: At 4008CFF8 len 00013008 (76 KiB): IRAM[0m
[0;33mW (250) spi_flash: Detected boya flash chip but using generic driver. For optimal functionality, enable `SPI_FLASH_SUPPORT_BOYA_CHIP` in menuconfig[0m
[0;32mI (262) spi_flash: detected chip: generic[0m
[0;32mI (266) spi_flash: flash io: dio[0m
[0;33mW (268) spi_flash: Detected size(4096k) larger than the size in the binary image header(2048k). Using the size in the binary image header.[0m
[0;32mI (281) main_task: Started on CPU0[0m
[0;32mI (291) main_task: Calling app_main()[0m
------single_linked_list tests------
added:0
added:56
added:48
added:22
added:94
added:34
added:56
added:82
added:30
added:57
added:57
added:71
added:91
added:79
added:10
added:79
added:33
added:97
added:53
added:29
added:66
added:38
added:92
added:42
added:9
index[0] = 0
index[1] = 9
index[2] = 10
index[3] = 22
index[4] = 29
index[5] = 30
index[6] = 33
index[7] = 34
index[8] = 38
index[9] = 42
index[10] = 48
index[11] = 53
index[12] = 56
index[13] = 56
index[14] = 57
index[15] = 57
index[16] = 66
index[17] = 71
index[18] = 79
index[19] = 79
index[20] = 82
index[21] = 91
index[22] = 92
index[23] = 94
index[24] = 97
index[0] = 48
index[1] = 53
index[2] = 56
index[3] = 56
index[4] = 57
------double_linked_list tests------
added:97
added:92
added:7
added:40
added:10
added:29
added:19
added:38
added:96
added:77
added:42
added:97
added:76
added:28
added:12
added:92
added:90
added:73
added:24
added:18
added:5
added:7
added:26
added:35
added:79
index[0] = 97
Guru Meditation Error: Core  0 panic'ed (LoadProhibited). Exception was unhandled.

Core  0 register dump:
PC      : 0x400d61b0  PS      : 0x00060330  A0      : 0x800d6098  A1      : 0x3ffb3f50  
A2      : 0x3ffb3f74  A3      : 0x0000004f  A4      : 0x3ffb3f60  A5      : 0x00000000  
A6      : 0x00000001  A7      : 0x00000001  A8      : 0x00000018  A9      : 0x3ffb3f00  
A10     : 0x0000000e  A11     : 0x00000000  A12     : 0x00000061  A13     : 0x3f40256b  
A14     : 0x00000015  A15     : 0x3ffaea38  SAR     : 0x00000004  EXCCAUSE: 0x0000001c  
EXCVADDR: 0x00000000  LBEG    : 0x400014fd  LEND    : 0x4000150d  LCOUNT  : 0xffffffff  


Backtrace: 0x400d61ad:0x3ffb3f50 0x400d6095:0x3ffb3f70 0x400e307d:0x3ffb3fa0 0x40085d35:0x3ffb3fd0




ELF file SHA256: 8f952801f

Rebooting...
ets Jul 29 2019 12:21:46

rst:0xc (SW_CPU_RESET),boot:0x13 (SPI_FAST_FLASH_BOOT)
configsip: 0, SPIWP:0xee
clk_drv:0x00,q_drv:0x00,d_drv:0x00,cs0_drv:0x00,hd_drv:0x00,wp_drv:0x00
mode:DIO, clock div:2
load:0x3fff0030,len:6380
ho 0 tail 12 room 4
load:0x40078000,len:15916
load:0x40080400,len:3860
entry 0x40080638
[0;32mI (29) boot: ESP-IDF HEAD-HASH-NOTFOUND 2nd stage bootloader[0m
[0;32mI (29) boot: compile time Oct  8 2025 00:30:29[0m
[0;32mI (29) boot: Multicore bootloader[0m
[0;32mI (32) boot: chip revision: v3.1[0m
[0;32mI (34) boot.esp32: SPI Speed      : 40MHz[0m
[0;32mI (38) boot.esp32: SPI Mode       : DIO[0m
[0;32mI (42) boot.esp32: SPI Flash Size : 2MB[0m
[0;32mI (45) boot: Enabling RNG early entropy source...[0m
[0;32mI (50) boot: Partition Table:[0m
[0;32mI (52) boot: ## Label            Usage          Type ST Offset   Length[0m
[0;32mI (59) boot:  0 nvs              WiFi data        01 02 00009000 00006000[0m
[0;32mI (65) boot:  1 phy_init         RF data          01 01 0000f000 00001000[0m
[0;32mI (72) boot:  2 factory          factory app      00 00 00010000 00100000[0m
[0;32mI (78) boot: End of partition table[0m
[0;32mI (82) esp_image: segment 0: paddr=00010020 vaddr=3f400020 size=09a58h ( 39512) map[0m
[0;32mI (102) esp_image: segment 1: paddr=00019a80 vaddr=3ffb0000 size=023d8h (  9176) load[0m
[0;32mI (106) esp_image: segment 2: paddr=0001be60 vaddr=40080000 size=041b8h ( 16824) load[0m
[0;32mI (113) esp_image: segment 3: paddr=00020020 vaddr=400d0020 size=13764h ( 79716) map[0m
[0;32mI (141) esp_image: segment 4: paddr=0003378c vaddr=400841b8 size=08e40h ( 36416) load[0m
[0;32mI (156) esp_image: segment 5: paddr=0003c5d4 vaddr=50000000 size=00020h (    32) load[0m
[0;32mI (162) boot: Loaded app from partition at offset 0x10000[0m
[0;32mI (162) boot: Disabling RNG early entropy source...[0m
[0;32mI (174) cpu_start: Multicore app[0m
[0;32mI (182) cpu_start: Pro cpu start user code[0m
[0;32mI (182) cpu_start: cpu freq: 160000000 Hz[0m
[0;32mI (182) app_init: Application information:[0m
[0;32mI (182) app_init: Project name:     lab4[0m
[0;32mI (186) app_init: App version:      2c3774c-dirty[0m
[0;32mI (190) app_init: Compile time:     Oct  8 2025 09:46:24[0m
[0;32mI (195) app_init: ELF file SHA256:  8f952801f...[0m
[0;32mI (200) app_init: ESP-IDF:          HEAD-HASH-NOTFOUND[0m
[0;32mI (204) efuse_init: Min chip rev:     v0.0[0m
[0;32mI (208) efuse_init: Max chip rev:     v3.99 [0m
[0;32mI (212) efuse_init: Chip rev:         v3.1[0m
[0;32mI (216) heap_init: Initializing. RAM available for dynamic allocation:[0m
[0;32mI (223) heap_init: At 3FFAE6E0 len 00001920 (6 KiB): DRAM[0m
[0;32mI (228) heap_init: At 3FFB2CA8 len 0002D358 (180 KiB): DRAM[0m
[0;32mI (233) heap_init: At 3FFE0440 len 00003AE0 (14 KiB): D/IRAM[0m
[0;32mI (238) heap_init: At 3FFE4350 len 0001BCB0 (111 KiB): D/IRAM[0m
[0;32mI (244) heap_init: At 4008CFF8 len 00013008 (76 KiB): IRAM[0m
[0;33mW (250) spi_flash: Detected boya flash chip but using generic driver. For optimal functionality, enable `SPI_FLASH_SUPPORT_BOYA_CHIP` in menuconfig[0m
[0;32mI (262) spi_flash: detected chip: generic[0m
[0;32mI (266) spi_flash: flash io: dio[0m
[0;33mW (268) spi_flash: Detected size(4096k) larger than the size in the binary image header(2048k). Using the size in the binary image header.[0m
[0;32mI (281) main_task: Started on CPU0[0m
[0;32mI (291) main_task: Calling app_main()[0m
------single_linked_list tests------
added:0
added:55
added:77
added:83
added:57
added:70
added:36
added:92
added:60
added:25
added:40
added:22
added:94
added:98
added:19
added:1
added:8
added:20
added:18
added:18
added:5
added:96
added:47
added:73
added:66
index[0] = 0
index[1] = 1
index[2] = 5
index[3] = 8
index[4] = 18
index[5] = 18
index[6] = 19
index[7] = 20
index[8] = 22
index[9] = 25
index[10] = 36
index[11] = 40
index[12] = 47
index[13] = 55
index[14] = 57
index[15] = 60
index[16] = 66
index[17] = 70
index[18] = 73
index[19] = 77
index[20] = 83
index[21] = 92
index[22] = 94
index[23] = 96
index[24] = 98
index[0] = 36
index[1] = 40
index[2] = 47
index[3] = 55
index[4] = 57
------double_linked_list tests------
added:69
added:25
added:2
added:97
added:53
added:42
added:74
added:53
added:68
added:99
added:0
added:24
added:42
added:41
added:37
added:31
added:39
added:36
added:45
added:69
added:22
added:14
added:65
added:5
added:28
index[0] = 69
Guru Meditation Error: Core  0 panic'ed (LoadProhibited). Exception was unhandled.

Core  0 register dump:
PC      : 0x400d61b0  PS      : 0x00060330  A0      : 0x800d6098  A1      : 0x3ffb3f50  
A2      : 0x3ffb3f74  A3      : 0x0000001c  A4      : 0x3ffb3f60  A5      : 0x00000000  
A6      : 0x00000001  A7      : 0x00000001  A8      : 0x00000018  A9      : 0x3ffb3f00  
A10     : 0x0000000e  A11     : 0x00000000  A12     : 0x00000045  A13     : 0x3f40256b  
A14     : 0x00000015  A15     : 0x3ffaea38  SAR     : 0x00000004  EXCCAUSE: 0x0000001c  
EXCVADDR: 0x00000000  LBEG    : 0x400014fd  LEND    : 0x4000150d  LCOUNT  : 0xffffffff  


Backtrace: 0x400d61ad:0x3ffb3f50 0x400d6095:0x3ffb3f70 0x400e307d:0x3ffb3fa0 0x40085d35:0x3ffb3fd0




ELF file SHA256: 8f952801f

Rebooting...
ets Jul 29 2019 12:21:46

rst:0xc (SW_CPU_RESET),boot:0x13 (SPI_FAST_FLASH_BOOT)
configsip: 0, SPIWP:0xee
clk_drv:0x00,q_drv:0x00,d_drv:0x00,cs0_drv:0x00,hd_drv:0x00,wp_drv:0x00
mode:DIO, clock div:2
load:0x3fff0030,len:6380
ho 0 tail 12 room 4
load:0x40078000,len:15916
load:0x40080400,len:3860
entry 0x40080638
[0;32mI (29) boot: ESP-IDF HEAD-HASH-NOTFOUND 2nd stage bootloader[0m
[0;32mI (29) boot: compile time Oct  8 2025 00:30:29[0m
[0;32mI (29) boot: Multicore bootloader[0m
[0;32mI (32) boot: chip revision: v3.1[0m
[0;32mI (34) boot.esp32: SPI Speed      : 40MHz[0m
[0;32mI (38) boot.esp32: SPI Mode       : DIO[0m
[0;32mI (42) boot.esp32: SPI Flash Size : 2MB[0m
[0;32mI (45) boot: Enabling RNG early entropy source...[0m
[0;32mI (50) boot: Partition Table:[0m
[0;32mI (52) boot: ## Label            Usage          Type ST Offset   Length[0m
[0;32mI (59) boot:  0 nvs              WiFi data        01 02 00009000 00006000[0m
[0;32mI (65) boot:  1 phy_init         RF data          01 01 0000f000 00001000[0m
[0;32mI (72) boot:  2 factory          factory app      00 00 00010000 00100000[0m
[0;32mI (78) boot: End of partition table[0m
[0;32mI (82) esp_image: segment 0: paddr=00010020 vaddr=3f400020 size=09a58h ( 39512) map[0m
[0;32mI (102) esp_image: segment 1: paddr=00019a80 vaddr=3ffb0000 size=023d8h (  9176) load[0m
[0;32mI (106) esp_image: segment 2: paddr=0001be60 vaddr=40080000 size=041b8h ( 16824) load[0m
[0;32mI (113) esp_image: segment 3: paddr=00020020 vaddr=400d0020 size=13764h ( 79716) map[0m
[0;32mI (141) esp_image: segment 4: paddr=0003378c vaddr=400841b8 size=08e40h ( 36416) load[0m
[0;32mI (156) esp_image: segment 5: paddr=0003c5d4 vaddr=50000000 size=00020h (    32) load[0m
[0;32mI (162) boot: Loaded app from partition at offset 0x10000[0m
[0;32mI (162) boot: Disabling RNG early entropy source...[0m
[0;32mI (174) cpu_start: Multicore app[0m
[0;32mI (182) cpu_start: Pro cpu start user code[0m
[0;32mI (182) cpu_start: cpu freq: 160000000 Hz[0m
[0;32mI (182) app_init: Application information:[0m
[0;32mI (182) app_init: Project name:     lab4[0m
[0;32mI (186) app_init: App version:      2c3774c-dirty[0m
[0;32mI (190) app_init: Compile time:     Oct  8 2025 09:46:24[0m
[0;32mI (195) app_init: ELF file SHA256:  8f952801f...[0m
[0;32mI (200) app_init: ESP-IDF:          HEAD-HASH-NOTFOUND[0m
[0;32mI (204) efuse_init: Min chip rev:     v0.0[0m
[0;32mI (208) efuse_init: Max chip rev:     v3.99 [0m
[0;32mI (212) efuse_init: Chip rev:         v3.1[0m
[0;32mI (216) heap_init: Initializing. RAM available for dynamic allocation:[0m
[0;32mI (223) heap_init: At 3FFAE6E0 len 00001920 (6 KiB): DRAM[0m
[0;32mI (228) heap_init: At 3FFB2CA8 len 0002D358 (180 KiB): DRAM[0m
[0;32mI (233) heap_init: At 3FFE0440 len 00003AE0 (14 KiB): D/IRAM[0m
[0;32mI (238) heap_init: At 3FFE4350 len 0001BCB0 (111 KiB): D/IRAM[0m
[0;32mI (244) heap_init: At 4008CFF8 len 00013008 (76 KiB): IRAM[0m
[0;33mW (250) spi_flash: Detected boya flash chip but using generic driver. For optimal functionality, enable `SPI_FLASH_SUPPORT_BOYA_CHIP` in menuconfig[0m
[0;32mI (262) spi_flash: detected chip: generic[0m
[0;32mI (266) spi_flash: flash io: dio[0m
[0;33mW (268) spi_flash: Detected size(4096k) larger than the size in the binary image header(2048k). Using the size in the binary image header.[0m
[0;32mI (281) main_task: Started on CPU0[0m
[0;32mI (291) main_task: Calling app_main()[0m
------single_linked_list tests------
added:31
added:83
added:75
added:11
added:32
added:62
added:40
added:3
added:83
added:41
added:98
added:12
added:85
added:21
added:40
added:43
added:85
added:23
added:52
added:10
added:79
added:56
added:65
added:40
added:41
index[0] = 3
index[1] = 10
index[2] = 11
index[3] = 12
index[4] = 21
index[5] = 23
index[6] = 31
index[7] = 32
index[8] = 40
index[9] = 40
index[10] = 40
index[11] = 41
index[12] = 41
index[13] = 43
index[14] = 52
index[15] = 56
index[16] = 62
index[17] = 65
index[18] = 75
index[19] = 79
index[20] = 83
index[21] = 83
index[22] = 85
index[23] = 85
index[24] = 98
index[0] = 40
index[1] = 41
index[2] = 41
index[3] = 43
index[4] = 52
------double_linked_list tests------
added:88
added:93
added:29
added:29
added:45
added:42
added:77
added:21
added:83
added:68
added:72
added:0
added:2
added:22
added:64
added:43
added:80
added:88
added:6
added:6
added:92
added:48
added:33
added:52
added:74
index[0] = 88
Guru Meditation Error: Core  0 panic'ed (LoadProhibited). Exception was unhandled.

Core  0 register dump:
PC      : 0x400d61b0  PS      : 0x00060330  A0      : 0x800d6098  A1      : 0x3ffb3f50  
A2      : 0x3ffb3f74  A3      : 0x0000004a  A4      : 0x3ffb3f60  A5      : 0x00000000  
A6      : 0x00000001  A7      : 0x00000001  A8      : 0x00000018  A9      : 0x3ffb3f00  
A10     : 0x0000000e  A11     : 0x00000000  A12     : 0x00000058  A13     : 0x3f40256b  
A14     : 0x00000015  A15     : 0x3ffaea38  SAR     : 0x00000004  EXCCAUSE: 0x0000001c  
EXCVADDR: 0x00000000  LBEG    : 0x400014fd  LEND    : 0x4000150d  LCOUNT  : 0xffffffff  


Backtrace: 0x400d61ad:0x3ffb3f50 0x400d6095:0x3ffb3f70 0x400e307d:0x3ffb3fa0 0x40085d35:0x3ffb3fd0




ELF file SHA256: 8f952801f

Rebooting...
ets Jul 29 2019 12:21:46

rst:0xc (SW_CPU_RESET),boot:0x13 (SPI_FAST_FLASH_BOOT)
configsip: 0, SPIWP:0xee
clk_drv:0x00,q_drv:0x00,d_drv:0x00,cs0_drv:0x00,hd_drv:0x00,wp_drv:0x00
mode:DIO, clock div:2
load:0x3fff0030,len:6380
ho 0 tail 12 room 4
load:0x40078000,len:15916
load:0x40080400,len:3860
entry 0x40080638
[0;32mI (29) boot: ESP-IDF HEAD-HASH-NOTFOUND 2nd stage bootloader[0m
[0;32mI (29) boot: compile time Oct  8 2025 00:30:29[0m
[0;32mI (29) boot: Multicore bootloader[0m
[0;32mI (32) boot: chip revision: v3.1[0m
[0;32mI (34) boot.esp32: SPI Speed      : 40MHz[0m
[0;32mI (38) boot.esp32: SPI Mode       : DIO[0m
[0;32mI (42) boot.esp32: SPI Flash Size : 2MB[0m
[0;32mI (45) boot: Enabling RNG early entropy source...[0m
[0;32mI (50) boot: Partition Table:[0m
[0;32mI (52) boot: ## Label            Usage          Type ST Offset   Length[0m
[0;32mI (59) boot:  0 nvs              WiFi data        01 02 00009000 00006000[0m
[0;32mI (65) boot:  1 phy_init         RF data          01 01 0000f000 00001000[0m
[0;32mI (72) boot:  2 factory          factory app      00 00 00010000 00100000[0m
[0;32mI (78) boot: End of partition table[0m
[0;32mI (82) esp_image: segment 0: paddr=00010020 vaddr=3f400020 size=09a58h ( 39512) map[0m
[0;32mI (102) esp_image: segment 1: paddr=00019a80 vaddr=3ffb0000 size=023d8h (  9176) load[0m
[0;32mI (106) esp_image: segment 2: paddr=0001be60 vaddr=40080000 size=041b8h ( 16824) load[0m
[0;32mI (113) esp_image: segment 3: paddr=00020020 vaddr=400d0020 size=13764h ( 79716) map[0m
[0;32mI (141) esp_image: segment 4: paddr=0003378c vaddr=400841b8 size=08e40h ( 36416) load[0m
[0;32mI (156) esp_image: segment 5: paddr=0003c5d4 vaddr=50000000 size=00020h (    32) load[0m
[0;32mI (162) boot: Loaded app from partition at offset 0x10000[0m
[0;32mI (162) boot: Disabling RNG early entropy source...[0m
[0;32mI (174) cpu_start: Multicore app[0m
[0;32mI (182) cpu_start: Pro cpu start user code[0m
[0;32mI (182) cpu_start: cpu freq: 160000000 Hz[0m
[0;32mI (182) app_init: Application information:[0m
[0;32mI (182) app_init: Project name:     lab4[0m
[0;32mI (186) app_init: App version:      2c3774c-dirty[0m
[0;32mI (190) app_init: Compile time:     Oct  8 2025 09:46:24[0m
[0;32mI (195) app_init: ELF file SHA256:  8f952801f...[0m
[0;32mI (200) app_init: ESP-IDF:          HEAD-HASH-NOTFOUND[0m
[0;32mI (204) efuse_init: Min chip rev:     v0.0[0m
[0;32mI (208) efuse_init: Max chip rev:     v3.99 [0m
[0;32mI (212) efuse_init: Chip rev:         v3.1[0m
[0;32mI (216) heap_init: Initializing. RAM available for dynamic allocation:[0m
[0;32mI (223) heap_init: At 3FFAE6E0 len 00001920 (6 KiB): DRAM[0m
[0;32mI (228) heap_init: At 3FFB2CA8 len 0002D358 (180 KiB): DRAM[0m
[0;32mI (233) heap_init: At 3FFE0440 len 00003AE0 (14 KiB): D/IRAM[0m
[0;32mI (238) heap_init: At 3FFE4350 len 0001BCB0 (111 KiB): D/IRAM[0m
[0;32mI (244) heap_init: At 4008CFF8 len 00013008 (76 KiB): IRAM[0m
[0;33mW (250) spi_flash: Detected boya flash chip but using generic driver. For optimal functionality, enable `SPI_FLASH_SUPPORT_BOYA_CHIP` in menuconfig[0m
[0;32mI (262) spi_flash: detected chip: generic[0m
[0;32mI (266) spi_flash: flash io: dio[0m
[0;33mW (268) spi_flash: Detected size(4096k) larger than the size in the binary image header(2048k). Using the size in the binary image header.[0m
[0;32mI (281) main_task: Started on CPU0[0m
[0;32mI (291) main_task: Calling app_main()[0m
------single_linked_list tests------
added:6
added:73
added:75
added:35
added:13
added:52
added:4
added:93
added:72
added:46
added:71
added:33
added:32
added:69
added:82
added:82
added:16
added:50
added:85
added:25
added:98
added:9
added:74
added:10
added:28
index[0] = 4
index[1] = 6
index[2] = 9
index[3] = 10
index[4] = 13
index[5] = 16
index[6] = 25
index[7] = 28
index[8] = 32
index[9] = 33
index[10] = 35
index[11] = 46
index[12] = 50
index[13] = 52
index[14] = 69
index[15] = 71
index[16] = 72
index[17] = 73
index[18] = 74
index[19] = 75
index[20] = 82
index[21] = 82
index[22] = 85
index[23] = 93
index[24] = 98
index[0] = 35
index[1] = 46
index[2] = 50
index[3] = 52
index[4] = 69
------double_linked_list tests------
added:14
added:14
added:36
added:76
added:60
added:23
added:94
added:79
added:9
added:55
added:80
added:84
added:22
added:24
added:94
added:82
added:69
added:78
added:68
added:50
added:2
added:67
added:13
added:69
added:9
index[0] = 14
Guru Meditation Error: Core  0 panic'ed (LoadProhibited). Exception was unhandled.

Core  0 register dump:
PC      : 0x400d61b0  PS      : 0x00060330  A0      : 0x800d6098  A1      : 0x3ffb3f50  
A2      : 0x3ffb3f74  A3      : 0x00000009  A4      : 0x3ffb3f60  A5      : 0x00000000  
A6      : 0x00000001  A7      : 0x00000001  A8      : 0x00000018  A9      : 0x3ffb3f00  
A10     : 0x0000000e  A11     : 0x00000000  A12     : 0x0000000e  A13     : 0x3f40256b  
A14     : 0x00000015  A15     : 0x3ffaea38  SAR     : 0x00000004  EXCCAUSE: 0x0000001c  
EXCVADDR: 0x00000000  LBEG    : 0x400014fd  LEND    : 0x4000150d  LCOUNT  : 0xffffffff  


Backtrace: 0x400d61ad:0x3ffb3f50 0x400d6095:0x3ffb3f70 0x400e307d:0x3ffb3fa0 0x40085d35:0x3ffb3fd0




ELF file SHA256: 8f952801f

Rebooting...
ets Jul 29 2019 12:21:46

rst:0xc (SW_CPU_RESET),boot:0x13 (SPI_FAST_FLASH_BOOT)
configsip: 0, SPIWP:0xee
clk_drv:0x00,q_drv:0x00,d_drv:0x00,cs0_drv:0x00,hd_drv:0x00,wp_drv:0x00
mode:DIO, clock div:2
load:0x3fff0030,len:6380
ho 0 tail 12 room 4
load:0x40078000,len:15916
load:0x40080400,len:3860
entry 0x40080638
[0;32mI (29) boot: ESP-IDF HEAD-HASH-NOTFOUND 2nd stage bootloader[0m
[0;32mI (29) boot: compile time Oct  8 2025 00:30:29[0m
[0;32mI (29) boot: Multicore bootloader[0m
[0;32mI (32) boot: chip revision: v3.1[0m
[0;32mI (34) boot.esp32: SPI Speed      : 40MHz[0m
[0;32mI (38) boot.esp32: SPI Mode       : DIO[0m
[0;32mI (42) boot.esp32: SPI Flash Size : 2MB[0m
[0;32mI (45) boot: Enabling RNG early entropy source...[0m
[0;32mI (50) boot: Partition Table:[0m
[0;32mI (52) boot: ## Label            Usage          Type ST Offset   Length[0m
[0;32mI (59) boot:  0 nvs              WiFi data        01 02 00009000 00006000[0m
[0;32mI (65) boot:  1 phy_init         RF data          01 01 0000f000 00001000[0m
[0;32mI (72) boot:  2 factory          factory app      00 00 00010000 00100000[0m
[0;32mI (78) boot: End of partition table[0m
[0;32mI (82) esp_image: segment 0: paddr=00010020 vaddr=3f400020 size=09a58h ( 39512) map[0m
[0;32mI (102) esp_image: segment 1: paddr=00019a80 vaddr=3ffb0000 size=023d8h (  9176) load[0m
[0;32mI (106) esp_image: segment 2: paddr=0001be60 vaddr=40080000 size=041b8h ( 16824) load[0m
[0;32mI (113) esp_image: segment 3: paddr=00020020 vaddr=400d0020 size=13764h ( 79716) map[0m
[0;32mI (141) esp_image: segment 4: paddr=0003378c vaddr=400841b8 size=08e40h ( 36416) load[0m
[0;32mI (156) esp_image: segment 5: paddr=0003c5d4 vaddr=50000000 size=00020h (    32) load[0m
[0;32mI (162) boot: Loaded app from partition at offset 0x10000[0m
[0;32mI (162) boot: Disabling RNG early entropy source...[0m
[0;32mI (174) cpu_start: Multicore app[0m
[0;32mI (182) cpu_start: Pro cpu start user code[0m
[0;32mI (182) cpu_start: cpu freq: 160000000 Hz[0m
[0;32mI (182) app_init: Application information:[0m
[0;32mI (182) app_init: Project name:     lab4[0m
[0;32mI (186) app_init: App version:      2c3774c-dirty[0m
[0;32mI (190) app_init: Compile time:     Oct  8 2025 09:46:24[0m
[0;32mI (195) app_init: ELF file SHA256:  8f952801f...[0m
[0;32mI (200) app_init: ESP-IDF:          HEAD-HASH-NOTFOUND[0m
[0;32mI (204) efuse_init: Min chip rev:     v0.0[0m
[0;32mI (208) efuse_init: Max chip rev:     v3.99 [0m
[0;32mI (212) efuse_init: Chip rev:         v3.1[0m
[0;32mI (216) heap_init: Initializing. RAM available for dynamic allocation:[0m
[0;32mI (223) heap_init: At 3FFAE6E0 len 00001920 (6 KiB): DRAM[0m
[0;32mI (228) heap_init: At 3FFB2CA8 len 0002D358 (180 KiB): DRAM[0m
[0;32mI (233) heap_init: At 3FFE0440 len 00003AE0 (14 KiB): D/IRAM[0m
[0;32mI (238) heap_init: At 3FFE4350 len 0001BCB0 (111 KiB): D/IRAM[0m
[0;32mI (244) heap_init: At 4008CFF8 len 00013008 (76 KiB): IRAM[0m
[0;33mW (250) spi_flash: Detected boya flash chip but using generic driver. For optimal functionality, enable `SPI_FLASH_SUPPORT_BOYA_CHIP` in menuconfig[0m
[0;32mI (262) spi_flash: detected chip: generic[0m
[0;32mI (266) spi_flash: flash io: dio[0m
[0;33mW (268) spi_flash: Detected size(4096k) larger than the size in the binary image header(2048k). Using the size in the binary image header.[0m
[0;32mI (281) main_task: Started on CPU0[0m
[0;32mI (291) main_task: Calling app_main()[0m
------single_linked_list tests------
added:2
added:59
added:9
added:2
added:0
added:98
added:11
added:66
added:81
added:7
added:11
added:20
added:9
added:91
added:70
added:0
added:13
added:82
added:19
added:79
added:75
added:84
added:99
added:25
added:85
index[0] = 0
index[1] = 0
index[2] = 2
index[3] = 2
index[4] = 7
index[5] = 9
index[6] = 9
index[7] = 11
index[8] = 11
index[9] = 13
index[10] = 19
index[11] = 20
index[12] = 25
index[13] = 59
index[14] = 66
index[15] = 70
index[16] = 75
index[17] = 79
index[18] = 81
index[19] = 82
index[20] = 84
index[21] = 85
index[22] = 91
index[23] = 98
index[24] = 99
index[0] = 19
index[1] = 20
index[2] = 25
index[3] = 59
index[4] = 66
------double_linked_list tests------
added:55
added:71
added:55
added:98
added:21
added:92
added:82
added:24
added:64
added:91
added:31
added:13
added:69
added:88
added:34
added:21
added:13
added:14
added:57
added:95
added:12
added:10
added:97
added:27
added:35
index[0] = 55
Guru Meditation Error: Core  0 panic'ed (LoadProhibited). Exception was unhandled.

Core  0 register dump:
PC      : 0x400d61b0  PS      : 0x00060330  A0      : 0x800d6098  A1      : 0x3ffb3f50  
A2      : 0x3ffb3f74  A3      : 0x00000023  A4      : 0x3ffb3f60  A5      : 0x00000000  
A6      : 0x00000001  A7      : 0x00000001  A8      : 0x00000018  A9      : 0x3ffb3f00  
A10     : 0x0000000e  A11     : 0x00000000  A12     : 0x00000037  A13     : 0x3f40256b  
A14     : 0x00000015  A15     : 0x3ffaea38  SAR     : 0x00000004  EXCCAUSE: 0x0000001c  
EXCVADDR: 0x00000000  LBEG    : 0x400014fd  LEND    : 0x4000150d  LCOUNT  : 0xffffffff  


Backtrace: 0x400d61ad:0x3ffb3f50 0x400d6095:0x3ffb3f70 0x400e307d:0x3ffb3fa0 0x40085d35:0x3ffb3fd0




ELF file SHA256: 8f952801f

Rebooting...
ets Jul 29 2019 12:21:46

rst:0xc (SW_CPU_RESET),boot:0x13 (SPI_FAST_FLASH_BOOT)
configsip: 0, SPIWP:0xee
clk_drv:0x00,q_drv:0x00,d_drv:0x00,cs0_drv:0x00,hd_drv:0x00,wp_drv:0x00
mode:DIO, clock div:2
load:0x3fff0030,len:6380
ho 0 tail 12 room 4
load:0x40078000,len:15916
load:0x40080400,len:3860
entry 0x40080638
[0;32mI (29) boot: ESP-IDF HEAD-HASH-NOTFOUND 2nd stage bootloader[0m
[0;32mI (29) boot: compile time Oct  8 2025 00:30:29[0m
[0;32mI (29) boot: Multicore bootloader[0m
[0;32mI (32) boot: chip revision: v3.1[0m
[0;32mI (34) boot.esp32: SPI Speed      : 40MHz[0m
[0;32mI (38) boot.esp32: SPI Mode       : DIO[0m
[0;32mI (42) boot.esp32: SPI Flash Size : 2MB[0m
[0;32mI (45) boot: Enabling RNG early entropy source...[0m
[0;32mI (50) boot: Partition Table:[0m
[0;32mI (52) boot: ## Label            Usage          Type ST Offset   Length[0m
[0;32mI (59) boot:  0 nvs              WiFi data        01 02 00009000 00006000[0m
[0;32mI (65) boot:  1 phy_init         RF data          01 01 0000f000 00001000[0m
[0;32mI (72) boot:  2 factory          factory app      00 00 00010000 00100000[0m
[0;32mI (78) boot: End of partition table[0m
[0;32mI (82) esp_image: segment 0: paddr=00010020 vaddr=3f400020 size=09a58h ( 39512) map[0m
[0;32mI (102) esp_image: segment 1: paddr=00019a80 vaddr=3ffb0000 size=023d8h (  9176) load[0m
[0;32mI (106) esp_image: segment 2: paddr=0001be60 vaddr=40080000 size=041b8h ( 16824) load[0m
[0;32mI (113) esp_image: segment 3: paddr=00020020 vaddr=400d0020 size=13764h ( 79716) map[0m
[0;32mI (141) esp_image: segment 4: paddr=0003378c vaddr=400841b8 size=08e40h ( 36416) load[0m
[0;32mI (156) esp_image: segment 5: paddr=0003c5d4 vaddr=50000000 size=00020h (    32) load[0m
[0;32mI (162) boot: Loaded app from partition at offset 0x10000[0m
[0;32mI (162) boot: Disabling RNG early entropy source...[0m
[0;32mI (174) cpu_start: Multicore app[0m
[0;32mI (182) cpu_start: Pro cpu start user code[0m
[0;32mI (182) cpu_start: cpu freq: 160000000 Hz[0m
[0;32mI (182) app_init: Application information:[0m
[0;32mI (182) app_init: Project name:     lab4[0m
[0;32mI (186) app_init: App version:      2c3774c-dirty[0m
[0;32mI (190) app_init: Compile time:     Oct  8 2025 09:46:24[0m
[0;32mI (195) app_init: ELF file SHA256:  8f952801f...[0m
[0;32mI (200) app_init: ESP-IDF:          HEAD-HASH-NOTFOUND[0m
[0;32mI (204) efuse_init: Min chip rev:     v0.0[0m
[0;32mI (208) efuse_init: Max chip rev:     v3.99 [0m
[0;32mI (212) efuse_init: Chip rev:         v3.1[0m
[0;32mI (216) heap_init: Initializing. RAM available for dynamic allocation:[0m
[0;32mI (223) heap_init: At 3FFAE6E0 len 00001920 (6 KiB): DRAM[0m
[0;32mI (228) heap_init: At 3FFB2CA8 len 0002D358 (180 KiB): DRAM[0m
[0;32mI (233) heap_init: At 3FFE0440 len 00003AE0 (14 KiB): D/IRAM[0m
[0;32mI (238) heap_init: At 3FFE4350 len 0001BCB0 (111 KiB): D/IRAM[0m
[0;32mI (244) heap_init: At 4008CFF8 len 00013008 (76 KiB): IRAM[0m
[0;33mW (250) spi_flash: Detected boya flash chip but using generic driver. For optimal functionality, enable `SPI_FLASH_SUPPORT_BOYA_CHIP` in menuconfig[0m
[0;32mI (262) spi_flash: detected chip: generic[0m
[0;32mI (266) spi_flash: flash io: dio[0m
[0;33mW (268) spi_flash: Detected size(4096k) larger than the size in the binary image header(2048k). Using the size in the binary image header.[0m
[0;32mI (281) main_task: Started on CPU0[0m
[0;32mI (291) main_task: Calling app_main()[0m
------single_linked_list tests------
added:66
added:81
added:30
added:50
added:94
added:24
added:77
added:12
added:4
added:83
added:44
added:39
added:72
added:42
added:81
added:48
added:63
added:8
added:54
added:28
added:45
added:68
added:1
added:78
added:58
index[0] = 1
index[1] = 4
index[2] = 8
index[3] = 12
index[4] = 24
index[5] = 28
index[6] = 30
index[7] = 39
index[8] = 42
index[9] = 44
index[10] = 45
index[11] = 48
index[12] = 50
index[13] = 54
index[14] = 58
index[15] = 63
index[16] = 66
index[17] = 68
index[18] = 72
index[19] = 77
index[20] = 78
index[21] = 81
index[22] = 81
index[23] = 83
index[24] = 94
index[0] = 45
index[1] = 48
index[2] = 50
index[3] = 54
index[4] = 58
------double_linked_list tests------
added:42
added:92
added:14
added:2
added:69
added:83
added:12
added:46
added:79
added:88
added:64
added:28
added:67
added:88
added:41
added:7
added:65
added:24
added:18
added:43
added:33
added:12
added:67
added:10
added:93
index[0] = 42
Guru Meditation Error: Core  0 panic'ed (LoadProhibited). Exception was unhandled.

Core  0 register dump:
PC      : 0x400d61b0  PS      : 0x00060330  A0      : 0x800d6098  A1      : 0x3ffb3f50  
A2      : 0x3ffb3f74  A3      : 0x0000005d  A4      : 0x3ffb3f60  A5      : 0x00000000  
A6      : 0x00000001  A7      : 0x00000001  A8      : 0x00000018  A9      : 0x3ffb3f00  
A10     : 0x0000000e  A11     : 0x00000000  A12     : 0x0000002a  A13     : 0x3f40256b  
A14     : 0x00000015  A15     : 0x3ffaea38  SAR     : 0x00000004  EXCCAUSE: 0x0000001c  
EXCVADDR: 0x00000000  LBEG    : 0x400014fd  LEND    : 0x4000150d  LCOUNT  : 0xffffffff  


Backtrace: 0x400d61ad:0x3ffb3f50 0x400d6095:0x3ffb3f70 0x400e307d:0x3ffb3fa0 0x40085d35:0x3ffb3fd0




ELF file SHA256: 8f952801f

Rebooting...
ets Jul 29 2019 12:21:46

rst:0xc (SW_CPU_RESET),boot:0x13 (SPI_FAST_FLASH_BOOT)
configsip: 0, SPIWP:0xee
clk_drv:0x00,q_drv:0x00,d_drv:0x00,cs0_drv:0x00,hd_drv:0x00,wp_drv:0x00
mode:DIO, clock div:2
load:0x3fff0030,len:6380
ho 0 tail 12 room 4
load:0x40078000,len:15916
load:0x40080400,len:3860
entry 0x40080638
[0;32mI (29) boot: ESP-IDF HEAD-HASH-NOTFOUND 2nd stage bootloader[0m
[0;32mI (29) boot: compile time Oct  8 2025 00:30:29[0m
[0;32mI (29) boot: Multicore bootloader[0m
[0;32mI (32) boot: chip revision: v3.1[0m
[0;32mI (34) boot.esp32: SPI Speed      : 40MHz[0m
[0;32mI (38) boot.esp32: SPI Mode       : DIO[0m
[0;32mI (42) boot.esp32: SPI Flash Size : 2MB[0m
[0;32mI (45) boot: Enabling RNG early entropy source...[0m
[0;32mI (50) boot: Partition Table:[0m
[0;32mI (52) boot: ## Label            Usage          Type ST Offset   Length[0m
[0;32mI (59) boot:  0 nvs              WiFi data        01 02 00009000 00006000[0m
[0;32mI (65) boot:  1 phy_init         RF data          01 01 0000f000 00001000[0m
[0;32mI (72) boot:  2 factory          factory app      00 00 00010000 00100000[0m
[0;32mI (78) boot: End of partition table[0m
[0;32mI (82) esp_image: segment 0: paddr=00010020 vaddr=3f400020 size=09a58h ( 39512) map[0m
[0;32mI (102) esp_image: segment 1: paddr=00019a80 vaddr=3ffb0000 size=023d8h (  9176) load[0m
[0;32mI (106) esp_image: segment 2: paddr=0001be60 vaddr=40080000 size=041b8h ( 16824) load[0m
[0;32mI (113) esp_image: segment 3: paddr=00020020 vaddr=400d0020 size=13764h ( 79716) map[0m
[0;32mI (141) esp_image: segment 4: paddr=0003378c vaddr=400841b8 size=08e40h ( 36416) load[0m
[0;32mI (156) esp_image: segment 5: paddr=0003c5d4 vaddr=50000000 size=00020h (    32) load[0m
[0;32mI (162) boot: Loaded app from partition at offset 0x10000[0m
[0;32mI (162) boot: Disabling RNG early entropy source...[0m
[0;32mI (174) cpu_start: Multicore app[0m
[0;32mI (182) cpu_start: Pro cpu start user code[0m
[0;32mI (182) cpu_start: cpu freq: 160000000 Hz[0m
[0;32mI (182) app_init: Application information:[0m
[0;32mI (182) app_init: Project name:     lab4[0m
