Command: /home/minipops/.espressif/python_env/idf5.5_py3.13_env/bin/python /opt/esp-idf/tools/idf_monitor.py -p /dev/ttyUSB0 -b 115200 --toolchain-prefix xtensa-esp32-elf- --target esp32 --revision 0 /home/minipops/uni/da267a/labs/lab4/build/lab4.elf /home/minipops/uni/da267a/labs/lab4/build/bootloader/bootloader.elf -m '/home/minipops/.espressif/python_env/idf5.5_py3.13_env/bin/python' '/opt/esp-idf/tools/idf.py'
ets Jul 29 2019 12:21:46

rst:0x1 (POWERON_RESET),boot:0x13 (SPI_FAST_FLASH_BOOT)
configsip: 0, SPIWP:0xee
clk_drv:0x00,q_drv:0x00,d_drv:0x00,cs0_drv:0x00,hd_drv:0x00,wp_drv:0x00
mode:DIO, clock div:2
load:0x3fff0030,len:6380
ho 0 tail 12 room 4
load:0x40078000,len:15916
load:0x40080400,len:3860
entry 0x40080638
[0;32mI (29) boot: ESP-IDF HEAD-HASH-NOTFOUND 2nd stage bootloader[0m
[0;32mI (29) boot: compile time Oct  8 2025 00:30:29[0m
[0;32mI (29) boot: Multicore bootloader[0m
[0;32mI (32) boot: chip revision: v3.1[0m
[0;32mI (34) boot.esp32: SPI Speed      : 40MHz[0m
[0;32mI (38) boot.esp32: SPI Mode       : DIO[0m
[0;32mI (42) boot.esp32: SPI Flash Size : 2MB[0m
[0;32mI (45) boot: Enabling RNG early entropy source...[0m
[0;32mI (50) boot: Partition Table:[0m
[0;32mI (52) boot: ## Label            Usage          Type ST Offset   Length[0m
[0;32mI (59) boot:  0 nvs              WiFi data        01 02 00009000 00006000[0m
[0;32mI (65) boot:  1 phy_init         RF data          01 01 0000f000 00001000[0m
[0;32mI (72) boot:  2 factory          factory app      00 00 00010000 00100000[0m
[0;32mI (78) boot: End of partition table[0m
[0;32mI (82) esp_image: segment 0: paddr=00010020 vaddr=3f400020 size=09c18h ( 39960) map[0m
[0;32mI (103) esp_image: segment 1: paddr=00019c40 vaddr=3ffb0000 size=023d8h (  9176) load[0m
[0;32mI (106) esp_image: segment 2: paddr=0001c020 vaddr=40080000 size=03ff8h ( 16376) load[0m
[0;32mI (113) esp_image: segment 3: paddr=00020020 vaddr=400d0020 size=13a68h ( 80488) map[0m
[0;32mI (142) esp_image: segment 4: paddr=00033a90 vaddr=40083ff8 size=09000h ( 36864) load[0m
[0;32mI (156) esp_image: segment 5: paddr=0003ca98 vaddr=50000000 size=00020h (    32) load[0m
[0;32mI (163) boot: Loaded app from partition at offset 0x10000[0m
[0;32mI (163) boot: Disabling RNG early entropy source...[0m
[0;32mI (174) cpu_start: Multicore app[0m
[0;32mI (183) cpu_start: Pro cpu start user code[0m
[0;32mI (183) cpu_start: cpu freq: 160000000 Hz[0m
[0;32mI (183) app_init: Application information:[0m
[0;32mI (183) app_init: Project name:     lab4[0m
[0;32mI (187) app_init: App version:      2c3774c-dirty[0m
[0;32mI (191) app_init: Compile time:     Oct  8 2025 09:46:24[0m
[0;32mI (196) app_init: ELF file SHA256:  a1f65781d...[0m
[0;32mI (200) app_init: ESP-IDF:          HEAD-HASH-NOTFOUND[0m
[0;32mI (205) efuse_init: Min chip rev:     v0.0[0m
[0;32mI (209) efuse_init: Max chip rev:     v3.99 [0m
[0;32mI (213) efuse_init: Chip rev:         v3.1[0m
[0;32mI (217) heap_init: Initializing. RAM available for dynamic allocation:[0m
[0;32mI (223) heap_init: At 3FFAE6E0 len 00001920 (6 KiB): DRAM[0m
[0;32mI (228) heap_init: At 3FFB2CA8 len 0002D358 (180 KiB): DRAM[0m
[0;32mI (234) heap_init: At 3FFE0440 len 00003AE0 (14 KiB): D/IRAM[0m
[0;32mI (239) heap_init: At 3FFE4350 len 0001BCB0 (111 KiB): D/IRAM[0m
[0;32mI (244) heap_init: At 4008CFF8 len 00013008 (76 KiB): IRAM[0m
[0;33mW (251) spi_flash: Detected boya flash chip but using generic driver. For optimal functionality, enable `SPI_FLASH_SUPPORT_BOYA_CHIP` in menuconfig[0m
[0;32mI (263) spi_flash: detected chip: generic[0m
[0;32mI (266) spi_flash: flash io: dio[0m
[0;33mW (269) spi_flash: Detected size(4096k) larger than the size in the binary image header(2048k). Using the size in the binary image header.[0m
[0;32mI (282) main_task: Started on CPU0[0m
[0;32mI (292) main_task: Calling app_main()[0m
----Sorted insert test----
single linked list: 
added:88
added:79
added:33
added:43
added:16
list(first: 16)[16 33 43 79 88 ]


double linked list: 
added 30
added 57
added 94
added 79
added 25
list(first:25, last94 )[25 30 57 79 94 ]
----Removeing elements test----
single linked list: 
added:43
added:62
added:50
added:32
added:86
list(first: 32)[32 43 50 62 86 ]
removeing first element
list(first: 43)[43 50 62 86 ]
1 removed
removeing last element
list(first: 43)[43 50 62 ]
43 removed


double linked list: 
added 32
added 31
added 84
added 14
added 30
list(first:14, last84 )[14 30 31 32 84 ]
removeing first element
list(first:30, last84 )[30 31 32 84 ]
30 removed
removing last element
list(first:30, last32 )[30 31 32 ]
30 removed
----Remove from empty list----
remove from empty sll
remove first: -2147483648
remove last: -2147483648
remove from empty dll
remove first: -2147483648
remove last: -2147483648


----Adding duplicate values----
single linked list: 
added:1
added:1
list(first: 1)[1 1 ]
double linked list: 
added 1
added 1
list(first:1, last1 )[1 1 ]


----Adding values to beginning----
single linked list: 
added:1
added:1
added:0
list(first: 0)[0 1 1 ]
double linked list: 
added 1
added 1
added 0
list(first:0, last1 )[0 1 1 ]


----Adding values to end----
single linked list: 
added:3
list(first: 0)[0 1 1 3 ]
double linked list: 
added 3
list(first:0, last3 )[0 1 1 3 ]


 ----Removeing only element----single linked list: 
added:1
list(first: 1)[1 ]
removeing first element
double linked list: 
added 1
list(first:1, last1 )[1 ]
Guru Meditation Error: Core  0 panic'ed (StoreProhibited). Exception was unhandled.

Core  0 register dump:
PC      : 0x400d64b0  PS      : 0x00060330  A0      : 0x800d62f6  A1      : 0x3ffb3f20  
A2      : 0x3ffb3f44  A3      : 0x00000001  A4      : 0x0000000b  A5      : 0x3f402567  
A6      : 0x00000015  A7      : 0x00000000  A8      : 0x00000000  A9      : 0x00000000  
A10     : 0x3ffafff0  A11     : 0x00000001  A12     : 0x00000001  A13     : 0x3f403835  
A14     : 0x00000021  A15     : 0x3ffaea38  SAR     : 0x00000020  EXCCAUSE: 0x0000001d  
EXCVADDR: 0x00000004  LBEG    : 0x400014fd  LEND    : 0x4000150d  LCOUNT  : 0xffffffff  


Backtrace: 0x400d64ad:0x3ffb3f20 0x400d62f3:0x3ffb3f40 0x400d6315:0x3ffb3f70 0x400e3381:0x3ffb3fa0 0x40085d35:0x3ffb3fd0




ELF file SHA256: a1f65781d

Rebooting...
ets Jul 29 2019 12:21:46

rst:0xc (SW_CPU_RESET),boot:0x13 (SPI_FAST_FLASH_BOOT)
configsip: 0, SPIWP:0xee
clk_drv:0x00,q_drv:0x00,d_drv:0x00,cs0_drv:0x00,hd_drv:0x00,wp_drv:0x00
mode:DIO, clock div:2
load:0x3fff0030,len:6380
ho 0 tail 12 room 4
load:0x40078000,len:15916
load:0x40080400,len:3860
entry 0x40080638
[0;32mI (29) boot: ESP-IDF HEAD-HASH-NOTFOUND 2nd stage bootloader[0m
[0;32mI (29) boot: compile time Oct  8 2025 00:30:29[0m
[0;32mI (29) boot: Multicore bootloader[0m
[0;32mI (32) boot: chip revision: v3.1[0m
[0;32mI (34) boot.esp32: SPI Speed      : 40MHz[0m
[0;32mI (38) boot.esp32: SPI Mode       : DIO[0m
[0;32mI (42) boot.esp32: SPI Flash Size : 2MB[0m
[0;32mI (45) boot: Enabling RNG early entropy source...[0m
[0;32mI (50) boot: Partition Table:[0m
[0;32mI (52) boot: ## Label            Usage          Type ST Offset   Length[0m
[0;32mI (59) boot:  0 nvs              WiFi data        01 02 00009000 00006000[0m
[0;32mI (65) boot:  1 phy_init         RF data          01 01 0000f000 00001000[0m
[0;32mI (72) boot:  2 factory          factory app      00 00 00010000 00100000[0m
[0;32mI (78) boot: End of partition table[0m
[0;32mI (82) esp_image: segment 0: paddr=00010020 vaddr=3f400020 size=09c18h ( 39960) map[0m
[0;32mI (103) esp_image: segment 1: paddr=00019c40 vaddr=3ffb0000 size=023d8h (  9176) load[0m
[0;32mI (106) esp_image: segment 2: paddr=0001c020 vaddr=40080000 size=03ff8h ( 16376) load[0m
[0;32mI (113) esp_image: segment 3: paddr=00020020 vaddr=400d0020 size=13a68h ( 80488) map[0m
[0;32mI (142) esp_image: segment 4: paddr=00033a90 vaddr=40083ff8 size=09000h ( 36864) load[0m
[0;32mI (156) esp_image: segment 5: paddr=0003ca98 vaddr=50000000 size=00020h (    32) load[0m
[0;32mI (163) boot: Loaded app from partition at offset 0x10000[0m
[0;32mI (163) boot: Disabling RNG early entropy source...[0m
[0;32mI (174) cpu_start: Multicore app[0m
[0;32mI (183) cpu_start: Pro cpu start user code[0m
[0;32mI (183) cpu_start: cpu freq: 160000000 Hz[0m
[0;32mI (183) app_init: Application information:[0m
[0;32mI (183) app_init: Project name:     lab4[0m
[0;32mI (186) app_init: App version:      2c3774c-dirty[0m
[0;32mI (191) app_init: Compile time:     Oct  8 2025 09:46:24[0m
[0;32mI (196) app_init: ELF file SHA256:  a1f65781d...[0m
[0;32mI (200) app_init: ESP-IDF:          HEAD-HASH-NOTFOUND[0m
[0;32mI (205) efuse_init: Min chip rev:     v0.0[0m
[0;32mI (209) efuse_init: Max chip rev:     v3.99 [0m
[0;32mI (213) efuse_init: Chip rev:         v3.1[0m
[0;32mI (217) heap_init: Initializing. RAM available for dynamic allocation:[0m
[0;32mI (223) heap_init: At 3FFAE6E0 len 00001920 (6 KiB): DRAM[0m
[0;32mI (228) heap_init: At 3FFB2CA8 len 0002D358 (180 KiB): DRAM[0m
[0;32mI (233) heap_init: At 3FFE0440 len 00003AE0 (14 KiB): D/IRAM[0m
[0;32mI (239) heap_init: At 3FFE4350 len 0001BCB0 (111 KiB): D/IRAM[0m
[0;32mI (244) heap_init: At 4008CFF8 len 00013008 (76 KiB): IRAM[0m
[0;33mW (251) spi_flash: Detected boya flash chip but using generic driver. For optimal functionality, enable `SPI_FLASH_SUPPORT_BOYA_CHIP` in menuconfig[0m
[0;32mI (263) spi_flash: detected chip: generic[0m
[0;32mI (266) spi_flash: flash io: dio[0m
[0;33mW (269) spi_flash: Detected size(4096k) larger than the size in the binary image header(2048k). Using the size in the binary image header.[0m
[0;32mI (282) main_task: Started on CPU0[0m
[0;32mI (292) main_task: Calling app_main()[0m
----Sorted insert test----
single linked list: 
added:22
added:24
added:99
added:21
added:28
list(first: 21)[21 22 24 28 99 ]


double linked list: 
added 71
added 43
added 80
added 91
added 72
list(first:43, last91 )[43 71 72 80 91 ]
----Removeing elements test----
single linked list: 
added:33
added:55
added:59
added:50
added:75
list(first: 33)[33 50 55 59 75 ]
removeing first element
list(first: 50)[50 55 59 75 ]
1 removed
removeing last element
list(first: 50)[50 55 59 ]
50 removed


double linked list: 
added 50
added 96
added 96
added 28
added 34
list(first:28, last96 )[28 34 50 96 96 ]
removeing first element
list(first:34, last96 )[34 50 96 96 ]
34 removed
removing last element
list(first:34, last96 )[34 50 96 ]
34 removed
----Remove from empty list----
remove from empty sll
remove first: -2147483648
remove last: -2147483648
remove from empty dll
remove first: -2147483648
remove last: -2147483648


----Adding duplicate values----
single linked list: 
added:1
added:1
list(first: 1)[1 1 ]
double linked list: 
added 1
added 1
list(first:1, last1 )[1 1 ]


----Adding values to beginning----
single linked list: 
added:1
added:1
added:0
list(first: 0)[0 1 1 ]
double linked list: 
added 1
added 1
added 0
list(first:0, last1 )[0 1 1 ]


----Adding values to end----
single linked list: 
added:3
list(first: 0)[0 1 1 3 ]
double linked list: 
added 3
list(first:0, last3 )[0 1 1 3 ]


 ----Removeing only element----single linked list: 
added:1
list(first: 1)[1 ]
removeing first element
double linked list: 
added 1
list(first:1, last1 )[1 ]
Guru Meditation Error: Core  0 panic'ed (StoreProhibited). Exception was unhandled.

Core  0 register dump:
PC      : 0x400d64b0  PS      : 0x00060330  A0      : 0x800d62f6  A1      : 0x3ffb3f20  
A2      : 0x3ffb3f44  A3      : 0x00000001  A4      : 0x0000000b  A5      : 0x3f402567  
A6      : 0x00000015  A7      : 0x00000000  A8      : 0x00000000  A9      : 0x00000000  
A10     : 0x3ffafff0  A11     : 0x00000001  A12     : 0x00000001  A13     : 0x3f403835  
A14     : 0x00000021  A15     : 0x3ffaea38  SAR     : 0x00000020  EXCCAUSE: 0x0000001d  
EXCVADDR: 0x00000004  LBEG    : 0x400014fd  LEND    : 0x4000150d  LCOUNT  : 0xffffffff  


Backtrace: 0x400d64ad:0x3ffb3f20 0x400d62f3:0x3ffb3f40 0x400d6315:0x3ffb3f70 0x400e3381:0x3ffb3fa0 0x40085d35:0x3ffb3fd0




ELF file SHA256: a1f65781d

Rebooting...
ets Jul 29 2019 12:21:46

rst:0xc (SW_CPU_RESET),boot:0x13 (SPI_FAST_FLASH_BOOT)
configsip: 0, SPIWP:0xee
clk_drv:0x00,q_drv:0x00,d_drv:0x00,cs0_drv:0x00,hd_drv:0x00,wp_drv:0x00
mode:DIO, clock div:2
load:0x3fff0030,len:6380
ho 0 tail 12 room 4
load:0x40078000,len:15916
load:0x40080400,len:3860
entry 0x40080638
[0;32mI (29) boot: ESP-IDF HEAD-HASH-NOTFOUND 2nd stage bootloader[0m
[0;32mI (29) boot: compile time Oct  8 2025 00:30:29[0m
[0;32mI (29) boot: Multicore bootloader[0m
[0;32mI (32) boot: chip revision: v3.1[0m
[0;32mI (34) boot.esp32: SPI Speed      : 40MHz[0m
[0;32mI (38) boot.esp32: SPI Mode       : DIO[0m
[0;32mI (42) boot.esp32: SPI Flash Size : 2MB[0m
[0;32mI (45) boot: Enabling RNG early entropy source...[0m
[0;32mI (50) boot: Partition Table:[0m
[0;32mI (52) boot: ## Label            Usage          Type ST Offset   Length[0m
[0;32mI (59) boot:  0 nvs              WiFi data        01 02 00009000 00006000[0m
[0;32mI (65) boot:  1 phy_init         RF data          01 01 0000f000 00001000[0m
[0;32mI (72) boot:  2 factory          factory app      00 00 00010000 00100000[0m
[0;32mI (78) boot: End of partition table[0m
[0;32mI (82) esp_image: segment 0: paddr=00010020 vaddr=3f400020 size=09c18h ( 39960) map[0m
[0;32mI (103) esp_image: segment 1: paddr=00019c40 vaddr=3ffb0000 size=023d8h (  9176) load[0m
[0;32mI (106) esp_image: segment 2: paddr=0001c020 vaddr=40080000 size=03ff8h ( 16376) load[0m
[0;32mI (113) esp_image: segment 3: paddr=00020020 vaddr=400d0020 size=13a68h ( 80488) map[0m
[0;32mI (142) esp_image: segment 4: paddr=00033a90 vaddr=40083ff8 size=09000h ( 36864) load[0m
[0;32mI (156) esp_image: segment 5: paddr=0003ca98 vaddr=50000000 size=00020h (    32) load[0m
[0;32mI (163) boot: Loaded app from partition at offset 0x10000[0m
[0;32mI (163) boot: Disabling RNG early entropy source...[0m
[0;32mI (174) cpu_start: Multicore app[0m
[0;32mI (183) cpu_start: Pro cpu start user code[0m
[0;32mI (183) cpu_start: cpu freq: 160000000 Hz[0m
[0;32mI (183) app_init: Application information:[0m
[0;32mI (183) app_init: Project name:     lab4[0m
[0;32mI (186) app_init: App version:      2c3774c-dirty[0m
[0;32mI (191) app_init: Compile time:     Oct  8 2025 09:46:24[0m
[0;32mI (196) app_init: ELF file SHA256:  a1f65781d...[0m
[0;32mI (200) app_init: ESP-IDF:          HEAD-HASH-NOTFOUND[0m
[0;32mI (205) efuse_init: Min chip rev:     v0.0[0m
[0;32mI (209) efuse_init: Max chip rev:     v3.99 [0m
[0;32mI (213) efuse_init: Chip rev:         v3.1[0m
[0;32mI (217) heap_init: Initializing. RAM available for dynamic allocation:[0m
[0;32mI (223) heap_init: At 3FFAE6E0 len 00001920 (6 KiB): DRAM[0m
[0;32mI (228) heap_init: At 3FFB2CA8 len 0002D358 (180 KiB): DRAM[0m
[0;32mI (233) heap_init: At 3FFE0440 len 00003AE0 (14 KiB): D/IRAM[0m
[0;32mI (239) heap_init: At 3FFE4350 len 0001BCB0 (111 KiB): D/IRAM[0m
[0;32mI (244) heap_init: At 4008CFF8 len 00013008 (76 KiB): IRAM[0m
[0;33mW (251) spi_flash: Detected boya flash chip but using generic driver. For optimal functionality, enable `SPI_FLASH_SUPPORT_BOYA_CHIP` in menuconfig[0m
[0;32mI (263) spi_flash: detected chip: generic[0m
[0;32mI (266) spi_flash: flash io: dio[0m
[0;33mW (269) spi_flash: Detected size(4096k) larger than the size in the binary image header(2048k). Using the size in the binary image header.[0m
[0;32mI (282) main_task: Started on CPU0[0m
[0;32mI (292) main_task: Calling app_main()[0m
----Sorted insert test----
single linked list: 
added:91
added:87
added:49
added:49
added:24
list(first: 24)[24 49 49 87 91 ]


double linked list: 
added 51
added 10
added 45
added 15
added 3
list(first:3, last51 )[3 10 15 45 51 ]
----Removeing elements test----
single linked list: 
added:31
added:31
added:21
added:64
added:77
list(first: 21)[21 31 31 64 77 ]
removeing first element
list(first: 31)[31 31 64 77 ]
1 removed
removeing last element
list(first: 31)[31 31 64 ]
31 removed


double linked list: 
added 16
added 89
added 63
added 10
added 27
list(first:10, last89 )[10 16 27 63 89 ]
removeing first element
list(first:16, last89 )[16 27 63 89 ]
16 removed
removing last element
list(first:16, last63 )[16 27 63 ]
16 removed
----Remove from empty list----
remove from empty sll
remove first: -2147483648
remove last: -2147483648
remove from empty dll
remove first: -2147483648
remove last: -2147483648


----Adding duplicate values----
single linked list: 
added:1
added:1
list(first: 1)[1 1 ]
double linked list: 
added 1
added 1
list(first:1, last1 )[1 1 ]


----Adding values to beginning----
single linked list: 
added:1
added:1
added:0
list(first: 0)[0 1 1 ]
double linked list: 
added 1
added 1
added 0
list(first:0, last1 )[0 1 1 ]


----Adding values to end----
single linked list: 
added:3
list(first: 0)[0 1 1 3 ]
double linked list: 
added 3
list(first:0, last3 )[0 1 1 3 ]


 ----Removeing only element----single linked list: 
added:1
list(first: 1)[1 ]
removeing first element
double linked list: 
added 1
list(first:1, last1 )[1 ]
Guru Meditation Error: Core  0 panic'ed (StoreProhibited). Exception was unhandled.

Core  0 register dump:
PC      : 0x400d64b0  PS      : 0x00060330  A0      : 0x800d62f6  A1      : 0x3ffb3f20  
A2      : 0x3ffb3f44  A3      : 0x00000001  A4      : 0x0000000b  A5      : 0x3f402567  
A6      : 0x00000015  A7      : 0x00000000  A8      : 0x00000000  A9      : 0x00000000  
A10     : 0x3ffafff0  A11     : 0x00000001  A12     : 0x00000001  A13     : 0x3f403835  
A14     : 0x00000021  A15     : 0x3ffaea38  SAR     : 0x00000020  EXCCAUSE: 0x0000001d  
EXCVADDR: 0x00000004  LBEG    : 0x400014fd  LEND    : 0x4000150d  LCOUNT  : 0xffffffff  


Backtrace: 0x400d64ad:0x3ffb3f20 0x400d62f3:0x3ffb3f40 0x400d6315:0x3ffb3f70 0x400e3381:0x3ffb3fa0 0x40085d35:0x3ffb3fd0




ELF file SHA256: a1f65781d

Rebooting...
ets Jul 29 2019 12:21:46

rst:0xc (SW_CPU_RESET),boot:0x13 (SPI_FAST_FLASH_BOOT)
configsip: 0, SPIWP:0xee
clk_drv:0x00,q_drv:0x00,d_drv:0x00,cs0_drv:0x00,hd_drv:0x00,wp_drv:0x00
mode:DIO, clock div:2
load:0x3fff0030,len:6380
ho 0 tail 12 room 4
load:0x40078000,len:15916
load:0x40080400,len:3860
entry 0x40080638
[0;32mI (29) boot: ESP-IDF HEAD-HASH-NOTFOUND 2nd stage bootloader[0m
[0;32mI (29) boot: compile time Oct  8 2025 00:30:29[0m
[0;32mI (29) boot: Multicore bootloader[0m
[0;32mI (32) boot: chip revision: v3.1[0m
[0;32mI (34) boot.esp32: SPI Speed      : 40MHz[0m
[0;32mI (38) boot.esp32: SPI Mode       : DIO[0m
[0;32mI (42) boot.esp32: SPI Flash Size : 2MB[0m
[0;32mI (45) boot: Enabling RNG early entropy source...[0m
[0;32mI (50) boot: Partition Table:[0m
[0;32mI (52) boot: ## Label            Usage          Type ST Offset   Length[0m
[0;32mI (59) boot:  0 nvs              WiFi data        01 02 00009000 00006000[0m
[0;32mI (65) boot:  1 phy_init         RF data          01 01 0000f000 00001000[0m
[0;32mI (72) boot:  2 factory          factory app      00 00 00010000 00100000[0m
[0;32mI (78) boot: End of partition table[0m
[0;32mI (82) esp_image: segment 0: paddr=00010020 vaddr=3f400020 size=09c18h ( 39960) map[0m
[0;32mI (103) esp_image: segment 1: paddr=00019c40 vaddr=3ffb0000 size=023d8h (  9176) load[0m
[0;32mI (106) esp_image: segment 2: paddr=0001c020 vaddr=40080000 size=03ff8h ( 16376) load[0m
[0;32mI (113) esp_image: segment 3: paddr=00020020 vaddr=400d0020 size=13a68h ( 80488) map[0m
[0;32mI (142) esp_image: segment 4: paddr=00033a90 vaddr=40083ff8 size=09000h ( 36864) load[0m
[0;32mI (156) esp_image: segment 5: paddr=0003ca98 vaddr=50000000 size=00020h (    32) load[0m
[0;32mI (163) boot: Loaded app from partition at offset 0x10000[0m
[0;32mI (163) boot: Disabling RNG early entropy source...[0m
[0;32mI (174) cpu_start: Multicore app[0m
[0;32mI (183) cpu_start: Pro cpu start user code[0m
[0;32mI (183) cpu_start: cpu freq: 160000000 Hz[0m
[0;32mI (183) app_init: Application information:[0m
[0;32mI (183) app_init: Project name:     lab4[0m
[0;32mI (186) app_init: App version:      2c3774c-dirty[0m
[0;32mI (191) app_init: Compile time:     Oct  8 2025 09:46:24[0m
[0;32mI (196) app_init: ELF file SHA256:  a1f65781d...[0m
[0;32mI (200) app_init: ESP-IDF:          HEAD-HASH-NOTFOUND[0m
[0;32mI (205) efuse_init: Min chip rev:     v0.0[0m
[0;32mI (209) efuse_init: Max chip rev:     v3.99 [0m
[0;32mI (213) efuse_init: Chip rev:         v3.1[0m
[0;32mI (217) heap_init: Initializing. RAM available for dynamic allocation:[0m
[0;32mI (223) heap_init: At 3FFAE6E0 len 00001920 (6 KiB): DRAM[0m
[0;32mI (228) heap_init: At 3FFB2CA8 len 0002D358 (180 KiB): DRAM[0m
[0;32mI (233) heap_init: At 3FFE0440 len 00003AE0 (14 KiB): D/IRAM[0m
[0;32mI (239) heap_init: At 3FFE4350 len 0001BCB0 (111 KiB): D/IRAM[0m
[0;32mI (244) heap_init: At 4008CFF8 len 00013008 (76 KiB): IRAM[0m
[0;33mW (251) spi_flash: Detected boya flash chip but using generic driver. For optimal functionality, enable `SPI_FLASH_SUPPORT_BOYA_CHIP` in menuconfig[0m
[0;32mI (263) spi_flash: detected chip: generic[0m
[0;32mI (266) spi_flash: flash io: dio[0m
[0;33mW (269) spi_flash: Detected size(4096k) larger than the size in the binary image header(2048k). Using the size in the binary image header.[0m
[0;32mI (282) main_task: Started on CPU0[0m
[0;32mI (292) main_task: Calling app_main()[0m
----Sorted insert test----
single linked list: 
added:4
added:94
added:49
added:62
added:36
list(first: 4)[4 36 49 62 94 ]


double linked list: 
added 38
added 41
added 73
added 9
added 99
list(first:9, last99 )[9 38 41 73 99 ]
----Removeing elements test----
single linked list: 
added:84
added:19
added:40
added:71
added:23
list(first: 19)[19 23 40 71 84 ]
removeing first element
list(first: 23)[23 40 71 84 ]
1 removed
removeing last element
list(first: 23)[23 40 71 ]
23 removed


double linked list: 
added 23
added 72
added 43
added 84
added 33
list(first:23, last84 )[23 33 43 72 84 ]
removeing first element
list(first:33, last84 )[33 43 72 84 ]
33 removed
removing last element
list(first:33, last72 )[33 43 72 ]
33 removed
----Remove from empty list----
remove from empty sll
remove first: -2147483648
remove last: -2147483648
remove from empty dll
remove first: -2147483648
remove last: -2147483648


----Adding duplicate values----
single linked list: 
added:1
added:1
list(first: 1)[1 1 ]
double linked list: 
added 1
added 1
list(first:1, last1 )[1 1 ]


----Adding values to beginning----
single linked list: 
added:1
added:1
added:0
list(first: 0)[0 1 1 ]
double linked list: 
added 1
added 1
added 0
list(first:0, last1 )[0 1 1 ]


----Adding values to end----
single linked list: 
added:3
list(first: 0)[0 1 1 3 ]
double linked list: 
added 3
list(first:0, last3 )[0 1 1 3 ]


 ----Removeing only element----single linked list: 
added:1
list(first: 1)[1 ]
removeing first element
double linked list: 
added 1
list(first:1, last1 )[1 ]
Guru Meditation Error: Core  0 panic'ed (StoreProhibited). Exception was unhandled.

Core  0 register dump:
PC      : 0x400d64b0  PS      : 0x00060330  A0      : 0x800d62f6  A1      : 0x3ffb3f20  
A2      : 0x3ffb3f44  A3      : 0x00000001  A4      : 0x0000000b  A5      : 0x3f402567  
A6      : 0x00000015  A7      : 0x00000000  A8      : 0x00000000  A9      : 0x00000000  
A10     : 0x3ffafff0  A11     : 0x00000001  A12     : 0x00000001  A13     : 0x3f403835  
A14     : 0x00000021  A15     : 0x3ffaea38  SAR     : 0x00000020  EXCCAUSE: 0x0000001d  
EXCVADDR: 0x00000004  LBEG    : 0x400014fd  LEND    : 0x4000150d  LCOUNT  : 0xffffffff  


Backtrace: 0x400d64ad:0x3ffb3f20 0x400d62f3:0x3ffb3f40 0x400d6315:0x3ffb3f70 0x400e3381:0x3ffb3fa0 0x40085d35:0x3ffb3fd0




ELF file SHA256: a1f65781d

Rebooting...
ets Jul 29 2019 12:21:46

rst:0xc (SW_CPU_RESET),boot:0x13 (SPI_FAST_FLASH_BOOT)
configsip: 0, SPIWP:0xee
clk_drv:0x00,q_drv:0x00,d_drv:0x00,cs0_drv:0x00,hd_drv:0x00,wp_drv:0x00
mode:DIO, clock div:2
load:0x3fff0030,len:6380
ho 0 tail 12 room 4
load:0x40078000,len:15916
load:0x40080400,len:3860
entry 0x40080638
[0;32mI (29) boot: ESP-IDF HEAD-HASH-NOTFOUND 2nd stage bootloader[0m
[0;32mI (29) boot: compile time Oct  8 2025 00:30:29[0m
[0;32mI (29) boot: Multicore bootloader[0m
[0;32mI (32) boot: chip revision: v3.1[0m
[0;32mI (34) boot.esp32: SPI Speed      : 40MHz[0m
[0;32mI (38) boot.esp32: SPI Mode       : DIO[0m
[0;32mI (42) boot.esp32: SPI Flash Size : 2MB[0m
[0;32mI (45) boot: Enabling RNG early entropy source...[0m
[0;32mI (50) boot: Partition Table:[0m
[0;32mI (52) boot: ## Label            Usage          Type ST Offset   Length[0m
[0;32mI (59) boot:  0 nvs              WiFi data        01 02 00009000 00006000[0m
[0;32mI (65) boot:  1 phy_init         RF data          01 01 0000f000 00001000[0m
[0;32mI (72) boot:  2 factory          factory app      00 00 00010000 00100000[0m
[0;32mI (78) boot: End of partition table[0m
[0;32mI (82) esp_image: segment 0: paddr=00010020 vaddr=3f400020 size=09c18h ( 39960) map[0m
[0;32mI (103) esp_image: segment 1: paddr=00019c40 vaddr=3ffb0000 size=023d8h (  9176) load[0m
[0;32mI (106) esp_image: segment 2: paddr=0001c020 vaddr=40080000 size=03ff8h ( 16376) load[0m
[0;32mI (113) esp_image: segment 3: paddr=00020020 vaddr=400d0020 size=13a68h ( 80488) map[0m
[0;32mI (142) esp_image: segment 4: paddr=00033a90 vaddr=40083ff8 size=09000h ( 36864) load[0m
[0;32mI (156) esp_image: segment 5: paddr=0003ca98 vaddr=50000000 size=00020h (    32) load[0m
[0;32mI (163) boot: Loaded app from partition at offset 0x10000[0m
[0;32mI (163) boot: Disabling RNG early entropy source...[0m
[0;32mI (174) cpu_start: Multicore app[0m
[0;32mI (183) cpu_start: Pro cpu start user code[0m
[0;32mI (183) cpu_start: cpu freq: 160000000 Hz[0m
[0;32mI (183) app_init: Application information:[0m
[0;32mI (183) app_init: Project name:     lab4[0m
[0;32mI (186) app_init: App version:      2c3774c-dirty[0m
[0;32mI (191) app_init: Compile time:     Oct  8 2025 09:46:24[0m
[0;32mI (196) app_init: ELF file SHA256:  a1f65781d...[0m
[0;32mI (200) app_init: ESP-IDF:          HEAD-HASH-NOTFOUND[0m
[0;32mI (205) efuse_init: Min chip rev:     v0.0[0m
[0;32mI (209) efuse_init: Max chip rev:     v3.99 [0m
[0;32mI (213) efuse_init: Chip rev:         v3.1[0m
[0;32mI (217) heap_init: Initializing. RAM available for dynamic allocation:[0m
[0;32mI (223) heap_init: At 3FFAE6E0 len 00001920 (6 KiB): DRAM[0m
[0;32mI (228) heap_init: At 3FFB2CA8 len 0002D358 (180 KiB): DRAM[0m
[0;32mI (233) heap_init: At 3FFE0440 len 00003AE0 (14 KiB): D/IRAM[0m
[0;32mI (239) heap_init: At 3FFE4350 len 0001BCB0 (111 KiB): D/IRAM[0m
[0;32mI (244) heap_init: At 4008CFF8 len 00013008 (76 KiB): IRAM[0m
[0;33mW (251) spi_flash: Detected boya flash chip but using generic driver. For optimal functionality, enable `SPI_FLASH_SUPPORT_BOYA_CHIP` in menuconfig[0m
[0;32mI (263) spi_flash: detected chip: generic[0m
[0;32mI (266) spi_flash: flash io: dio[0m
[0;33mW (269) spi_flash: Detected size(4096k) larger than the size in the binary image header(2048k). Using the size in the binary image header.[0m
[0;32mI (282) main_task: Started on CPU0[0m
[0;32mI (292) main_task: Calling app_main()[0m
----Sorted insert test----
single linked list: 
added:44
added:38
added:53
added:92
added:54
list(first: 38)[38 44 53 54 92 ]


double linked list: 
added 19
added 47
added 99
added 67
added 3
list(first:3, last99 )[3 19 47 67 99 ]
----Removeing elements test----
single linked list: 
added:82
added:77
added:10
added:40
added:98
list(first: 10)[10 40 77 82 98 ]
removeing first element
list(first: 40)[40 77 82 98 ]
1 removed
removeing last element
list(first: 40)[40 77 82 ]
40 removed


double linked list: 
added 79
added 60
added 42
added 0
added 62
list(first:0, last79 )[0 42 60 62 79 ]
removeing first element
list(first:42, last79 )[42 60 62 79 ]
42 removed
removing last element
list(first:42, last62 )[42 60 62 ]
42 removed
----Remove from empty list----
remove from empty sll
remove first: -2147483648
remove last: -2147483648
remove from empty dll
remove first: -2147483648
remove last: -2147483648


----Adding duplicate values----
single linked list: 
added:1
added:1
list(first: 1)[1 1 ]
double linked list: 
added 1
added 1
list(first:1, last1 )[1 1 ]


----Adding values to beginning----
single linked list: 
added:1
added:1
added:0
list(first: 0)[0 1 1 ]
double linked list: 
added 1
added 1
added 0
list(first:0, last1 )[0 1 1 ]


----Adding values to end----
single linked list: 
added:3
list(first: 0)[0 1 1 3 ]
double linked list: 
added 3
list(first:0, last3 )[0 1 1 3 ]


 ----Removeing only element----single linked list: 
added:1
list(first: 1)[1 ]
removeing first element
double linked list: 
added 1
list(first:1, last1 )[1 ]
Guru Meditation Error: Core  0 panic'ed (StoreProhibited). Exception was unhandled.

Core  0 register dump:
PC      : 0x400d64b0  PS      : 0x00060330  A0      : 0x800d62f6  A1      : 0x3ffb3f20  
A2      : 0x3ffb3f44  A3      : 0x00000001  A4      : 0x0000000b  A5      : 0x3f402567  
A6      : 0x00000015  A7      : 0x00000000  A8      : 0x00000000  A9      : 0x00000000  
A10     : 0x3ffafff0  A11     : 0x00000001  A12     : 0x00000001  A13     : 0x3f403835  
A14     : 0x00000021  A15     : 0x3ffaea38  SAR     : 0x00000020  EXCCAUSE: 0x0000001d  
EXCVADDR: 0x00000004  LBEG    : 0x400014fd  LEND    : 0x4000150d  LCOUNT  : 0xffffffff  


Backtrace: 0x400d64ad:0x3ffb3f20 0x400d62f3:0x3ffb3f40 0x400d6315:0x3ffb3f70 0x400e3381:0x3ffb3fa0 0x40085d35:0x3ffb3fd0




ELF file SHA256: a1f65781d

Rebooting...
ets Jul 29 2019 12:21:46

rst:0xc (SW_CPU_RESET),boot:0x13 (SPI_FAST_FLASH_BOOT)
configsip: 0, SPIWP:0xee
clk_drv:0x00,q_drv:0x00,d_drv:0x00,cs0_drv:0x00,hd_drv:0x00,wp_drv:0x00
mode:DIO, clock div:2
load:0x3fff0030,len:6380
ho 0 tail 12 room 4
load:0x40078000,len:15916
load:0x40080400,len:3860
entry 0x40080638
[0;32mI (29) boot: ESP-IDF HEAD-HASH-NOTFOUND 2nd stage bootloader[0m
[0;32mI (29) boot: compile time Oct  8 2025 00:30:29[0m
[0;32mI (29) boot: Multicore bootloader[0m
[0;32mI (32) boot: chip revision: v3.1[0m
[0;32mI (34) boot.esp32: SPI Speed      : 40MHz[0m
[0;32mI (38) boot.esp32: SPI Mode       : DIO[0m
[0;32mI (42) boot.esp32: SPI Flash Size : 2MB[0m
[0;32mI (45) boot: Enabling RNG early entropy source...[0m
[0;32mI (50) boot: Partition Table:[0m
[0;32mI (52) boot: ## Label            Usage          Type ST Offset   Length[0m
[0;32mI (59) boot:  0 nvs              WiFi data        01 02 00009000 00006000[0m
[0;32mI (65) boot:  1 phy_init         RF data          01 01 0000f000 00001000[0m
[0;32mI (72) boot:  2 factory          factory app      00 00 00010000 00100000[0m
[0;32mI (78) boot: End of partition table[0m
[0;32mI (82) esp_image: segment 0: paddr=00010020 vaddr=3f400020 size=09c18h ( 39960) map[0m
[0;32mI (103) esp_image: segment 1: paddr=00019c40 vaddr=3ffb0000 size=023d8h (  9176) load[0m
[0;32mI (106) esp_image: segment 2: paddr=0001c020 vaddr=40080000 size=03ff8h ( 16376) load[0m
[0;32mI (113) esp_image: segment 3: paddr=00020020 vaddr=400d0020 size=13a68h ( 80488) map[0m
[0;32mI (142) esp_image: segment 4: paddr=00033a90 vaddr=40083ff8 size=09000h ( 36864) load[0m
[0;32mI (156) esp_image: segment 5: paddr=0003ca98 vaddr=50000000 size=00020h (    32) load[0m
[0;32mI (163) boot: Loaded app from partition at offset 0x10000[0m
[0;32mI (163) boot: Disabling RNG early entropy source...[0m
[0;32mI (174) cpu_start: Multicore app[0m
[0;32mI (183) cpu_start: Pro cpu start user code[0m
[0;32mI (183) cpu_start: cpu freq: 160000000 Hz[0m
[0;32mI (183) app_init: Application information:[0m
[0;32mI (183) app_init: Project name:     lab4[0m
[0;32mI (186) app_init: App version:      2c3774c-dirty[0m
[0;32mI (191) app_init: Compile time:     Oct  8 2025 09:46:24[0m
[0;32mI (196) app_init: ELF file SHA256:  a1f65781d...[0m
[0;32mI (200) app_init: ESP-IDF:          HEAD-HASH-NOTFOUND[0m
[0;32mI (205) efuse_init: Min chip rev:     v0.0[0m
[0;32mI (209) efuse_init: Max chip rev:     v3.99 [0m
[0;32mI (213) efuse_init: Chip rev:         v3.1[0m
[0;32mI (217) heap_init: Initializing. RAM available for dynamic allocation:[0m
[0;32mI (223) heap_init: At 3FFAE6E0 len 00001920 (6 KiB): DRAM[0m
[0;32mI (228) heap_init: At 3FFB2CA8 len 0002D358 (180 KiB): DRAM[0m
[0;32mI (233) heap_init: At 3FFE0440 len 00003AE0 (14 KiB): D/IRAM[0m
[0;32mI (239) heap_init: At 3FFE4350 len 0001BCB0 (111 KiB): D/IRAM[0m
[0;32mI (244) heap_init: At 4008CFF8 len 00013008 (76 KiB): IRAM[0m
[0;33mW (251) spi_flash: Detected boya flash chip but using generic driver. For optimal functionality, enable `SPI_FLASH_SUPPORT_BOYA_CHIP` in menuconfig[0m
[0;32mI (263) spi_flash: detected chip: generic[0m
[0;32mI (266) spi_flash: flash io: dio[0m
[0;33mW (269) spi_flash: Detected size(4096k) larger than the size in the binary image header(2048k). Using the size in the binary image header.[0m
[0;32mI (282) main_task: Started on CPU0[0m
[0;32mI (292) main_task: Calling app_main()[0m
----Sorted insert test----
single linked list: 
added:47
added:8
added:3
added:91
added:76
list(first: 3)[3 8 47 76 91 ]


double linked list: 
added 14
added 16
added 60
added 8
added 16
list(first:8, last60 )[8 14 16 16 60 ]
----Removeing elements test----
single linked list: 
added:71
added:15
added:85
added:98
added:32
list(first: 15)[15 32 71 85 98 ]
removeing first element
list(first: 32)[32 71 85 98 ]
1 removed
removeing last element
list(first: 32)[32 71 85 ]
32 removed


double linked list: 
added 70
added 94
added 52
added 63
added 50
list(first:50, last94 )[50 52 63 70 94 ]
removeing first element
list(first:52, last94 )[52 63 70 94 ]
52 removed
removing last element
list(first:52, last70 )[52 63 70 ]
52 removed
----Remove from empty list----
remove from empty sll
remove first: -2147483648
remove last: -2147483648
remove from empty dll
remove first: -2147483648
remove last: -2147483648


----Adding duplicate values----
single linked list: 
added:1
added:1
list(first: 1)[1 1 ]
double linked list: 
added 1
added 1
list(first:1, last1 )[1 1 ]


----Adding values to beginning----
single linked list: 
added:1
added:1
added:0
list(first: 0)[0 1 1 ]
double linked list: 
added 1
added 1
added 0
list(first:0, last1 )[0 1 1 ]


----Adding values to end----
single linked list: 
added:3
list(first: 0)[0 1 1 3 ]
double linked list: 
added 3
list(first:0, last3 )[0 1 1 3 ]


 ----Removeing only element----single linked list: 
added:1
list(first: 1)[1 ]
removeing first element
double linked list: 
added 1
list(first:1, last1 )[1 ]
Guru Meditation Error: Core  0 panic'ed (StoreProhibited). Exception was unhandled.

Core  0 register dump:
PC      : 0x400d64b0  PS      : 0x00060330  A0      : 0x800d62f6  A1      : 0x3ffb3f20  
A2      : 0x3ffb3f44  A3      : 0x00000001  A4      : 0x0000000b  A5      : 0x3f402567  
A6      : 0x00000015  A7      : 0x00000000  A8      : 0x00000000  A9      : 0x00000000  
A10     : 0x3ffafff0  A11     : 0x00000001  A12     : 0x00000001  A13     : 0x3f403835  
A14     : 0x00000021  A15     : 0x3ffaea38  SAR     : 0x00000020  EXCCAUSE: 0x0000001d  
EXCVADDR: 0x00000004  LBEG    : 0x400014fd  LEND    : 0x4000150d  LCOUNT  : 0xffffffff  


Backtrace: 0x400d64ad:0x3ffb3f20 0x400d62f3:0x3ffb3f40 0x400d6315:0x3ffb3f70 0x400e3381:0x3ffb3fa0 0x40085d35:0x3ffb3fd0




ELF file SHA256: a1f65781d

Rebooting...
ets Jul 29 2019 12:21:46

rst:0xc (SW_CPU_RESET),boot:0x13 (SPI_FAST_FLASH_BOOT)
configsip: 0, SPIWP:0xee
clk_drv:0x00,q_drv:0x00,d_drv:0x00,cs0_drv:0x00,hd_drv:0x00,wp_drv:0x00
mode:DIO, clock div:2
load:0x3fff0030,len:6380
ho 0 tail 12 room 4
load:0x40078000,len:15916
load:0x40080400,len:3860
entry 0x40080638
[0;32mI (29) boot: ESP-IDF HEAD-HASH-NOTFOUND 2nd stage bootloader[0m
[0;32mI (29) boot: compile time Oct  8 2025 00:30:29[0m
[0;32mI (29) boot: Multicore bootloader[0m
[0;32mI (32) boot: chip revision: v3.1[0m
[0;32mI (34) boot.esp32: SPI Speed      : 40MHz[0m
[0;32mI (38) boot.esp32: SPI Mode       : DIO[0m
[0;32mI (42) boot.esp32: SPI Flash Size : 2MB[0m
[0;32mI (45) boot: Enabling RNG early entropy source...[0m
[0;32mI (50) boot: Partition Table:[0m
[0;32mI (52) boot: ## Label            Usage          Type ST Offset   Length[0m
[0;32mI (59) boot:  0 nvs              WiFi data        01 02 00009000 00006000[0m
[0;32mI (65) boot:  1 phy_init         RF data          01 01 0000f000 00001000[0m
[0;32mI (72) boot:  2 factory          factory app      00 00 00010000 00100000[0m
[0;32mI (78) boot: End of partition table[0m
[0;32mI (82) esp_image: segment 0: paddr=00010020 vaddr=3f400020 size=09c18h ( 39960) map[0m
[0;32mI (103) esp_image: segment 1: paddr=00019c40 vaddr=3ffb0000 size=023d8h (  9176) load[0m
[0;32mI (106) esp_image: segment 2: paddr=0001c020 vaddr=40080000 size=03ff8h ( 16376) load[0m
[0;32mI (113) esp_image: segment 3: paddr=00020020 vaddr=400d0020 size=13a68h ( 80488) map[0m
[0;32mI (142) esp_image: segment 4: paddr=00033a90 vaddr=40083ff8 size=09000h ( 36864) load[0m
[0;32mI (156) esp_image: segment 5: paddr=0003ca98 vaddr=50000000 size=00020h (    32) load[0m
[0;32mI (163) boot: Loaded app from partition at offset 0x10000[0m
[0;32mI (163) boot: Disabling RNG early entropy source...[0m
[0;32mI (174) cpu_start: Multicore app[0m
[0;32mI (183) cpu_start: Pro cpu start user code[0m
[0;32mI (183) cpu_start: cpu freq: 160000000 Hz[0m
[0;32mI (183) app_init: Application information:[0m
[0;32mI (183) app_init: Project name:     lab4[0m
[0;32mI (186) app_init: App version:      2c3774c-dirty[0m
[0;32mI (191) app_init: Compile time:     Oct  8 2025 09:46:24[0m
[0;32mI (196) app_init: ELF file SHA256:  a1f65781d...[0m
[0;32mI (200) app_init: ESP-IDF:          HEAD-HASH-NOTFOUND[0m
[0;32mI (205) efuse_init: Min chip rev:     v0.0[0m
[0;32mI (209) efuse_init: Max chip rev:     v3.99 [0m
[0;32mI (213) efuse_init: Chip rev:         v3.1[0m
[0;32mI (217) heap_init: Initializing. RAM available for dynamic allocation:[0m
[0;32mI (223) heap_init: At 3FFAE6E0 len 00001920 (6 KiB): DRAM[0m
[0;32mI (228) heap_init: At 3FFB2CA8 len 0002D358 (180 KiB): DRAM[0m
[0;32mI (233) heap_init: At 3FFE0440 len 00003AE0 (14 KiB): D/IRAM[0m
[0;32mI (239) heap_init: At 3FFE4350 len 0001BCB0 (111 KiB): D/IRAM[0m
[0;32mI (244) heap_init: At 4008CFF8 len 00013008 (76 KiB): IRAM[0m
[0;33mW (251) spi_flash: Detected boya flash chip but using generic driver. For optimal functionality, enable `SPI_FLASH_SUPPORT_BOYA_CHIP` in menuconfig[0m
[0;32mI (263) spi_flash: detected chip: generic[0m
[0;32mI (266) spi_flash: flash io: dio[0m
[0;33mW (269) spi_flash: Detected size(4096k) larger than the size in the binary image header(2048k). Using the size in the binary image header.[0m
[0;32mI (282) main_task: Started on CPU0[0m
[0;32mI (292) main_task: Calling app_main()[0m
----Sorted insert test----
single linked list: 
added:9
added:47
added:98
added:23
added:82
list(first: 9)[9 23 47 82 98 ]


double linked list: 
added 34
added 29
added 39
added 16
added 57
list(first:16, last57 )[16 29 34 39 57 ]
----Removeing elements test----
single linked list: 
added:31
added:8
added:43
added:77
added:94
list(first: 8)[8 31 43 77 94 ]
removeing first element
list(first: 31)[31 43 77 94 ]
1 removed
removeing last element
list(first: 31)[31 43 77 ]
31 removed


double linked list: 
added 8
added 73
added 88
added 70
added 10
list(first:8, last88 )[8 10 70 73 88 ]
removeing first element
list(first:10, last88 )[10 70 73 88 ]
10 removed
removing last element
list(first:10, last73 )[10 70 73 ]
10 removed
----Remove from empty list----
remove from empty sll
remove first: -2147483648
remove last: -2147483648
remove from empty dll
remove first: -2147483648
remove last: -2147483648


----Adding duplicate values----
single linked list: 
added:1
added:1
list(first: 1)[1 1 ]
double linked list: 
added 1
added 1
list(first:1, last1 )[1 1 ]


----Adding values to beginning----
single linked list: 
added:1
added:1
added:0
list(first: 0)[0 1 1 ]
double linked list: 
added 1
added 1
added 0
list(first:0, last1 )[0 1 1 ]


----Adding values to end----
single linked list: 
added:3
list(first: 0)[0 1 1 3 ]
double linked list: 
added 3
list(first:0, last3 )[0 1 1 3 ]


 ----Removeing only element----single linked list: 
added:1
list(first: 1)[1 ]
removeing first element
double linked list: 
added 1
list(first:1, last1 )[1 ]
Guru Meditation Error: Core  0 panic'ed (StoreProhibited). Exception was unhandled.

Core  0 register dump:
PC      : 0x400d64b0  PS      : 0x00060330  A0      : 0x800d62f6  A1      : 0x3ffb3f20  
A2      : 0x3ffb3f44  A3      : 0x00000001  A4      : 0x0000000b  A5      : 0x3f402567  
A6      : 0x00000015  A7      : 0x00000000  A8      : 0x00000000  A9      : 0x00000000  
A10     : 0x3ffafff0  A11     : 0x00000001  A12     : 0x00000001  A13     : 0x3f403835  
A14     : 0x00000021  A15     : 0x3ffaea38  SAR     : 0x00000020  EXCCAUSE: 0x0000001d  
EXCVADDR: 0x00000004  LBEG    : 0x400014fd  LEND    : 0x4000150d  LCOUNT  : 0xffffffff  


Backtrace: 0x400d64ad:0x3ffb3f20 0x400d62f3:0x3ffb3f40 0x400d6315:0x3ffb3f70 0x400e3381:0x3ffb3fa0 0x40085d35:0x3ffb3fd0




ELF file SHA256: a1f65781d

Rebooting...
ets Jul 29 2019 12:21:46

rst:0xc (SW_CPU_RESET),boot:0x13 (SPI_FAST_FLASH_BOOT)
configsip: 0, SPIWP:0xee
clk_drv:0x00,q_drv:0x00,d_drv:0x00,cs0_drv:0x00,hd_drv:0x00,wp_drv:0x00
mode:DIO, clock div:2
load:0x3fff0030,len:6380
ho 0 tail 12 room 4
load:0x40078000,len:15916
load:0x40080400,len:3860
entry 0x40080638
[0;32mI (29) boot: ESP-IDF HEAD-HASH-NOTFOUND 2nd stage bootloader[0m
[0;32mI (29) boot: compile time Oct  8 2025 00:30:29[0m
[0;32mI (29) boot: Multicore bootloader[0m
[0;32mI (32) boot: chip revision: v3.1[0m
[0;32mI (34) boot.esp32: SPI Speed      : 40MHz[0m
[0;32mI (38) boot.esp32: SPI Mode       : DIO[0m
[0;32mI (42) boot.esp32: SPI Flash Size : 2MB[0m
[0;32mI (45) boot: Enabling RNG early entropy source...[0m
[0;32mI (50) boot: Partition Table:[0m
[0;32mI (52) boot: ## Label            Usage          Type ST Offset   Length[0m
[0;32mI (59) boot:  0 nvs              WiFi data        01 02 00009000 00006000[0m
[0;32mI (65) boot:  1 phy_init         RF data          01 01 0000f000 00001000[0m
[0;32mI (72) boot:  2 factory          factory app      00 00 00010000 00100000[0m
[0;32mI (78) boot: End of partition table[0m
[0;32mI (82) esp_image: segment 0: paddr=00010020 vaddr=3f400020 size=09c18h ( 39960) map[0m
[0;32mI (103) esp_image: segment 1: paddr=00019c40 vaddr=3ffb0000 size=023d8h (  9176) load[0m
[0;32mI (106) esp_image: segment 2: paddr=0001c020 vaddr=40080000 size=03ff8h ( 16376) load[0m
[0;32mI (113) esp_image: segment 3: paddr=00020020 vaddr=400d0020 size=13a68h ( 80488) map[0m
[0;32mI (142) esp_image: segment 4: paddr=00033a90 vaddr=40083ff8 size=09000h ( 36864) load[0m
[0;32mI (156) esp_image: segment 5: paddr=0003ca98 vaddr=50000000 size=00020h (    32) load[0m
[0;32mI (163) boot: Loaded app from partition at offset 0x10000[0m
[0;32mI (163) boot: Disabling RNG early entropy source...[0m
[0;32mI (174) cpu_start: Multicore app[0m
[0;32mI (183) cpu_start: Pro cpu start user code[0m
[0;32mI (183) cpu_start: cpu freq: 160000000 Hz[0m
[0;32mI (183) app_init: Application information:[0m
[0;32mI (183) app_init: Project name:     lab4[0m
[0;32mI (186) app_init: App version:      2c3774c-dirty[0m
[0;32mI (191) app_init: Compile time:     Oct  8 2025 09:46:24[0m
[0;32mI (196) app_init: ELF file SHA256:  a1f65781d...[0m
[0;32mI (200) app_init: ESP-IDF:          HEAD-HASH-NOTFOUND[0m
[0;32mI (205) efuse_init: Min chip rev:     v0.0[0m
[0;32mI (209) efuse_init: Max chip rev:     v3.99 [0m
[0;32mI (213) efuse_init: Chip rev:         v3.1[0m
[0;32mI (217) heap_init: Initializing. RAM available for dynamic allocation:[0m
[0;32mI (223) heap_init: At 3FFAE6E0 len 00001920 (6 KiB): DRAM[0m
[0;32mI (228) heap_init: At 3FFB2CA8 len 0002D358 (180 KiB): DRAM[0m
[0;32mI (233) heap_init: At 3FFE0440 len 00003AE0 (14 KiB): D/IRAM[0m
[0;32mI (239) heap_init: At 3FFE4350 len 0001BCB0 (111 KiB): D/IRAM[0m
[0;32mI (244) heap_init: At 4008CFF8 len 00013008 (76 KiB): IRAM[0m
[0;33mW (251) spi_flash: Detected boya flash chip but using generic driver. For optimal functionality, enable `SPI_FLASH_SUPPORT_BOYA_CHIP` in menuconfig[0m
[0;32mI (263) spi_flash: detected chip: generic[0m
[0;32mI (266) spi_flash: flash io: dio[0m
[0;33mW (269) spi_flash: Detected size(4096k) larger than the size in the binary image header(2048k). Using the size in the binary image header.[0m
[0;32mI (282) main_task: Started on CPU0[0m
[0;32mI (292) main_task: Calling app_main()[0m
----Sorted insert test----
single linked list: 
added:86
added:38
added:91
added:82
added:82
list(first: 38)[38 82 82 86 91 ]


double linked list: 
added 20
added 39
added 83
added 17
added 57
list(first:17, last83 )[17 20 39 57 83 ]
----Removeing elements test----
single linked list: 
added:50
added:30
added:84
added:11
added:39
list(first: 11)[11 30 39 50 84 ]
removeing first element
list(first: 30)[30 39 50 84 ]
1 removed
removeing last element
list(first: 30)[30 39 50 ]
30 removed


double linked list: 
added 43
added 65
added 40
added 90
added 54
list(first:40, last90 )[40 43 54 65 90 ]
removeing first element
list(first:43, last90 )[43 54 65 90 ]
43 removed
removing last element
list(first:43, last65 )[43 54 65 ]
43 removed
----Remove from empty list----
remove from empty sll
remove first: -2147483648
remove last: -2147483648
remove from empty dll
remove first: -2147483648
remove last: -2147483648


----Adding duplicate values----
single linked list: 
added:1
added:1
list(first: 1)[1 1 ]
double linked list: 
added 1
added 1
list(first:1, last1 )[1 1 ]


----Adding values to beginning----
single linked list: 
added:1
added:1
added:0
list(first: 0)[0 1 1 ]
double linked list: 
added 1
added 1
added 0
list(first:0, last1 )[0 1 1 ]


----Adding values to end----
single linked list: 
added:3
list(first: 0)[0 1 1 3 ]
double linked list: 
added 3
list(first:0, last3 )[0 1 1 3 ]


 ----Removeing only element----single linked list: 
added:1
list(first: 1)[1 ]
removeing first element
double linked list: 
added 1
list(first:1, last1 )[1 ]
Guru Meditation Error: Core  0 panic'ed (StoreProhibited). Exception was unhandled.

Core  0 register dump:
PC      : 0x400d64b0  PS      : 0x00060330  A0      : 0x800d62f6  A1      : 0x3ffb3f20  
A2      : 0x3ffb3f44  A3      : 0x00000001  A4      : 0x0000000b  A5      : 0x3f402567  
A6      : 0x00000015  A7      : 0x00000000  A8      : 0x00000000  A9      : 0x00000000  
A10     : 0x3ffafff0  A11     : 0x00000001  A12     : 0x00000001  A13     : 0x3f403835  
A14     : 0x00000021  A15     : 0x3ffaea38  SAR     : 0x00000020  EXCCAUSE: 0x0000001d  
EXCVADDR: 0x00000004  LBEG    : 0x400014fd  LEND    : 0x4000150d  LCOUNT  : 0xffffffff  


Backtrace: 0x400d64ad:0x3ffb3f20 0x400d62f3:0x3ffb3f40 0x400d6315:0x3ffb3f70 0x400e3381:0x3ffb3fa0 0x40085d35:0x3ffb3fd0




ELF file SHA256: a1f65781d

Rebooting...
ets Jul 29 2019 12:21:46

rst:0xc (SW_CPU_RESET),boot:0x13 (SPI_FAST_FLASH_BOOT)
configsip: 0, SPIWP:0xee
clk_drv:0x00,q_drv:0x00,d_drv:0x00,cs0_drv:0x00,hd_drv:0x00,wp_drv:0x00
mode:DIO, clock div:2
load:0x3fff0030,len:6380
ho 0 tail 12 room 4
load:0x40078000,len:15916
load:0x40080400,len:3860
entry 0x40080638
[0;32mI (29) boot: ESP-IDF HEAD-HASH-NOTFOUND 2nd stage bootloader[0m
[0;32mI (29) boot: compile time Oct  8 2025 00:30:29[0m
[0;32mI (29) boot: Multicore bootloader[0m
[0;32mI (32) boot: chip revision: v3.1[0m
[0;32mI (34) boot.esp32: SPI Speed      : 40MHz[0m
[0;32mI (38) boot.esp32: SPI Mode       : DIO[0m
[0;32mI (42) boot.esp32: SPI Flash Size : 2MB[0m
[0;32mI (45) boot: Enabling RNG early entropy source...[0m
[0;32mI (50) boot: Partition Table:[0m
[0;32mI (52) boot: ## Label            Usage          Type ST Offset   Length[0m
[0;32mI (59) boot:  0 nvs              WiFi data        01 02 00009000 00006000[0m
[0;32mI (65) boot:  1 phy_init         RF data          01 01 0000f000 00001000[0m
[0;32mI (72) boot:  2 factory          factory app      00 00 00010000 00100000[0m
[0;32mI (78) boot: End of partition table[0m
[0;32mI (82) esp_image: segment 0: paddr=00010020 vaddr=3f400020 size=09c18h ( 39960) map[0m
[0;32mI (103) esp_image: segment 1: paddr=00019c40 vaddr=3ffb0000 size=023d8h (  9176) load[0m
[0;32mI (106) esp_image: segment 2: paddr=0001c020 vaddr=40080000 size=03ff8h ( 16376) load[0m
[0;32mI (113) esp_image: segment 3: paddr=00020020 vaddr=400d0020 size=13a68h ( 80488) map[0m
[0;32mI (142) esp_image: segment 4: paddr=00033a90 vaddr=40083ff8 size=09000h ( 36864) load[0m
[0;32mI (156) esp_image: segment 5: paddr=0003ca98 vaddr=50000000 size=00020h (    32) load[0m
[0;32mI (163) boot: Loaded app from partition at offset 0x10000[0m
[0;32mI (163) boot: Disabling RNG early entropy source...[0m
[0;32mI (174) cpu_start: Multicore app[0m
[0;32mI (183) cpu_start: Pro cpu start user code[0m
[0;32mI (183) cpu_start: cpu freq: 160000000 Hz[0m
[0;32mI (183) app_init: Application information:[0m
[0;32mI (183) app_init: Project name:     lab4[0m
[0;32mI (186) app_init: App version:      2c3774c-dirty[0m
[0;32mI (191) app_init: Compile time:     Oct  8 2025 09:46:24[0m
[0;32mI (196) app_init: ELF file SHA256:  a1f65781d...[0m
[0;32mI (200) app_init: ESP-IDF:          HEAD-HASH-NOTFOUND[0m
[0;32mI (205) efuse_init: Min chip rev:     v0.0[0m
[0;32mI (209) efuse_init: Max chip rev:     v3.99 [0m
[0;32mI (213) efuse_init: Chip rev:         v3.1[0m
[0;32mI (217) heap_init: Initializing. RAM available for dynamic allocation:[0m
[0;32mI (223) heap_init: At 3FFAE6E0 len 00001920 (6 KiB): DRAM[0m
[0;32mI (228) heap_init: At 3FFB2CA8 len 0002D358 (180 KiB): DRAM[0m
[0;32mI (233) heap_init: At 3FFE0440 len 00003AE0 (14 KiB): D/IRAM[0m
[0;32mI (239) heap_init: At 3FFE4350 len 0001BCB0 (111 KiB): D/IRAM[0m
[0;32mI (244) heap_init: At 4008CFF8 len 00013008 (76 KiB): IRAM[0m
[0;33mW (251) spi_flash: Detected boya flash chip but using generic driver. For optimal functionality, enable `SPI_FLASH_SUPPORT_BOYA_CHIP` in menuconfig[0m
[0;32mI (263) spi_flash: detected chip: generic[0m
[0;32mI (266) spi_flash: flash io: dio[0m
[0;33mW (269) spi_flash: Detected size(4096k) larger than the size in the binary image header(2048k). Using the size in the binary image header.[0m
[0;32mI (282) main_task: Started on CPU0[0m
[0;32mI (292) main_task: Calling app_main()[0m
----Sorted insert test----
single linked list: 
added:50
added:31
added:10
added:98
added:10
list(first: 10)[10 10 31 50 98 ]


double linked list: 
added 48
added 35
added 36
added 64
added 97
list(first:35, last97 )[35 36 48 64 97 ]
----Removeing elements test----
single linked list: 
added:66
added:37
added:40
added:82
added:13
list(first: 13)[13 37 40 66 82 ]
removeing first element
list(first: 37)[37 40 66 82 ]
1 removed
removeing last element
list(first: 37)[37 40 66 ]
37 removed


double linked list: 
added 6
added 73
added 80
added 84
added 49
list(first:6, last84 )[6 49 73 80 84 ]
removeing first element
list(first:49, last84 )[49 73 80 84 ]
49 removed
removing last element
list(first:49, last80 )[49 73 80 ]
49 removed
----Remove from empty list----
remove from empty sll
remove first: -2147483648
remove last: -2147483648
remove from empty dll
remove first: -2147483648
remove last: -2147483648


----Adding duplicate values----
single linked list: 
added:1
added:1
list(first: 1)[1 1 ]
double linked list: 
added 1
added 1
list(first:1, last1 )[1 1 ]


----Adding values to beginning----
single linked list: 
added:1
added:1
added:0
list(first: 0)[0 1 1 ]
double linked list: 
added 1
added 1
added 0
list(first:0, last1 )[0 1 1 ]


----Adding values to end----
single linked list: 
added:3
list(first: 0)[0 1 1 3 ]
double linked list: 
added 3
list(first:0, last3 )[0 1 1 3 ]


 ----Removeing only element----single linked list: 
added:1
list(first: 1)[1 ]
removeing first element
double linked list: 
added 1
list(first:1, last1 )[1 ]
Guru Meditation Error: Core  0 panic'ed (StoreProhibited). Exception was unhandled.

Core  0 register dump:
PC      : 0x400d64b0  PS      : 0x00060330  A0      : 0x800d62f6  A1      : 0x3ffb3f20  
A2      : 0x3ffb3f44  A3      : 0x00000001  A4      : 0x0000000b  A5      : 0x3f402567  
A6      : 0x00000015  A7      : 0x00000000  A8      : 0x00000000  A9      : 0x00000000  
A10     : 0x3ffafff0  A11     : 0x00000001  A12     : 0x00000001  A13     : 0x3f403835  
A14     : 0x00000021  A15     : 0x3ffaea38  SAR     : 0x00000020  EXCCAUSE: 0x0000001d  
EXCVADDR: 0x00000004  LBEG    : 0x400014fd  LEND    : 0x4000150d  LCOUNT  : 0xffffffff  


Backtrace: 0x400d64ad:0x3ffb3f20 0x400d62f3:0x3ffb3f40 0x400d6315:0x3ffb3f70 0x400e3381:0x3ffb3fa0 0x40085d35:0x3ffb3fd0




ELF file SHA256: a1f65781d

Rebooting...
ets Jul 29 2019 12:21:46

rst:0xc (SW_CPU_RESET),boot:0x13 (SPI_FAST_FLASH_BOOT)
configsip: 0, SPIWP:0xee
clk_drv:0x00,q_drv:0x00,d_drv:0x00,cs0_drv:0x00,hd_drv:0x00,wp_drv:0x00
mode:DIO, clock div:2
load:0x3fff0030,len:6380
ho 0 tail 12 room 4
load:0x40078000,len:15916
load:0x40080400,len:3860
entry 0x40080638
[0;32mI (29) boot: ESP-IDF HEAD-HASH-NOTFOUND 2nd stage bootloader[0m
[0;32mI (29) boot: compile time Oct  8 2025 00:30:29[0m
[0;32mI (29) boot: Multicore bootloader[0m
[0;32mI (32) boot: chip revision: v3.1[0m
[0;32mI (34) boot.esp32: SPI Speed      : 40MHz[0m
[0;32mI (38) boot.esp32: SPI Mode       : DIO[0m
[0;32mI (42) boot.esp32: SPI Flash Size : 2MB[0m
[0;32mI (45) boot: Enabling RNG early entropy source...[0m
[0;32mI (50) boot: Partition Table:[0m
[0;32mI (52) boot: ## Label            Usage          Type ST Offset   Length[0m
[0;32mI (59) boot:  0 nvs              WiFi data        01 02 00009000 00006000[0m
[0;32mI (65) boot:  1 phy_init         RF data          01 01 0000f000 00001000[0m
[0;32mI (72) boot:  2 factory          factory app      00 00 00010000 00100000[0m
[0;32mI (78) boot: End of partition table[0m
[0;32mI (82) esp_image: segment 0: paddr=00010020 vaddr=3f400020 size=09c18h ( 39960) map[0m
[0;32mI (103) esp_image: segment 1: paddr=00019c40 vaddr=3ffb0000 size=023d8h (  9176) load[0m
[0;32mI (106) esp_image: segment 2: paddr=0001c020 vaddr=40080000 size=03ff8h ( 16376) load[0m
[0;32mI (113) esp_image: segment 3: paddr=00020020 vaddr=400d0020 size=13a68h ( 80488) map[0m
[0;32mI (142) esp_image: segment 4: paddr=00033a90 vaddr=40083ff8 size=09000h ( 36864) load[0m
[0;32mI (156) esp_image: segment 5: paddr=0003ca98 vaddr=50000000 size=00020h (    32) load[0m
[0;32mI (163) boot: Loaded app from partition at offset 0x10000[0m
[0;32mI (163) boot: Disabling RNG early entropy source...[0m
[0;32mI (174) cpu_start: Multicore app[0m
[0;32mI (183) cpu_start: Pro cpu start user code[0m
[0;32mI (183) cpu_start: cpu freq: 160000000 Hz[0m
[0;32mI (183) app_init: Application information:[0m
[0;32mI (183) app_init: Project name:     lab4[0m
[0;32mI (186) app_init: App version:      2c3774c-dirty[0m
[0;32mI (191) app_init: Compile time:     Oct  8 2025 09:46:24[0m
[0;32mI (196) app_init: ELF file SHA256:  a1f65781d...[0m
[0;32mI (200) app_init: ESP-IDF:          HEAD-HASH-NOTFOUND[0m
[0;32mI (205) efuse_init: Min chip rev:     v0.0[0m
[0;32mI (209) efuse_init: Max chip rev:     v3.99 [0m
[0;32mI (213) efuse_init: Chip rev:         v3.1[0m
[0;32mI (217) heap_init: Initializing. RAM available for dynamic allocation:[0m
[0;32mI (223) heap_init: At 3FFAE6E0 len 00001920 (6 KiB): DRAM[0m
[0;32mI (228) heap_init: At 3FFB2CA8 len 0002D358 (180 KiB): DRAM[0m
[0;32mI (233) heap_init: At 3FFE0440 len 00003AE0 (14 KiB): D/IRAM[0m
[0;32mI (239) heap_init: At 3FFE4350 len 0001BCB0 (111 KiB): D/IRAM[0m
[0;32mI (244) heap_init: At 4008CFF8 len 00013008 (76 KiB): IRAM[0m
[0;33mW (251) spi_flash: Detected boya flash chip but using generic driver. For optimal functionality, enable `SPI_FLASH_SUPPORT_BOYA_CHIP` in menuconfig[0m
[0;32mI (263) spi_flash: detected chip: generic[0m
[0;32mI (266) spi_flash: flash io: dio[0m
[0;33mW (269) spi_flash: Detected size(4096k) larger than the size in the binary image header(2048k). Using the size in the binary image header.[0m
[0;32mI (282) main_task: Started on CPU0[0m
[0;32mI (292) main_task: Calling app_main()[0m
----Sorted insert test----
single linked list: 
added:90
added:39
added:69
added:51
added:64
list(first: 39)[39 51 64 69 90 ]


double linked list: 
added 98
added 11
added 20
added 73
added 46
list(first:11, last98 )[11 20 46 73 98 ]
----Removeing elements test----
single linked list: 
added:23
added:66
added:51
added:25
added:48
list(first: 23)[23 25 48 51 66 ]
removeing first element
list(first: 25)[25 48 51 66 ]
1 removed
removeing last element
list(first: 25)[25 48 51 ]
25 removed


double linked list: 
added 10
added 57
added 85
added 76
added 75
list(first:10, last85 )[10 57 75 76 85 ]
removeing first element
list(first:57, last85 )[57 75 76 85 ]
57 removed
removing last element
list(first:57, last76 )[57 75 76 ]
57 removed
----Remove from empty list----
remove from empty sll
remove first: -2147483648
remove last: -2147483648
remove from empty dll
remove first: -2147483648
remove last: -2147483648


----Adding duplicate values----
single linked list: 
added:1
added:1
list(first: 1)[1 1 ]
double linked list: 
added 1
added 1
list(first:1, last1 )[1 1 ]


----Adding values to beginning----
single linked list: 
added:1
added:1
added:0
list(first: 0)[0 1 1 ]
double linked list: 
added 1
added 1
added 0
list(first:0, last1 )[0 1 1 ]


----Adding values to end----
single linked list: 
added:3
list(first: 0)[0 1 1 3 ]
double linked list: 
added 3
list(first:0, last3 )[0 1 1 3 ]


 ----Removeing only element----single linked list: 
added:1
list(first: 1)[1 ]
removeing first element
double linked list: 
added 1
list(first:1, last1 )[1 ]
Guru Meditation Error: Core  0 panic'ed (StoreProhibited). Exception was unhandled.

Core  0 register dump:
PC      : 0x400d64b0  PS      : 0x00060330  A0      : 0x800d62f6  A1      : 0x3ffb3f20  
A2      : 0x3ffb3f44  A3      : 0x00000001  A4      : 0x0000000b  A5      : 0x3f402567  
A6      : 0x00000015  A7      : 0x00000000  A8      : 0x00000000  A9      : 0x00000000  
A10     : 0x3ffafff0  A11     : 0x00000001  A12     : 0x00000001  A13     : 0x3f403835  
A14     : 0x00000021  A15     : 0x3ffaea38  SAR     : 0x00000020  EXCCAUSE: 0x0000001d  
EXCVADDR: 0x00000004  LBEG    : 0x400014fd  LEND    : 0x4000150d  LCOUNT  : 0xffffffff  


Backtrace: 0x400d64ad:0x3ffb3f20 0x400d62f3:0x3ffb3f40 0x400d6315:0x3ffb3f70 0x400e3381:0x3ffb3fa0 0x40085d35:0x3ffb3fd0




ELF file SHA256: a1f65781d

Rebooting...
ets Jul 29 2019 12:21:46

rst:0xc (SW_CPU_RESET),boot:0x13 (SPI_FAST_FLASH_BOOT)
configsip: 0, SPIWP:0xee
clk_drv:0x00,q_drv:0x00,d_drv:0x00,cs0_drv:0x00,hd_drv:0x00,wp_drv:0x00
mode:DIO, clock div:2
load:0x3fff0030,len:6380
ho 0 tail 12 room 4
load:0x40078000,len:15916
load:0x40080400,len:3860
entry 0x40080638
[0;32mI (29) boot: ESP-IDF HEAD-HASH-NOTFOUND 2nd stage bootloader[0m
[0;32mI (29) boot: compile time Oct  8 2025 00:30:29[0m
[0;32mI (29) boot: Multicore bootloader[0m
[0;32mI (32) boot: chip revision: v3.1[0m
[0;32mI (34) boot.esp32: SPI Speed      : 40MHz[0m
[0;32mI (38) boot.esp32: SPI Mode       : DIO[0m
[0;32mI (42) boot.esp32: SPI Flash Size : 2MB[0m
[0;32mI (45) boot: Enabling RNG early entropy source...[0m
[0;32mI (50) boot: Partition Table:[0m
[0;32mI (52) boot: ## Label            Usage          Type ST Offset   Length[0m
[0;32mI (59) boot:  0 nvs              WiFi data        01 02 00009000 00006000[0m
[0;32mI (65) boot:  1 phy_init         RF data          01 01 0000f000 00001000[0m
[0;32mI (72) boot:  2 factory          factory app      00 00 00010000 00100000[0m
[0;32mI (78) boot: End of partition table[0m
[0;32mI (82) esp_image: segment 0: paddr=00010020 vaddr=3f400020 size=09c18h ( 39960) map[0m
[0;32mI (103) esp_image: segment 1: paddr=00019c40 vaddr=3ffb0000 size=023d8h (  9176) load[0m
[0;32mI (106) esp_image: segment 2: paddr=0001c020 vaddr=40080000 size=03ff8h ( 16376) load[0m
[0;32mI (113) esp_image: segment 3: paddr=00020020 vaddr=400d0020 size=13a68h ( 80488) map[0m
[0;32mI (142) esp_image: segment 4: paddr=00033a90 vaddr=40083ff8 size=09000h ( 36864) load[0m
[0;32mI (156) esp_image: segment 5: paddr=0003ca98 vaddr=50000000 size=00020h (    32) load[0m
[0;32mI (163) boot: Loaded app from partition at offset 0x10000[0m
[0;32mI (163) boot: Disabling RNG early entropy source...[0m
[0;32mI (174) cpu_start: Multicore app[0m
[0;32mI (183) cpu_start: Pro cpu start user code[0m
[0;32mI (183) cpu_start: cpu freq: 160000000 Hz[0m
[0;32mI (183) app_init: Application information:[0m
[0;32mI (183) app_init: Project name:     lab4[0m
[0;32mI (186) app_init: App version:      2c3774c-dirty[0m
[0;32mI (191) app_init: Compile time:     Oct  8 2025 09:46:24[0m
[0;32mI (196) app_init: ELF file SHA256:  a1f65781d...[0m
[0;32mI (200) app_init: ESP-IDF:          HEAD-HASH-NOTFOUND[0m
[0;32mI (205) efuse_init: Min chip rev:     v0.0[0m
[0;32mI (209) efuse_init: Max chip rev:     v3.99 [0m
[0;32mI (213) efuse_init: Chip rev:         v3.1[0m
[0;32mI (217) heap_init: Initializing. RAM available for dynamic allocation:[0m
[0;32mI (223) heap_init: At 3FFAE6E0 len 00001920 (6 KiB): DRAM[0m
[0;32mI (228) heap_init: At 3FFB2CA8 len 0002D358 (180 KiB): DRAM[0m
[0;32mI (233) heap_init: At 3FFE0440 len 00003AE0 (14 KiB): D/IRAM[0m
[0;32mI (239) heap_init: At 3FFE4350 len 0001BCB0 (111 KiB): D/IRAM[0m
[0;32mI (244) heap_init: At 4008CFF8 len 00013008 (76 KiB): IRAM[0m
[0;33mW (251) spi_flash: Detected boya flash chip but using generic driver. For optimal functionality, enable `SPI_FLASH_SUPPORT_BOYA_CHIP` in menuconfig[0m
[0;32mI (263) spi_flash: detected chip: generic[0m
[0;32mI (266) spi_flash: flash io: dio[0m
[0;33mW (269) spi_flash: Detected size(4096k) larger than the size in the binary image header(2048k). Using the size in the binary image header.[0m
[0;32mI (282) main_task: Started on CPU0[0m
[0;32mI (292) main_task: Calling app_main()[0m
----Sorted insert test----
single linked list: 
added:50
added:0
added:36
added:29
added:76
list(first: 0)[0 29 36 50 76 ]


double linked list: 
added 32
added 79
added 87
added 10
added 88
list(first:10, last88 )[10 32 79 87 88 ]
----Removeing elements test----
single linked list: 
added:32
added:64
added:16
added:41
added:59
list(first: 16)[16 32 41 59 64 ]
removeing first element
list(first: 32)[32 41 59 64 ]
1 removed
removeing last element
list(first: 32)[32 41 59 ]
32 removed


double linked list: 
added 23
added 62
added 61
added 49
added 77
list(first:23, last77 )[23 49 61 62 77 ]
removeing first element
list(first:49, last77 )[49 61 62 77 ]
49 removed
removing last element
list(first:49, last62 )[49 61 62 ]
49 removed
----Remove from empty list----
remove from empty sll
remove first: -2147483648
remove last: -2147483648
remove from empty dll
remove first: -2147483648
remove last: -2147483648


----Adding duplicate values----
single linked list: 
added:1
added:1
list(first: 1)[1 1 ]
double linked list: 
added 1
added 1
list(first:1, last1 )[1 1 ]


----Adding values to beginning----
single linked list: 
added:1
added:1
added:0
list(first: 0)[0 1 1 ]
double linked list: 
added 1
added 1
added 0
list(first:0, last1 )[0 1 1 ]


----Adding values to end----
single linked list: 
added:3
list(first: 0)[0 1 1 3 ]
double linked list: 
added 3
list(first:0, last3 )[0 1 1 3 ]


 ----Removeing only element----single linked list: 
added:1
list(first: 1)[1 ]
removeing first element
double linked list: 
added 1
list(first:1, last1 )[1 ]
Guru Meditation Error: Core  0 panic'ed (StoreProhibited). Exception was unhandled.

Core  0 register dump:
PC      : 0x400d64b0  PS      : 0x00060330  A0      : 0x800d62f6  A1      : 0x3ffb3f20  
A2      : 0x3ffb3f44  A3      : 0x00000001  A4      : 0x0000000b  A5      : 0x3f402567  
A6      : 0x00000015  A7      : 0x00000000  A8      : 0x00000000  A9      : 0x00000000  
A10     : 0x3ffafff0  A11     : 0x00000001  A12     : 0x00000001  A13     : 0x3f403835  
A14     : 0x00000021  A15     : 0x3ffaea38  SAR     : 0x00000020  EXCCAUSE: 0x0000001d  
EXCVADDR: 0x00000004  LBEG    : 0x400014fd  LEND    : 0x4000150d  LCOUNT  : 0xffffffff  


Backtrace: 0x400d64ad:0x3ffb3f20 0x400d62f3:0x3ffb3f40 0x400d6315:0x3ffb3f70 0x400e3381:0x3ffb3fa0 0x40085d35:0x3ffb3fd0




ELF file SHA256: a1f65781d

Rebooting...
ets Jul 29 2019 12:21:46

rst:0xc (SW_CPU_RESET),boot:0x13 (SPI_FAST_FLASH_BOOT)
configsip: 0, SPIWP:0xee
clk_drv:0x00,q_drv:0x00,d_drv:0x00,cs0_drv:0x00,hd_drv:0x00,wp_drv:0x00
mode:DIO, clock div:2
load:0x3fff0030,len:6380
ho 0 tail 12 room 4
load:0x40078000,len:15916
load:0x40080400,len:3860
entry 0x40080638
[0;32mI (29) boot: ESP-IDF HEAD-HASH-NOTFOUND 2nd stage bootloader[0m
[0;32mI (29) boot: compile time Oct  8 2025 00:30:29[0m
[0;32mI (29) boot: Multicore bootloader[0m
[0;32mI (32) boot: chip revision: v3.1[0m
[0;32mI (34) boot.esp32: SPI Speed      : 40MHz[0m
[0;32mI (38) boot.esp32: SPI Mode       : DIO[0m
[0;32mI (42) boot.esp32: SPI Flash Size : 2MB[0m
[0;32mI (45) boot: Enabling RNG early entropy source...[0m
[0;32mI (50) boot: Partition Table:[0m
[0;32mI (52) boot: ## Label            Usage          Type ST Offset   Length[0m
[0;32mI (59) boot:  0 nvs              WiFi data        01 02 00009000 00006000[0m
[0;32mI (65) boot:  1 phy_init         RF data          01 01 0000f000 00001000[0m
[0;32mI (72) boot:  2 factory          factory app      00 00 00010000 00100000[0m
[0;32mI (78) boot: End of partition table[0m
[0;32mI (82) esp_image: segment 0: paddr=00010020 vaddr=3f400020 size=09c18h ( 39960) map[0m
[0;32mI (103) esp_image: segment 1: paddr=00019c40 vaddr=3ffb0000 size=023d8h (  9176) load[0m
[0;32mI (106) esp_image: segment 2: paddr=0001c020 vaddr=40080000 size=03ff8h ( 16376) load[0m
[0;32mI (113) esp_image: segment 3: paddr=00020020 vaddr=400d0020 size=13a68h ( 80488) map[0m
[0;32mI (142) esp_image: segment 4: paddr=00033a90 vaddr=40083ff8 size=09000h ( 36864) load[0m
[0;32mI (156) esp_image: segment 5: paddr=0003ca98 vaddr=50000000 size=00020h (    32) load[0m
[0;32mI (163) boot: Loaded app from partition at offset 0x10000[0m
[0;32mI (163) boot: Disabling RNG early entropy source...[0m
[0;32mI (174) cpu_start: Multicore app[0m
[0;32mI (183) cpu_start: Pro cpu start user code[0m
[0;32mI (183) cpu_start: cpu freq: 160000000 Hz[0m
[0;32mI (183) app_init: Application information:[0m
[0;32mI (183) app_init: Project name:     lab4[0m
[0;32mI (186) app_init: App version:      2c3774c-dirty[0m
[0;32mI (191) app_init: Compile time:     Oct  8 2025 09:46:24[0m
[0;32mI (196) app_init: ELF file SHA256:  a1f65781d...[0m
[0;32mI (200) app_init: ESP-IDF:          HEAD-HASH-NOTFOUND[0m
[0;32mI (205) efuse_init: Min chip rev:     v0.0[0m
[0;32mI (209) efuse_init: Max chip rev:     v3.99 [0m
[0;32mI (213) efuse_init: Chip rev:         v3.1[0m
[0;32mI (217) heap_init: Initializing. RAM available for dynamic allocation:[0m
[0;32mI (223) heap_init: At 3FFAE6E0 len 00001920 (6 KiB): DRAM[0m
[0;32mI (228) heap_init: At 3FFB2CA8 len 0002D358 (180 KiB): DRAM[0m
[0;32mI (233) heap_init: At 3FFE0440 len 00003AE0 (14 KiB): D/IRAM[0m
[0;32mI (239) heap_init: At 3FFE4350 len 0001BCB0 (111 KiB): D/IRAM[0m
[0;32mI (244) heap_init: At 4008CFF8 len 00013008 (76 KiB): IRAM[0m
[0;33mW (251) spi_flash: Detected boya flash chip but using generic driver. For optimal functionality, enable `SPI_FLASH_SUPPORT_BOYA_CHIP` in menuconfig[0m
[0;32mI (263) spi_flash: detected chip: generic[0m
[0;32mI (266) spi_flash: flash io: dio[0m
[0;33mW (269) spi_flash: Detected size(4096k) larger than the size in the binary image header(2048k). Using the size in the binary image header.[0m
[0;32mI (282) main_task: Started on CPU0[0m
[0;32mI (292) main_task: Calling app_main()[0m
----Sorted insert test----
single linked list: 
added:68
added:61
added:72
added:83
added:48
list(first: 48)[48 61 68 72 83 ]


double linked list: 
added 0
added 89
added 49
added 37
added 7
list(first:0, last89 )[0 7 37 49 89 ]
----Removeing elements test----
single linked list: 
added:83
added:14
added:89
added:71
added:25
list(first: 14)[14 25 71 83 89 ]
removeing first element
list(first: 25)[25 71 83 89 ]
1 removed
removeing last element
list(first: 25)[25 71 83 ]
25 removed


double linked list: 
added 62
added 50
added 20
added 45
added 15
list(first:15, last62 )[15 20 45 50 62 ]
removeing first element
list(first:20, last62 )[20 45 50 62 ]
20 removed
removing last element
list(first:20, last50 )[20 45 50 ]
20 removed
----Remove from empty list----
remove from empty sll
remove first: -2147483648
remove last: -2147483648
remove from empty dll
remove first: -2147483648
remove last: -2147483648


----Adding duplicate values----
single linked list: 
added:1
added:1
list(first: 1)[1 1 ]
double linked list: 
added 1
added 1
list(first:1, last1 )[1 1 ]


----Adding values to beginning----
single linked list: 
added:1
added:1
added:0
list(first: 0)[0 1 1 ]
double linked list: 
added 1
added 1
added 0
list(first:0, last1 )[0 1 1 ]


----Adding values to end----
single linked list: 
added:3
list(first: 0)[0 1 1 3 ]
double linked list: 
added 3
list(first:0, last3 )[0 1 1 3 ]


 ----Removeing only element----single linked list: 
added:1
list(first: 1)[1 ]
removeing first element
double linked list: 
added 1
list(first:1, last1 )[1 ]
Guru Meditation Error: Core  0 panic'ed (StoreProhibited). Exception was unhandled.

Core  0 register dump:
PC      : 0x400d64b0  PS      : 0x00060330  A0      : 0x800d62f6  A1      : 0x3ffb3f20  
A2      : 0x3ffb3f44  A3      : 0x00000001  A4      : 0x0000000b  A5      : 0x3f402567  
A6      : 0x00000015  A7      : 0x00000000  A8      : 0x00000000  A9      : 0x00000000  
A10     : 0x3ffafff0  A11     : 0x00000001  A12     : 0x00000001  A13     : 0x3f403835  
A14     : 0x00000021  A15     : 0x3ffaea38  SAR     : 0x00000020  EXCCAUSE: 0x0000001d  
EXCVADDR: 0x00000004  LBEG    : 0x400014fd  LEND    : 0x4000150d  LCOUNT  : 0xffffffff  


Backtrace: 0x400d64ad:0x3ffb3f20 0x400d62f3:0x3ffb3f40 0x400d6315:0x3ffb3f70 0x400e3381:0x3ffb3fa0 0x40085d35:0x3ffb3fd0




ELF file SHA256: a1f65781d

Rebooting...
ets Jul 29 2019 12:21:46

rst:0xc (SW_CPU_RESET),boot:0x13 (SPI_FAST_FLASH_BOOT)
configsip: 0, SPIWP:0xee
clk_drv:0x00,q_drv:0x00,d_drv:0x00,cs0_drv:0x00,hd_drv:0x00,wp_drv:0x00
mode:DIO, clock div:2
load:0x3fff0030,len:6380
ho 0 tail 12 room 4
load:0x40078000,len:15916
load:0x40080400,len:3860
entry 0x40080638
[0;32mI (29) boot: ESP-IDF HEAD-HASH-NOTFOUND 2nd stage bootloader[0m
[0;32mI (29) boot: compile time Oct  8 2025 00:30:29[0m
[0;32mI (29) boot: Multicore bootloader[0m
[0;32mI (32) boot: chip revision: v3.1[0m
[0;32mI (34) boot.esp32: SPI Speed      : 40MHz[0m
[0;32mI (38) boot.esp32: SPI Mode       : DIO[0m
[0;32mI (42) boot.esp32: SPI Flash Size : 2MB[0m
[0;32mI (45) boot: Enabling RNG early entropy source...[0m
[0;32mI (50) boot: Partition Table:[0m
[0;32mI (52) boot: ## Label            Usage          Type ST Offset   Length[0m
[0;32mI (59) boot:  0 nvs              WiFi data        01 02 00009000 00006000[0m
[0;32mI (65) boot:  1 phy_init         RF data          01 01 0000f000 00001000[0m
[0;32mI (72) boot:  2 factory          factory app      00 00 00010000 00100000[0m
[0;32mI (78) boot: End of partition table[0m
[0;32mI (82) esp_image: segment 0: paddr=00010020 vaddr=3f400020 size=09c18h ( 39960) map[0m
[0;32mI (103) esp_image: segment 1: paddr=00019c40 vaddr=3ffb0000 size=023d8h (  9176) load[0m
[0;32mI (106) esp_image: segment 2: paddr=0001c020 vaddr=40080000 size=03ff8h ( 16376) load[0m
[0;32mI (113) esp_image: segment 3: paddr=00020020 vaddr=400d0020 size=13a68h ( 80488) map[0m
[0;32mI (142) esp_image: segment 4: paddr=00033a90 vaddr=40083ff8 size=09000h ( 36864) load[0m
[0;32mI (156) esp_image: segment 5: paddr=0003ca98 vaddr=50000000 size=00020h (    32) load[0m
[0;32mI (163) boot: Loaded app from partition at offset 0x10000[0m
[0;32mI (163) boot: Disabling RNG early entropy source...[0m
[0;32mI (174) cpu_start: Multicore app[0m
[0;32mI (183) cpu_start: Pro cpu start user code[0m
[0;32mI (183) cpu_start: cpu freq: 160000000 Hz[0m
[0;32mI (183) app_init: Application information:[0m
[0;32mI (183) app_init: Project name:     lab4[0m
[0;32mI (186) app_init: App version:      2c3774c-dirty[0m
[0;32mI (191) app_init: Compile time:     Oct  8 2025 09:46:24[0m
[0;32mI (196) app_init: ELF file SHA256:  a1f65781d...[0m
[0;32mI (200) app_init: ESP-IDF:          HEAD-HASH-NOTFOUND[0m
[0;32mI (205) efuse_init: Min chip rev:     v0.0[0m
[0;32mI (209) efuse_init: Max chip rev:     v3.99 [0m
[0;32mI (213) efuse_init: Chip rev:         v3.1[0m
[0;32mI (217) heap_init: Initializing. RAM available for dynamic allocation:[0m
[0;32mI (223) heap_init: At 3FFAE6E0 len 00001920 (6 KiB): DRAM[0m
[0;32mI (228) heap_init: At 3FFB2CA8 len 0002D358 (180 KiB): DRAM[0m
[0;32mI (233) heap_init: At 3FFE0440 len 00003AE0 (14 KiB): D/IRAM[0m
[0;32mI (239) heap_init: At 3FFE4350 len 0001BCB0 (111 KiB): D/IRAM[0m
[0;32mI (244) heap_init: At 4008CFF8 len 00013008 (76 KiB): IRAM[0m
[0;33mW (251) spi_flash: Detected boya flash chip but using generic driver. For optimal functionality, enable `SPI_FLASH_SUPPORT_BOYA_CHIP` in menuconfig[0m
[0;32mI (263) spi_flash: detected chip: generic[0m
[0;32mI (266) spi_flash: flash io: dio[0m
[0;33mW (269) spi_flash: Detected size(4096k) larger than the size in the binary image header(2048k). Using the size in the binary image header.[0m
[0;32mI (282) main_task: Started on CPU0[0m
[0;32mI (292) main_task: Calling app_main()[0m
----Sorted insert test----
single linked list: 
added:93
added:33
added:15
added:6
added:43
list(first: 6)[6 15 33 43 93 ]


double linked list: 
added 68
added 8
added 12
added 9
added 50
list(first:8, last68 )[8 9 12 50 68 ]
----Removeing elements test----
single linked list: 
added:81
added:19
added:73
added:69
added:64
list(first: 19)[19 64 69 73 81 ]
removeing first element
list(first: 64)[64 69 73 81 ]
1 removed
removeing last element
list(first: 64)[64 69 73 ]
64 removed


double linked list: 
added 18
added 58
added 0
added 47
added 49
list(first:0, last58 )[0 18 47 49 58 ]
removeing first element
list(first:18, last58 )[18 47 49 58 ]
18 removed
removing last element
list(first:18, last49 )[18 47 49 ]
18 removed
----Remove from empty list----
remove from empty sll
remove first: -2147483648
remove last: -2147483648
remove from empty dll
remove first: -2147483648
remove last: -2147483648


----Adding duplicate values----
single linked list: 
added:1
added:1
list(first: 1)[1 1 ]
double linked list: 
added 1
added 1
list(first:1, last1 )[1 1 ]


----Adding values to beginning----
single linked list: 
added:1
added:1
added:0
list(first: 0)[0 1 1 ]
double linked list: 
added 1
added 1
added 0
list(first:0, last1 )[0 1 1 ]


----Adding values to end----
single linked list: 
added:3
list(first: 0)[0 1 1 3 ]
double linked list: 
added 3
list(first:0, last3 )[0 1 1 3 ]


 ----Removeing only element----single linked list: 
added:1
list(first: 1)[1 ]
removeing first element
double linked list: 
added 1
list(first:1, last1 )[1 ]
Guru Meditation Error: Core  0 panic'ed (StoreProhibited). Exception was unhandled.

Core  0 register dump:
PC      : 0x400d64b0  PS      : 0x00060330  A0      : 0x800d62f6  A1      : 0x3ffb3f20  
A2      : 0x3ffb3f44  A3      : 0x00000001  A4      : 0x0000000b  A5      : 0x3f402567  
A6      : 0x00000015  A7      : 0x00000000  A8      : 0x00000000  A9      : 0x00000000  
A10     : 0x3ffafff0  A11     : 0x00000001  A12     : 0x00000001  A13     : 0x3f403835  
A14     : 0x00000021  A15     : 0x3ffaea38  SAR     : 0x00000020  EXCCAUSE: 0x0000001d  
EXCVADDR: 0x00000004  LBEG    : 0x400014fd  LEND    : 0x4000150d  LCOUNT  : 0xffffffff  


Backtrace: 0x400d64ad:0x3ffb3f20 0x400d62f3:0x3ffb3f40 0x400d6315:0x3ffb3f70 0x400e3381:0x3ffb3fa0 0x40085d35:0x3ffb3fd0




ELF file SHA256: a1f65781d

Rebooting...
ets Jul 29 2019 12:21:46

rst:0xc (SW_CPU_RESET),boot:0x13 (SPI_FAST_FLASH_BOOT)
configsip: 0, SPIWP:0xee
clk_drv:0x00,q_drv:0x00,d_drv:0x00,cs0_drv:0x00,hd_drv:0x00,wp_drv:0x00
mode:DIO, clock div:2
load:0x3fff0030,len:6380
ho 0 tail 12 room 4
load:0x40078000,len:15916
load:0x40080400,len:3860
entry 0x40080638
[0;32mI (29) boot: ESP-IDF HEAD-HASH-NOTFOUND 2nd stage bootloader[0m
[0;32mI (29) boot: compile time Oct  8 2025 00:30:29[0m
[0;32mI (29) boot: Multicore bootloader[0m
[0;32mI (32) boot: chip revision: v3.1[0m
[0;32mI (34) boot.esp32: SPI Speed      : 40MHz[0m
[0;32mI (38) boot.esp32: SPI Mode       : DIO[0m
[0;32mI (42) boot.esp32: SPI Flash Size : 2MB[0m
[0;32mI (45) boot: Enabling RNG early entropy source...[0m
[0;32mI (50) boot: Partition Table:[0m
[0;32mI (52) boot: ## Label            Usage          Type ST Offset   Length[0m
[0;32mI (59) boot:  0 nvs              WiFi data        01 02 00009000 00006000[0m
[0;32mI (65) boot:  1 phy_init         RF data          01 01 0000f000 00001000[0m
[0;32mI (72) boot:  2 factory          factory app      00 00 00010000 00100000[0m
[0;32mI (78) boot: End of partition table[0m
[0;32mI (82) esp_image: segment 0: paddr=00010020 vaddr=3f400020 size=09c18h ( 39960) map[0m
[0;32mI (103) esp_image: segment 1: paddr=00019c40 vaddr=3ffb0000 size=023d8h (  9176) load[0m
[0;32mI (106) esp_image: segment 2: paddr=0001c020 vaddr=40080000 size=03ff8h ( 16376) load[0m
[0;32mI (113) esp_image: segment 3: paddr=00020020 vaddr=400d0020 size=13a68h ( 80488) map[0m
[0;32mI (142) esp_image: segment 4: paddr=00033a90 vaddr=40083ff8 size=09000h ( 36864) load[0m
[0;32mI (156) esp_image: segment 5: paddr=0003ca98 vaddr=50000000 size=00020h (    32) load[0m
[0;32mI (163) boot: Loaded app from partition at offset 0x10000[0m
[0;32mI (163) boot: Disabling RNG early entropy source...[0m
[0;32mI (174) cpu_start: Multicore app[0m
[0;32mI (183) cpu_start: Pro cpu start user code[0m
[0;32mI (183) cpu_start: cpu freq: 160000000 Hz[0m
[0;32mI (183) app_init: Application information:[0m
[0;32mI (183) app_init: Project name:     lab4[0m
[0;32mI (186) app_init: App version:      2c3774c-dirty[0m
[0;32mI (191) app_init: Compile time:     Oct  8 2025 09:46:24[0m
[0;32mI (196) app_init: ELF file SHA256:  a1f65781d...[0m
[0;32mI (200) app_init: ESP-IDF:          HEAD-HASH-NOTFOUND[0m
[0;32mI (205) efuse_init: Min chip rev:     v0.0[0m
[0;32mI (209) efuse_init: Max chip rev:     v3.99 [0m
[0;32mI (213) efuse_init: Chip rev:         v3.1[0m
[0;32mI (217) heap_init: Initializing. RAM available for dynamic allocation:[0m
[0;32mI (223) heap_init: At 3FFAE6E0 len 00001920 (6 KiB): DRAM[0m
[0;32mI (228) heap_init: At 3FFB2CA8 len 0002D358 (180 KiB): DRAM[0m
[0;32mI (233) heap_init: At 3FFE0440 len 00003AE0 (14 KiB): D/IRAM[0m
[0;32mI (239) heap_init: At 3FFE4350 len 0001BCB0 (111 KiB): D/IRAM[0m
[0;32mI (244) heap_init: At 4008CFF8 len 00013008 (76 KiB): IRAM[0m
[0;33mW (251) spi_flash: Detected boya flash chip but using generic driver. For optimal functionality, enable `SPI_FLASH_SUPPORT_BOYA_CHIP` in menuconfig[0m
[0;32mI (263) spi_flash: detected chip: generic[0m
[0;32mI (266) spi_flash: flash io: dio[0m
[0;33mW (269) spi_flash: Detected size(4096k) larger than the size in the binary image header(2048k). Using the size in the binary image header.[0m
[0;32mI (282) main_task: Started on CPU0[0m
[0;32mI (292) main_task: Calling app_main()[0m
----Sorted insert test----
single linked list: 
added:23
added:96
added:37
added:16
added:99
list(first: 16)[16 23 37 96 99 ]


double linked list: 
added 18
added 77
added 0
added 38
added 78
list(first:0, last78 )[0 18 38 77 78 ]
----Removeing elements test----
single linked list: 
added:67
added:39
added:52
added:22
added:62
list(first: 22)[22 39 52 62 67 ]
removeing first element
list(first: 39)[39 52 62 67 ]
1 removed
removeing last element
list(first: 39)[39 52 62 ]
39 removed


double linked list: 
added 55
added 79
added 88
added 90
added 34
list(first:34, last90 )[34 55 79 88 90 ]
removeing first element
list(first:55, last90 )[55 79 88 90 ]
55 removed
removing last element
list(first:55, last88 )[55 79 88 ]
55 removed
----Remove from empty list----
remove from empty sll
remove first: -2147483648
remove last: -2147483648
remove from empty dll
remove first: -2147483648
remove last: -2147483648


----Adding duplicate values----
single linked list: 
added:1
added:1
list(first: 1)[1 1 ]
double linked list: 
added 1
added 1
list(first:1, last1 )[1 1 ]


----Adding values to beginning----
single linked list: 
added:1
added:1
added:0
list(first: 0)[0 1 1 ]
double linked list: 
added 1
added 1
added 0
list(first:0, last1 )[0 1 1 ]


----Adding values to end----
single linked list: 
added:3
list(first: 0)[0 1 1 3 ]
double linked list: 
added 3
list(first:0, last3 )[0 1 1 3 ]


 ----Removeing only element----single linked list: 
added:1
list(first: 1)[1 ]
removeing first element
double linked list: 
added 1
list(first:1, last1 )[1 ]
Guru Meditation Error: Core  0 panic'ed (StoreProhibited). Exception was unhandled.

Core  0 register dump:
PC      : 0x400d64b0  PS      : 0x00060330  A0      : 0x800d62f6  A1      : 0x3ffb3f20  
A2      : 0x3ffb3f44  A3      : 0x00000001  A4      : 0x0000000b  A5      : 0x3f402567  
A6      : 0x00000015  A7      : 0x00000000  A8      : 0x00000000  A9      : 0x00000000  
A10     : 0x3ffafff0  A11     : 0x00000001  A12     : 0x00000001  A13     : 0x3f403835  
A14     : 0x00000021  A15     : 0x3ffaea38  SAR     : 0x00000020  EXCCAUSE: 0x0000001d  
EXCVADDR: 0x00000004  LBEG    : 0x400014fd  LEND    : 0x4000150d  LCOUNT  : 0xffffffff  


Backtrace: 0x400d64ad:0x3ffb3f20 0x400d62f3:0x3ffb3f40 0x400d6315:0x3ffb3f70 0x400e3381:0x3ffb3fa0 0x40085d35:0x3ffb3fd0




ELF file SHA256: a1f65781d

Rebooting...
ets Jul 29 2019 12:21:46

rst:0xc (SW_CPU_RESET),boot:0x13 (SPI_FAST_FLASH_BOOT)
configsip: 0, SPIWP:0xee
clk_drv:0x00,q_drv:0x00,d_drv:0x00,cs0_drv:0x00,hd_drv:0x00,wp_drv:0x00
mode:DIO, clock div:2
load:0x3fff0030,len:6380
ho 0 tail 12 room 4
load:0x40078000,len:15916
load:0x40080400,len:3860
entry 0x40080638
[0;32mI (29) boot: ESP-IDF HEAD-HASH-NOTFOUND 2nd stage bootloader[0m
[0;32mI (29) boot: compile time Oct  8 2025 00:30:29[0m
[0;32mI (29) boot: Multicore bootloader[0m
[0;32mI (32) boot: chip revision: v3.1[0m
[0;32mI (34) boot.esp32: SPI Speed      : 40MHz[0m
[0;32mI (38) boot.esp32: SPI Mode       : DIO[0m
[0;32mI (42) boot.esp32: SPI Flash Size : 2MB[0m
[0;32mI (45) boot: Enabling RNG early entropy source...[0m
[0;32mI (50) boot: Partition Table:[0m
[0;32mI (52) boot: ## Label            Usage          Type ST Offset   Length[0m
[0;32mI (59) boot:  0 nvs              WiFi data        01 02 00009000 00006000[0m
[0;32mI (65) boot:  1 phy_init         RF data          01 01 0000f000 00001000[0m
[0;32mI (72) boot:  2 factory          factory app      00 00 00010000 00100000[0m
[0;32mI (78) boot: End of partition table[0m
[0;32mI (82) esp_image: segment 0: paddr=00010020 vaddr=3f400020 size=09c18h ( 39960) map[0m
[0;32mI (103) esp_image: segment 1: paddr=00019c40 vaddr=3ffb0000 size=023d8h (  9176) load[0m
[0;32mI (106) esp_image: segment 2: paddr=0001c020 vaddr=40080000 size=03ff8h ( 16376) load[0m
[0;32mI (113) esp_image: segment 3: paddr=00020020 vaddr=400d0020 size=13a68h ( 80488) map[0m
[0;32mI (142) esp_image: segment 4: paddr=00033a90 vaddr=40083ff8 size=09000h ( 36864) load[0m
[0;32mI (156) esp_image: segment 5: paddr=0003ca98 vaddr=50000000 size=00020h (    32) load[0m
[0;32mI (163) boot: Loaded app from partition at offset 0x10000[0m
[0;32mI (163) boot: Disabling RNG early entropy source...[0m
[0;32mI (174) cpu_start: Multicore app[0m
[0;32mI (183) cpu_start: Pro cpu start user code[0m
[0;32mI (183) cpu_start: cpu freq: 160000000 Hz[0m
[0;32mI (183) app_init: Application information:[0m
[0;32mI (183) app_init: Project name:     lab4[0m
[0;32mI (186) app_init: App version:      2c3774c-dirty[0m
[0;32mI (191) app_init: Compile time:     Oct  8 2025 09:46:24[0m
[0;32mI (196) app_init: ELF file SHA256:  a1f65781d...[0m
[0;32mI (200) app_init: ESP-IDF:          HEAD-HASH-NOTFOUND[0m
[0;32mI (205) efuse_init: Min chip rev:     v0.0[0m
[0;32mI (209) efuse_init: Max chip rev:     v3.99 [0m
[0;32mI (213) efuse_init: Chip rev:         v3.1[0m
[0;32mI (217) heap_init: Initializing. RAM available for dynamic allocation:[0m
[0;32mI (223) heap_init: At 3FFAE6E0 len 00001920 (6 KiB): DRAM[0m
[0;32mI (228) heap_init: At 3FFB2CA8 len 0002D358 (180 KiB): DRAM[0m
[0;32mI (233) heap_init: At 3FFE0440 len 00003AE0 (14 KiB): D/IRAM[0m
[0;32mI (239) heap_init: At 3FFE4350 len 0001BCB0 (111 KiB): D/IRAM[0m
[0;32mI (244) heap_init: At 4008CFF8 len 00013008 (76 KiB): IRAM[0m
[0;33mW (251) spi_flash: Detected boya flash chip but using generic driver. For optimal functionality, enable `SPI_FLASH_SUPPORT_BOYA_CHIP` in menuconfig[0m
[0;32mI (263) spi_flash: detected chip: generic[0m
[0;32mI (266) spi_flash: flash io: dio[0m
[0;33mW (269) spi_flash: Detected size(4096k) larger than the size in the binary image header(2048k). Using the size in the binary image header.[0m
[0;32mI (282) main_task: Started on CPU0[0m
[0;32mI (292) main_task: Calling app_main()[0m
----Sorted insert test----
single linked list: 
added:17
added:44
added:28
added:63
added:78
list(first: 17)[17 28 44 63 78 ]


double linked list: 
added 35
added 75
added 13
added 72
added 44
list(first:13, last75 )[13 35 44 72 75 ]
----Removeing elements test----
single linked list: 
added:83
added:76
added:2
added:88
added:14
list(first: 2)[2 14 76 83 88 ]
removeing first element
list(first: 14)[14 76 83 88 ]
1 removed
removeing last element
list(first: 14)[14 76 83 ]
14 removed


double linked list: 
added 61
added 56
added 41
added 66
added 85
list(first:41, last85 )[41 56 61 66 85 ]
removeing first element
list(first:56, last85 )[56 61 66 85 ]
56 removed
removing last element
list(first:56, last66 )[56 61 66 ]
56 removed
----Remove from empty list----
remove from empty sll
remove first: -2147483648
remove last: -2147483648
remove from empty dll
remove first: -2147483648
remove last: -2147483648


----Adding duplicate values----
single linked list: 
added:1
added:1
list(first: 1)[1 1 ]
double linked list: 
added 1
added 1
list(first:1, last1 )[1 1 ]


----Adding values to beginning----
single linked list: 
added:1
added:1
added:0
list(first: 0)[0 1 1 ]
double linked list: 
added 1
added 1
added 0
list(first:0, last1 )[0 1 1 ]


----Adding values to end----
single linked list: 
added:3
list(first: 0)[0 1 1 3 ]
double linked list: 
added 3
list(first:0, last3 )[0 1 1 3 ]


 ----Removeing only element----single linked list: 
added:1
list(first: 1)[1 ]
removeing first element
double linked list: 
added 1
list(first:1, last1 )[1 ]
Guru Meditation Error: Core  0 panic'ed (StoreProhibited). Exception was unhandled.

Core  0 register dump:
PC      : 0x400d64b0  PS      : 0x00060330  A0      : 0x800d62f6  A1      : 0x3ffb3f20  
A2      : 0x3ffb3f44  A3      : 0x00000001  A4      : 0x0000000b  A5      : 0x3f402567  
A6      : 0x00000015  A7      : 0x00000000  A8      : 0x00000000  A9      : 0x00000000  
A10     : 0x3ffafff0  A11     : 0x00000001  A12     : 0x00000001  A13     : 0x3f403835  
A14     : 0x00000021  A15     : 0x3ffaea38  SAR     : 0x00000020  EXCCAUSE: 0x0000001d  
EXCVADDR: 0x00000004  LBEG    : 0x400014fd  LEND    : 0x4000150d  LCOUNT  : 0xffffffff  


Backtrace: 0x400d64ad:0x3ffb3f20 0x400d62f3:0x3ffb3f40 0x400d6315:0x3ffb3f70 0x400e3381:0x3ffb3fa0 0x40085d35:0x3ffb3fd0




ELF file SHA256: a1f65781d

Rebooting...
ets Jul 29 2019 12:21:46

rst:0xc (SW_CPU_RESET),boot:0x13 (SPI_FAST_FLASH_BOOT)
configsip: 0, SPIWP:0xee
clk_drv:0x00,q_drv:0x00,d_drv:0x00,cs0_drv:0x00,hd_drv:0x00,wp_drv:0x00
mode:DIO, clock div:2
load:0x3fff0030,len:6380
ho 0 tail 12 room 4
load:0x40078000,len:15916
load:0x40080400,len:3860
entry 0x40080638
[0;32mI (29) boot: ESP-IDF HEAD-HASH-NOTFOUND 2nd stage bootloader[0m
[0;32mI (29) boot: compile time Oct  8 2025 00:30:29[0m
[0;32mI (29) boot: Multicore bootloader[0m
[0;32mI (32) boot: chip revision: v3.1[0m
[0;32mI (34) boot.esp32: SPI Speed      : 40MHz[0m
[0;32mI (38) boot.esp32: SPI Mode       : DIO[0m
[0;32mI (42) boot.esp32: SPI Flash Size : 2MB[0m
[0;32mI (45) boot: Enabling RNG early entropy source...[0m
[0;32mI (50) boot: Partition Table:[0m
[0;32mI (52) boot: ## Label            Usage          Type ST Offset   Length[0m
[0;32mI (59) boot:  0 nvs              WiFi data        01 02 00009000 00006000[0m
[0;32mI (65) boot:  1 phy_init         RF data          01 01 0000f000 00001000[0m
[0;32mI (72) boot:  2 factory          factory app      00 00 00010000 00100000[0m
[0;32mI (78) boot: End of partition table[0m
[0;32mI (82) esp_image: segment 0: paddr=00010020 vaddr=3f400020 size=09c18h ( 39960) map[0m
[0;32mI (103) esp_image: segment 1: paddr=00019c40 vaddr=3ffb0000 size=023d8h (  9176) load[0m
[0;32mI (106) esp_image: segment 2: paddr=0001c020 vaddr=40080000 size=03ff8h ( 16376) load[0m
[0;32mI (113) esp_image: segment 3: paddr=00020020 vaddr=400d0020 size=13a68h ( 80488) map[0m
[0;32mI (142) esp_image: segment 4: paddr=00033a90 vaddr=40083ff8 size=09000h ( 36864) load[0m
[0;32mI (156) esp_image: segment 5: paddr=0003ca98 vaddr=50000000 size=00020h (    32) load[0m
[0;32mI (163) boot: Loaded app from partition at offset 0x10000[0m
[0;32mI (163) boot: Disabling RNG early entropy source...[0m
[0;32mI (174) cpu_start: Multicore app[0m
[0;32mI (183) cpu_start: Pro cpu start user code[0m
[0;32mI (183) cpu_start: cpu freq: 160000000 Hz[0m
[0;32mI (183) app_init: Application information:[0m
[0;32mI (183) app_init: Project name:     lab4[0m
[0;32mI (186) app_init: App version:      2c3774c-dirty[0m
[0;32mI (191) app_init: Compile time:     Oct  8 2025 09:46:24[0m
[0;32mI (196) app_init: ELF file SHA256:  a1f65781d...[0m
[0;32mI (200) app_init: ESP-IDF:          HEAD-HASH-NOTFOUND[0m
[0;32mI (205) efuse_init: Min chip rev:     v0.0[0m
[0;32mI (209) efuse_init: Max chip rev:     v3.99 [0m
[0;32mI (213) efuse_init: Chip rev:         v3.1[0m
[0;32mI (217) heap_init: Initializing. RAM available for dynamic allocation:[0m
[0;32mI (223) heap_init: At 3FFAE6E0 len 00001920 (6 KiB): DRAM[0m
[0;32mI (228) heap_init: At 3FFB2CA8 len 0002D358 (180 KiB): DRAM[0m
[0;32mI (233) heap_init: At 3FFE0440 len 00003AE0 (14 KiB): D/IRAM[0m
[0;32mI (239) heap_init: At 3FFE4350 len 0001BCB0 (111 KiB): D/IRAM[0m
[0;32mI (244) heap_init: At 4008CFF8 len 00013008 (76 KiB): IRAM[0m
[0;33mW (251) spi_flash: Detected boya flash chip but using generic driver. For optimal functionality, enable `SPI_FLASH_SUPPORT_BOYA_CHIP` in menuconfig[0m
[0;32mI (263) spi_flash: detected chip: generic[0m
[0;32mI (266) spi_flash: flash io: dio[0m
[0;33mW (269) spi_flash: Detected size(4096k) larger than the size in the binary image header(2048k). Using the size in the binary image header.[0m
[0;32mI (282) main_task: Started on CPU0[0m
[0;32mI (292) main_task: Calling app_main()[0m
----Sorted insert test----
single linked list: 
added:43
added:70
added:39
added:58
added:13
list(first: 13)[13 39 43 58 70 ]


double linked list: 
added 73
added 13
added 20
added 40
added 35
list(first:13, last73 )[13 20 35 40 73 ]
----Removeing elements test----
single linked list: 
added:90
added:10
added:9
added:72
added:3
list(first: 3)[3 9 10 72 90 ]
removeing first element
list(first: 9)[9 10 72 90 ]
1 removed
removeing last element
list(first: 9)[9 10 72 ]
9 removed


double linked list: 
added 51
added 84
added 54
added 48
added 75
list(first:48, last84 )[48 51 54 75 84 ]
removeing first element
list(first:51, last84 )[51 54 75 84 ]
51 removed
removing last element
list(first:51, last75 )[51 54 75 ]
51 removed
----Remove from empty list----
remove from empty sll
remove first: -2147483648
remove last: -2147483648
remove from empty dll
remove first: -2147483648
remove last: -2147483648


----Adding duplicate values----
single linked list: 
added:1
added:1
list(first: 1)[1 1 ]
double linked list: 
added 1
added 1
list(first:1, last1 )[1 1 ]


----Adding values to beginning----
single linked list: 
added:1
added:1
added:0
list(first: 0)[0 1 1 ]
double linked list: 
added 1
added 1
added 0
list(first:0, last1 )[0 1 1 ]


----Adding values to end----
single linked list: 
added:3
list(first: 0)[0 1 1 3 ]
double linked list: 
added 3
list(first:0, last3 )[0 1 1 3 ]


 ----Removeing only element----single linked list: 
added:1
list(first: 1)[1 ]
removeing first element
double linked list: 
added 1
list(first:1, last1 )[1 ]
Guru Meditation Error: Core  0 panic'ed (StoreProhibited). Exception was unhandled.

Core  0 register dump:
PC      : 0x400d64b0  PS      : 0x00060330  A0      : 0x800d62f6  A1      : 0x3ffb3f20  
A2      : 0x3ffb3f44  A3      : 0x00000001  A4      : 0x0000000b  A5      : 0x3f402567  
A6      : 0x00000015  A7      : 0x00000000  A8      : 0x00000000  A9      : 0x00000000  
A10     : 0x3ffafff0  A11     : 0x00000001  A12     : 0x00000001  A13     : 0x3f403835  
A14     : 0x00000021  A15     : 0x3ffaea38  SAR     : 0x00000020  EXCCAUSE: 0x0000001d  
EXCVADDR: 0x00000004  LBEG    : 0x400014fd  LEND    : 0x4000150d  LCOUNT  : 0xffffffff  


Backtrace: 0x400d64ad:0x3ffb3f20 0x400d62f3:0x3ffb3f40 0x400d6315:0x3ffb3f70 0x400e3381:0x3ffb3fa0 0x40085d35:0x3ffb3fd0




ELF file SHA256: a1f65781d

Rebooting...
ets Jul 29 2019 12:21:46

rst:0xc (SW_CPU_RESET),boot:0x13 (SPI_FAST_FLASH_BOOT)
configsip: 0, SPIWP:0xee
clk_drv:0x00,q_drv:0x00,d_drv:0x00,cs0_drv:0x00,hd_drv:0x00,wp_drv:0x00
mode:DIO, clock div:2
load:0x3fff0030,len:6380
ho 0 tail 12 room 4
load:0x40078000,len:15916
load:0x40080400,len:3860
entry 0x40080638
[0;32mI (29) boot: ESP-IDF HEAD-HASH-NOTFOUND 2nd stage bootloader[0m
[0;32mI (29) boot: compile time Oct  8 2025 00:30:29[0m
[0;32mI (29) boot: Multicore bootloader[0m
[0;32mI (32) boot: chip revision: v3.1[0m
[0;32mI (34) boot.esp32: SPI Speed      : 40MHz[0m
[0;32mI (38) boot.esp32: SPI Mode       : DIO[0m
[0;32mI (42) boot.esp32: SPI Flash Size : 2MB[0m
[0;32mI (45) boot: Enabling RNG early entropy source...[0m
[0;32mI (50) boot: Partition Table:[0m
[0;32mI (52) boot: ## Label            Usage          Type ST Offset   Length[0m
[0;32mI (59) boot:  0 nvs              WiFi data        01 02 00009000 00006000[0m
[0;32mI (65) boot:  1 phy_init         RF data          01 01 0000f000 00001000[0m
[0;32mI (72) boot:  2 factory          factory app      00 00 00010000 00100000[0m
[0;32mI (78) boot: End of partition table[0m
[0;32mI (82) esp_image: segment 0: paddr=00010020 vaddr=3f400020 size=09c18h ( 39960) map[0m
[0;32mI (103) esp_image: segment 1: paddr=00019c40 vaddr=3ffb0000 size=023d8h (  9176) load[0m
[0;32mI (106) esp_image: segment 2: paddr=0001c020 vaddr=40080000 size=03ff8h ( 16376) load[0m
[0;32mI (113) esp_image: segment 3: paddr=00020020 vaddr=400d0020 size=13a68h ( 80488) map[0m
[0;32mI (142) esp_image: segment 4: paddr=00033a90 vaddr=40083ff8 size=09000h ( 36864) load[0m
[0;32mI (156) esp_image: segment 5: paddr=0003ca98 vaddr=50000000 size=00020h (    32) load[0m
[0;32mI (163) boot: Loaded app from partition at offset 0x10000[0m
[0;32mI (163) boot: Disabling RNG early entropy source...[0m
[0;32mI (174) cpu_start: Multicore app[0m
[0;32mI (183) cpu_start: Pro cpu start user code[0m
[0;32mI (183) cpu_start: cpu freq: 160000000 Hz[0m
[0;32mI (183) app_init: Application information:[0m
[0;32mI (183) app_init: Project name:     lab4[0m
[0;32mI (186) app_init: App version:      2c3774c-dirty[0m
[0;32mI (191) app_init: Compile time:     Oct  8 2025 09:46:24[0m
[0;32mI (196) app_init: ELF file SHA256:  a1f65781d...[0m
[0;32mI (200) app_init: ESP-IDF:          HEAD-HASH-NOTFOUND[0m
[0;32mI (205) efuse_init: Min chip rev:     v0.0[0m
[0;32mI (209) efuse_init: Max chip rev:     v3.99 [0m
[0;32mI (213) efuse_init: Chip rev:         v3.1[0m
[0;32mI (217) heap_init: Initializing. RAM available for dynamic allocation:[0m
[0;32mI (223) heap_init: At 3FFAE6E0 len 00001920 (6 KiB): DRAM[0m
[0;32mI (228) heap_init: At 3FFB2CA8 len 0002D358 (180 KiB): DRAM[0m
[0;32mI (233) heap_init: At 3FFE0440 len 00003AE0 (14 KiB): D/IRAM[0m
[0;32mI (239) heap_init: At 3FFE4350 len 0001BCB0 (111 KiB): D/IRAM[0m
