Command: /home/minipops/.espressif/python_env/idf5.5_py3.13_env/bin/python /opt/esp-idf/tools/idf_monitor.py -p /dev/ttyUSB0 -b 115200 --toolchain-prefix xtensa-esp32-elf- --target esp32 --revision 0 /home/minipops/uni/da267a/labs/lab4/build/lab4.elf /home/minipops/uni/da267a/labs/lab4/build/bootloader/bootloader.elf -m '/home/minipops/.espressif/python_env/idf5.5_py3.13_env/bin/python' '/opt/esp-idf/tools/idf.py'
ets Jul 29 2019 12:21:46

rst:0x1 (POWERON_RESET),boot:0x13 (SPI_FAST_FLASH_BOOT)
configsip: 0, SPIWP:0xee
clk_drv:0x00,q_drv:0x00,d_drv:0x00,cs0_drv:0x00,hd_drv:0x00,wp_drv:0x00
mode:DIO, clock div:2
load:0x3fff0030,len:6380
ho 0 tail 12 room 4
load:0x40078000,len:15916
load:0x40080400,len:3860
entry 0x40080638
[0;32mI (29) boot: ESP-IDF HEAD-HASH-NOTFOUND 2nd stage bootloader[0m
[0;32mI (29) boot: compile time Oct  8 2025 00:30:29[0m
[0;32mI (29) boot: Multicore bootloader[0m
[0;32mI (32) boot: chip revision: v3.1[0m
[0;32mI (34) boot.esp32: SPI Speed      : 40MHz[0m
[0;32mI (38) boot.esp32: SPI Mode       : DIO[0m
[0;32mI (42) boot.esp32: SPI Flash Size : 2MB[0m
[0;32mI (45) boot: Enabling RNG early entropy source...[0m
[0;32mI (50) boot: Partition Table:[0m
[0;32mI (52) boot: ## Label            Usage          Type ST Offset   Length[0m
[0;32mI (59) boot:  0 nvs              WiFi data        01 02 00009000 00006000[0m
[0;32mI (65) boot:  1 phy_init         RF data          01 01 0000f000 00001000[0m
[0;32mI (72) boot:  2 factory          factory app      00 00 00010000 00100000[0m
[0;32mI (78) boot: End of partition table[0m
[0;32mI (82) esp_image: segment 0: paddr=00010020 vaddr=3f400020 size=09a28h ( 39464) map[0m
[0;32mI (103) esp_image: segment 1: paddr=00019a50 vaddr=3ffb0000 size=023d8h (  9176) load[0m
[0;32mI (106) esp_image: segment 2: paddr=0001be30 vaddr=40080000 size=041e8h ( 16872) load[0m
[0;32mI (113) esp_image: segment 3: paddr=00020020 vaddr=400d0020 size=13684h ( 79492) map[0m
[0;32mI (141) esp_image: segment 4: paddr=000336ac vaddr=400841e8 size=08e10h ( 36368) load[0m
[0;32mI (156) esp_image: segment 5: paddr=0003c4c4 vaddr=50000000 size=00020h (    32) load[0m
[0;32mI (162) boot: Loaded app from partition at offset 0x10000[0m
[0;32mI (162) boot: Disabling RNG early entropy source...[0m
[0;32mI (174) cpu_start: Multicore app[0m
[0;32mI (182) cpu_start: Pro cpu start user code[0m
[0;32mI (182) cpu_start: cpu freq: 160000000 Hz[0m
[0;32mI (182) app_init: Application information:[0m
[0;32mI (182) app_init: Project name:     lab4[0m
[0;32mI (186) app_init: App version:      2c3774c-dirty[0m
[0;32mI (190) app_init: Compile time:     Oct  8 2025 09:46:24[0m
[0;32mI (195) app_init: ELF file SHA256:  a170e6f51...[0m
[0;32mI (200) app_init: ESP-IDF:          HEAD-HASH-NOTFOUND[0m
[0;32mI (205) efuse_init: Min chip rev:     v0.0[0m
[0;32mI (208) efuse_init: Max chip rev:     v3.99 [0m
[0;32mI (212) efuse_init: Chip rev:         v3.1[0m
[0;32mI (216) heap_init: Initializing. RAM available for dynamic allocation:[0m
[0;32mI (223) heap_init: At 3FFAE6E0 len 00001920 (6 KiB): DRAM[0m
[0;32mI (228) heap_init: At 3FFB2CA8 len 0002D358 (180 KiB): DRAM[0m
[0;32mI (233) heap_init: At 3FFE0440 len 00003AE0 (14 KiB): D/IRAM[0m
[0;32mI (238) heap_init: At 3FFE4350 len 0001BCB0 (111 KiB): D/IRAM[0m
[0;32mI (244) heap_init: At 4008CFF8 len 00013008 (76 KiB): IRAM[0m
[0;33mW (250) spi_flash: Detected boya flash chip but using generic driver. For optimal functionality, enable `SPI_FLASH_SUPPORT_BOYA_CHIP` in menuconfig[0m
[0;32mI (262) spi_flash: detected chip: generic[0m
[0;32mI (266) spi_flash: flash io: dio[0m
[0;33mW (269) spi_flash: Detected size(4096k) larger than the size in the binary image header(2048k). Using the size in the binary image header.[0m
[0;32mI (281) main_task: Started on CPU0[0m
[0;32mI (291) main_task: Calling app_main()[0m
------INSERT AND REMOVE TEST------
Guru Meditation Error: Core  0 panic'ed (LoadProhibited). Exception was unhandled.

Core  0 register dump:
PC      : 0x400d607a  PS      : 0x00060330  A0      : 0x800d6017  A1      : 0x3ffb3f50  
A2      : 0x00000031  A3      : 0x00000031  A4      : 0x3ffb3f60  A5      : 0x0000000c  
A6      : 0x00000000  A7      : 0x3ffb3f70  A8      : 0x00000000  A9      : 0x3ffafe30  
A10     : 0x3ffafe40  A11     : 0x02cbbf57  A12     : 0x00000020  A13     : 0x3f40256b  
A14     : 0x00000015  A15     : 0x3ffaea38  SAR     : 0x0000001b  EXCCAUSE: 0x0000001c  
EXCVADDR: 0x00000000  LBEG    : 0x400014fd  LEND    : 0x4000150d  LCOUNT  : 0xfffffff7  


Backtrace: 0x400d6077:0x3ffb3f50 0x400d6014:0x3ffb3f70 0x400e2f9d:0x3ffb3fa0 0x40085d35:0x3ffb3fd0




ELF file SHA256: a170e6f51

Rebooting...
ets Jul 29 2019 12:21:46

rst:0xc (SW_CPU_RESET),boot:0x13 (SPI_FAST_FLASH_BOOT)
configsip: 0, SPIWP:0xee
clk_drv:0x00,q_drv:0x00,d_drv:0x00,cs0_drv:0x00,hd_drv:0x00,wp_drv:0x00
mode:DIO, clock div:2
load:0x3fff0030,len:6380
ho 0 tail 12 room 4
load:0x40078000,len:15916
load:0x40080400,len:3860
entry 0x40080638
[0;32mI (29) boot: ESP-IDF HEAD-HASH-NOTFOUND 2nd stage bootloader[0m
[0;32mI (29) boot: compile time Oct  8 2025 00:30:29[0m
[0;32mI (29) boot: Multicore bootloader[0m
[0;32mI (32) boot: chip revision: v3.1[0m
[0;32mI (34) boot.esp32: SPI Speed      : 40MHz[0m
[0;32mI (38) boot.esp32: SPI Mode       : DIO[0m
[0;32mI (42) boot.esp32: SPI Flash Size : 2MB[0m
[0;32mI (45) boot: Enabling RNG early entropy source...[0m
[0;32mI (50) boot: Partition Table:[0m
[0;32mI (52) boot: ## Label            Usage          Type ST Offset   Length[0m
[0;32mI (59) boot:  0 nvs              WiFi data        01 02 00009000 00006000[0m
[0;32mI (65) boot:  1 phy_init         RF data          01 01 0000f000 00001000[0m
[0;32mI (72) boot:  2 factory          factory app      00 00 00010000 00100000[0m
[0;32mI (78) boot: End of partition table[0m
[0;32mI (82) esp_image: segment 0: paddr=00010020 vaddr=3f400020 size=09a28h ( 39464) map[0m
[0;32mI (102) esp_image: segment 1: paddr=00019a50 vaddr=3ffb0000 size=023d8h (  9176) load[0m
[0;32mI (106) esp_image: segment 2: paddr=0001be30 vaddr=40080000 size=041e8h ( 16872) load[0m
[0;32mI (113) esp_image: segment 3: paddr=00020020 vaddr=400d0020 size=13684h ( 79492) map[0m
[0;32mI (141) esp_image: segment 4: paddr=000336ac vaddr=400841e8 size=08e10h ( 36368) load[0m
[0;32mI (155) esp_image: segment 5: paddr=0003c4c4 vaddr=50000000 size=00020h (    32) load[0m
[0;32mI (162) boot: Loaded app from partition at offset 0x10000[0m
[0;32mI (162) boot: Disabling RNG early entropy source...[0m
[0;32mI (174) cpu_start: Multicore app[0m
[0;32mI (182) cpu_start: Pro cpu start user code[0m
[0;32mI (182) cpu_start: cpu freq: 160000000 Hz[0m
[0;32mI (182) app_init: Application information:[0m
[0;32mI (182) app_init: Project name:     lab4[0m
[0;32mI (186) app_init: App version:      2c3774c-dirty[0m
[0;32mI (190) app_init: Compile time:     Oct  8 2025 09:46:24[0m
[0;32mI (195) app_init: ELF file SHA256:  a170e6f51...[0m
[0;32mI (200) app_init: ESP-IDF:          HEAD-HASH-NOTFOUND[0m
[0;32mI (204) efuse_init: Min chip rev:     v0.0[0m
[0;32mI (208) efuse_init: Max chip rev:     v3.99 [0m
[0;32mI (212) efuse_init: Chip rev:         v3.1[0m
[0;32mI (216) heap_init: Initializing. RAM available for dynamic allocation:[0m
[0;32mI (222) heap_init: At 3FFAE6E0 len 00001920 (6 KiB): DRAM[0m
[0;32mI (227) heap_init: At 3FFB2CA8 len 0002D358 (180 KiB): DRAM[0m
[0;32mI (233) heap_init: At 3FFE0440 len 00003AE0 (14 KiB): D/IRAM[0m
[0;32mI (238) heap_init: At 3FFE4350 len 0001BCB0 (111 KiB): D/IRAM[0m
[0;32mI (244) heap_init: At 4008CFF8 len 00013008 (76 KiB): IRAM[0m
[0;33mW (250) spi_flash: Detected boya flash chip but using generic driver. For optimal functionality, enable `SPI_FLASH_SUPPORT_BOYA_CHIP` in menuconfig[0m
[0;32mI (262) spi_flash: detected chip: generic[0m
[0;32mI (265) spi_flash: flash io: dio[0m
[0;33mW (268) spi_flash: Detected size(4096k) larger than the size in the binary image header(2048k). Using the size in the binary image header.[0m
[0;32mI (281) main_task: Started on CPU0[0m
[0;32mI (291) main_task: Calling app_main()[0m
------INSERT AND REMOVE TEST------
Guru Meditation Error: Core  0 panic'ed (LoadProhibited). Exception was unhandled.

Core  0 register dump:
PC      : 0x400d607a  PS      : 0x00060330  A0      : 0x800d6017  A1      : 0x3ffb3f50  
A2      : 0x0000004e  A3      : 0x0000004e  A4      : 0x3ffb3f60  A5      : 0x0000000c  
A6      : 0x00000000  A7      : 0x3ffb3f70  A8      : 0x00000000  A9      : 0x3ffafe30  
A10     : 0x3ffafe40  A11     : 0x02cb5107  A12     : 0x00000020  A13     : 0x3f40256b  
A14     : 0x00000015  A15     : 0x3ffaea38  SAR     : 0x0000001b  EXCCAUSE: 0x0000001c  
EXCVADDR: 0x00000000  LBEG    : 0x400014fd  LEND    : 0x4000150d  LCOUNT  : 0xfffffff7  


Backtrace: 0x400d6077:0x3ffb3f50 0x400d6014:0x3ffb3f70 0x400e2f9d:0x3ffb3fa0 0x40085d35:0x3ffb3fd0




ELF file SHA256: a170e6f51

Rebooting...
ets Jul 29 2019 12:21:46

rst:0xc (SW_CPU_RESET),boot:0x13 (SPI_FAST_FLASH_BOOT)
configsip: 0, SPIWP:0xee
clk_drv:0x00,q_drv:0x00,d_drv:0x00,cs0_drv:0x00,hd_drv:0x00,wp_drv:0x00
mode:DIO, clock div:2
load:0x3fff0030,len:6380
ho 0 tail 12 room 4
load:0x40078000,len:15916
load:0x40080400,len:3860
entry 0x40080638
[0;32mI (29) boot: ESP-IDF HEAD-HASH-NOTFOUND 2nd stage bootloader[0m
[0;32mI (29) boot: compile time Oct  8 2025 00:30:29[0m
[0;32mI (29) boot: Multicore bootloader[0m
[0;32mI (32) boot: chip revision: v3.1[0m
[0;32mI (34) boot.esp32: SPI Speed      : 40MHz[0m
[0;32mI (38) boot.esp32: SPI Mode       : DIO[0m
[0;32mI (42) boot.esp32: SPI Flash Size : 2MB[0m
[0;32mI (45) boot: Enabling RNG early entropy source...[0m
[0;32mI (50) boot: Partition Table:[0m
[0;32mI (52) boot: ## Label            Usage          Type ST Offset   Length[0m
[0;32mI (59) boot:  0 nvs              WiFi data        01 02 00009000 00006000[0m
[0;32mI (65) boot:  1 phy_init         RF data          01 01 0000f000 00001000[0m
[0;32mI (72) boot:  2 factory          factory app      00 00 00010000 00100000[0m
[0;32mI (78) boot: End of partition table[0m
[0;32mI (82) esp_image: segment 0: paddr=00010020 vaddr=3f400020 size=09a28h ( 39464) map[0m
[0;32mI (102) esp_image: segment 1: paddr=00019a50 vaddr=3ffb0000 size=023d8h (  9176) load[0m
[0;32mI (106) esp_image: segment 2: paddr=0001be30 vaddr=40080000 size=041e8h ( 16872) load[0m
[0;32mI (113) esp_image: segment 3: paddr=00020020 vaddr=400d0020 size=13684h ( 79492) map[0m
[0;32mI (141) esp_image: segment 4: paddr=000336ac vaddr=400841e8 size=08e10h ( 36368) load[0m
[0;32mI (155) esp_image: segment 5: paddr=0003c4c4 vaddr=50000000 size=00020h (    32) load[0m
[0;32mI (162) boot: Loaded app from partition at offset 0x10000[0m
[0;32mI (162) boot: Disabling RNG early entropy source...[0m
[0;32mI (174) cpu_start: Multicore app[0m
[0;32mI (182) cpu_start: Pro cpu start user code[0m
[0;32mI (182) cpu_start: cpu freq: 160000000 Hz[0m
[0;32mI (182) app_init: Application information:[0m
[0;32mI (182) app_init: Project name:     lab4[0m
[0;32mI (186) app_init: App version:      2c3774c-dirty[0m
[0;32mI (190) app_init: Compile time:     Oct  8 2025 09:46:24[0m
[0;32mI (195) app_init: ELF file SHA256:  a170e6f51...[0m
[0;32mI (200) app_init: ESP-IDF:          HEAD-HASH-NOTFOUND[0m
[0;32mI (204) efuse_init: Min chip rev:     v0.0[0m
[0;32mI (208) efuse_init: Max chip rev:     v3.99 [0m
[0;32mI (212) efuse_init: Chip rev:         v3.1[0m
[0;32mI (216) heap_init: Initializing. RAM available for dynamic allocation:[0m
[0;32mI (222) heap_init: At 3FFAE6E0 len 00001920 (6 KiB): DRAM[0m
[0;32mI (227) heap_init: At 3FFB2CA8 len 0002D358 (180 KiB): DRAM[0m
[0;32mI (233) heap_init: At 3FFE0440 len 00003AE0 (14 KiB): D/IRAM[0m
[0;32mI (238) heap_init: At 3FFE4350 len 0001BCB0 (111 KiB): D/IRAM[0m
[0;32mI (244) heap_init: At 4008CFF8 len 00013008 (76 KiB): IRAM[0m
[0;33mW (250) spi_flash: Detected boya flash chip but using generic driver. For optimal functionality, enable `SPI_FLASH_SUPPORT_BOYA_CHIP` in menuconfig[0m
[0;32mI (262) spi_flash: detected chip: generic[0m
[0;32mI (265) spi_flash: flash io: dio[0m
[0;33mW (268) spi_flash: Detected size(4096k) larger than the size in the binary image header(2048k). Using the size in the binary image header.[0m
[0;32mI (281) main_task: Started on CPU0[0m
[0;32mI (291) main_task: Calling app_main()[0m
------INSERT AND REMOVE TEST------
Guru Meditation Error: Core  0 panic'ed (LoadProhibited). Exception was unhandled.

Core  0 register dump:
PC      : 0x400d607a  PS      : 0x00060330  A0      : 0x800d6017  A1      : 0x3ffb3f50  
A2      : 0x00000022  A3      : 0x00000022  A4      : 0x3ffb3f60  A5      : 0x0000000c  
A6      : 0x00000000  A7      : 0x3ffb3f70  A8      : 0x00000000  A9      : 0x3ffafe30  
A10     : 0x3ffafe40  A11     : 0x02cb50df  A12     : 0x00000020  A13     : 0x3f40256b  
A14     : 0x00000015  A15     : 0x3ffaea38  SAR     : 0x0000001b  EXCCAUSE: 0x0000001c  
EXCVADDR: 0x00000000  LBEG    : 0x400014fd  LEND    : 0x4000150d  LCOUNT  : 0xfffffff7  


Backtrace: 0x400d6077:0x3ffb3f50 0x400d6014:0x3ffb3f70 0x400e2f9d:0x3ffb3fa0 0x40085d35:0x3ffb3fd0




ELF file SHA256: a170e6f51

Rebooting...
ets Jul 29 2019 12:21:46

rst:0xc (SW_CPU_RESET),boot:0x13 (SPI_FAST_FLASH_BOOT)
configsip: 0, SPIWP:0xee
clk_drv:0x00,q_drv:0x00,d_drv:0x00,cs0_drv:0x00,hd_drv:0x00,wp_drv:0x00
mode:DIO, clock div:2
load:0x3fff0030,len:6380
ho 0 tail 12 room 4
load:0x40078000,len:15916
load:0x40080400,len:3860
entry 0x40080638
[0;32mI (29) boot: ESP-IDF HEAD-HASH-NOTFOUND 2nd stage bootloader[0m
[0;32mI (29) boot: compile time Oct  8 2025 00:30:29[0m
[0;32mI (29) boot: Multicore bootloader[0m
[0;32mI (32) boot: chip revision: v3.1[0m
[0;32mI (34) boot.esp32: SPI Speed      : 40MHz[0m
[0;32mI (38) boot.esp32: SPI Mode       : DIO[0m
[0;32mI (42) boot.esp32: SPI Flash Size : 2MB[0m
[0;32mI (45) boot: Enabling RNG early entropy source...[0m
[0;32mI (50) boot: Partition Table:[0m
[0;32mI (52) boot: ## Label            Usage          Type ST Offset   Length[0m
[0;32mI (59) boot:  0 nvs              WiFi data        01 02 00009000 00006000[0m
[0;32mI (65) boot:  1 phy_init         RF data          01 01 0000f000 00001000[0m
[0;32mI (72) boot:  2 factory          factory app      00 00 00010000 00100000[0m
[0;32mI (78) boot: End of partition table[0m
[0;32mI (82) esp_image: segment 0: paddr=00010020 vaddr=3f400020 size=09a28h ( 39464) map[0m
[0;32mI (102) esp_image: segment 1: paddr=00019a50 vaddr=3ffb0000 size=023d8h (  9176) load[0m
[0;32mI (106) esp_image: segment 2: paddr=0001be30 vaddr=40080000 size=041e8h ( 16872) load[0m
[0;32mI (113) esp_image: segment 3: paddr=00020020 vaddr=400d0020 size=13684h ( 79492) map[0m
[0;32mI (141) esp_image: segment 4: paddr=000336ac vaddr=400841e8 size=08e10h ( 36368) load[0m
[0;32mI (155) esp_image: segment 5: paddr=0003c4c4 vaddr=50000000 size=00020h (    32) load[0m
[0;32mI (162) boot: Loaded app from partition at offset 0x10000[0m
[0;32mI (162) boot: Disabling RNG early entropy source...[0m
[0;32mI (174) cpu_start: Multicore app[0m
[0;32mI (182) cpu_start: Pro cpu start user code[0m
[0;32mI (182) cpu_start: cpu freq: 160000000 Hz[0m
[0;32mI (182) app_init: Application information:[0m
[0;32mI (182) app_init: Project name:     lab4[0m
[0;32mI (186) app_init: App version:      2c3774c-dirty[0m
[0;32mI (190) app_init: Compile time:     Oct  8 2025 09:46:24[0m
[0;32mI (195) app_init: ELF file SHA256:  a170e6f51...[0m
[0;32mI (199) app_init: ESP-IDF:          HEAD-HASH-NOTFOUND[0m
[0;32mI (204) efuse_init: Min chip rev:     v0.0[0m
[0;32mI (208) efuse_init: Max chip rev:     v3.99 [0m
[0;32mI (212) efuse_init: Chip rev:         v3.1[0m
[0;32mI (216) heap_init: Initializing. RAM available for dynamic allocation:[0m
[0;32mI (222) heap_init: At 3FFAE6E0 len 00001920 (6 KiB): DRAM[0m
[0;32mI (227) heap_init: At 3FFB2CA8 len 0002D358 (180 KiB): DRAM[0m
[0;32mI (233) heap_init: At 3FFE0440 len 00003AE0 (14 KiB): D/IRAM[0m
[0;32mI (238) heap_init: At 3FFE4350 len 0001BCB0 (111 KiB): D/IRAM[0m
[0;32mI (244) heap_init: At 4008CFF8 len 00013008 (76 KiB): IRAM[0m
[0;33mW (250) spi_flash: Detected boya flash chip but using generic driver. For optimal functionality, enable `SPI_FLASH_SUPPORT_BOYA_CHIP` in menuconfig[0m
[0;32mI (262) spi_flash: detected chip: generic[0m
[0;32mI (265) spi_flash: flash io: dio[0m
[0;33mW (268) spi_flash: Detected size(4096k) larger than the size in the binary image header(2048k). Using the size in the binary image header.[0m
[0;32mI (281) main_task: Started on CPU0[0m
[0;32mI (291) main_task: Calling app_main()[0m
------INSERT AND REMOVE TEST------
Guru Meditation Error: Core  0 panic'ed (LoadProhibited). Exception was unhandled.

Core  0 register dump:
PC      : 0x400d607a  PS      : 0x00060330  A0      : 0x800d6017  A1      : 0x3ffb3f50  
A2      : 0x00000009  A3      : 0x00000009  A4      : 0x3ffb3f60  A5      : 0x0000000c  
A6      : 0x00000000  A7      : 0x3ffb3f70  A8      : 0x00000000  A9      : 0x3ffafe30  
A10     : 0x3ffafe40  A11     : 0x02cb4a8d  A12     : 0x00000020  A13     : 0x3f40256b  
A14     : 0x00000015  A15     : 0x3ffaea38  SAR     : 0x0000001b  EXCCAUSE: 0x0000001c  
EXCVADDR: 0x00000000  LBEG    : 0x400014fd  LEND    : 0x4000150d  LCOUNT  : 0xfffffff7  


Backtrace: 0x400d6077:0x3ffb3f50 0x400d6014:0x3ffb3f70 0x400e2f9d:0x3ffb3fa0 0x40085d35:0x3ffb3fd0




ELF file SHA256: a170e6f51

Rebooting...
ets Jul 29 2019 12:21:46

rst:0xc (SW_CPU_RESET),boot:0x13 (SPI_FAST_FLASH_BOOT)
configsip: 0, SPIWP:0xee
clk_drv:0x00,q_drv:0x00,d_drv:0x00,cs0_drv:0x00,hd_drv:0x00,wp_drv:0x00
mode:DIO, clock div:2
load:0x3fff0030,len:6380
ho 0 tail 12 room 4
load:0x40078000,len:15916
load:0x40080400,len:3860
entry 0x40080638
[0;32mI (29) boot: ESP-IDF HEAD-HASH-NOTFOUND 2nd stage bootloader[0m
[0;32mI (29) boot: compile time Oct  8 2025 00:30:29[0m
[0;32mI (29) boot: Multicore bootloader[0m
[0;32mI (32) boot: chip revision: v3.1[0m
[0;32mI (34) boot.esp32: SPI Speed      : 40MHz[0m
[0;32mI (38) boot.esp32: SPI Mode       : DIO[0m
[0;32mI (42) boot.esp32: SPI Flash Size : 2MB[0m
[0;32mI (45) boot: Enabling RNG early entropy source...[0m
[0;32mI (50) boot: Partition Table:[0m
[0;32mI (52) boot: ## Label            Usage          Type ST Offset   Length[0m
[0;32mI (59) boot:  0 nvs              WiFi data        01 02 00009000 00006000[0m
[0;32mI (65) boot:  1 phy_init         RF data          01 01 0000f000 00001000[0m
[0;32mI (72) boot:  2 factory          factory app      00 00 00010000 00100000[0m
[0;32mI (78) boot: End of partition table[0m
[0;32mI (82) esp_image: segment 0: paddr=00010020 vaddr=3f400020 size=09a28h ( 39464) map[0m
[0;32mI (102) esp_image: segment 1: paddr=00019a50 vaddr=3ffb0000 size=023d8h (  9176) load[0m
[0;32mI (106) esp_image: segment 2: paddr=0001be30 vaddr=40080000 size=041e8h ( 16872) load[0m
[0;32mI (113) esp_image: segment 3: paddr=00020020 vaddr=400d0020 size=13684h ( 79492) map[0m
[0;32mI (141) esp_image: segment 4: paddr=000336ac vaddr=400841e8 size=08e10h ( 36368) load[0m
[0;32mI (155) esp_image: segment 5: paddr=0003c4c4 vaddr=50000000 size=00020h (    32) load[0m
[0;32mI (162) boot: Loaded app from partition at offset 0x10000[0m
[0;32mI (162) boot: Disabling RNG early entropy source...[0m
[0;32mI (174) cpu_start: Multicore app[0m
[0;32mI (182) cpu_start: Pro cpu start user code[0m
[0;32mI (182) cpu_start: cpu freq: 160000000 Hz[0m
[0;32mI (182) app_init: Application information:[0m
[0;32mI (182) app_init: Project name:     lab4[0m
[0;32mI (186) app_init: App version:      2c3774c-dirty[0m
[0;32mI (190) app_init: Compile time:     Oct  8 2025 09:46:24[0m
[0;32mI (195) app_init: ELF file SHA256:  a170e6f51...[0m
[0;32mI (200) app_init: ESP-IDF:          HEAD-HASH-NOTFOUND[0m
[0;32mI (204) efuse_init: Min chip rev:     v0.0[0m
[0;32mI (208) efuse_init: Max chip rev:     v3.99 [0m
[0;32mI (212) efuse_init: Chip rev:         v3.1[0m
[0;32mI (216) heap_init: Initializing. RAM available for dynamic allocation:[0m
[0;32mI (222) heap_init: At 3FFAE6E0 len 00001920 (6 KiB): DRAM[0m
[0;32mI (227) heap_init: At 3FFB2CA8 len 0002D358 (180 KiB): DRAM[0m
[0;32mI (233) heap_init: At 3FFE0440 len 00003AE0 (14 KiB): D/IRAM[0m
[0;32mI (238) heap_init: At 3FFE4350 len 0001BCB0 (111 KiB): D/IRAM[0m
[0;32mI (244) heap_init: At 4008CFF8 len 00013008 (76 KiB): IRAM[0m
[0;33mW (250) spi_flash: Detected boya flash chip but using generic driver. For optimal functionality, enable `SPI_FLASH_SUPPORT_BOYA_CHIP` in menuconfig[0m
[0;32mI (262) spi_flash: detected chip: generic[0m
[0;32mI (265) spi_flash: flash io: dio[0m
[0;33mW (268) spi_flash: Detected size(4096k) larger than the size in the binary image header(2048k). Using the size in the binary image header.[0m
[0;32mI (281) main_task: Started on CPU0[0m
[0;32mI (291) main_task: Calling app_main()[0m
------INSERT AND REMOVE TEST------
Guru Meditation Error: Core  0 panic'ed (LoadProhibited). Exception was unhandled.

Core  0 register dump:
PC      : 0x400d607a  PS      : 0x00060330  A0      : 0x800d6017  A1      : 0x3ffb3f50  
A2      : 0x00000027  A3      : 0x00000027  A4      : 0x3ffb3f60  A5      : 0x0000000c  
A6      : 0x00000000  A7      : 0x3ffb3f70  A8      : 0x00000000  A9      : 0x3ffafe30  
A10     : 0x3ffafe40  A11     : 0x02cb52a7  A12     : 0x00000020  A13     : 0x3f40256b  
A14     : 0x00000015  A15     : 0x3ffaea38  SAR     : 0x0000001b  EXCCAUSE: 0x0000001c  
EXCVADDR: 0x00000000  LBEG    : 0x400014fd  LEND    : 0x4000150d  LCOUNT  : 0xfffffff7  


Backtrace: 0x400d6077:0x3ffb3f50 0x400d6014:0x3ffb3f70 0x400e2f9d:0x3ffb3fa0 0x40085d35:0x3ffb3fd0




ELF file SHA256: a170e6f51

Rebooting...
ets Jul 29 2019 12:21:46

rst:0xc (SW_CPU_RESET),boot:0x13 (SPI_FAST_FLASH_BOOT)
configsip: 0, SPIWP:0xee
clk_drv:0x00,q_drv:0x00,d_drv:0x00,cs0_drv:0x00,hd_drv:0x00,wp_drv:0x00
mode:DIO, clock div:2
load:0x3fff0030,len:6380
ho 0 tail 12 room 4
load:0x40078000,len:15916
load:0x40080400,len:3860
entry 0x40080638
[0;32mI (29) boot: ESP-IDF HEAD-HASH-NOTFOUND 2nd stage bootloader[0m
[0;32mI (29) boot: compile time Oct  8 2025 00:30:29[0m
[0;32mI (29) boot: Multicore bootloader[0m
[0;32mI (32) boot: chip revision: v3.1[0m
[0;32mI (34) boot.esp32: SPI Speed      : 40MHz[0m
[0;32mI (38) boot.esp32: SPI Mode       : DIO[0m
[0;32mI (42) boot.esp32: SPI Flash Size : 2MB[0m
[0;32mI (45) boot: Enabling RNG early entropy source...[0m
[0;32mI (50) boot: Partition Table:[0m
[0;32mI (52) boot: ## Label            Usage          Type ST Offset   Length[0m
[0;32mI (59) boot:  0 nvs              WiFi data        01 02 00009000 00006000[0m
[0;32mI (65) boot:  1 phy_init         RF data          01 01 0000f000 00001000[0m
[0;32mI (72) boot:  2 factory          factory app      00 00 00010000 00100000[0m
[0;32mI (78) boot: End of partition table[0m
[0;32mI (82) esp_image: segment 0: paddr=00010020 vaddr=3f400020 size=09a28h ( 39464) map[0m
[0;32mI (102) esp_image: segment 1: paddr=00019a50 vaddr=3ffb0000 size=023d8h (  9176) load[0m
[0;32mI (106) esp_image: segment 2: paddr=0001be30 vaddr=40080000 size=041e8h ( 16872) load[0m
[0;32mI (113) esp_image: segment 3: paddr=00020020 vaddr=400d0020 size=13684h ( 79492) map[0m
[0;32mI (141) esp_image: segment 4: paddr=000336ac vaddr=400841e8 size=08e10h ( 36368) load[0m
[0;32mI (155) esp_image: segment 5: paddr=0003c4c4 vaddr=50000000 size=00020h (    32) load[0m
[0;32mI (162) boot: Loaded app from partition at offset 0x10000[0m
[0;32mI (162) boot: Disabling RNG early entropy source...[0m
[0;32mI (174) cpu_start: Multicore app[0m
[0;32mI (182) cpu_start: Pro cpu start user code[0m
[0;32mI (182) cpu_start: cpu freq: 160000000 Hz[0m
[0;32mI (182) app_init: Application information:[0m
[0;32mI (182) app_init: Project name:     lab4[0m
[0;32mI (186) app_init: App version:      2c3774c-dirty[0m
[0;32mI (190) app_init: Compile time:     Oct  8 2025 09:46:24[0m
[0;32mI (195) app_init: ELF file SHA256:  a170e6f51...[0m
[0;32mI (199) app_init: ESP-IDF:          HEAD-HASH-NOTFOUND[0m
[0;32mI (204) efuse_init: Min chip rev:     v0.0[0m
[0;32mI (208) efuse_init: Max chip rev:     v3.99 [0m
[0;32mI (212) efuse_init: Chip rev:         v3.1[0m
[0;32mI (216) heap_init: Initializing. RAM available for dynamic allocation:[0m
[0;32mI (222) heap_init: At 3FFAE6E0 len 00001920 (6 KiB): DRAM[0m
[0;32mI (227) heap_init: At 3FFB2CA8 len 0002D358 (180 KiB): DRAM[0m
[0;32mI (233) heap_init: At 3FFE0440 len 00003AE0 (14 KiB): D/IRAM[0m
[0;32mI (238) heap_init: At 3FFE4350 len 0001BCB0 (111 KiB): D/IRAM[0m
[0;32mI (244) heap_init: At 4008CFF8 len 00013008 (76 KiB): IRAM[0m
[0;33mW (250) spi_flash: Detected boya flash chip but using generic driver. For optimal functionality, enable `SPI_FLASH_SUPPORT_BOYA_CHIP` in menuconfig[0m
[0;32mI (262) spi_flash: detected chip: generic[0m
[0;32mI (265) spi_flash: flash io: dio[0m
[0;33mW (268) spi_flash: Detected size(4096k) larger than the size in the binary image header(2048k). Using the size in the binary image header.[0m
[0;32mI (281) main_task: Started on CPU0[0m
[0;32mI (291) main_task: Calling app_main()[0m
------INSERT AND REMOVE TEST------
Guru Meditation Error: Core  0 panic'ed (LoadProhibited). Exception was unhandled.

Core  0 register dump:
PC      : 0x400d607a  PS      : 0x00060330  A0      : 0x800d6017  A1      : 0x3ffb3f50  
A2      : 0x0000002c  A3      : 0x0000002c  A4      : 0x3ffb3f60  A5      : 0x0000000c  
A6      : 0x00000000  A7      : 0x3ffb3f70  A8      : 0x00000000  A9      : 0x3ffafe30  
A10     : 0x3ffafe40  A11     : 0x02cb4c83  A12     : 0x00000020  A13     : 0x3f40256b  
A14     : 0x00000015  A15     : 0x3ffaea38  SAR     : 0x0000001b  EXCCAUSE: 0x0000001c  
EXCVADDR: 0x00000000  LBEG    : 0x400014fd  LEND    : 0x4000150d  LCOUNT  : 0xfffffff7  


Backtrace: 0x400d6077:0x3ffb3f50 0x400d6014:0x3ffb3f70 0x400e2f9d:0x3ffb3fa0 0x40085d35:0x3ffb3fd0




ELF file SHA256: a170e6f51

Rebooting...
ets Jul 29 2019 12:21:46

rst:0xc (SW_CPU_RESET),boot:0x13 (SPI_FAST_FLASH_BOOT)
configsip: 0, SPIWP:0xee
clk_drv:0x00,q_drv:0x00,d_drv:0x00,cs0_drv:0x00,hd_drv:0x00,wp_drv:0x00
mode:DIO, clock div:2
load:0x3fff0030,len:6380
ho 0 tail 12 room 4
load:0x40078000,len:15916
load:0x40080400,len:3860
entry 0x40080638
[0;32mI (29) boot: ESP-IDF HEAD-HASH-NOTFOUND 2nd stage bootloader[0m
[0;32mI (29) boot: compile time Oct  8 2025 00:30:29[0m
[0;32mI (29) boot: Multicore bootloader[0m
[0;32mI (32) boot: chip revision: v3.1[0m
[0;32mI (34) boot.esp32: SPI Speed      : 40MHz[0m
[0;32mI (38) boot.esp32: SPI Mode       : DIO[0m
[0;32mI (42) boot.esp32: SPI Flash Size : 2MB[0m
[0;32mI (45) boot: Enabling RNG early entropy source...[0m
[0;32mI (50) boot: Partition Table:[0m
[0;32mI (52) boot: ## Label            Usage          Type ST Offset   Length[0m
[0;32mI (59) boot:  0 nvs              WiFi data        01 02 00009000 00006000[0m
[0;32mI (65) boot:  1 phy_init         RF data          01 01 0000f000 00001000[0m
[0;32mI (72) boot:  2 factory          factory app      00 00 00010000 00100000[0m
[0;32mI (78) boot: End of partition table[0m
[0;32mI (82) esp_image: segment 0: paddr=00010020 vaddr=3f400020 size=09a28h ( 39464) map[0m
[0;32mI (102) esp_image: segment 1: paddr=00019a50 vaddr=3ffb0000 size=023d8h (  9176) load[0m
[0;32mI (106) esp_image: segment 2: paddr=0001be30 vaddr=40080000 size=041e8h ( 16872) load[0m
[0;32mI (113) esp_image: segment 3: paddr=00020020 vaddr=400d0020 size=13684h ( 79492) map[0m
[0;32mI (141) esp_image: segment 4: paddr=000336ac vaddr=400841e8 size=08e10h ( 36368) load[0m
[0;32mI (155) esp_image: segment 5: paddr=0003c4c4 vaddr=50000000 size=00020h (    32) load[0m
[0;32mI (162) boot: Loaded app from partition at offset 0x10000[0m
[0;32mI (162) boot: Disabling RNG early entropy source...[0m
[0;32mI (174) cpu_start: Multicore app[0m
[0;32mI (182) cpu_start: Pro cpu start user code[0m
[0;32mI (182) cpu_start: cpu freq: 160000000 Hz[0m
[0;32mI (182) app_init: Application information:[0m
[0;32mI (182) app_init: Project name:     lab4[0m
[0;32mI (186) app_init: App version:      2c3774c-dirty[0m
[0;32mI (190) app_init: Compile time:     Oct  8 2025 09:46:24[0m
[0;32mI (195) app_init: ELF file SHA256:  a170e6f51...[0m
[0;32mI (199) app_init: ESP-IDF:          HEAD-HASH-NOTFOUND[0m
[0;32mI (204) efuse_init: Min chip rev:     v0.0[0m
[0;32mI (208) efuse_init: Max chip rev:     v3.99 [0m
[0;32mI (212) efuse_init: Chip rev:         v3.1[0m
[0;32mI (216) heap_init: Initializing. RAM available for dynamic allocation:[0m
[0;32mI (222) heap_init: At 3FFAE6E0 len 00001920 (6 KiB): DRAM[0m
[0;32mI (227) heap_init: At 3FFB2CA8 len 0002D358 (180 KiB): DRAM[0m
[0;32mI (233) heap_init: At 3FFE0440 len 00003AE0 (14 KiB): D/IRAM[0m
[0;32mI (238) heap_init: At 3FFE4350 len 0001BCB0 (111 KiB): D/IRAM[0m
[0;32mI (244) heap_init: At 4008CFF8 len 00013008 (76 KiB): IRAM[0m
[0;33mW (250) spi_flash: Detected boya flash chip but using generic driver. For optimal functionality, enable `SPI_FLASH_SUPPORT_BOYA_CHIP` in menuconfig[0m
[0;32mI (262) spi_flash: detected chip: generic[0m
[0;32mI (265) spi_flash: flash io: dio[0m
[0;33mW (268) spi_flash: Detected size(4096k) larger than the size in the binary image header(2048k). Using the size in the binary image header.[0m
[0;32mI (281) main_task: Started on CPU0[0m
[0;32mI (291) main_task: Calling app_main()[0m
------INSERT AND REMOVE TEST------
Guru Meditation Error: Core  0 panic'ed (LoadProhibited). Exception was unhandled.

Core  0 register dump:
PC      : 0x400d607a  PS      : 0x00060330  A0      : 0x800d6017  A1      : 0x3ffb3f50  
A2      : 0x0000005e  A3      : 0x0000005e  A4      : 0x3ffb3f60  A5      : 0x0000000c  
A6      : 0x00000000  A7      : 0x3ffb3f70  A8      : 0x00000000  A9      : 0x3ffafe30  
A10     : 0x3ffafe40  A11     : 0x02cb4f0d  A12     : 0x00000020  A13     : 0x3f40256b  
A14     : 0x00000015  A15     : 0x3ffaea38  SAR     : 0x0000001b  EXCCAUSE: 0x0000001c  
EXCVADDR: 0x00000000  LBEG    : 0x400014fd  LEND    : 0x4000150d  LCOUNT  : 0xfffffff7  


Backtrace: 0x400d6077:0x3ffb3f50 0x400d6014:0x3ffb3f70 0x400e2f9d:0x3ffb3fa0 0x40085d35:0x3ffb3fd0




ELF file SHA256: a170e6f51

Rebooting...
ets Jul 29 2019 12:21:46

rst:0xc (SW_CPU_RESET),boot:0x13 (SPI_FAST_FLASH_BOOT)
configsip: 0, SPIWP:0xee
clk_drv:0x00,q_drv:0x00,d_drv:0x00,cs0_drv:0x00,hd_drv:0x00,wp_drv:0x00
mode:DIO, clock div:2
load:0x3fff0030,len:6380
ho 0 tail 12 room 4
load:0x40078000,len:15916
load:0x40080400,len:3860
entry 0x40080638
[0;32mI (29) boot: ESP-IDF HEAD-HASH-NOTFOUND 2nd stage bootloader[0m
[0;32mI (29) boot: compile time Oct  8 2025 00:30:29[0m
[0;32mI (29) boot: Multicore bootloader[0m
[0;32mI (32) boot: chip revision: v3.1[0m
[0;32mI (34) boot.esp32: SPI Speed      : 40MHz[0m
[0;32mI (38) boot.esp32: SPI Mode       : DIO[0m
[0;32mI (42) boot.esp32: SPI Flash Size : 2MB[0m
[0;32mI (45) boot: Enabling RNG early entropy source...[0m
[0;32mI (50) boot: Partition Table:[0m
[0;32mI (52) boot: ## Label            Usage          Type ST Offset   Length[0m
[0;32mI (59) boot:  0 nvs              WiFi data        01 02 00009000 00006000[0m
[0;32mI (65) boot:  1 phy_init         RF data          01 01 0000f000 00001000[0m
[0;32mI (72) boot:  2 factory          factory app      00 00 00010000 00100000[0m
[0;32mI (78) boot: End of partition table[0m
[0;32mI (82) esp_image: segment 0: paddr=00010020 vaddr=3f400020 size=09a28h ( 39464) map[0m
[0;32mI (102) esp_image: segment 1: paddr=00019a50 vaddr=3ffb0000 size=023d8h (  9176) load[0m
[0;32mI (106) esp_image: segment 2: paddr=0001be30 vaddr=40080000 size=041e8h ( 16872) load[0m
[0;32mI (113) esp_image: segment 3: paddr=00020020 vaddr=400d0020 size=13684h ( 79492) map[0m
[0;32mI (141) esp_image: segment 4: paddr=000336ac vaddr=400841e8 size=08e10h ( 36368) load[0m
[0;32mI (155) esp_image: segment 5: paddr=0003c4c4 vaddr=50000000 size=00020h (    32) load[0m
[0;32mI (162) boot: Loaded app from partition at offset 0x10000[0m
[0;32mI (162) boot: Disabling RNG early entropy source...[0m
[0;32mI (174) cpu_start: Multicore app[0m
[0;32mI (182) cpu_start: Pro cpu start user code[0m
[0;32mI (182) cpu_start: cpu freq: 160000000 Hz[0m
[0;32mI (182) app_init: Application information:[0m
[0;32mI (182) app_init: Project name:     lab4[0m
[0;32mI (186) app_init: App version:      2c3774c-dirty[0m
[0;32mI (190) app_init: Compile time:     Oct  8 2025 09:46:24[0m
[0;32mI (195) app_init: ELF file SHA256:  a170e6f51...[0m
[0;32mI (199) app_init: ESP-IDF:          HEAD-HASH-NOTFOUND[0m
[0;32mI (204) efuse_init: Min chip rev:     v0.0[0m
[0;32mI (208) efuse_init: Max chip rev:     v3.99 [0m
[0;32mI (212) efuse_init: Chip rev:         v3.1[0m
[0;32mI (216) heap_init: Initializing. RAM available for dynamic allocation:[0m
[0;32mI (222) heap_init: At 3FFAE6E0 len 00001920 (6 KiB): DRAM[0m
[0;32mI (227) heap_init: At 3FFB2CA8 len 0002D358 (180 KiB): DRAM[0m
[0;32mI (233) heap_init: At 3FFE0440 len 00003AE0 (14 KiB): D/IRAM[0m
[0;32mI (238) heap_init: At 3FFE4350 len 0001BCB0 (111 KiB): D/IRAM[0m
[0;32mI (244) heap_init: At 4008CFF8 len 00013008 (76 KiB): IRAM[0m
[0;33mW (250) spi_flash: Detected boya flash chip but using generic driver. For optimal functionality, enable `SPI_FLASH_SUPPORT_BOYA_CHIP` in menuconfig[0m
[0;32mI (262) spi_flash: detected chip: generic[0m
[0;32mI (265) spi_flash: flash io: dio[0m
[0;33mW (268) spi_flash: Detected size(4096k) larger than the size in the binary image header(2048k). Using the size in the binary image header.[0m
[0;32mI (281) main_task: Started on CPU0[0m
[0;32mI (291) main_task: Calling app_main()[0m
------INSERT AND REMOVE TEST------
Guru Meditation Error: Core  0 panic'ed (LoadProhibited). Exception was unhandled.

Core  0 register dump:
PC      : 0x400d607a  PS      : 0x00060330  A0      : 0x800d6017  A1      : 0x3ffb3f50  
A2      : 0x00000023  A3      : 0x00000023  A4      : 0x3ffb3f60  A5      : 0x0000000c  
A6      : 0x00000000  A7      : 0x3ffb3f70  A8      : 0x00000000  A9      : 0x3ffafe30  
A10     : 0x3ffafe40  A11     : 0x02cb48e9  A12     : 0x00000020  A13     : 0x3f40256b  
A14     : 0x00000015  A15     : 0x3ffaea38  SAR     : 0x0000001b  EXCCAUSE: 0x0000001c  
EXCVADDR: 0x00000000  LBEG    : 0x400014fd  LEND    : 0x4000150d  LCOUNT  : 0xfffffff7  


Backtrace: 0x400d6077:0x3ffb3f50 0x400d6014:0x3ffb3f70 0x400e2f9d:0x3ffb3fa0 0x40085d35:0x3ffb3fd0




ELF file SHA256: a170e6f51

Rebooting...
ets Jul 29 2019 12:21:46

rst:0xc (SW_CPU_RESET),boot:0x13 (SPI_FAST_FLASH_BOOT)
configsip: 0, SPIWP:0xee
clk_drv:0x00,q_drv:0x00,d_drv:0x00,cs0_drv:0x00,hd_drv:0x00,wp_drv:0x00
mode:DIO, clock div:2
load:0x3fff0030,len:6380
ho 0 tail 12 room 4
load:0x40078000,len:15916
load:0x40080400,len:3860
entry 0x40080638
[0;32mI (29) boot: ESP-IDF HEAD-HASH-NOTFOUND 2nd stage bootloader[0m
[0;32mI (29) boot: compile time Oct  8 2025 00:30:29[0m
[0;32mI (29) boot: Multicore bootloader[0m
[0;32mI (32) boot: chip revision: v3.1[0m
[0;32mI (34) boot.esp32: SPI Speed      : 40MHz[0m
[0;32mI (38) boot.esp32: SPI Mode       : DIO[0m
[0;32mI (42) boot.esp32: SPI Flash Size : 2MB[0m
[0;32mI (45) boot: Enabling RNG early entropy source...[0m
[0;32mI (50) boot: Partition Table:[0m
[0;32mI (52) boot: ## Label            Usage          Type ST Offset   Length[0m
[0;32mI (59) boot:  0 nvs              WiFi data        01 02 00009000 00006000[0m
[0;32mI (65) boot:  1 phy_init         RF data          01 01 0000f000 00001000[0m
[0;32mI (72) boot:  2 factory          factory app      00 00 00010000 00100000[0m
[0;32mI (78) boot: End of partition table[0m
[0;32mI (82) esp_image: segment 0: paddr=00010020 vaddr=3f400020 size=09a28h ( 39464) map[0m
[0;32mI (102) esp_image: segment 1: paddr=00019a50 vaddr=3ffb0000 size=023d8h (  9176) load[0m
[0;32mI (106) esp_image: segment 2: paddr=0001be30 vaddr=40080000 size=041e8h ( 16872) load[0m
[0;32mI (113) esp_image: segment 3: paddr=00020020 vaddr=400d0020 size=13684h ( 79492) map[0m
[0;32mI (141) esp_image: segment 4: paddr=000336ac vaddr=400841e8 size=08e10h ( 36368) load[0m
[0;32mI (155) esp_image: segment 5: paddr=0003c4c4 vaddr=50000000 size=00020h (    32) load[0m
[0;32mI (162) boot: Loaded app from partition at offset 0x10000[0m
[0;32mI (162) boot: Disabling RNG early entropy source...[0m
[0;32mI (174) cpu_start: Multicore app[0m
[0;32mI (182) cpu_start: Pro cpu start user code[0m
[0;32mI (182) cpu_start: cpu freq: 160000000 Hz[0m
[0;32mI (182) app_init: Application information:[0m
[0;32mI (182) app_init: Project name:     lab4[0m
[0;32mI (186) app_init: App version:      2c3774c-dirty[0m
[0;32mI (190) app_init: Compile time:     Oct  8 2025 09:46:24[0m
[0;32mI (195) app_init: ELF file SHA256:  a170e6f51...[0m
[0;32mI (199) app_init: ESP-IDF:          HEAD-HASH-NOTFOUND[0m
[0;32mI (204) efuse_init: Min chip rev:     v0.0[0m
[0;32mI (208) efuse_init: Max chip rev:     v3.99 [0m
[0;32mI (212) efuse_init: Chip rev:         v3.1[0m
[0;32mI (216) heap_init: Initializing. RAM available for dynamic allocation:[0m
[0;32mI (222) heap_init: At 3FFAE6E0 len 00001920 (6 KiB): DRAM[0m
[0;32mI (227) heap_init: At 3FFB2CA8 len 0002D358 (180 KiB): DRAM[0m
[0;32mI (233) heap_init: At 3FFE0440 len 00003AE0 (14 KiB): D/IRAM[0m
[0;32mI (238) heap_init: At 3FFE4350 len 0001BCB0 (111 KiB): D/IRAM[0m
[0;32mI (244) heap_init: At 4008CFF8 len 00013008 (76 KiB): IRAM[0m
[0;33mW (250) spi_flash: Detected boya flash chip but using generic driver. For optimal functionality, enable `SPI_FLASH_SUPPORT_BOYA_CHIP` in menuconfig[0m
[0;32mI (262) spi_flash: detected chip: generic[0m
[0;32mI (265) spi_flash: flash io: dio[0m
[0;33mW (268) spi_flash: Detected size(4096k) larger than the size in the binary image header(2048k). Using the size in the binary image header.[0m
[0;32mI (281) main_task: Started on CPU0[0m
[0;32mI (291) main_task: Calling app_main()[0m
------INSERT AND REMOVE TEST------
Guru Meditation Error: Core  0 panic'ed (LoadProhibited). Exception was unhandled.

Core  0 register dump:
PC      : 0x400d607a  PS      : 0x00060330  A0      : 0x800d6017  A1      : 0x3ffb3f50  
A2      : 0x0000005c  A3      : 0x0000005c  A4      : 0x3ffb3f60  A5      : 0x0000000c  
A6      : 0x00000000  A7      : 0x3ffb3f70  A8      : 0x00000000  A9      : 0x3ffafe30  
A10     : 0x3ffafe40  A11     : 0x02cb4c23  A12     : 0x00000020  A13     : 0x3f40256b  
A14     : 0x00000015  A15     : 0x3ffaea38  SAR     : 0x0000001b  EXCCAUSE: 0x0000001c  
EXCVADDR: 0x00000000  LBEG    : 0x400014fd  LEND    : 0x4000150d  LCOUNT  : 0xfffffff7  


Backtrace: 0x400d6077:0x3ffb3f50 0x400d6014:0x3ffb3f70 0x400e2f9d:0x3ffb3fa0 0x40085d35:0x3ffb3fd0




ELF file SHA256: a170e6f51

Rebooting...
ets Jul 29 2019 12:21:46

rst:0xc (SW_CPU_RESET),boot:0x13 (SPI_FAST_FLASH_BOOT)
configsip: 0, SPIWP:0xee
clk_drv:0x00,q_drv:0x00,d_drv:0x00,cs0_drv:0x00,hd_drv:0x00,wp_drv:0x00
mode:DIO, clock div:2
load:0x3fff0030,len:6380
ho 0 tail 12 room 4
load:0x40078000,len:15916
load:0x40080400,len:3860
entry 0x40080638
[0;32mI (29) boot: ESP-IDF HEAD-HASH-NOTFOUND 2nd stage bootloader[0m
[0;32mI (29) boot: compile time Oct  8 2025 00:30:29[0m
[0;32mI (29) boot: Multicore bootloader[0m
[0;32mI (32) boot: chip revision: v3.1[0m
[0;32mI (34) boot.esp32: SPI Speed      : 40MHz[0m
[0;32mI (38) boot.esp32: SPI Mode       : DIO[0m
[0;32mI (42) boot.esp32: SPI Flash Size : 2MB[0m
[0;32mI (45) boot: Enabling RNG early entropy source...[0m
[0;32mI (50) boot: Partition Table:[0m
[0;32mI (52) boot: ## Label            Usage          Type ST Offset   Length[0m
[0;32mI (59) boot:  0 nvs              WiFi data        01 02 00009000 00006000[0m
[0;32mI (65) boot:  1 phy_init         RF data          01 01 0000f000 00001000[0m
[0;32mI (72) boot:  2 factory          factory app      00 00 00010000 00100000[0m
[0;32mI (78) boot: End of partition table[0m
[0;32mI (82) esp_image: segment 0: paddr=00010020 vaddr=3f400020 size=09a28h ( 39464) map[0m
[0;32mI (102) esp_image: segment 1: paddr=00019a50 vaddr=3ffb0000 size=023d8h (  9176) load[0m
[0;32mI (106) esp_image: segment 2: paddr=0001be30 vaddr=40080000 size=041e8h ( 16872) load[0m
[0;32mI (113) esp_image: segment 3: paddr=00020020 vaddr=400d0020 size=13684h ( 79492) map[0m
[0;32mI (141) esp_image: segment 4: paddr=000336ac vaddr=400841e8 size=08e10h ( 36368) load[0m
[0;32mI (155) esp_image: segment 5: paddr=0003c4c4 vaddr=50000000 size=00020h (    32) load[0m
[0;32mI (162) boot: Loaded app from partition at offset 0x10000[0m
[0;32mI (162) boot: Disabling RNG early entropy source...[0m
[0;32mI (174) cpu_start: Multicore app[0m
[0;32mI (182) cpu_start: Pro cpu start user code[0m
[0;32mI (182) cpu_start: cpu freq: 160000000 Hz[0m
[0;32mI (182) app_init: Application information:[0m
[0;32mI (182) app_init: Project name:     lab4[0m
[0;32mI (186) app_init: App version:      2c3774c-dirty[0m
[0;32mI (190) app_init: Compile time:     Oct  8 2025 09:46:24[0m
[0;32mI (195) app_init: ELF file SHA256:  a170e6f51...[0m
[0;32mI (199) app_init: ESP-IDF:          HEAD-HASH-NOTFOUND[0m
[0;32mI (204) efuse_init: Min chip rev:     v0.0[0m
[0;32mI (208) efuse_init: Max chip rev:     v3.99 [0m
[0;32mI (212) efuse_init: Chip rev:         v3.1[0m
[0;32mI (216) heap_init: Initializing. RAM available for dynamic allocation:[0m
[0;32mI (222) heap_init: At 3FFAE6E0 len 00001920 (6 KiB): DRAM[0m
[0;32mI (227) heap_init: At 3FFB2CA8 len 0002D358 (180 KiB): DRAM[0m
[0;32mI (233) heap_init: At 3FFE0440 len 00003AE0 (14 KiB): D/IRAM[0m
[0;32mI (238) heap_init: At 3FFE4350 len 0001BCB0 (111 KiB): D/IRAM[0m
[0;32mI (244) heap_init: At 4008CFF8 len 00013008 (76 KiB): IRAM[0m
[0;33mW (250) spi_flash: Detected boya flash chip but using generic driver. For optimal functionality, enable `SPI_FLASH_SUPPORT_BOYA_CHIP` in menuconfig[0m
[0;32mI (262) spi_flash: detected chip: generic[0m
[0;32mI (265) spi_flash: flash io: dio[0m
[0;33mW (268) spi_flash: Detected size(4096k) larger than the size in the binary image header(2048k). Using the size in the binary image header.[0m
[0;32mI (281) main_task: Started on CPU0[0m
[0;32mI (291) main_task: Calling app_main()[0m
------INSERT AND REMOVE TEST------
Guru Meditation Error: Core  0 panic'ed (LoadProhibited). Exception was unhandled.

Core  0 register dump:
PC      : 0x400d607a  PS      : 0x00060330  A0      : 0x800d6017  A1      : 0x3ffb3f50  
A2      : 0x0000005f  A3      : 0x0000005f  A4      : 0x3ffb3f60  A5      : 0x0000000c  
A6      : 0x00000000  A7      : 0x3ffb3f70  A8      : 0x00000000  A9      : 0x3ffafe30  
A10     : 0x3ffafe40  A11     : 0x02cb4c3f  A12     : 0x00000020  A13     : 0x3f40256b  
A14     : 0x00000015  A15     : 0x3ffaea38  SAR     : 0x0000001b  EXCCAUSE: 0x0000001c  
EXCVADDR: 0x00000000  LBEG    : 0x400014fd  LEND    : 0x4000150d  LCOUNT  : 0xfffffff7  


Backtrace: 0x400d6077:0x3ffb3f50 0x400d6014:0x3ffb3f70 0x400e2f9d:0x3ffb3fa0 0x40085d35:0x3ffb3fd0




ELF file SHA256: a170e6f51

Rebooting...
ets Jul 29 2019 12:21:46

rst:0xc (SW_CPU_RESET),boot:0x13 (SPI_FAST_FLASH_BOOT)
configsip: 0, SPIWP:0xee
clk_drv:0x00,q_drv:0x00,d_drv:0x00,cs0_drv:0x00,hd_drv:0x00,wp_drv:0x00
mode:DIO, clock div:2
load:0x3fff0030,len:6380
ho 0 tail 12 room 4
load:0x40078000,len:15916
load:0x40080400,len:3860
entry 0x40080638
[0;32mI (29) boot: ESP-IDF HEAD-HASH-NOTFOUND 2nd stage bootloader[0m
[0;32mI (29) boot: compile time Oct  8 2025 00:30:29[0m
[0;32mI (29) boot: Multicore bootloader[0m
[0;32mI (32) boot: chip revision: v3.1[0m
[0;32mI (34) boot.esp32: SPI Speed      : 40MHz[0m
[0;32mI (38) boot.esp32: SPI Mode       : DIO[0m
[0;32mI (42) boot.esp32: SPI Flash Size : 2MB[0m
[0;32mI (45) boot: Enabling RNG early entropy source...[0m
[0;32mI (50) boot: Partition Table:[0m
[0;32mI (52) boot: ## Label            Usage          Type ST Offset   Length[0m
[0;32mI (59) boot:  0 nvs              WiFi data        01 02 00009000 00006000[0m
[0;32mI (65) boot:  1 phy_init         RF data          01 01 0000f000 00001000[0m
[0;32mI (72) boot:  2 factory          factory app      00 00 00010000 00100000[0m
[0;32mI (78) boot: End of partition table[0m
[0;32mI (82) esp_image: segment 0: paddr=00010020 vaddr=3f400020 size=09a28h ( 39464) map[0m
[0;32mI (102) esp_image: segment 1: paddr=00019a50 vaddr=3ffb0000 size=023d8h (  9176) load[0m
[0;32mI (106) esp_image: segment 2: paddr=0001be30 vaddr=40080000 size=041e8h ( 16872) load[0m
[0;32mI (113) esp_image: segment 3: paddr=00020020 vaddr=400d0020 size=13684h ( 79492) map[0m
[0;32mI (141) esp_image: segment 4: paddr=000336ac vaddr=400841e8 size=08e10h ( 36368) load[0m
[0;32mI (155) esp_image: segment 5: paddr=0003c4c4 vaddr=50000000 size=00020h (    32) load[0m
[0;32mI (162) boot: Loaded app from partition at offset 0x10000[0m
[0;32mI (162) boot: Disabling RNG early entropy source...[0m
[0;32mI (174) cpu_start: Multicore app[0m
[0;32mI (182) cpu_start: Pro cpu start user code[0m
[0;32mI (182) cpu_start: cpu freq: 160000000 Hz[0m
[0;32mI (182) app_init: Application information:[0m
[0;32mI (182) app_init: Project name:     lab4[0m
[0;32mI (186) app_init: App version:      2c3774c-dirty[0m
[0;32mI (190) app_init: Compile time:     Oct  8 2025 09:46:24[0m
[0;32mI (195) app_init: ELF file SHA256:  a170e6f51...[0m
[0;32mI (199) app_init: ESP-IDF:          HEAD-HASH-NOTFOUND[0m
[0;32mI (204) efuse_init: Min chip rev:     v0.0[0m
[0;32mI (208) efuse_init: Max chip rev:     v3.99 [0m
[0;32mI (212) efuse_init: Chip rev:         v3.1[0m
[0;32mI (216) heap_init: Initializing. RAM available for dynamic allocation:[0m
[0;32mI (222) heap_init: At 3FFAE6E0 len 00001920 (6 KiB): DRAM[0m
[0;32mI (227) heap_init: At 3FFB2CA8 len 0002D358 (180 KiB): DRAM[0m
[0;32mI (233) heap_init: At 3FFE0440 len 00003AE0 (14 KiB): D/IRAM[0m
[0;32mI (238) heap_init: At 3FFE4350 len 0001BCB0 (111 KiB): D/IRAM[0m
[0;32mI (244) heap_init: At 4008CFF8 len 00013008 (76 KiB): IRAM[0m
[0;33mW (250) spi_flash: Detected boya flash chip but using generic driver. For optimal functionality, enable `SPI_FLASH_SUPPORT_BOYA_CHIP` in menuconfig[0m
[0;32mI (262) spi_flash: detected chip: generic[0m
[0;32mI (265) spi_flash: flash io: dio[0m
[0;33mW (268) spi_flash: Detected size(4096k) larger than the size in the binary image header(2048k). Using the size in the binary image header.[0m
[0;32mI (281) main_task: Started on CPU0[0m
[0;32mI (291) main_task: Calling app_main()[0m
------INSERT AND REMOVE TEST------
Guru Meditation Error: Core  0 panic'ed (LoadProhibited). Exception was unhandled.

Core  0 register dump:
PC      : 0x400d607a  PS      : 0x00060330  A0      : 0x800d6017  A1      : 0x3ffb3f50  
A2      : 0x00000012  A3      : 0x00000012  A4      : 0x3ffb3f60  A5      : 0x0000000c  
A6      : 0x00000000  A7      : 0x3ffb3f70  A8      : 0x00000000  A9      : 0x3ffafe30  
A10     : 0x3ffafe40  A11     : 0x02cb4a4f  A12     : 0x00000020  A13     : 0x3f40256b  
A14     : 0x00000015  A15     : 0x3ffaea38  SAR     : 0x0000001b  EXCCAUSE: 0x0000001c  
EXCVADDR: 0x00000000  LBEG    : 0x400014fd  LEND    : 0x4000150d  LCOUNT  : 0xfffffff7  


Backtrace: 0x400d6077:0x3ffb3f50 0x400d6014:0x3ffb3f70 0x400e2f9d:0x3ffb3fa0 0x40085d35:0x3ffb3fd0




ELF file SHA256: a170e6f51

Rebooting...
ets Jul 29 2019 12:21:46

rst:0xc (SW_CPU_RESET),boot:0x13 (SPI_FAST_FLASH_BOOT)
configsip: 0, SPIWP:0xee
clk_drv:0x00,q_drv:0x00,d_drv:0x00,cs0_drv:0x00,hd_drv:0x00,wp_drv:0x00
mode:DIO, clock div:2
load:0x3fff0030,len:6380
ho 0 tail 12 room 4
load:0x40078000,len:15916
load:0x40080400,len:3860
entry 0x40080638
[0;32mI (29) boot: ESP-IDF HEAD-HASH-NOTFOUND 2nd stage bootloader[0m
[0;32mI (29) boot: compile time Oct  8 2025 00:30:29[0m
[0;32mI (29) boot: Multicore bootloader[0m
[0;32mI (32) boot: chip revision: v3.1[0m
[0;32mI (34) boot.esp32: SPI Speed      : 40MHz[0m
[0;32mI (38) boot.esp32: SPI Mode       : DIO[0m
[0;32mI (42) boot.esp32: SPI Flash Size : 2MB[0m
[0;32mI (45) boot: Enabling RNG early entropy source...[0m
[0;32mI (50) boot: Partition Table:[0m
[0;32mI (52) boot: ## Label            Usage          Type ST Offset   Length[0m
[0;32mI (59) boot:  0 nvs              WiFi data        01 02 00009000 00006000[0m
[0;32mI (65) boot:  1 phy_init         RF data          01 01 0000f000 00001000[0m
[0;32mI (72) boot:  2 factory          factory app      00 00 00010000 00100000[0m
[0;32mI (78) boot: End of partition table[0m
[0;32mI (82) esp_image: segment 0: paddr=00010020 vaddr=3f400020 size=09a28h ( 39464) map[0m
[0;32mI (102) esp_image: segment 1: paddr=00019a50 vaddr=3ffb0000 size=023d8h (  9176) load[0m
[0;32mI (106) esp_image: segment 2: paddr=0001be30 vaddr=40080000 size=041e8h ( 16872) load[0m
[0;32mI (113) esp_image: segment 3: paddr=00020020 vaddr=400d0020 size=13684h ( 79492) map[0m
[0;32mI (141) esp_image: segment 4: paddr=000336ac vaddr=400841e8 size=08e10h ( 36368) load[0m
[0;32mI (155) esp_image: segment 5: paddr=0003c4c4 vaddr=50000000 size=00020h (    32) load[0m
[0;32mI (162) boot: Loaded app from partition at offset 0x10000[0m
[0;32mI (162) boot: Disabling RNG early entropy source...[0m
[0;32mI (174) cpu_start: Multicore app[0m
[0;32mI (182) cpu_start: Pro cpu start user code[0m
[0;32mI (182) cpu_start: cpu freq: 160000000 Hz[0m
[0;32mI (182) app_init: Application information:[0m
[0;32mI (182) app_init: Project name:     lab4[0m
[0;32mI (186) app_init: App version:      2c3774c-dirty[0m
[0;32mI (190) app_init: Compile time:     Oct  8 2025 09:46:24[0m
[0;32mI (195) app_init: ELF file SHA256:  a170e6f51...[0m
[0;32mI (199) app_init: ESP-IDF:          HEAD-HASH-NOTFOUND[0m
[0;32mI (204) efuse_init: Min chip rev:     v0.0[0m
[0;32mI (208) efuse_init: Max chip rev:     v3.99 [0m
[0;32mI (212) efuse_init: Chip rev:         v3.1[0m
[0;32mI (216) heap_init: Initializing. RAM available for dynamic allocation:[0m
[0;32mI (222) heap_init: At 3FFAE6E0 len 00001920 (6 KiB): DRAM[0m
[0;32mI (227) heap_init: At 3FFB2CA8 len 0002D358 (180 KiB): DRAM[0m
[0;32mI (233) heap_init: At 3FFE0440 len 00003AE0 (14 KiB): D/IRAM[0m
[0;32mI (238) heap_init: At 3FFE4350 len 0001BCB0 (111 KiB): D/IRAM[0m
[0;32mI (244) heap_init: At 4008CFF8 len 00013008 (76 KiB): IRAM[0m
[0;33mW (250) spi_flash: Detected boya flash chip but using generic driver. For optimal functionality, enable `SPI_FLASH_SUPPORT_BOYA_CHIP` in menuconfig[0m
[0;32mI (262) spi_flash: detected chip: generic[0m
[0;32mI (265) spi_flash: flash io: dio[0m
[0;33mW (268) spi_flash: Detected size(4096k) larger than the size in the binary image header(2048k). Using the size in the binary image header.[0m
[0;32mI (281) main_task: Started on CPU0[0m
[0;32mI (291) main_task: Calling app_main()[0m
------INSERT AND REMOVE TEST------
Guru Meditation Error: Core  0 panic'ed (LoadProhibited). Exception was unhandled.

Core  0 register dump:
PC      : 0x400d607a  PS      : 0x00060330  A0      : 0x800d6017  A1      : 0x3ffb3f50  
A2      : 0x00000009  A3      : 0x00000009  A4      : 0x3ffb3f60  A5      : 0x0000000c  
A6      : 0x00000000  A7      : 0x3ffb3f70  A8      : 0x00000000  A9      : 0x3ffafe30  
A10     : 0x3ffafe40  A11     : 0x02cb4b07  A12     : 0x00000020  A13     : 0x3f40256b  
A14     : 0x00000015  A15     : 0x3ffaea38  SAR     : 0x0000001b  EXCCAUSE: 0x0000001c  
EXCVADDR: 0x00000000  LBEG    : 0x400014fd  LEND    : 0x4000150d  LCOUNT  : 0xfffffff7  


Backtrace: 0x400d6077:0x3ffb3f50 0x400d6014:0x3ffb3f70 0x400e2f9d:0x3ffb3fa0 0x40085d35:0x3ffb3fd0




ELF file SHA256: a170e6f51

Rebooting...
ets Jul 29 2019 12:21:46

rst:0xc (SW_CPU_RESET),boot:0x13 (SPI_FAST_FLASH_BOOT)
configsip: 0, SPIWP:0xee
clk_drv:0x00,q_drv:0x00,d_drv:0x00,cs0_drv:0x00,hd_drv:0x00,wp_drv:0x00
mode:DIO, clock div:2
load:0x3fff0030,len:6380
ho 0 tail 12 room 4
load:0x40078000,len:15916
load:0x40080400,len:3860
entry 0x40080638
[0;32mI (29) boot: ESP-IDF HEAD-HASH-NOTFOUND 2nd stage bootloader[0m
[0;32mI (29) boot: compile time Oct  8 2025 00:30:29[0m
[0;32mI (29) boot: Multicore bootloader[0m
[0;32mI (32) boot: chip revision: v3.1[0m
[0;32mI (34) boot.esp32: SPI Speed      : 40MHz[0m
[0;32mI (38) boot.esp32: SPI Mode       : DIO[0m
[0;32mI (42) boot.esp32: SPI Flash Size : 2MB[0m
[0;32mI (45) boot: Enabling RNG early entropy source...[0m
[0;32mI (50) boot: Partition Table:[0m
[0;32mI (52) boot: ## Label            Usage          Type ST Offset   Length[0m
[0;32mI (59) boot:  0 nvs              WiFi data        01 02 00009000 00006000[0m
[0;32mI (65) boot:  1 phy_init         RF data          01 01 0000f000 00001000[0m
[0;32mI (72) boot:  2 factory          factory app      00 00 00010000 00100000[0m
[0;32mI (78) boot: End of partition table[0m
[0;32mI (82) esp_image: segment 0: paddr=00010020 vaddr=3f400020 size=09a28h ( 39464) map[0m
[0;32mI (102) esp_image: segment 1: paddr=00019a50 vaddr=3ffb0000 size=023d8h (  9176) load[0m
[0;32mI (106) esp_image: segment 2: paddr=0001be30 vaddr=40080000 size=041e8h ( 16872) load[0m
[0;32mI (113) esp_image: segment 3: paddr=00020020 vaddr=400d0020 size=13684h ( 79492) map[0m
[0;32mI (141) esp_image: segment 4: paddr=000336ac vaddr=400841e8 size=08e10h ( 36368) load[0m
[0;32mI (155) esp_image: segment 5: paddr=0003c4c4 vaddr=50000000 size=00020h (    32) load[0m
[0;32mI (162) boot: Loaded app from partition at offset 0x10000[0m
[0;32mI (162) boot: Disabling RNG early entropy source...[0m
[0;32mI (174) cpu_start: Multicore app[0m
[0;32mI (182) cpu_start: Pro cpu start user code[0m
[0;32mI (182) cpu_start: cpu freq: 160000000 Hz[0m
[0;32mI (182) app_init: Application information:[0m
[0;32mI (182) app_init: Project name:     lab4[0m
[0;32mI (186) app_init: App version:      2c3774c-dirty[0m
[0;32mI (190) app_init: Compile time:     Oct  8 2025 09:46:24[0m
[0;32mI (195) app_init: ELF file SHA256:  a170e6f51...[0m
[0;32mI (199) app_init: ESP-IDF:          HEAD-HASH-NOTFOUND[0m
[0;32mI (204) efuse_init: Min chip rev:     v0.0[0m
[0;32mI (208) efuse_init: Max chip rev:     v3.99 [0m
[0;32mI (212) efuse_init: Chip rev:         v3.1[0m
[0;32mI (216) heap_init: Initializing. RAM available for dynamic allocation:[0m
[0;32mI (222) heap_init: At 3FFAE6E0 len 00001920 (6 KiB): DRAM[0m
[0;32mI (227) heap_init: At 3FFB2CA8 len 0002D358 (180 KiB): DRAM[0m
[0;32mI (233) heap_init: At 3FFE0440 len 00003AE0 (14 KiB): D/IRAM[0m
[0;32mI (238) heap_init: At 3FFE4350 len 0001BCB0 (111 KiB): D/IRAM[0m
[0;32mI (244) heap_init: At 4008CFF8 len 00013008 (76 KiB): IRAM[0m
[0;33mW (250) spi_flash: Detected boya flash chip but using generic driver. For optimal functionality, enable `SPI_FLASH_SUPPORT_BOYA_CHIP` in menuconfig[0m
[0;32mI (262) spi_flash: detected chip: generic[0m
[0;32mI (265) spi_flash: flash io: dio[0m
[0;33mW (268) spi_flash: Detected size(4096k) larger than the size in the binary image header(2048k). Using the size in the binary image header.[0m
[0;32mI (281) main_task: Started on CPU0[0m
[0;32mI (291) main_task: Calling app_main()[0m
------INSERT AND REMOVE TEST------
Guru Meditation Error: Core  0 panic'ed (LoadProhibited). Exception was unhandled.

Core  0 register dump:
PC      : 0x400d607a  PS      : 0x00060330  A0      : 0x800d6017  A1      : 0x3ffb3f50  
A2      : 0x00000014  A3      : 0x00000014  A4      : 0x3ffb3f60  A5      : 0x0000000c  
A6      : 0x00000000  A7      : 0x3ffb3f70  A8      : 0x00000000  A9      : 0x3ffafe30  
A10     : 0x3ffafe40  A11     : 0x02cb48a5  A12     : 0x00000020  A13     : 0x3f40256b  
A14     : 0x00000015  A15     : 0x3ffaea38  SAR     : 0x0000001b  EXCCAUSE: 0x0000001c  
EXCVADDR: 0x00000000  LBEG    : 0x400014fd  LEND    : 0x4000150d  LCOUNT  : 0xfffffff7  


Backtrace: 0x400d6077:0x3ffb3f50 0x400d6014:0x3ffb3f70 0x400e2f9d:0x3ffb3fa0 0x40085d35:0x3ffb3fd0




ELF file SHA256: a170e6f51

Rebooting...
ets Jul 29 2019 12:21:46

rst:0xc (SW_CPU_RESET),boot:0x13 (SPI_FAST_FLASH_BOOT)
configsip: 0, SPIWP:0xee
clk_drv:0x00,q_drv:0x00,d_drv:0x00,cs0_drv:0x00,hd_drv:0x00,wp_drv:0x00
mode:DIO, clock div:2
load:0x3fff0030,len:6380
ho 0 tail 12 room 4
load:0x40078000,len:15916
load:0x40080400,len:3860
entry 0x40080638
[0;32mI (29) boot: ESP-IDF HEAD-HASH-NOTFOUND 2nd stage bootloader[0m
[0;32mI (29) boot: compile time Oct  8 2025 00:30:29[0m
[0;32mI (29) boot: Multicore bootloader[0m
[0;32mI (32) boot: chip revision: v3.1[0m
[0;32mI (34) boot.esp32: SPI Speed      : 40MHz[0m
[0;32mI (38) boot.esp32: SPI Mode       : DIO[0m
[0;32mI (42) boot.esp32: SPI Flash Size : 2MB[0m
[0;32mI (45) boot: Enabling RNG early entropy source...[0m
[0;32mI (50) boot: Partition Table:[0m
[0;32mI (52) boot: ## Label            Usage          Type ST Offset   Length[0m
[0;32mI (59) boot:  0 nvs              WiFi data        01 02 00009000 00006000[0m
[0;32mI (65) boot:  1 phy_init         RF data          01 01 0000f000 00001000[0m
[0;32mI (72) boot:  2 factory          factory app      00 00 00010000 00100000[0m
[0;32mI (78) boot: End of partition table[0m
[0;32mI (82) esp_image: segment 0: paddr=00010020 vaddr=3f400020 size=09a28h ( 39464) map[0m
[0;32mI (102) esp_image: segment 1: paddr=00019a50 vaddr=3ffb0000 size=023d8h (  9176) load[0m
[0;32mI (106) esp_image: segment 2: paddr=0001be30 vaddr=40080000 size=041e8h ( 16872) load[0m
[0;32mI (113) esp_image: segment 3: paddr=00020020 vaddr=400d0020 size=13684h ( 79492) map[0m
[0;32mI (141) esp_image: segment 4: paddr=000336ac vaddr=400841e8 size=08e10h ( 36368) load[0m
[0;32mI (155) esp_image: segment 5: paddr=0003c4c4 vaddr=50000000 size=00020h (    32) load[0m
[0;32mI (162) boot: Loaded app from partition at offset 0x10000[0m
[0;32mI (162) boot: Disabling RNG early entropy source...[0m
[0;32mI (174) cpu_start: Multicore app[0m
[0;32mI (182) cpu_start: Pro cpu start user code[0m
[0;32mI (182) cpu_start: cpu freq: 160000000 Hz[0m
[0;32mI (182) app_init: Application information:[0m
[0;32mI (182) app_init: Project name:     lab4[0m
[0;32mI (186) app_init: App version:      2c3774c-dirty[0m
[0;32mI (190) app_init: Compile time:     Oct  8 2025 09:46:24[0m
[0;32mI (195) app_init: ELF file SHA256:  a170e6f51...[0m
[0;32mI (199) app_init: ESP-IDF:          HEAD-HASH-NOTFOUND[0m
[0;32mI (204) efuse_init: Min chip rev:     v0.0[0m
[0;32mI (208) efuse_init: Max chip rev:     v3.99 [0m
[0;32mI (212) efuse_init: Chip rev:         v3.1[0m
[0;32mI (216) heap_init: Initializing. RAM available for dynamic allocation:[0m
[0;32mI (222) heap_init: At 3FFAE6E0 len 00001920 (6 KiB): DRAM[0m
[0;32mI (227) heap_init: At 3FFB2CA8 len 0002D358 (180 KiB): DRAM[0m
[0;32mI (233) heap_init: At 3FFE0440 len 00003AE0 (14 KiB): D/IRAM[0m
[0;32mI (238) heap_init: At 3FFE4350 len 0001BCB0 (111 KiB): D/IRAM[0m
[0;32mI (244) heap_init: At 4008CFF8 len 00013008 (76 KiB): IRAM[0m
[0;33mW (250) spi_flash: Detected boya flash chip but using generic driver. For optimal functionality, enable `SPI_FLASH_SUPPORT_BOYA_CHIP` in menuconfig[0m
[0;32mI (262) spi_flash: detected chip: generic[0m
[0;32mI (265) spi_flash: flash io: dio[0m
[0;33mW (268) spi_flash: Detected size(4096k) larger than the size in the binary image header(2048k). Using the size in the binary image header.[0m
[0;32mI (281) main_task: Started on CPU0[0m
[0;32mI (291) main_task: Calling app_main()[0m
------INSERT AND REMOVE TEST------
Guru Meditation Error: Core  0 panic'ed (LoadProhibited). Exception was unhandled.

Core  0 register dump:
PC      : 0x400d607a  PS      : 0x00060330  A0      : 0x800d6017  A1      : 0x3ffb3f50  
A2      : 0x00000055  A3      : 0x00000055  A4      : 0x3ffb3f60  A5      : 0x0000000c  
A6      : 0x00000000  A7      : 0x3ffb3f70  A8      : 0x00000000  A9      : 0x3ffafe30  
A10     : 0x3ffafe40  A11     : 0x02cb4a5f  A12     : 0x00000020  A13     : 0x3f40256b  
A14     : 0x00000015  A15     : 0x3ffaea38  SAR     : 0x0000001b  EXCCAUSE: 0x0000001c  
EXCVADDR: 0x00000000  LBEG    : 0x400014fd  LEND    : 0x4000150d  LCOUNT  : 0xfffffff7  


Backtrace: 0x400d6077:0x3ffb3f50 0x400d6014:0x3ffb3f70 0x400e2f9d:0x3ffb3fa0 0x40085d35:0x3ffb3fd0




ELF file SHA256: a170e6f51

Rebooting...
ets Jul 29 2019 12:21:46

rst:0xc (SW_CPU_RESET),boot:0x13 (SPI_FAST_FLASH_BOOT)
configsip: 0, SPIWP:0xee
clk_drv:0x00,q_drv:0x00,d_drv:0x00,cs0_drv:0x00,hd_drv:0x00,wp_drv:0x00
mode:DIO, clock div:2
load:0x3fff0030,len:6380
ho 0 tail 12 room 4
load:0x40078000,len:15916
load:0x40080400,len:3860
entry 0x40080638
[0;32mI (29) boot: ESP-IDF HEAD-HASH-NOTFOUND 2nd stage bootloader[0m
[0;32mI (29) boot: compile time Oct  8 2025 00:30:29[0m
[0;32mI (29) boot: Multicore bootloader[0m
[0;32mI (32) boot: chip revision: v3.1[0m
[0;32mI (34) boot.esp32: SPI Speed      : 40MHz[0m
[0;32mI (38) boot.esp32: SPI Mode       : DIO[0m
[0;32mI (42) boot.esp32: SPI Flash Size : 2MB[0m
[0;32mI (45) boot: Enabling RNG early entropy source...[0m
[0;32mI (50) boot: Partition Table:[0m
[0;32mI (52) boot: ## Label            Usage          Type ST Offset   Length[0m
[0;32mI (59) boot:  0 nvs              WiFi data        01 02 00009000 00006000[0m
[0;32mI (65) boot:  1 phy_init         RF data          01 01 0000f000 00001000[0m
[0;32mI (72) boot:  2 factory          factory app      00 00 00010000 00100000[0m
[0;32mI (78) boot: End of partition table[0m
[0;32mI (82) esp_image: segment 0: paddr=00010020 vaddr=3f400020 size=09a28h ( 39464) map[0m
[0;32mI (102) esp_image: segment 1: paddr=00019a50 vaddr=3ffb0000 size=023d8h (  9176) load[0m
[0;32mI (106) esp_image: segment 2: paddr=0001be30 vaddr=40080000 size=041e8h ( 16872) load[0m
[0;32mI (113) esp_image: segment 3: paddr=00020020 vaddr=400d0020 size=13684h ( 79492) map[0m
[0;32mI (141) esp_image: segment 4: paddr=000336ac vaddr=400841e8 size=08e10h ( 36368) load[0m
[0;32mI (155) esp_image: segment 5: paddr=0003c4c4 vaddr=50000000 size=00020h (    32) load[0m
[0;32mI (162) boot: Loaded app from partition at offset 0x10000[0m
[0;32mI (162) boot: Disabling RNG early entropy source...[0m
[0;32mI (174) cpu_start: Multicore app[0m
[0;32mI (182) cpu_start: Pro cpu start user code[0m
[0;32mI (182) cpu_start: cpu freq: 160000000 Hz[0m
[0;32mI (182) app_init: Application information:[0m
[0;32mI (182) app_init: Project name:     lab4[0m
[0;32mI (186) app_init: App version:      2c3774c-dirty[0m
[0;32mI (190) app_init: Compile time:     Oct  8 2025 09:46:24[0m
[0;32mI (195) app_init: ELF file SHA256:  a170e6f51...[0m
[0;32mI (199) app_init: ESP-IDF:          HEAD-HASH-NOTFOUND[0m
[0;32mI (204) efuse_init: Min chip rev:     v0.0[0m
[0;32mI (208) efuse_init: Max chip rev:     v3.99 [0m
[0;32mI (212) efuse_init: Chip rev:         v3.1[0m
[0;32mI (216) heap_init: Initializing. RAM available for dynamic allocation:[0m
[0;32mI (222) heap_init: At 3FFAE6E0 len 00001920 (6 KiB): DRAM[0m
[0;32mI (227) heap_init: At 3FFB2CA8 len 0002D358 (180 KiB): DRAM[0m
[0;32mI (233) heap_init: At 3FFE0440 len 00003AE0 (14 KiB): D/IRAM[0m
[0;32mI (238) heap_init: At 3FFE4350 len 0001BCB0 (111 KiB): D/IRAM[0m
[0;32mI (244) heap_init: At 4008CFF8 len 00013008 (76 KiB): IRAM[0m
[0;33mW (250) spi_flash: Detected boya flash chip but using generic driver. For optimal functionality, enable `SPI_FLASH_SUPPORT_BOYA_CHIP` in menuconfig[0m
[0;32mI (262) spi_flash: detected chip: generic[0m
[0;32mI (265) spi_flash: flash io: dio[0m
[0;33mW (268) spi_flash: Detected size(4096k) larger than the size in the binary image header(2048k). Using the size in the binary image header.[0m
[0;32mI (281) main_task: Started on CPU0[0m
[0;32mI (291) main_task: Calling app_main()[0m
------INSERT AND REMOVE TEST------
Guru Meditation Error: Core  0 panic'ed (LoadProhibited). Exception was unhandled.

Core  0 register dump:
PC      : 0x400d607a  PS      : 0x00060330  A0      : 0x800d6017  A1      : 0x3ffb3f50  
A2      : 0x00000008  A3      : 0x00000008  A4      : 0x3ffb3f60  A5      : 0x0000000c  
A6      : 0x00000000  A7      : 0x3ffb3f70  A8      : 0x00000000  A9      : 0x3ffafe30  
A10     : 0x3ffafe40  A11     : 0x02cb4c9f  A12     : 0x00000020  A13     : 0x3f40256b  
A14     : 0x00000015  A15     : 0x3ffaea38  SAR     : 0x0000001b  EXCCAUSE: 0x0000001c  
EXCVADDR: 0x00000000  LBEG    : 0x400014fd  LEND    : 0x4000150d  LCOUNT  : 0xfffffff7  


Backtrace: 0x400d6077:0x3ffb3f50 0x400d6014:0x3ffb3f70 0x400e2f9d:0x3ffb3fa0 0x40085d35:0x3ffb3fd0




ELF file SHA256: a170e6f51

Rebooting...
ets Jul 29 2019 12:21:46

rst:0xc (SW_CPU_RESET),boot:0x13 (SPI_FAST_FLASH_BOOT)
configsip: 0, SPIWP:0xee
clk_drv:0x00,q_drv:0x00,d_drv:0x00,cs0_drv:0x00,hd_drv:0x00,wp_drv:0x00
mode:DIO, clock div:2
load:0x3fff0030,len:6380
ho 0 tail 12 room 4
load:0x40078000,len:15916
load:0x40080400,len:3860
entry 0x40080638
[0;32mI (29) boot: ESP-IDF HEAD-HASH-NOTFOUND 2nd stage bootloader[0m
[0;32mI (29) boot: compile time Oct  8 2025 00:30:29[0m
[0;32mI (29) boot: Multicore bootloader[0m
[0;32mI (32) boot: chip revision: v3.1[0m
[0;32mI (34) boot.esp32: SPI Speed      : 40MHz[0m
[0;32mI (38) boot.esp32: SPI Mode       : DIO[0m
[0;32mI (42) boot.esp32: SPI Flash Size : 2MB[0m
[0;32mI (45) boot: Enabling RNG early entropy source...[0m
[0;32mI (50) boot: Partition Table:[0m
[0;32mI (52) boot: ## Label            Usage          Type ST Offset   Length[0m
[0;32mI (59) boot:  0 nvs              WiFi data        01 02 00009000 00006000[0m
[0;32mI (65) boot:  1 phy_init         RF data          01 01 0000f000 00001000[0m
[0;32mI (72) boot:  2 factory          factory app      00 00 00010000 00100000[0m
[0;32mI (78) boot: End of partition table[0m
[0;32mI (82) esp_image: segment 0: paddr=00010020 vaddr=3f400020 size=09a28h ( 39464) map[0m
[0;32mI (102) esp_image: segment 1: paddr=00019a50 vaddr=3ffb0000 size=023d8h (  9176) load[0m
[0;32mI (106) esp_image: segment 2: paddr=0001be30 vaddr=40080000 size=041e8h ( 16872) load[0m
[0;32mI (113) esp_image: segment 3: paddr=00020020 vaddr=400d0020 size=13684h ( 79492) map[0m
[0;32mI (141) esp_image: segment 4: paddr=000336ac vaddr=400841e8 size=08e10h ( 36368) load[0m
[0;32mI (155) esp_image: segment 5: paddr=0003c4c4 vaddr=50000000 size=00020h (    32) load[0m
[0;32mI (162) boot: Loaded app from partition at offset 0x10000[0m
[0;32mI (162) boot: Disabling RNG early entropy source...[0m
[0;32mI (174) cpu_start: Multicore app[0m
[0;32mI (182) cpu_start: Pro cpu start user code[0m
[0;32mI (182) cpu_start: cpu freq: 160000000 Hz[0m
[0;32mI (182) app_init: Application information:[0m
[0;32mI (182) app_init: Project name:     lab4[0m
[0;32mI (186) app_init: App version:      2c3774c-dirty[0m
[0;32mI (190) app_init: Compile time:     Oct  8 2025 09:46:24[0m
[0;32mI (195) app_init: ELF file SHA256:  a170e6f51...[0m
[0;32mI (199) app_init: ESP-IDF:          HEAD-HASH-NOTFOUND[0m
[0;32mI (204) efuse_init: Min chip rev:     v0.0[0m
[0;32mI (208) efuse_init: Max chip rev:     v3.99 [0m
[0;32mI (212) efuse_init: Chip rev:         v3.1[0m
[0;32mI (216) heap_init: Initializing. RAM available for dynamic allocation:[0m
[0;32mI (222) heap_init: At 3FFAE6E0 len 00001920 (6 KiB): DRAM[0m
[0;32mI (227) heap_init: At 3FFB2CA8 len 0002D358 (180 KiB): DRAM[0m
[0;32mI (233) heap_init: At 3FFE0440 len 00003AE0 (14 KiB): D/IRAM[0m
[0;32mI (238) heap_init: At 3FFE4350 len 0001BCB0 (111 KiB): D/IRAM[0m
[0;32mI (244) heap_init: At 4008CFF8 len 00013008 (76 KiB): IRAM[0m
[0;33mW (250) spi_flash: Detected boya flash chip but using generic driver. For optimal functionality, enable `SPI_FLASH_SUPPORT_BOYA_CHIP` in menuconfig[0m
[0;32mI (262) spi_flash: detected chip: generic[0m
[0;32mI (265) spi_flash: flash io: dio[0m
[0;33mW (268) spi_flash: Detected size(4096k) larger than the size in the binary image header(2048k). Using the size in the binary image header.[0m
[0;32mI (281) main_task: Started on CPU0[0m
[0;32mI (291) main_task: Calling app_main()[0m
------INSERT AND REMOVE TEST------
Guru Meditation Error: Core  0 panic'ed (LoadProhibited). Exception was unhandled.

Core  0 register dump:
PC      : 0x400d607a  PS      : 0x00060330  A0      : 0x800d6017  A1      : 0x3ffb3f50  
A2      : 0x00000037  A3      : 0x00000037  A4      : 0x3ffb3f60  A5      : 0x0000000c  
A6      : 0x00000000  A7      : 0x3ffb3f70  A8      : 0x00000000  A9      : 0x3ffafe30  
A10     : 0x3ffafe40  A11     : 0x02cb493b  A12     : 0x00000020  A13     : 0x3f40256b  
A14     : 0x00000015  A15     : 0x3ffaea38  SAR     : 0x0000001b  EXCCAUSE: 0x0000001c  
EXCVADDR: 0x00000000  LBEG    : 0x400014fd  LEND    : 0x4000150d  LCOUNT  : 0xfffffff7  


Backtrace: 0x400d6077:0x3ffb3f50 0x400d6014:0x3ffb3f70 0x400e2f9d:0x3ffb3fa0 0x40085d35:0x3ffb3fd0




ELF file SHA256: a170e6f51

Rebooting...
ets Jul 29 2019 12:21:46

rst:0xc (SW_CPU_RESET),boot:0x13 (SPI_FAST_FLASH_BOOT)
configsip: 0, SPIWP:0xee
clk_drv:0x00,q_drv:0x00,d_drv:0x00,cs0_drv:0x00,hd_drv:0x00,wp_drv:0x00
mode:DIO, clock div:2
load:0x3fff0030,len:6380
ho 0 tail 12 room 4
load:0x40078000,len:15916
load:0x40080400,len:3860
entry 0x40080638
[0;32mI (29) boot: ESP-IDF HEAD-HASH-NOTFOUND 2nd stage bootloader[0m
[0;32mI (29) boot: compile time Oct  8 2025 00:30:29[0m
[0;32mI (29) boot: Multicore bootloader[0m
[0;32mI (32) boot: chip revision: v3.1[0m
[0;32mI (34) boot.esp32: SPI Speed      : 40MHz[0m
[0;32mI (38) boot.esp32: SPI Mode       : DIO[0m
[0;32mI (42) boot.esp32: SPI Flash Size : 2MB[0m
[0;32mI (45) boot: Enabling RNG early entropy source...[0m
[0;32mI (50) boot: Partition Table:[0m
[0;32mI (52) boot: ## Label            Usage          Type ST Offset   Length[0m
[0;32mI (59) boot:  0 nvs              WiFi data        01 02 00009000 00006000[0m
[0;32mI (65) boot:  1 phy_init         RF data          01 01 0000f000 00001000[0m
[0;32mI (72) boot:  2 factory          factory app      00 00 00010000 00100000[0m
[0;32mI (78) boot: End of partition table[0m
[0;32mI (82) esp_image: segment 0: paddr=00010020 vaddr=3f400020 size=09a28h ( 39464) map[0m
[0;32mI (102) esp_image: segment 1: paddr=00019a50 vaddr=3ffb0000 size=023d8h (  9176) load[0m
[0;32mI (106) esp_image: segment 2: paddr=0001be30 vaddr=40080000 size=041e8h ( 16872) load[0m
[0;32mI (113) esp_image: segment 3: paddr=00020020 vaddr=400d0020 size=13684h ( 79492) map[0m
[0;32mI (141) esp_image: segment 4: paddr=000336ac vaddr=400841e8 size=08e10h ( 36368) load[0m
[0;32mI (155) esp_image: segment 5: paddr=0003c4c4 vaddr=50000000 size=00020h (    32) load[0m
[0;32mI (162) boot: Loaded app from partition at offset 0x10000[0m
[0;32mI (162) boot: Disabling RNG early entropy source...[0m
[0;32mI (174) cpu_start: Multicore app[0m
[0;32mI (182) cpu_start: Pro cpu start user code[0m
[0;32mI (182) cpu_start: cpu freq: 160000000 Hz[0m
[0;32mI (182) app_init: Application information:[0m
[0;32mI (182) app_init: Project name:     lab4[0m
[0;32mI (186) app_init: App version:      2c3774c-dirty[0m
[0;32mI (190) app_init: Compile time:     Oct  8 2025 09:46:24[0m
[0;32mI (195) app_init: ELF file SHA256:  a170e6f51...[0m
[0;32mI (199) app_init: ESP-IDF:          HEAD-HASH-NOTFOUND[0m
[0;32mI (204) efuse_init: Min chip rev:     v0.0[0m
[0;32mI (208) efuse_init: Max chip rev:     v3.99 [0m
[0;32mI (212) efuse_init: Chip rev:         v3.1[0m
[0;32mI (216) heap_init: Initializing. RAM available for dynamic allocation:[0m
[0;32mI (222) heap_init: At 3FFAE6E0 len 00001920 (6 KiB): DRAM[0m
[0;32mI (227) heap_init: At 3FFB2CA8 len 0002D358 (180 KiB): DRAM[0m
[0;32mI (233) heap_init: At 3FFE0440 len 00003AE0 (14 KiB): D/IRAM[0m
[0;32mI (238) heap_init: At 3FFE4350 len 0001BCB0 (111 KiB): D/IRAM[0m
[0;32mI (244) heap_init: At 4008CFF8 len 00013008 (76 KiB): IRAM[0m
[0;33mW (250) spi_flash: Detected boya flash chip but using generic driver. For optimal functionality, enable `SPI_FLASH_SUPPORT_BOYA_CHIP` in menuconfig[0m
[0;32mI (262) spi_flash: detected chip: generic[0m
[0;32mI (265) spi_flash: flash io: dio[0m
[0;33mW (268) spi_flash: Detected size(4096k) larger than the size in the binary image header(2048k). Using the size in the binary image header.[0m
[0;32mI (281) main_task: Started on CPU0[0m
[0;32mI (291) main_task: Calling app_main()[0m
------INSERT AND REMOVE TEST------
Guru Meditation Error: Core  0 panic'ed (LoadProhibited). Exception was unhandled.

Core  0 register dump:
PC      : 0x400d607a  PS      : 0x00060330  A0      : 0x800d6017  A1      : 0x3ffb3f50  
A2      : 0x0000000d  A3      : 0x0000000d  A4      : 0x3ffb3f60  A5      : 0x0000000c  
A6      : 0x00000000  A7      : 0x3ffb3f70  A8      : 0x00000000  A9      : 0x3ffafe30  
A10     : 0x3ffafe40  A11     : 0x02cb4dd1  A12     : 0x00000020  A13     : 0x3f40256b  
A14     : 0x00000015  A15     : 0x3ffaea38  SAR     : 0x0000001b  EXCCAUSE: 0x0000001c  
EXCVADDR: 0x00000000  LBEG    : 0x400014fd  LEND    : 0x4000150d  LCOUNT  : 0xfffffff7  


Backtrace: 0x400d6077:0x3ffb3f50 0x400d6014:0x3ffb3f70 0x400e2f9d:0x3ffb3fa0 0x40085d35:0x3ffb3fd0




ELF file SHA256: a170e6f51

Rebooting...
ets Jul 29 2019 12:21:46

rst:0xc (SW_CPU_RESET),boot:0x13 (SPI_FAST_FLASH_BOOT)
configsip: 0, SPIWP:0xee
clk_drv:0x00,q_drv:0x00,d_drv:0x00,cs0_drv:0x00,hd_drv:0x00,wp_drv:0x00
mode:DIO, clock div:2
load:0x3fff0030,len:6380
ho 0 tail 12 room 4
load:0x40078000,len:15916
load:0x40080400,len:3860
entry 0x40080638
[0;32mI (29) boot: ESP-IDF HEAD-HASH-NOTFOUND 2nd stage bootloader[0m
[0;32mI (29) boot: compile time Oct  8 2025 00:30:29[0m
[0;32mI (29) boot: Multicore bootloader[0m
[0;32mI (32) boot: chip revision: v3.1[0m
[0;32mI (34) boot.esp32: SPI Speed      : 40MHz[0m
[0;32mI (38) boot.esp32: SPI Mode       : DIO[0m
[0;32mI (42) boot.esp32: SPI Flash Size : 2MB[0m
[0;32mI (45) boot: Enabling RNG early entropy source...[0m
[0;32mI (50) boot: Partition Table:[0m
[0;32mI (52) boot: ## Label            Usage          Type ST Offset   Length[0m
[0;32mI (59) boot:  0 nvs              WiFi data        01 02 00009000 00006000[0m
[0;32mI (65) boot:  1 phy_init         RF data          01 01 0000f000 00001000[0m
[0;32mI (72) boot:  2 factory          factory app      00 00 00010000 00100000[0m
[0;32mI (78) boot: End of partition table[0m
[0;32mI (82) esp_image: segment 0: paddr=00010020 vaddr=3f400020 size=09a28h ( 39464) map[0m
[0;32mI (102) esp_image: segment 1: paddr=00019a50 vaddr=3ffb0000 size=023d8h (  9176) load[0m
[0;32mI (106) esp_image: segment 2: paddr=0001be30 vaddr=40080000 size=041e8h ( 16872) load[0m
[0;32mI (113) esp_image: segment 3: paddr=00020020 vaddr=400d0020 size=13684h ( 79492) map[0m
[0;32mI (141) esp_image: segment 4: paddr=000336ac vaddr=400841e8 size=08e10h ( 36368) load[0m
[0;32mI (155) esp_image: segment 5: paddr=0003c4c4 vaddr=50000000 size=00020h (    32) load[0m
[0;32mI (162) boot: Loaded app from partition at offset 0x10000[0m
[0;32mI (162) boot: Disabling RNG early entropy source...[0m
[0;32mI (174) cpu_start: Multicore app[0m
[0;32mI (182) cpu_start: Pro cpu start user code[0m
[0;32mI (182) cpu_start: cpu freq: 160000000 Hz[0m
[0;32mI (182) app_init: Application information:[0m
[0;32mI (182) app_init: Project name:     lab4[0m
[0;32mI (186) app_init: App version:      2c3774c-dirty[0m
[0;32mI (190) app_init: Compile time:     Oct  8 2025 09:46:24[0m
[0;32mI (195) app_init: ELF file SHA256:  a170e6f51...[0m
[0;32mI (199) app_init: ESP-IDF:          HEAD-HASH-NOTFOUND[0m
[0;32mI (204) efuse_init: Min chip rev:     v0.0[0m
[0;32mI (208) efuse_init: Max chip rev:     v3.99 [0m
[0;32mI (212) efuse_init: Chip rev:         v3.1[0m
[0;32mI (216) heap_init: Initializing. RAM available for dynamic allocation:[0m
[0;32mI (222) heap_init: At 3FFAE6E0 len 00001920 (6 KiB): DRAM[0m
[0;32mI (227) heap_init: At 3FFB2CA8 len 0002D358 (180 KiB): DRAM[0m
[0;32mI (233) heap_init: At 3FFE0440 len 00003AE0 (14 KiB): D/IRAM[0m
[0;32mI (238) heap_init: At 3FFE4350 len 0001BCB0 (111 KiB): D/IRAM[0m
[0;32mI (244) heap_init: At 4008CFF8 len 00013008 (76 KiB): IRAM[0m
[0;33mW (250) spi_flash: Detected boya flash chip but using generic driver. For optimal functionality, enable `SPI_FLASH_SUPPORT_BOYA_CHIP` in menuconfig[0m
[0;32mI (262) spi_flash: detected chip: generic[0m
[0;32mI (265) spi_flash: flash io: dio[0m
[0;33mW (268) spi_flash: Detected size(4096k) larger than the size in the binary image header(2048k). Using the size in the binary image header.[0m
[0;32mI (281) main_task: Started on CPU0[0m
[0;32mI (291) main_task: Calling app_main()[0m
------INSERT AND REMOVE TEST------
Guru Meditation Error: Core  0 panic'ed (LoadProhibited). Exception was unhandled.

Core  0 register dump:
PC      : 0x400d607a  PS      : 0x00060330  A0      : 0x800d6017  A1      : 0x3ffb3f50  
A2      : 0x0000005f  A3      : 0x0000005f  A4      : 0x3ffb3f60  A5      : 0x0000000c  
A6      : 0x00000000  A7      : 0x3ffb3f70  A8      : 0x00000000  A9      : 0x3ffafe30  
A10     : 0x3ffafe40  A11     : 0x02cb4ab5  A12     : 0x00000020  A13     : 0x3f40256b  
A14     : 0x00000015  A15     : 0x3ffaea38  SAR     : 0x0000001b  EXCCAUSE: 0x0000001c  
EXCVADDR: 0x00000000  LBEG    : 0x400014fd  LEND    : 0x4000150d  LCOUNT  : 0xfffffff7  


Backtrace: 0x400d6077:0x3ffb3f50 0x400d6014:0x3ffb3f70 0x400e2f9d:0x3ffb3fa0 0x40085d35:0x3ffb3fd0




ELF file SHA256: a170e6f51

Rebooting...
ets Jul 29 2019 12:21:46

rst:0xc (SW_CPU_RESET),boot:0x13 (SPI_FAST_FLASH_BOOT)
configsip: 0, SPIWP:0xee
clk_drv:0x00,q_drv:0x00,d_drv:0x00,cs0_drv:0x00,hd_drv:0x00,wp_drv:0x00
mode:DIO, clock div:2
load:0x3fff0030,len:6380
ho 0 tail 12 room 4
load:0x40078000,len:15916
load:0x40080400,len:3860
entry 0x40080638
[0;32mI (29) boot: ESP-IDF HEAD-HASH-NOTFOUND 2nd stage bootloader[0m
[0;32mI (29) boot: compile time Oct  8 2025 00:30:29[0m
[0;32mI (29) boot: Multicore bootloader[0m
[0;32mI (32) boot: chip revision: v3.1[0m
[0;32mI (34) boot.esp32: SPI Speed      : 40MHz[0m
[0;32mI (38) boot.esp32: SPI Mode       : DIO[0m
[0;32mI (42) boot.esp32: SPI Flash Size : 2MB[0m
[0;32mI (45) boot: Enabling RNG early entropy source...[0m
[0;32mI (50) boot: Partition Table:[0m
[0;32mI (52) boot: ## Label            Usage          Type ST Offset   Length[0m
[0;32mI (59) boot:  0 nvs              WiFi data        01 02 00009000 00006000[0m
[0;32mI (65) boot:  1 phy_init         RF data          01 01 0000f000 00001000[0m
[0;32mI (72) boot:  2 factory          factory app      00 00 00010000 00100000[0m
[0;32mI (78) boot: End of partition table[0m
[0;32mI (82) esp_image: segment 0: paddr=00010020 vaddr=3f400020 size=09a28h ( 39464) map[0m
[0;32mI (102) esp_image: segment 1: paddr=00019a50 vaddr=3ffb0000 size=023d8h (  9176) load[0m
[0;32mI (106) esp_image: segment 2: paddr=0001be30 vaddr=40080000 size=041e8h ( 16872) load[0m
[0;32mI (113) esp_image: segment 3: paddr=00020020 vaddr=400d0020 size=13684h ( 79492) map[0m
[0;32mI (141) esp_image: segment 4: paddr=000336ac vaddr=400841e8 size=08e10h ( 36368) load[0m
[0;32mI (155) esp_image: segment 5: paddr=0003c4c4 vaddr=50000000 size=00020h (    32) load[0m
[0;32mI (162) boot: Loaded app from partition at offset 0x10000[0m
[0;32mI (162) boot: Disabling RNG early entropy source...[0m
[0;32mI (174) cpu_start: Multicore app[0m
[0;32mI (182) cpu_start: Pro cpu start user code[0m
[0;32mI (182) cpu_start: cpu freq: 160000000 Hz[0m
[0;32mI (182) app_init: Application information:[0m
[0;32mI (182) app_init: Project name:     lab4[0m
[0;32mI (186) app_init: App version:      2c3774c-dirty[0m
[0;32mI (190) app_init: Compile time:     Oct  8 2025 09:46:24[0m
[0;32mI (195) app_init: ELF file SHA256:  a170e6f51...[0m
[0;32mI (200) app_init: ESP-IDF:          HEAD-HASH-NOTFOUND[0m
[0;32mI (204) efuse_init: Min chip rev:     v0.0[0m
[0;32mI (208) efuse_init: Max chip rev:     v3.99 [0m
[0;32mI (212) efuse_init: Chip rev:         v3.1[0m
[0;32mI (216) heap_init: Initializing. RAM available for dynamic allocation:[0m
[0;32mI (222) heap_init: At 3FFAE6E0 len 00001920 (6 KiB): DRAM[0m
[0;32mI (227) heap_init: At 3FFB2CA8 len 0002D358 (180 KiB): DRAM[0m
[0;32mI (233) heap_init: At 3FFE0440 len 00003AE0 (14 KiB): D/IRAM[0m
[0;32mI (238) heap_init: At 3FFE4350 len 0001BCB0 (111 KiB): D/IRAM[0m
[0;32mI (244) heap_init: At 4008CFF8 len 00013008 (76 KiB): IRAM[0m
[0;33mW (250) spi_flash: Detected boya flash chip but using generic driver. For optimal functionality, enable `SPI_FLASH_SUPPORT_BOYA_CHIP` in menuconfig[0m
[0;32mI (262) spi_flash: detected chip: generic[0m
[0;32mI (265) spi_flash: flash io: dio[0m
[0;33mW (268) spi_flash: Detected size(4096k) larger than the size in the binary image header(2048k). Using the size in the binary image header.[0m
[0;32mI (281) main_task: Started on CPU0[0m
[0;32mI (291) main_task: Calling app_main()[0m
------INSERT AND REMOVE TEST------
Guru Meditation Error: Core  0 panic'ed (LoadProhibited). Exception was unhandled.

Core  0 register dump:
PC      : 0x400d607a  PS      : 0x00060330  A0      : 0x800d6017  A1      : 0x3ffb3f50  
A2      : 0x00000054  A3      : 0x00000054  A4      : 0x3ffb3f60  A5      : 0x0000000c  
A6      : 0x00000000  A7      : 0x3ffb3f70  A8      : 0x00000000  A9      : 0x3ffafe30  
A10     : 0x3ffafe40  A11     : 0x02cb509f  A12     : 0x00000020  A13     : 0x3f40256b  
A14     : 0x00000015  A15     : 0x3ffaea38  SAR     : 0x0000001b  EXCCAUSE: 0x0000001c  
EXCVADDR: 0x00000000  LBEG    : 0x400014fd  LEND    : 0x4000150d  LCOUNT  : 0xfffffff7  


Backtrace: 0x400d6077:0x3ffb3f50 0x400d6014:0x3ffb3f70 0x400e2f9d:0x3ffb3fa0 0x40085d35:0x3ffb3fd0




ELF file SHA256: a170e6f51

Rebooting...
ets Jul 29 2019 12:21:46

rst:0xc (SW_CPU_RESET),boot:0x13 (SPI_FAST_FLASH_BOOT)
configsip: 0, SPIWP:0xee
clk_drv:0x00,q_drv:0x00,d_drv:0x00,cs0_drv:0x00,hd_drv:0x00,wp_drv:0x00
mode:DIO, clock div:2
load:0x3fff0030,len:6380
ho 0 tail 12 room 4
load:0x40078000,len:15916
load:0x40080400,len:3860
entry 0x40080638
[0;32mI (29) boot: ESP-IDF HEAD-HASH-NOTFOUND 2nd stage bootloader[0m
[0;32mI (29) boot: compile time Oct  8 2025 00:30:29[0m
[0;32mI (29) boot: Multicore bootloader[0m
[0;32mI (32) boot: chip revision: v3.1[0m
[0;32mI (34) boot.esp32: SPI Speed      : 40MHz[0m
[0;32mI (38) boot.esp32: SPI Mode       : DIO[0m
[0;32mI (42) boot.esp32: SPI Flash Size : 2MB[0m
[0;32mI (45) boot: Enabling RNG early entropy source...[0m
[0;32mI (50) boot: Partition Table:[0m
[0;32mI (52) boot: ## Label            Usage          Type ST Offset   Length[0m
[0;32mI (59) boot:  0 nvs              WiFi data        01 02 00009000 00006000[0m
[0;32mI (65) boot:  1 phy_init         RF data          01 01 0000f000 00001000[0m
[0;32mI (72) boot:  2 factory          factory app      00 00 00010000 00100000[0m
[0;32mI (78) boot: End of partition table[0m
[0;32mI (82) esp_image: segment 0: paddr=00010020 vaddr=3f400020 size=09a28h ( 39464) map[0m
[0;32mI (102) esp_image: segment 1: paddr=00019a50 vaddr=3ffb0000 size=023d8h (  9176) load[0m
[0;32mI (106) esp_image: segment 2: paddr=0001be30 vaddr=40080000 size=041e8h ( 16872) load[0m
[0;32mI (113) esp_image: segment 3: paddr=00020020 vaddr=400d0020 size=13684h ( 79492) map[0m
[0;32mI (141) esp_image: segment 4: paddr=000336ac vaddr=400841e8 size=08e10h ( 36368) load[0m
[0;32mI (155) esp_image: segment 5: paddr=0003c4c4 vaddr=50000000 size=00020h (    32) load[0m
[0;32mI (162) boot: Loaded app from partition at offset 0x10000[0m
[0;32mI (162) boot: Disabling RNG early entropy source...[0m
[0;32mI (174) cpu_start: Multicore app[0m
[0;32mI (182) cpu_start: Pro cpu start user code[0m
[0;32mI (182) cpu_start: cpu freq: 160000000 Hz[0m
[0;32mI (182) app_init: Application information:[0m
[0;32mI (182) app_init: Project name:     lab4[0m
[0;32mI (186) app_init: App version:      2c3774c-dirty[0m
[0;32mI (190) app_init: Compile time:     Oct  8 2025 09:46:24[0m
[0;32mI (195) app_init: ELF file SHA256:  a170e6f51...[0m
[0;32mI (199) app_init: ESP-IDF:          HEAD-HASH-NOTFOUND[0m
[0;32mI (204) efuse_init: Min chip rev:     v0.0[0m
[0;32mI (208) efuse_init: Max chip rev:     v3.99 [0m
[0;32mI (212) efuse_init: Chip rev:         v3.1[0m
[0;32mI (216) heap_init: Initializing. RAM available for dynamic allocation:[0m
[0;32mI (222) heap_init: At 3FFAE6E0 len 00001920 (6 KiB): DRAM[0m
[0;32mI (227) heap_init: At 3FFB2CA8 len 0002D358 (180 KiB): DRAM[0m
[0;32mI (233) heap_init: At 3FFE0440 len 00003AE0 (14 KiB): D/IRAM[0m
[0;32mI (238) heap_init: At 3FFE4350 len 0001BCB0 (111 KiB): D/IRAM[0m
[0;32mI (244) heap_init: At 4008CFF8 len 00013008 (76 KiB): IRAM[0m
[0;33mW (250) spi_flash: Detected boya flash chip but using generic driver. For optimal functionality, enable `SPI_FLASH_SUPPORT_BOYA_CHIP` in menuconfig[0m
[0;32mI (262) spi_flash: detected chip: generic[0m
[0;32mI (265) spi_flash: flash io: dio[0m
[0;33mW (268) spi_flash: Detected size(4096k) larger than the size in the binary image header(2048k). Using the size in the binary image header.[0m
[0;32mI (281) main_task: Started on CPU0[0m
[0;32mI (291) main_task: Calling app_main()[0m
------INSERT AND REMOVE TEST------
Guru Meditation Error: Core  0 panic'ed (LoadProhibited). Exception was unhandled.

Core  0 register dump:
PC      : 0x400d607a  PS      : 0x00060330  A0      : 0x800d6017  A1      : 0x3ffb3f50  
A2      : 0x0000002d  A3      : 0x0000002d  A4      : 0x3ffb3f60  A5      : 0x0000000c  
A6      : 0x00000000  A7      : 0x3ffb3f70  A8      : 0x00000000  A9      : 0x3ffafe30  
A10     : 0x3ffafe40  A11     : 0x02cb496f  A12     : 0x00000020  A13     : 0x3f40256b  
A14     : 0x00000015  A15     : 0x3ffaea38  SAR     : 0x0000001b  EXCCAUSE: 0x0000001c  
EXCVADDR: 0x00000000  LBEG    : 0x400014fd  LEND    : 0x4000150d  LCOUNT  : 0xfffffff7  


Backtrace: 0x400d6077:0x3ffb3f50 0x400d6014:0x3ffb3f70 0x400e2f9d:0x3ffb3fa0 0x40085d35:0x3ffb3fd0




ELF file SHA256: a170e6f51

Rebooting...
ets Jul 29 2019 12:21:46

rst:0xc (SW_CPU_RESET),boot:0x13 (SPI_FAST_FLASH_BOOT)
configsip: 0, SPIWP:0xee
clk_drv:0x00,q_drv:0x00,d_drv:0x00,cs0_drv:0x00,hd_drv:0x00,wp_drv:0x00
mode:DIO, clock div:2
load:0x3fff0030,len:6380
ho 0 tail 12 room 4
load:0x40078000,len:15916
load:0x40080400,len:3860
entry 0x40080638
[0;32mI (29) boot: ESP-IDF HEAD-HASH-NOTFOUND 2nd stage bootloader[0m
[0;32mI (29) boot: compile time Oct  8 2025 00:30:29[0m
[0;32mI (29) boot: Multicore bootloader[0m
[0;32mI (32) boot: chip revision: v3.1[0m
[0;32mI (34) boot.esp32: SPI Speed      : 40MHz[0m
[0;32mI (38) boot.esp32: SPI Mode       : DIO[0m
[0;32mI (42) boot.esp32: SPI Flash Size : 2MB[0m
[0;32mI (45) boot: Enabling RNG early entropy source...[0m
[0;32mI (50) boot: Partition Table:[0m
[0;32mI (52) boot: ## Label            Usage          Type ST Offset   Length[0m
[0;32mI (59) boot:  0 nvs              WiFi data        01 02 00009000 00006000[0m
[0;32mI (65) boot:  1 phy_init         RF data          01 01 0000f000 00001000[0m
[0;32mI (72) boot:  2 factory          factory app      00 00 00010000 00100000[0m
[0;32mI (78) boot: End of partition table[0m
[0;32mI (82) esp_image: segment 0: paddr=00010020 vaddr=3f400020 size=09a28h ( 39464) map[0m
[0;32mI (102) esp_image: segment 1: paddr=00019a50 vaddr=3ffb0000 size=023d8h (  9176) load[0m
[0;32mI (106) esp_image: segment 2: paddr=0001be30 vaddr=40080000 size=041e8h ( 16872) load[0m
[0;32mI (113) esp_image: segment 3: paddr=00020020 vaddr=400d0020 size=13684h ( 79492) map[0m
[0;32mI (141) esp_image: segment 4: paddr=000336ac vaddr=400841e8 size=08e10h ( 36368) load[0m
[0;32mI (155) esp_image: segment 5: paddr=0003c4c4 vaddr=50000000 size=00020h (    32) load[0m
[0;32mI (162) boot: Loaded app from partition at offset 0x10000[0m
[0;32mI (162) boot: Disabling RNG early entropy source...[0m
[0;32mI (174) cpu_start: Multicore app[0m
[0;32mI (182) cpu_start: Pro cpu start user code[0m
[0;32mI (182) cpu_start: cpu freq: 160000000 Hz[0m
[0;32mI (182) app_init: Application information:[0m
[0;32mI (182) app_init: Project name:     lab4[0m
[0;32mI (186) app_init: App version:      2c3774c-dirty[0m
[0;32mI (190) app_init: Compile time:     Oct  8 2025 09:46:24[0m
[0;32mI (195) app_init: ELF file SHA256:  a170e6f51...[0m
[0;32mI (199) app_init: ESP-IDF:          HEAD-HASH-NOTFOUND[0m
[0;32mI (204) efuse_init: Min chip rev:     v0.0[0m
[0;32mI (208) efuse_init: Max chip rev:     v3.99 [0m
[0;32mI (212) efuse_init: Chip rev:         v3.1[0m
[0;32mI (216) heap_init: Initializing. RAM available for dynamic allocation:[0m
[0;32mI (222) heap_init: At 3FFAE6E0 len 00001920 (6 KiB): DRAM[0m
[0;32mI (227) heap_init: At 3FFB2CA8 len 0002D358 (180 KiB): DRAM[0m
[0;32mI (233) heap_init: At 3FFE0440 len 00003AE0 (14 KiB): D/IRAM[0m
[0;32mI (238) heap_init: At 3FFE4350 len 0001BCB0 (111 KiB): D/IRAM[0m
[0;32mI (244) heap_init: At 4008CFF8 len 00013008 (76 KiB): IRAM[0m
[0;33mW (250) spi_flash: Detected boya flash chip but using generic driver. For optimal functionality, enable `SPI_FLASH_SUPPORT_BOYA_CHIP` in menuconfig[0m
[0;32mI (262) spi_flash: detected chip: generic[0m
[0;32mI (265) spi_flash: flash io: dio[0m
[0;33mW (268) spi_flash: Detected size(4096k) larger than the size in the binary image header(2048k). Using the size in the binary image header.[0m
[0;32mI (281) main_task: Started on CPU0[0m
[0;32mI (291) main_task: Calling app_main()[0m
------INSERT AND REMOVE TEST------
Guru Meditation Error: Core  0 panic'ed (LoadProhibited). Exception was unhandled.

Core  0 register dump:
PC      : 0x400d607a  PS      : 0x00060330  A0      : 0x800d6017  A1      : 0x3ffb3f50  
A2      : 0x00000034  A3      : 0x00000034  A4      : 0x3ffb3f60  A5      : 0x0000000c  
A6      : 0x00000000  A7      : 0x3ffb3f70  A8      : 0x00000000  A9      : 0x3ffafe30  
A10     : 0x3ffafe40  A11     : 0x02cb4813  A12     : 0x00000020  A13     : 0x3f40256b  
A14     : 0x00000015  A15     : 0x3ffaea38  SAR     : 0x0000001b  EXCCAUSE: 0x0000001c  
EXCVADDR: 0x00000000  LBEG    : 0x400014fd  LEND    : 0x4000150d  LCOUNT  : 0xfffffff7  


Backtrace: 0x400d6077:0x3ffb3f50 0x400d6014:0x3ffb3f70 0x400e2f9d:0x3ffb3fa0 0x40085d35:0x3ffb3fd0




ELF file SHA256: a170e6f51

Rebooting...
ets Jul 29 2019 12:21:46

rst:0xc (SW_CPU_RESET),boot:0x13 (SPI_FAST_FLASH_BOOT)
configsip: 0, SPIWP:0xee
clk_drv:0x00,q_drv:0x00,d_drv:0x00,cs0_drv:0x00,hd_drv:0x00,wp_drv:0x00
mode:DIO, clock div:2
load:0x3fff0030,len:6380
ho 0 tail 12 room 4
load:0x40078000,len:15916
load:0x40080400,len:3860
entry 0x40080638
[0;32mI (29) boot: ESP-IDF HEAD-HASH-NOTFOUND 2nd stage bootloader[0m
[0;32mI (29) boot: compile time Oct  8 2025 00:30:29[0m
[0;32mI (29) boot: Multicore bootloader[0m
[0;32mI (32) boot: chip revision: v3.1[0m
[0;32mI (34) boot.esp32: SPI Speed      : 40MHz[0m
[0;32mI (38) boot.esp32: SPI Mode       : DIO[0m
[0;32mI (42) boot.esp32: SPI Flash Size : 2MB[0m
[0;32mI (45) boot: Enabling RNG early entropy source...[0m
[0;32mI (50) boot: Partition Table:[0m
[0;32mI (52) boot: ## Label            Usage          Type ST Offset   Length[0m
[0;32mI (59) boot:  0 nvs              WiFi data        01 02 00009000 00006000[0m
[0;32mI (65) boot:  1 phy_init         RF data          01 01 0000f000 00001000[0m
[0;32mI (72) boot:  2 factory          factory app      00 00 00010000 00100000[0m
[0;32mI (78) boot: End of partition table[0m
[0;32mI (82) esp_image: segment 0: paddr=00010020 vaddr=3f400020 size=09a28h ( 39464) map[0m
[0;32mI (102) esp_image: segment 1: paddr=00019a50 vaddr=3ffb0000 size=023d8h (  9176) load[0m
[0;32mI (106) esp_image: segment 2: paddr=0001be30 vaddr=40080000 size=041e8h ( 16872) load[0m
[0;32mI (113) esp_image: segment 3: paddr=00020020 vaddr=400d0020 size=13684h ( 79492) map[0m
[0;32mI (141) esp_image: segment 4: paddr=000336ac vaddr=400841e8 size=08e10h ( 36368) load[0m
[0;32mI (155) esp_image: segment 5: paddr=0003c4c4 vaddr=50000000 size=00020h (    32) load[0m
[0;32mI (162) boot: Loaded app from partition at offset 0x10000[0m
[0;32mI (162) boot: Disabling RNG early entropy source...[0m
[0;32mI (174) cpu_start: Multicore app[0m
[0;32mI (182) cpu_start: Pro cpu start user code[0m
[0;32mI (182) cpu_start: cpu freq: 160000000 Hz[0m
[0;32mI (182) app_init: Application information:[0m
[0;32mI (182) app_init: Project name:     lab4[0m
[0;32mI (186) app_init: App version:      2c3774c-dirty[0m
[0;32mI (190) app_init: Compile time:     Oct  8 2025 09:46:24[0m
[0;32mI (195) app_init: ELF file SHA256:  a170e6f51...[0m
[0;32mI (199) app_init: ESP-IDF:          HEAD-HASH-NOTFOUND[0m
[0;32mI (204) efuse_init: Min chip rev:     v0.0[0m
[0;32mI (208) efuse_init: Max chip rev:     v3.99 [0m
[0;32mI (212) efuse_init: Chip rev:         v3.1[0m
[0;32mI (216) heap_init: Initializing. RAM available for dynamic allocation:[0m
[0;32mI (222) heap_init: At 3FFAE6E0 len 00001920 (6 KiB): DRAM[0m
[0;32mI (227) heap_init: At 3FFB2CA8 len 0002D358 (180 KiB): DRAM[0m
[0;32mI (233) heap_init: At 3FFE0440 len 00003AE0 (14 KiB): D/IRAM[0m
[0;32mI (238) heap_init: At 3FFE4350 len 0001BCB0 (111 KiB): D/IRAM[0m
[0;32mI (244) heap_init: At 4008CFF8 len 00013008 (76 KiB): IRAM[0m
[0;33mW (250) spi_flash: Detected boya flash chip but using generic driver. For optimal functionality, enable `SPI_FLASH_SUPPORT_BOYA_CHIP` in menuconfig[0m
[0;32mI (262) spi_flash: detected chip: generic[0m
[0;32mI (265) spi_flash: flash io: dio[0m
[0;33mW (268) spi_flash: Detected size(4096k) larger than the size in the binary image header(2048k). Using the size in the binary image header.[0m
[0;32mI (281) main_task: Started on CPU0[0m
[0;32mI (291) main_task: Calling app_main()[0m
------INSERT AND REMOVE TEST------
Guru Meditation Error: Core  0 panic'ed (LoadProhibited). Exception was unhandled.

Core  0 register dump:
PC      : 0x400d607a  PS      : 0x00060330  A0      : 0x800d6017  A1      : 0x3ffb3f50  
A2      : 0x0000000d  A3      : 0x0000000d  A4      : 0x3ffb3f60  A5      : 0x0000000c  
A6      : 0x00000000  A7      : 0x3ffb3f70  A8      : 0x00000000  A9      : 0x3ffafe30  
A10     : 0x3ffafe40  A11     : 0x02cb4b27  A12     : 0x00000020  A13     : 0x3f40256b  
A14     : 0x00000015  A15     : 0x3ffaea38  SAR     : 0x0000001b  EXCCAUSE: 0x0000001c  
EXCVADDR: 0x00000000  LBEG    : 0x400014fd  LEND    : 0x4000150d  LCOUNT  : 0xfffffff7  


Backtrace: 0x400d6077:0x3ffb3f50 0x400d6014:0x3ffb3f70 0x400e2f9d:0x3ffb3fa0 0x40085d35:0x3ffb3fd0




ELF file SHA256: a170e6f51

Rebooting...
ets Jul 29 2019 12:21:46

rst:0xc (SW_CPU_RESET),boot:0x13 (SPI_FAST_FLASH_BOOT)
configsip: 0, SPIWP:0xee
clk_drv:0x00,q_drv:0x00,d_drv:0x00,cs0_drv:0x00,hd_drv:0x00,wp_drv:0x00
mode:DIO, clock div:2
load:0x3fff0030,len:6380
ho 0 tail 12 room 4
load:0x40078000,len:15916
load:0x40080400,len:3860
entry 0x40080638
[0;32mI (29) boot: ESP-IDF HEAD-HASH-NOTFOUND 2nd stage bootloader[0m
[0;32mI (29) boot: compile time Oct  8 2025 00:30:29[0m
[0;32mI (29) boot: Multicore bootloader[0m
[0;32mI (32) boot: chip revision: v3.1[0m
[0;32mI (34) boot.esp32: SPI Speed      : 40MHz[0m
[0;32mI (38) boot.esp32: SPI Mode       : DIO[0m
[0;32mI (42) boot.esp32: SPI Flash Size : 2MB[0m
[0;32mI (45) boot: Enabling RNG early entropy source...[0m
[0;32mI (50) boot: Partition Table:[0m
[0;32mI (52) boot: ## Label            Usage          Type ST Offset   Length[0m
[0;32mI (59) boot:  0 nvs              WiFi data        01 02 00009000 00006000[0m
[0;32mI (65) boot:  1 phy_init         RF data          01 01 0000f000 00001000[0m
[0;32mI (72) boot:  2 factory          factory app      00 00 00010000 00100000[0m
[0;32mI (78) boot: End of partition table[0m
[0;32mI (82) esp_image: segment 0: paddr=00010020 vaddr=3f400020 size=09a28h ( 39464) map[0m
[0;32mI (102) esp_image: segment 1: paddr=00019a50 vaddr=3ffb0000 size=023d8h (  9176) load[0m
[0;32mI (106) esp_image: segment 2: paddr=0001be30 vaddr=40080000 size=041e8h ( 16872) load[0m
[0;32mI (113) esp_image: segment 3: paddr=00020020 vaddr=400d0020 size=13684h ( 79492) map[0m
[0;32mI (141) esp_image: segment 4: paddr=000336ac vaddr=400841e8 size=08e10h ( 36368) load[0m
[0;32mI (155) esp_image: segment 5: paddr=0003c4c4 vaddr=50000000 size=00020h (    32) load[0m
[0;32mI (162) boot: Loaded app from partition at offset 0x10000[0m
[0;32mI (162) boot: Disabling RNG early entropy source...[0m
[0;32mI (174) cpu_start: Multicore app[0m
[0;32mI (182) cpu_start: Pro cpu start user code[0m
[0;32mI (182) cpu_start: cpu freq: 160000000 Hz[0m
[0;32mI (182) app_init: Application information:[0m
[0;32mI (182) app_init: Project name:     lab4[0m
[0;32mI (186) app_init: App version:      2c3774c-dirty[0m
[0;32mI (190) app_init: Compile time:     Oct  8 2025 09:46:24[0m
[0;32mI (195) app_init: ELF file SHA256:  a170e6f51...[0m
[0;32mI (200) app_init: ESP-IDF:          HEAD-HASH-NOTFOUND[0m
[0;32mI (204) efuse_init: Min chip rev:     v0.0[0m
[0;32mI (208) efuse_init: Max chip rev:     v3.99 [0m
[0;32mI (212) efuse_init: Chip rev:         v3.1[0m
[0;32mI (216) heap_init: Initializing. RAM available for dynamic allocation:[0m
[0;32mI (222) heap_init: At 3FFAE6E0 len 00001920 (6 KiB): DRAM[0m
