Command: /home/minipops/.espressif/python_env/idf5.5_py3.13_env/bin/python /opt/esp-idf/tools/idf_monitor.py -p /dev/ttyUSB0 -b 115200 --toolchain-prefix xtensa-esp32-elf- --target esp32 --revision 0 /home/minipops/uni/da267a/labs/lab4/build/lab4.elf /home/minipops/uni/da267a/labs/lab4/build/bootloader/bootloader.elf -m '/home/minipops/.espressif/python_env/idf5.5_py3.13_env/bin/python' '/opt/esp-idf/tools/idf.py'
ets Jul 29 2019 12:21:46

rst:0x1 (POWERON_RESET),boot:0x13 (SPI_FAST_FLASH_BOOT)
configsip: 0, SPIWP:0xee
clk_drv:0x00,q_drv:0x00,d_drv:0x00,cs0_drv:0x00,hd_drv:0x00,wp_drv:0x00
mode:DIO, clock div:2
load:0x3fff0030,len:6380
ho 0 tail 12 room 4
load:0x40078000,len:15916
load:0x40080400,len:3860
entry 0x40080638
[0;32mI (29) boot: ESP-IDF HEAD-HASH-NOTFOUND 2nd stage bootloader[0m
[0;32mI (29) boot: compile time Oct  8 2025 00:30:29[0m
[0;32mI (29) boot: Multicore bootloader[0m
[0;32mI (32) boot: chip revision: v3.1[0m
[0;32mI (34) boot.esp32: SPI Speed      : 40MHz[0m
[0;32mI (38) boot.esp32: SPI Mode       : DIO[0m
[0;32mI (42) boot.esp32: SPI Flash Size : 2MB[0m
[0;32mI (45) boot: Enabling RNG early entropy source...[0m
[0;32mI (50) boot: Partition Table:[0m
[0;32mI (52) boot: ## Label            Usage          Type ST Offset   Length[0m
[0;32mI (59) boot:  0 nvs              WiFi data        01 02 00009000 00006000[0m
[0;32mI (65) boot:  1 phy_init         RF data          01 01 0000f000 00001000[0m
[0;32mI (72) boot:  2 factory          factory app      00 00 00010000 00100000[0m
[0;32mI (78) boot: End of partition table[0m
[0;32mI (82) esp_image: segment 0: paddr=00010020 vaddr=3f400020 size=09c18h ( 39960) map[0m
[0;32mI (103) esp_image: segment 1: paddr=00019c40 vaddr=3ffb0000 size=023d8h (  9176) load[0m
[0;32mI (106) esp_image: segment 2: paddr=0001c020 vaddr=40080000 size=03ff8h ( 16376) load[0m
[0;32mI (113) esp_image: segment 3: paddr=00020020 vaddr=400d0020 size=13a70h ( 80496) map[0m
[0;32mI (142) esp_image: segment 4: paddr=00033a98 vaddr=40083ff8 size=09000h ( 36864) load[0m
[0;32mI (156) esp_image: segment 5: paddr=0003caa0 vaddr=50000000 size=00020h (    32) load[0m
[0;32mI (163) boot: Loaded app from partition at offset 0x10000[0m
[0;32mI (163) boot: Disabling RNG early entropy source...[0m
[0;32mI (174) cpu_start: Multicore app[0m
[0;32mI (183) cpu_start: Pro cpu start user code[0m
[0;32mI (183) cpu_start: cpu freq: 160000000 Hz[0m
[0;32mI (183) app_init: Application information:[0m
[0;32mI (183) app_init: Project name:     lab4[0m
[0;32mI (187) app_init: App version:      2c3774c-dirty[0m
[0;32mI (191) app_init: Compile time:     Oct  8 2025 09:46:24[0m
[0;32mI (196) app_init: ELF file SHA256:  5f50b0cad...[0m
[0;32mI (200) app_init: ESP-IDF:          HEAD-HASH-NOTFOUND[0m
[0;32mI (205) efuse_init: Min chip rev:     v0.0[0m
[0;32mI (209) efuse_init: Max chip rev:     v3.99 [0m
[0;32mI (213) efuse_init: Chip rev:         v3.1[0m
[0;32mI (217) heap_init: Initializing. RAM available for dynamic allocation:[0m
[0;32mI (223) heap_init: At 3FFAE6E0 len 00001920 (6 KiB): DRAM[0m
[0;32mI (228) heap_init: At 3FFB2CA8 len 0002D358 (180 KiB): DRAM[0m
[0;32mI (234) heap_init: At 3FFE0440 len 00003AE0 (14 KiB): D/IRAM[0m
[0;32mI (239) heap_init: At 3FFE4350 len 0001BCB0 (111 KiB): D/IRAM[0m
[0;32mI (244) heap_init: At 4008CFF8 len 00013008 (76 KiB): IRAM[0m
[0;33mW (251) spi_flash: Detected boya flash chip but using generic driver. For optimal functionality, enable `SPI_FLASH_SUPPORT_BOYA_CHIP` in menuconfig[0m
[0;32mI (263) spi_flash: detected chip: generic[0m
[0;32mI (266) spi_flash: flash io: dio[0m
[0;33mW (269) spi_flash: Detected size(4096k) larger than the size in the binary image header(2048k). Using the size in the binary image header.[0m
[0;32mI (282) main_task: Started on CPU0[0m
[0;32mI (292) main_task: Calling app_main()[0m
----Sorted insert test----
single linked list: 
added:48
added:17
added:84
added:38
added:26
list(first: 17)[17 26 38 48 84 ]


double linked list: 
added 14
added 58
added 15
added 34
added 63
list(first:14, last63 )[14 15 34 58 63 ]
----Removeing elements test----
single linked list: 
added:19
added:33
added:88
added:10
added:40
list(first: 10)[10 19 33 40 88 ]
removeing first element
list(first: 19)[19 33 40 88 ]
19 removed
removeing last element
list(first: 19)[19 33 40 ]
19 removed


double linked list: 
added 42
added 27
added 97
added 94
added 52
list(first:27, last97 )[27 42 52 94 97 ]
removeing first element
list(first:42, last97 )[42 52 94 97 ]
42 removed
removing last element
list(first:42, last94 )[42 52 94 ]
42 removed
----Remove from empty list----
remove from empty sll
remove first: -2147483648
remove last: -2147483648
remove from empty dll
remove first: -2147483648
remove last: -2147483648


----Adding duplicate values----
single linked list: 
added:1
added:1
list(first: 1)[1 1 ]
double linked list: 
added 1
added 1
list(first:1, last1 )[1 1 ]


----Adding values to beginning----
single linked list: 
added:1
added:1
added:0
list(first: 0)[0 1 1 ]
double linked list: 
added 1
added 1
added 0
list(first:0, last1 )[0 1 1 ]


----Adding values to end----
single linked list: 
added:3
list(first: 0)[0 1 1 3 ]
double linked list: 
added 3
list(first:0, last3 )[0 1 1 3 ]


 ----Removeing only element----single linked list: 
added:1
list(first: 1)[1 ]
removeing first element
Guru Meditation Error: Core  0 panic'ed (LoadProhibited). Exception was unhandled.

Core  0 register dump:
PC      : 0x400d636d  PS      : 0x00060530  A0      : 0x800d63a8  A1      : 0x3ffb3f00  
A2      : 0x3ffb3f40  A3      : 0x00000001  A4      : 0x3ffb3be0  A5      : 0x3f403835  
A6      : 0x00000021  A7      : 0x00000000  A8      : 0x800d87c2  A9      : 0x3ffb3ec0  
A10     : 0x0000000a  A11     : 0x3f403860  A12     : 0x00000001  A13     : 0x3f40385b  
A14     : 0x00000001  A15     : 0x3ffaea38  SAR     : 0x0000001d  EXCCAUSE: 0x0000001c  
EXCVADDR: 0x00000000  LBEG    : 0x400014fd  LEND    : 0x4000150d  LCOUNT  : 0xfffffff9  


Backtrace: 0x400d636a:0x3ffb3f00 0x400d63a5:0x3ffb3f20 0x400d62d3:0x3ffb3f40 0x400d631d:0x3ffb3f70 0x400e3389:0x3ffb3fa0 0x40085d35:0x3ffb3fd0




ELF file SHA256: 5f50b0cad

Rebooting...
ets Jul 29 2019 12:21:46

rst:0xc (SW_CPU_RESET),boot:0x13 (SPI_FAST_FLASH_BOOT)
configsip: 0, SPIWP:0xee
clk_drv:0x00,q_drv:0x00,d_drv:0x00,cs0_drv:0x00,hd_drv:0x00,wp_drv:0x00
mode:DIO, clock div:2
load:0x3fff0030,len:6380
ho 0 tail 12 room 4
load:0x40078000,len:15916
load:0x40080400,len:3860
entry 0x40080638
[0;32mI (29) boot: ESP-IDF HEAD-HASH-NOTFOUND 2nd stage bootloader[0m
[0;32mI (29) boot: compile time Oct  8 2025 00:30:29[0m
[0;32mI (29) boot: Multicore bootloader[0m
[0;32mI (32) boot: chip revision: v3.1[0m
[0;32mI (34) boot.esp32: SPI Speed      : 40MHz[0m
[0;32mI (38) boot.esp32: SPI Mode       : DIO[0m
[0;32mI (42) boot.esp32: SPI Flash Size : 2MB[0m
[0;32mI (45) boot: Enabling RNG early entropy source...[0m
[0;32mI (50) boot: Partition Table:[0m
[0;32mI (52) boot: ## Label            Usage          Type ST Offset   Length[0m
[0;32mI (59) boot:  0 nvs              WiFi data        01 02 00009000 00006000[0m
[0;32mI (65) boot:  1 phy_init         RF data          01 01 0000f000 00001000[0m
[0;32mI (72) boot:  2 factory          factory app      00 00 00010000 00100000[0m
[0;32mI (78) boot: End of partition table[0m
[0;32mI (82) esp_image: segment 0: paddr=00010020 vaddr=3f400020 size=09c18h ( 39960) map[0m
[0;32mI (103) esp_image: segment 1: paddr=00019c40 vaddr=3ffb0000 size=023d8h (  9176) load[0m
[0;32mI (106) esp_image: segment 2: paddr=0001c020 vaddr=40080000 size=03ff8h ( 16376) load[0m
[0;32mI (113) esp_image: segment 3: paddr=00020020 vaddr=400d0020 size=13a70h ( 80496) map[0m
[0;32mI (142) esp_image: segment 4: paddr=00033a98 vaddr=40083ff8 size=09000h ( 36864) load[0m
[0;32mI (156) esp_image: segment 5: paddr=0003caa0 vaddr=50000000 size=00020h (    32) load[0m
[0;32mI (163) boot: Loaded app from partition at offset 0x10000[0m
[0;32mI (163) boot: Disabling RNG early entropy source...[0m
[0;32mI (174) cpu_start: Multicore app[0m
[0;32mI (183) cpu_start: Pro cpu start user code[0m
[0;32mI (183) cpu_start: cpu freq: 160000000 Hz[0m
[0;32mI (183) app_init: Application information:[0m
[0;32mI (183) app_init: Project name:     lab4[0m
[0;32mI (186) app_init: App version:      2c3774c-dirty[0m
[0;32mI (191) app_init: Compile time:     Oct  8 2025 09:46:24[0m
[0;32mI (196) app_init: ELF file SHA256:  5f50b0cad...[0m
[0;32mI (200) app_init: ESP-IDF:          HEAD-HASH-NOTFOUND[0m
[0;32mI (205) efuse_init: Min chip rev:     v0.0[0m
[0;32mI (209) efuse_init: Max chip rev:     v3.99 [0m
[0;32mI (213) efuse_init: Chip rev:         v3.1[0m
[0;32mI (217) heap_init: Initializing. RAM available for dynamic allocation:[0m
[0;32mI (223) heap_init: At 3FFAE6E0 len 00001920 (6 KiB): DRAM[0m
[0;32mI (228) heap_init: At 3FFB2CA8 len 0002D358 (180 KiB): DRAM[0m
[0;32mI (233) heap_init: At 3FFE0440 len 00003AE0 (14 KiB): D/IRAM[0m
[0;32mI (239) heap_init: At 3FFE4350 len 0001BCB0 (111 KiB): D/IRAM[0m
[0;32mI (244) heap_init: At 4008CFF8 len 00013008 (76 KiB): IRAM[0m
[0;33mW (251) spi_flash: Detected boya flash chip but using generic driver. For optimal functionality, enable `SPI_FLASH_SUPPORT_BOYA_CHIP` in menuconfig[0m
[0;32mI (263) spi_flash: detected chip: generic[0m
[0;32mI (266) spi_flash: flash io: dio[0m
[0;33mW (269) spi_flash: Detected size(4096k) larger than the size in the binary image header(2048k). Using the size in the binary image header.[0m
[0;32mI (282) main_task: Started on CPU0[0m
[0;32mI (292) main_task: Calling app_main()[0m
----Sorted insert test----
single linked list: 
added:44
added:26
added:94
added:0
added:25
list(first: 0)[0 25 26 44 94 ]


double linked list: 
added 85
added 91
added 40
added 53
added 81
list(first:40, last91 )[40 53 81 85 91 ]
----Removeing elements test----
single linked list: 
added:50
added:5
added:74
added:41
added:31
list(first: 5)[5 31 41 50 74 ]
removeing first element
list(first: 31)[31 41 50 74 ]
31 removed
removeing last element
list(first: 31)[31 41 50 ]
31 removed


double linked list: 
added 36
added 73
added 55
added 22
added 94
list(first:22, last94 )[22 36 55 73 94 ]
removeing first element
list(first:36, last94 )[36 55 73 94 ]
36 removed
removing last element
list(first:36, last73 )[36 55 73 ]
36 removed
----Remove from empty list----
remove from empty sll
remove first: -2147483648
remove last: -2147483648
remove from empty dll
remove first: -2147483648
remove last: -2147483648


----Adding duplicate values----
single linked list: 
added:1
added:1
list(first: 1)[1 1 ]
double linked list: 
added 1
added 1
list(first:1, last1 )[1 1 ]


----Adding values to beginning----
single linked list: 
added:1
added:1
added:0
list(first: 0)[0 1 1 ]
double linked list: 
added 1
added 1
added 0
list(first:0, last1 )[0 1 1 ]


----Adding values to end----
single linked list: 
added:3
list(first: 0)[0 1 1 3 ]
double linked list: 
added 3
list(first:0, last3 )[0 1 1 3 ]


 ----Removeing only element----single linked list: 
added:1
list(first: 1)[1 ]
removeing first element
Guru Meditation Error: Core  0 panic'ed (LoadProhibited). Exception was unhandled.

Core  0 register dump:
PC      : 0x400d636d  PS      : 0x00060530  A0      : 0x800d63a8  A1      : 0x3ffb3f00  
A2      : 0x3ffb3f40  A3      : 0x00000001  A4      : 0x3ffb3be0  A5      : 0x3f403835  
A6      : 0x00000021  A7      : 0x00000000  A8      : 0x800d87c2  A9      : 0x3ffb3ec0  
A10     : 0x0000000a  A11     : 0x3f403860  A12     : 0x00000001  A13     : 0x3f40385b  
A14     : 0x00000001  A15     : 0x3ffaea38  SAR     : 0x0000001d  EXCCAUSE: 0x0000001c  
EXCVADDR: 0x00000000  LBEG    : 0x400014fd  LEND    : 0x4000150d  LCOUNT  : 0xfffffff9  


Backtrace: 0x400d636a:0x3ffb3f00 0x400d63a5:0x3ffb3f20 0x400d62d3:0x3ffb3f40 0x400d631d:0x3ffb3f70 0x400e3389:0x3ffb3fa0 0x40085d35:0x3ffb3fd0




ELF file SHA256: 5f50b0cad

Rebooting...
ets Jul 29 2019 12:21:46

rst:0xc (SW_CPU_RESET),boot:0x13 (SPI_FAST_FLASH_BOOT)
configsip: 0, SPIWP:0xee
clk_drv:0x00,q_drv:0x00,d_drv:0x00,cs0_drv:0x00,hd_drv:0x00,wp_drv:0x00
mode:DIO, clock div:2
load:0x3fff0030,len:6380
ho 0 tail 12 room 4
load:0x40078000,len:15916
load:0x40080400,len:3860
entry 0x40080638
[0;32mI (29) boot: ESP-IDF HEAD-HASH-NOTFOUND 2nd stage bootloader[0m
[0;32mI (29) boot: compile time Oct  8 2025 00:30:29[0m
[0;32mI (29) boot: Multicore bootloader[0m
[0;32mI (32) boot: chip revision: v3.1[0m
[0;32mI (34) boot.esp32: SPI Speed      : 40MHz[0m
[0;32mI (38) boot.esp32: SPI Mode       : DIO[0m
[0;32mI (42) boot.esp32: SPI Flash Size : 2MB[0m
[0;32mI (45) boot: Enabling RNG early entropy source...[0m
[0;32mI (50) boot: Partition Table:[0m
[0;32mI (52) boot: ## Label            Usage          Type ST Offset   Length[0m
[0;32mI (59) boot:  0 nvs              WiFi data        01 02 00009000 00006000[0m
[0;32mI (65) boot:  1 phy_init         RF data          01 01 0000f000 00001000[0m
[0;32mI (72) boot:  2 factory          factory app      00 00 00010000 00100000[0m
[0;32mI (78) boot: End of partition table[0m
[0;32mI (82) esp_image: segment 0: paddr=00010020 vaddr=3f400020 size=09c18h ( 39960) map[0m
[0;32mI (103) esp_image: segment 1: paddr=00019c40 vaddr=3ffb0000 size=023d8h (  9176) load[0m
[0;32mI (106) esp_image: segment 2: paddr=0001c020 vaddr=40080000 size=03ff8h ( 16376) load[0m
[0;32mI (113) esp_image: segment 3: paddr=00020020 vaddr=400d0020 size=13a70h ( 80496) map[0m
[0;32mI (142) esp_image: segment 4: paddr=00033a98 vaddr=40083ff8 size=09000h ( 36864) load[0m
[0;32mI (156) esp_image: segment 5: paddr=0003caa0 vaddr=50000000 size=00020h (    32) load[0m
[0;32mI (163) boot: Loaded app from partition at offset 0x10000[0m
[0;32mI (163) boot: Disabling RNG early entropy source...[0m
[0;32mI (174) cpu_start: Multicore app[0m
[0;32mI (183) cpu_start: Pro cpu start user code[0m
[0;32mI (183) cpu_start: cpu freq: 160000000 Hz[0m
[0;32mI (183) app_init: Application information:[0m
[0;32mI (183) app_init: Project name:     lab4[0m
[0;32mI (186) app_init: App version:      2c3774c-dirty[0m
[0;32mI (191) app_init: Compile time:     Oct  8 2025 09:46:24[0m
[0;32mI (196) app_init: ELF file SHA256:  5f50b0cad...[0m
[0;32mI (200) app_init: ESP-IDF:          HEAD-HASH-NOTFOUND[0m
[0;32mI (205) efuse_init: Min chip rev:     v0.0[0m
[0;32mI (209) efuse_init: Max chip rev:     v3.99 [0m
[0;32mI (213) efuse_init: Chip rev:         v3.1[0m
[0;32mI (217) heap_init: Initializing. RAM available for dynamic allocation:[0m
[0;32mI (223) heap_init: At 3FFAE6E0 len 00001920 (6 KiB): DRAM[0m
[0;32mI (228) heap_init: At 3FFB2CA8 len 0002D358 (180 KiB): DRAM[0m
[0;32mI (233) heap_init: At 3FFE0440 len 00003AE0 (14 KiB): D/IRAM[0m
[0;32mI (239) heap_init: At 3FFE4350 len 0001BCB0 (111 KiB): D/IRAM[0m
[0;32mI (244) heap_init: At 4008CFF8 len 00013008 (76 KiB): IRAM[0m
[0;33mW (251) spi_flash: Detected boya flash chip but using generic driver. For optimal functionality, enable `SPI_FLASH_SUPPORT_BOYA_CHIP` in menuconfig[0m
[0;32mI (263) spi_flash: detected chip: generic[0m
[0;32mI (266) spi_flash: flash io: dio[0m
[0;33mW (269) spi_flash: Detected size(4096k) larger than the size in the binary image header(2048k). Using the size in the binary image header.[0m
[0;32mI (282) main_task: Started on CPU0[0m
[0;32mI (292) main_task: Calling app_main()[0m
----Sorted insert test----
single linked list: 
added:50
added:22
added:24
added:82
added:62
list(first: 22)[22 24 50 62 82 ]


double linked list: 
added 4
added 42
added 85
added 62
added 49
list(first:4, last85 )[4 42 49 62 85 ]
----Removeing elements test----
single linked list: 
added:15
added:28
added:74
added:79
added:59
list(first: 15)[15 28 59 74 79 ]
removeing first element
list(first: 28)[28 59 74 79 ]
28 removed
removeing last element
list(first: 28)[28 59 74 ]
28 removed


double linked list: 
added 65
added 75
added 63
added 27
added 92
list(first:27, last92 )[27 63 65 75 92 ]
removeing first element
list(first:63, last92 )[63 65 75 92 ]
63 removed
removing last element
list(first:63, last75 )[63 65 75 ]
63 removed
----Remove from empty list----
remove from empty sll
remove first: -2147483648
remove last: -2147483648
remove from empty dll
remove first: -2147483648
remove last: -2147483648


----Adding duplicate values----
single linked list: 
added:1
added:1
list(first: 1)[1 1 ]
double linked list: 
added 1
added 1
list(first:1, last1 )[1 1 ]


----Adding values to beginning----
single linked list: 
added:1
added:1
added:0
list(first: 0)[0 1 1 ]
double linked list: 
added 1
added 1
added 0
list(first:0, last1 )[0 1 1 ]


----Adding values to end----
single linked list: 
added:3
list(first: 0)[0 1 1 3 ]
double linked list: 
added 3
list(first:0, last3 )[0 1 1 3 ]


 ----Removeing only element----single linked list: 
added:1
list(first: 1)[1 ]
removeing first element
Guru Meditation Error: Core  0 panic'ed (LoadProhibited). Exception was unhandled.

Core  0 register dump:
PC      : 0x400d636d  PS      : 0x00060530  A0      : 0x800d63a8  A1      : 0x3ffb3f00  
A2      : 0x3ffb3f40  A3      : 0x00000001  A4      : 0x3ffb3be0  A5      : 0x3f403835  
A6      : 0x00000021  A7      : 0x00000000  A8      : 0x800d87c2  A9      : 0x3ffb3ec0  
A10     : 0x0000000a  A11     : 0x3f403860  A12     : 0x00000001  A13     : 0x3f40385b  
A14     : 0x00000001  A15     : 0x3ffaea38  SAR     : 0x0000001d  EXCCAUSE: 0x0000001c  
EXCVADDR: 0x00000000  LBEG    : 0x400014fd  LEND    : 0x4000150d  LCOUNT  : 0xfffffff9  


Backtrace: 0x400d636a:0x3ffb3f00 0x400d63a5:0x3ffb3f20 0x400d62d3:0x3ffb3f40 0x400d631d:0x3ffb3f70 0x400e3389:0x3ffb3fa0 0x40085d35:0x3ffb3fd0




ELF file SHA256: 5f50b0cad

Rebooting...
ets Jul 29 2019 12:21:46

rst:0xc (SW_CPU_RESET),boot:0x13 (SPI_FAST_FLASH_BOOT)
configsip: 0, SPIWP:0xee
clk_drv:0x00,q_drv:0x00,d_drv:0x00,cs0_drv:0x00,hd_drv:0x00,wp_drv:0x00
mode:DIO, clock div:2
load:0x3fff0030,len:6380
ho 0 tail 12 room 4
load:0x40078000,len:15916
load:0x40080400,len:3860
entry 0x40080638
[0;32mI (29) boot: ESP-IDF HEAD-HASH-NOTFOUND 2nd stage bootloader[0m
[0;32mI (29) boot: compile time Oct  8 2025 00:30:29[0m
[0;32mI (29) boot: Multicore bootloader[0m
[0;32mI (32) boot: chip revision: v3.1[0m
[0;32mI (34) boot.esp32: SPI Speed      : 40MHz[0m
[0;32mI (38) boot.esp32: SPI Mode       : DIO[0m
[0;32mI (42) boot.esp32: SPI Flash Size : 2MB[0m
[0;32mI (45) boot: Enabling RNG early entropy source...[0m
[0;32mI (50) boot: Partition Table:[0m
[0;32mI (52) boot: ## Label            Usage          Type ST Offset   Length[0m
[0;32mI (59) boot:  0 nvs              WiFi data        01 02 00009000 00006000[0m
[0;32mI (65) boot:  1 phy_init         RF data          01 01 0000f000 00001000[0m
[0;32mI (72) boot:  2 factory          factory app      00 00 00010000 00100000[0m
[0;32mI (78) boot: End of partition table[0m
[0;32mI (82) esp_image: segment 0: paddr=00010020 vaddr=3f400020 size=09c18h ( 39960) map[0m
[0;32mI (103) esp_image: segment 1: paddr=00019c40 vaddr=3ffb0000 size=023d8h (  9176) load[0m
[0;32mI (106) esp_image: segment 2: paddr=0001c020 vaddr=40080000 size=03ff8h ( 16376) load[0m
[0;32mI (113) esp_image: segment 3: paddr=00020020 vaddr=400d0020 size=13a70h ( 80496) map[0m
[0;32mI (142) esp_image: segment 4: paddr=00033a98 vaddr=40083ff8 size=09000h ( 36864) load[0m
[0;32mI (156) esp_image: segment 5: paddr=0003caa0 vaddr=50000000 size=00020h (    32) load[0m
[0;32mI (163) boot: Loaded app from partition at offset 0x10000[0m
[0;32mI (163) boot: Disabling RNG early entropy source...[0m
[0;32mI (174) cpu_start: Multicore app[0m
[0;32mI (183) cpu_start: Pro cpu start user code[0m
[0;32mI (183) cpu_start: cpu freq: 160000000 Hz[0m
[0;32mI (183) app_init: Application information:[0m
[0;32mI (183) app_init: Project name:     lab4[0m
[0;32mI (186) app_init: App version:      2c3774c-dirty[0m
[0;32mI (191) app_init: Compile time:     Oct  8 2025 09:46:24[0m
[0;32mI (196) app_init: ELF file SHA256:  5f50b0cad...[0m
[0;32mI (200) app_init: ESP-IDF:          HEAD-HASH-NOTFOUND[0m
[0;32mI (205) efuse_init: Min chip rev:     v0.0[0m
[0;32mI (209) efuse_init: Max chip rev:     v3.99 [0m
[0;32mI (213) efuse_init: Chip rev:         v3.1[0m
[0;32mI (217) heap_init: Initializing. RAM available for dynamic allocation:[0m
[0;32mI (223) heap_init: At 3FFAE6E0 len 00001920 (6 KiB): DRAM[0m
[0;32mI (228) heap_init: At 3FFB2CA8 len 0002D358 (180 KiB): DRAM[0m
[0;32mI (233) heap_init: At 3FFE0440 len 00003AE0 (14 KiB): D/IRAM[0m
[0;32mI (239) heap_init: At 3FFE4350 len 0001BCB0 (111 KiB): D/IRAM[0m
[0;32mI (244) heap_init: At 4008CFF8 len 00013008 (76 KiB): IRAM[0m
[0;33mW (251) spi_flash: Detected boya flash chip but using generic driver. For optimal functionality, enable `SPI_FLASH_SUPPORT_BOYA_CHIP` in menuconfig[0m
[0;32mI (263) spi_flash: detected chip: generic[0m
[0;32mI (266) spi_flash: flash io: dio[0m
[0;33mW (269) spi_flash: Detected size(4096k) larger than the size in the binary image header(2048k). Using the size in the binary image header.[0m
[0;32mI (282) main_task: Started on CPU0[0m
[0;32mI (292) main_task: Calling app_main()[0m
----Sorted insert test----
single linked list: 
added:83
added:77
added:47
added:1
added:65
list(first: 1)[1 47 65 77 83 ]


double linked list: 
added 40
added 6
added 96
added 56
added 93
list(first:6, last96 )[6 40 56 93 96 ]
----Removeing elements test----
single linked list: 
added:30
added:68
added:48
added:44
added:33
list(first: 30)[30 33 44 48 68 ]
removeing first element
list(first: 33)[33 44 48 68 ]
33 removed
removeing last element
list(first: 33)[33 44 48 ]
33 removed


double linked list: 
added 99
added 91
added 32
added 21
added 20
list(first:20, last99 )[20 21 32 91 99 ]
removeing first element
list(first:21, last99 )[21 32 91 99 ]
21 removed
removing last element
list(first:21, last91 )[21 32 91 ]
21 removed
----Remove from empty list----
remove from empty sll
remove first: -2147483648
remove last: -2147483648
remove from empty dll
remove first: -2147483648
remove last: -2147483648


----Adding duplicate values----
single linked list: 
added:1
added:1
list(first: 1)[1 1 ]
double linked list: 
added 1
added 1
list(first:1, last1 )[1 1 ]


----Adding values to beginning----
single linked list: 
added:1
added:1
added:0
list(first: 0)[0 1 1 ]
double linked list: 
added 1
added 1
added 0
list(first:0, last1 )[0 1 1 ]


----Adding values to end----
single linked list: 
added:3
list(first: 0)[0 1 1 3 ]
double linked list: 
added 3
list(first:0, last3 )[0 1 1 3 ]


 ----Removeing only element----single linked list: 
added:1
list(first: 1)[1 ]
removeing first element
Guru Meditation Error: Core  0 panic'ed (LoadProhibited). Exception was unhandled.

Core  0 register dump:
PC      : 0x400d636d  PS      : 0x00060530  A0      : 0x800d63a8  A1      : 0x3ffb3f00  
A2      : 0x3ffb3f40  A3      : 0x00000001  A4      : 0x3ffb3be0  A5      : 0x3f403835  
A6      : 0x00000021  A7      : 0x00000000  A8      : 0x800d87c2  A9      : 0x3ffb3ec0  
A10     : 0x0000000a  A11     : 0x3f403860  A12     : 0x00000001  A13     : 0x3f40385b  
A14     : 0x00000001  A15     : 0x3ffaea38  SAR     : 0x0000001d  EXCCAUSE: 0x0000001c  
EXCVADDR: 0x00000000  LBEG    : 0x400014fd  LEND    : 0x4000150d  LCOUNT  : 0xfffffff9  


Backtrace: 0x400d636a:0x3ffb3f00 0x400d63a5:0x3ffb3f20 0x400d62d3:0x3ffb3f40 0x400d631d:0x3ffb3f70 0x400e3389:0x3ffb3fa0 0x40085d35:0x3ffb3fd0




ELF file SHA256: 5f50b0cad

Rebooting...
ets Jul 29 2019 12:21:46

rst:0xc (SW_CPU_RESET),boot:0x13 (SPI_FAST_FLASH_BOOT)
configsip: 0, SPIWP:0xee
clk_drv:0x00,q_drv:0x00,d_drv:0x00,cs0_drv:0x00,hd_drv:0x00,wp_drv:0x00
mode:DIO, clock div:2
load:0x3fff0030,len:6380
ho 0 tail 12 room 4
load:0x40078000,len:15916
load:0x40080400,len:3860
entry 0x40080638
[0;32mI (29) boot: ESP-IDF HEAD-HASH-NOTFOUND 2nd stage bootloader[0m
[0;32mI (29) boot: compile time Oct  8 2025 00:30:29[0m
[0;32mI (29) boot: Multicore bootloader[0m
[0;32mI (32) boot: chip revision: v3.1[0m
[0;32mI (34) boot.esp32: SPI Speed      : 40MHz[0m
[0;32mI (38) boot.esp32: SPI Mode       : DIO[0m
[0;32mI (42) boot.esp32: SPI Flash Size : 2MB[0m
[0;32mI (45) boot: Enabling RNG early entropy source...[0m
[0;32mI (50) boot: Partition Table:[0m
[0;32mI (52) boot: ## Label            Usage          Type ST Offset   Length[0m
[0;32mI (59) boot:  0 nvs              WiFi data        01 02 00009000 00006000[0m
[0;32mI (65) boot:  1 phy_init         RF data          01 01 0000f000 00001000[0m
[0;32mI (72) boot:  2 factory          factory app      00 00 00010000 00100000[0m
[0;32mI (78) boot: End of partition table[0m
[0;32mI (82) esp_image: segment 0: paddr=00010020 vaddr=3f400020 size=09c18h ( 39960) map[0m
[0;32mI (103) esp_image: segment 1: paddr=00019c40 vaddr=3ffb0000 size=023d8h (  9176) load[0m
[0;32mI (106) esp_image: segment 2: paddr=0001c020 vaddr=40080000 size=03ff8h ( 16376) load[0m
[0;32mI (113) esp_image: segment 3: paddr=00020020 vaddr=400d0020 size=13a70h ( 80496) map[0m
[0;32mI (142) esp_image: segment 4: paddr=00033a98 vaddr=40083ff8 size=09000h ( 36864) load[0m
[0;32mI (156) esp_image: segment 5: paddr=0003caa0 vaddr=50000000 size=00020h (    32) load[0m
[0;32mI (163) boot: Loaded app from partition at offset 0x10000[0m
[0;32mI (163) boot: Disabling RNG early entropy source...[0m
[0;32mI (174) cpu_start: Multicore app[0m
[0;32mI (183) cpu_start: Pro cpu start user code[0m
[0;32mI (183) cpu_start: cpu freq: 160000000 Hz[0m
[0;32mI (183) app_init: Application information:[0m
[0;32mI (183) app_init: Project name:     lab4[0m
[0;32mI (186) app_init: App version:      2c3774c-dirty[0m
[0;32mI (191) app_init: Compile time:     Oct  8 2025 09:46:24[0m
[0;32mI (196) app_init: ELF file SHA256:  5f50b0cad...[0m
[0;32mI (200) app_init: ESP-IDF:          HEAD-HASH-NOTFOUND[0m
[0;32mI (205) efuse_init: Min chip rev:     v0.0[0m
[0;32mI (209) efuse_init: Max chip rev:     v3.99 [0m
[0;32mI (213) efuse_init: Chip rev:         v3.1[0m
[0;32mI (217) heap_init: Initializing. RAM available for dynamic allocation:[0m
[0;32mI (223) heap_init: At 3FFAE6E0 len 00001920 (6 KiB): DRAM[0m
[0;32mI (228) heap_init: At 3FFB2CA8 len 0002D358 (180 KiB): DRAM[0m
[0;32mI (233) heap_init: At 3FFE0440 len 00003AE0 (14 KiB): D/IRAM[0m
[0;32mI (239) heap_init: At 3FFE4350 len 0001BCB0 (111 KiB): D/IRAM[0m
[0;32mI (244) heap_init: At 4008CFF8 len 00013008 (76 KiB): IRAM[0m
[0;33mW (251) spi_flash: Detected boya flash chip but using generic driver. For optimal functionality, enable `SPI_FLASH_SUPPORT_BOYA_CHIP` in menuconfig[0m
[0;32mI (263) spi_flash: detected chip: generic[0m
[0;32mI (266) spi_flash: flash io: dio[0m
[0;33mW (269) spi_flash: Detected size(4096k) larger than the size in the binary image header(2048k). Using the size in the binary image header.[0m
[0;32mI (282) main_task: Started on CPU0[0m
[0;32mI (292) main_task: Calling app_main()[0m
----Sorted insert test----
single linked list: 
added:4
added:68
added:10
added:54
added:59
list(first: 4)[4 10 54 59 68 ]


double linked list: 
added 81
added 16
added 20
added 49
added 70
list(first:16, last81 )[16 20 49 70 81 ]
----Removeing elements test----
single linked list: 
added:66
added:68
added:51
added:74
added:79
list(first: 51)[51 66 68 74 79 ]
removeing first element
list(first: 66)[66 68 74 79 ]
66 removed
removeing last element
list(first: 66)[66 68 74 ]
66 removed


double linked list: 
added 40
added 90
added 41
added 96
added 93
list(first:40, last96 )[40 41 90 93 96 ]
removeing first element
list(first:41, last96 )[41 90 93 96 ]
41 removed
removing last element
list(first:41, last93 )[41 90 93 ]
41 removed
----Remove from empty list----
remove from empty sll
remove first: -2147483648
remove last: -2147483648
remove from empty dll
remove first: -2147483648
remove last: -2147483648


----Adding duplicate values----
single linked list: 
added:1
added:1
list(first: 1)[1 1 ]
double linked list: 
added 1
added 1
list(first:1, last1 )[1 1 ]


----Adding values to beginning----
single linked list: 
added:1
added:1
added:0
list(first: 0)[0 1 1 ]
double linked list: 
added 1
added 1
added 0
list(first:0, last1 )[0 1 1 ]


----Adding values to end----
single linked list: 
added:3
list(first: 0)[0 1 1 3 ]
double linked list: 
added 3
list(first:0, last3 )[0 1 1 3 ]


 ----Removeing only element----single linked list: 
added:1
list(first: 1)[1 ]
removeing first element
Guru Meditation Error: Core  0 panic'ed (LoadProhibited). Exception was unhandled.

Core  0 register dump:
PC      : 0x400d636d  PS      : 0x00060530  A0      : 0x800d63a8  A1      : 0x3ffb3f00  
A2      : 0x3ffb3f40  A3      : 0x00000001  A4      : 0x3ffb3be0  A5      : 0x3f403835  
A6      : 0x00000021  A7      : 0x00000000  A8      : 0x800d87c2  A9      : 0x3ffb3ec0  
A10     : 0x0000000a  A11     : 0x3f403860  A12     : 0x00000001  A13     : 0x3f40385b  
A14     : 0x00000001  A15     : 0x3ffaea38  SAR     : 0x0000001d  EXCCAUSE: 0x0000001c  
EXCVADDR: 0x00000000  LBEG    : 0x400014fd  LEND    : 0x4000150d  LCOUNT  : 0xfffffff9  


Backtrace: 0x400d636a:0x3ffb3f00 0x400d63a5:0x3ffb3f20 0x400d62d3:0x3ffb3f40 0x400d631d:0x3ffb3f70 0x400e3389:0x3ffb3fa0 0x40085d35:0x3ffb3fd0




ELF file SHA256: 5f50b0cad

Rebooting...
ets Jul 29 2019 12:21:46

rst:0xc (SW_CPU_RESET),boot:0x13 (SPI_FAST_FLASH_BOOT)
configsip: 0, SPIWP:0xee
clk_drv:0x00,q_drv:0x00,d_drv:0x00,cs0_drv:0x00,hd_drv:0x00,wp_drv:0x00
mode:DIO, clock div:2
load:0x3fff0030,len:6380
ho 0 tail 12 room 4
load:0x40078000,len:15916
load:0x40080400,len:3860
entry 0x40080638
[0;32mI (29) boot: ESP-IDF HEAD-HASH-NOTFOUND 2nd stage bootloader[0m
[0;32mI (29) boot: compile time Oct  8 2025 00:30:29[0m
[0;32mI (29) boot: Multicore bootloader[0m
[0;32mI (32) boot: chip revision: v3.1[0m
[0;32mI (34) boot.esp32: SPI Speed      : 40MHz[0m
[0;32mI (38) boot.esp32: SPI Mode       : DIO[0m
[0;32mI (42) boot.esp32: SPI Flash Size : 2MB[0m
[0;32mI (45) boot: Enabling RNG early entropy source...[0m
[0;32mI (50) boot: Partition Table:[0m
[0;32mI (52) boot: ## Label            Usage          Type ST Offset   Length[0m
[0;32mI (59) boot:  0 nvs              WiFi data        01 02 00009000 00006000[0m
[0;32mI (65) boot:  1 phy_init         RF data          01 01 0000f000 00001000[0m
[0;32mI (72) boot:  2 factory          factory app      00 00 00010000 00100000[0m
[0;32mI (78) boot: End of partition table[0m
[0;32mI (82) esp_image: segment 0: paddr=00010020 vaddr=3f400020 size=09c18h ( 39960) map[0m
[0;32mI (103) esp_image: segment 1: paddr=00019c40 vaddr=3ffb0000 size=023d8h (  9176) load[0m
[0;32mI (106) esp_image: segment 2: paddr=0001c020 vaddr=40080000 size=03ff8h ( 16376) load[0m
[0;32mI (113) esp_image: segment 3: paddr=00020020 vaddr=400d0020 size=13a70h ( 80496) map[0m
[0;32mI (142) esp_image: segment 4: paddr=00033a98 vaddr=40083ff8 size=09000h ( 36864) load[0m
[0;32mI (156) esp_image: segment 5: paddr=0003caa0 vaddr=50000000 size=00020h (    32) load[0m
[0;32mI (163) boot: Loaded app from partition at offset 0x10000[0m
[0;32mI (163) boot: Disabling RNG early entropy source...[0m
[0;32mI (174) cpu_start: Multicore app[0m
[0;32mI (183) cpu_start: Pro cpu start user code[0m
[0;32mI (183) cpu_start: cpu freq: 160000000 Hz[0m
[0;32mI (183) app_init: Application information:[0m
[0;32mI (183) app_init: Project name:     lab4[0m
[0;32mI (186) app_init: App version:      2c3774c-dirty[0m
[0;32mI (191) app_init: Compile time:     Oct  8 2025 09:46:24[0m
[0;32mI (196) app_init: ELF file SHA256:  5f50b0cad...[0m
[0;32mI (200) app_init: ESP-IDF:          HEAD-HASH-NOTFOUND[0m
[0;32mI (205) efuse_init: Min chip rev:     v0.0[0m
[0;32mI (209) efuse_init: Max chip rev:     v3.99 [0m
[0;32mI (213) efuse_init: Chip rev:         v3.1[0m
[0;32mI (217) heap_init: Initializing. RAM available for dynamic allocation:[0m
[0;32mI (223) heap_init: At 3FFAE6E0 len 00001920 (6 KiB): DRAM[0m
[0;32mI (228) heap_init: At 3FFB2CA8 len 0002D358 (180 KiB): DRAM[0m
[0;32mI (233) heap_init: At 3FFE0440 len 00003AE0 (14 KiB): D/IRAM[0m
[0;32mI (239) heap_init: At 3FFE4350 len 0001BCB0 (111 KiB): D/IRAM[0m
[0;32mI (244) heap_init: At 4008CFF8 len 00013008 (76 KiB): IRAM[0m
[0;33mW (251) spi_flash: Detected boya flash chip but using generic driver. For optimal functionality, enable `SPI_FLASH_SUPPORT_BOYA_CHIP` in menuconfig[0m
[0;32mI (263) spi_flash: detected chip: generic[0m
[0;32mI (266) spi_flash: flash io: dio[0m
[0;33mW (269) spi_flash: Detected size(4096k) larger than the size in the binary image header(2048k). Using the size in the binary image header.[0m
[0;32mI (282) main_task: Started on CPU0[0m
[0;32mI (292) main_task: Calling app_main()[0m
----Sorted insert test----
single linked list: 
added:97
added:97
added:97
added:21
added:94
list(first: 21)[21 94 97 97 97 ]


double linked list: 
added 60
added 85
added 20
added 81
added 29
list(first:20, last85 )[20 29 60 81 85 ]
----Removeing elements test----
single linked list: 
added:23
added:20
added:17
added:5
added:9
list(first: 5)[5 9 17 20 23 ]
removeing first element
list(first: 9)[9 17 20 23 ]
9 removed
removeing last element
list(first: 9)[9 17 20 ]
9 removed


double linked list: 
added 98
added 65
added 51
added 90
added 58
list(first:51, last98 )[51 58 65 90 98 ]
removeing first element
list(first:58, last98 )[58 65 90 98 ]
58 removed
removing last element
list(first:58, last90 )[58 65 90 ]
58 removed
----Remove from empty list----
remove from empty sll
remove first: -2147483648
remove last: -2147483648
remove from empty dll
remove first: -2147483648
remove last: -2147483648


----Adding duplicate values----
single linked list: 
added:1
added:1
list(first: 1)[1 1 ]
double linked list: 
added 1
added 1
list(first:1, last1 )[1 1 ]


----Adding values to beginning----
single linked list: 
added:1
added:1
added:0
list(first: 0)[0 1 1 ]
double linked list: 
added 1
added 1
added 0
list(first:0, last1 )[0 1 1 ]


----Adding values to end----
single linked list: 
added:3
list(first: 0)[0 1 1 3 ]
double linked list: 
added 3
list(first:0, last3 )[0 1 1 3 ]


 ----Removeing only element----single linked list: 
added:1
list(first: 1)[1 ]
removeing first element
Guru Meditation Error: Core  0 panic'ed (LoadProhibited). Exception was unhandled.

Core  0 register dump:
PC      : 0x400d636d  PS      : 0x00060530  A0      : 0x800d63a8  A1      : 0x3ffb3f00  
A2      : 0x3ffb3f40  A3      : 0x00000001  A4      : 0x3ffb3be0  A5      : 0x3f403835  
A6      : 0x00000021  A7      : 0x00000000  A8      : 0x800d87c2  A9      : 0x3ffb3ec0  
A10     : 0x0000000a  A11     : 0x3f403860  A12     : 0x00000001  A13     : 0x3f40385b  
A14     : 0x00000001  A15     : 0x3ffaea38  SAR     : 0x0000001d  EXCCAUSE: 0x0000001c  
EXCVADDR: 0x00000000  LBEG    : 0x400014fd  LEND    : 0x4000150d  LCOUNT  : 0xfffffff9  


Backtrace: 0x400d636a:0x3ffb3f00 0x400d63a5:0x3ffb3f20 0x400d62d3:0x3ffb3f40 0x400d631d:0x3ffb3f70 0x400e3389:0x3ffb3fa0 0x40085d35:0x3ffb3fd0




ELF file SHA256: 5f50b0cad

Rebooting...
ets Jul 29 2019 12:21:46

rst:0xc (SW_CPU_RESET),boot:0x13 (SPI_FAST_FLASH_BOOT)
configsip: 0, SPIWP:0xee
clk_drv:0x00,q_drv:0x00,d_drv:0x00,cs0_drv:0x00,hd_drv:0x00,wp_drv:0x00
mode:DIO, clock div:2
load:0x3fff0030,len:6380
ho 0 tail 12 room 4
load:0x40078000,len:15916
load:0x40080400,len:3860
entry 0x40080638
[0;32mI (29) boot: ESP-IDF HEAD-HASH-NOTFOUND 2nd stage bootloader[0m
[0;32mI (29) boot: compile time Oct  8 2025 00:30:29[0m
[0;32mI (29) boot: Multicore bootloader[0m
[0;32mI (32) boot: chip revision: v3.1[0m
[0;32mI (34) boot.esp32: SPI Speed      : 40MHz[0m
[0;32mI (38) boot.esp32: SPI Mode       : DIO[0m
[0;32mI (42) boot.esp32: SPI Flash Size : 2MB[0m
[0;32mI (45) boot: Enabling RNG early entropy source...[0m
[0;32mI (50) boot: Partition Table:[0m
[0;32mI (52) boot: ## Label            Usage          Type ST Offset   Length[0m
[0;32mI (59) boot:  0 nvs              WiFi data        01 02 00009000 00006000[0m
[0;32mI (65) boot:  1 phy_init         RF data          01 01 0000f000 00001000[0m
[0;32mI (72) boot:  2 factory          factory app      00 00 00010000 00100000[0m
[0;32mI (78) boot: End of partition table[0m
[0;32mI (82) esp_image: segment 0: paddr=00010020 vaddr=3f400020 size=09c18h ( 39960) map[0m
[0;32mI (103) esp_image: segment 1: paddr=00019c40 vaddr=3ffb0000 size=023d8h (  9176) load[0m
[0;32mI (106) esp_image: segment 2: paddr=0001c020 vaddr=40080000 size=03ff8h ( 16376) load[0m
[0;32mI (113) esp_image: segment 3: paddr=00020020 vaddr=400d0020 size=13a70h ( 80496) map[0m
[0;32mI (142) esp_image: segment 4: paddr=00033a98 vaddr=40083ff8 size=09000h ( 36864) load[0m
[0;32mI (156) esp_image: segment 5: paddr=0003caa0 vaddr=50000000 size=00020h (    32) load[0m
[0;32mI (163) boot: Loaded app from partition at offset 0x10000[0m
[0;32mI (163) boot: Disabling RNG early entropy source...[0m
[0;32mI (174) cpu_start: Multicore app[0m
[0;32mI (183) cpu_start: Pro cpu start user code[0m
[0;32mI (183) cpu_start: cpu freq: 160000000 Hz[0m
[0;32mI (183) app_init: Application information:[0m
[0;32mI (183) app_init: Project name:     lab4[0m
[0;32mI (186) app_init: App version:      2c3774c-dirty[0m
[0;32mI (191) app_init: Compile time:     Oct  8 2025 09:46:24[0m
[0;32mI (196) app_init: ELF file SHA256:  5f50b0cad...[0m
[0;32mI (200) app_init: ESP-IDF:          HEAD-HASH-NOTFOUND[0m
[0;32mI (205) efuse_init: Min chip rev:     v0.0[0m
[0;32mI (209) efuse_init: Max chip rev:     v3.99 [0m
[0;32mI (213) efuse_init: Chip rev:         v3.1[0m
[0;32mI (217) heap_init: Initializing. RAM available for dynamic allocation:[0m
[0;32mI (223) heap_init: At 3FFAE6E0 len 00001920 (6 KiB): DRAM[0m
[0;32mI (228) heap_init: At 3FFB2CA8 len 0002D358 (180 KiB): DRAM[0m
[0;32mI (233) heap_init: At 3FFE0440 len 00003AE0 (14 KiB): D/IRAM[0m
[0;32mI (239) heap_init: At 3FFE4350 len 0001BCB0 (111 KiB): D/IRAM[0m
[0;32mI (244) heap_init: At 4008CFF8 len 00013008 (76 KiB): IRAM[0m
[0;33mW (251) spi_flash: Detected boya flash chip but using generic driver. For optimal functionality, enable `SPI_FLASH_SUPPORT_BOYA_CHIP` in menuconfig[0m
[0;32mI (263) spi_flash: detected chip: generic[0m
[0;32mI (266) spi_flash: flash io: dio[0m
[0;33mW (269) spi_flash: Detected size(4096k) larger than the size in the binary image header(2048k). Using the size in the binary image header.[0m
[0;32mI (282) main_task: Started on CPU0[0m
[0;32mI (292) main_task: Calling app_main()[0m
----Sorted insert test----
single linked list: 
added:16
added:84
added:39
added:29
added:64
list(first: 16)[16 29 39 64 84 ]


double linked list: 
added 50
added 27
added 29
added 61
added 36
list(first:27, last61 )[27 29 36 50 61 ]
----Removeing elements test----
single linked list: 
added:91
added:6
added:76
added:40
added:70
list(first: 6)[6 40 70 76 91 ]
removeing first element
list(first: 40)[40 70 76 91 ]
40 removed
removeing last element
list(first: 40)[40 70 76 ]
40 removed


double linked list: 
added 22
added 68
added 85
added 13
added 95
list(first:13, last95 )[13 22 68 85 95 ]
removeing first element
list(first:22, last95 )[22 68 85 95 ]
22 removed
removing last element
list(first:22, last85 )[22 68 85 ]
22 removed
----Remove from empty list----
remove from empty sll
remove first: -2147483648
remove last: -2147483648
remove from empty dll
remove first: -2147483648
remove last: -2147483648


----Adding duplicate values----
single linked list: 
added:1
added:1
list(first: 1)[1 1 ]
double linked list: 
added 1
added 1
list(first:1, last1 )[1 1 ]


----Adding values to beginning----
single linked list: 
added:1
added:1
added:0
list(first: 0)[0 1 1 ]
double linked list: 
added 1
added 1
added 0
list(first:0, last1 )[0 1 1 ]


----Adding values to end----
single linked list: 
added:3
list(first: 0)[0 1 1 3 ]
double linked list: 
added 3
list(first:0, last3 )[0 1 1 3 ]


 ----Removeing only element----single linked list: 
added:1
list(first: 1)[1 ]
removeing first element
Guru Meditation Error: Core  0 panic'ed (LoadProhibited). Exception was unhandled.

Core  0 register dump:
PC      : 0x400d636d  PS      : 0x00060530  A0      : 0x800d63a8  A1      : 0x3ffb3f00  
A2      : 0x3ffb3f40  A3      : 0x00000001  A4      : 0x3ffb3be0  A5      : 0x3f403835  
A6      : 0x00000021  A7      : 0x00000000  A8      : 0x800d87c2  A9      : 0x3ffb3ec0  
A10     : 0x0000000a  A11     : 0x3f403860  A12     : 0x00000001  A13     : 0x3f40385b  
A14     : 0x00000001  A15     : 0x3ffaea38  SAR     : 0x0000001d  EXCCAUSE: 0x0000001c  
EXCVADDR: 0x00000000  LBEG    : 0x400014fd  LEND    : 0x4000150d  LCOUNT  : 0xfffffff9  


Backtrace: 0x400d636a:0x3ffb3f00 0x400d63a5:0x3ffb3f20 0x400d62d3:0x3ffb3f40 0x400d631d:0x3ffb3f70 0x400e3389:0x3ffb3fa0 0x40085d35:0x3ffb3fd0




ELF file SHA256: 5f50b0cad

Rebooting...
ets Jul 29 2019 12:21:46

rst:0xc (SW_CPU_RESET),boot:0x13 (SPI_FAST_FLASH_BOOT)
configsip: 0, SPIWP:0xee
clk_drv:0x00,q_drv:0x00,d_drv:0x00,cs0_drv:0x00,hd_drv:0x00,wp_drv:0x00
mode:DIO, clock div:2
load:0x3fff0030,len:6380
ho 0 tail 12 room 4
load:0x40078000,len:15916
load:0x40080400,len:3860
entry 0x40080638
[0;32mI (29) boot: ESP-IDF HEAD-HASH-NOTFOUND 2nd stage bootloader[0m
[0;32mI (29) boot: compile time Oct  8 2025 00:30:29[0m
[0;32mI (29) boot: Multicore bootloader[0m
[0;32mI (32) boot: chip revision: v3.1[0m
[0;32mI (34) boot.esp32: SPI Speed      : 40MHz[0m
[0;32mI (38) boot.esp32: SPI Mode       : DIO[0m
[0;32mI (42) boot.esp32: SPI Flash Size : 2MB[0m
[0;32mI (45) boot: Enabling RNG early entropy source...[0m
[0;32mI (50) boot: Partition Table:[0m
[0;32mI (52) boot: ## Label            Usage          Type ST Offset   Length[0m
[0;32mI (59) boot:  0 nvs              WiFi data        01 02 00009000 00006000[0m
[0;32mI (65) boot:  1 phy_init         RF data          01 01 0000f000 00001000[0m
[0;32mI (72) boot:  2 factory          factory app      00 00 00010000 00100000[0m
[0;32mI (78) boot: End of partition table[0m
[0;32mI (82) esp_image: segment 0: paddr=00010020 vaddr=3f400020 size=09c18h ( 39960) map[0m
[0;32mI (103) esp_image: segment 1: paddr=00019c40 vaddr=3ffb0000 size=023d8h (  9176) load[0m
[0;32mI (106) esp_image: segment 2: paddr=0001c020 vaddr=40080000 size=03ff8h ( 16376) load[0m
[0;32mI (113) esp_image: segment 3: paddr=00020020 vaddr=400d0020 size=13a70h ( 80496) map[0m
[0;32mI (142) esp_image: segment 4: paddr=00033a98 vaddr=40083ff8 size=09000h ( 36864) load[0m
[0;32mI (156) esp_image: segment 5: paddr=0003caa0 vaddr=50000000 size=00020h (    32) load[0m
[0;32mI (163) boot: Loaded app from partition at offset 0x10000[0m
[0;32mI (163) boot: Disabling RNG early entropy source...[0m
[0;32mI (174) cpu_start: Multicore app[0m
[0;32mI (183) cpu_start: Pro cpu start user code[0m
[0;32mI (183) cpu_start: cpu freq: 160000000 Hz[0m
[0;32mI (183) app_init: Application information:[0m
[0;32mI (183) app_init: Project name:     lab4[0m
[0;32mI (186) app_init: App version:      2c3774c-dirty[0m
[0;32mI (191) app_init: Compile time:     Oct  8 2025 09:46:24[0m
[0;32mI (196) app_init: ELF file SHA256:  5f50b0cad...[0m
[0;32mI (200) app_init: ESP-IDF:          HEAD-HASH-NOTFOUND[0m
[0;32mI (205) efuse_init: Min chip rev:     v0.0[0m
[0;32mI (209) efuse_init: Max chip rev:     v3.99 [0m
[0;32mI (213) efuse_init: Chip rev:         v3.1[0m
[0;32mI (217) heap_init: Initializing. RAM available for dynamic allocation:[0m
[0;32mI (223) heap_init: At 3FFAE6E0 len 00001920 (6 KiB): DRAM[0m
[0;32mI (228) heap_init: At 3FFB2CA8 len 0002D358 (180 KiB): DRAM[0m
[0;32mI (233) heap_init: At 3FFE0440 len 00003AE0 (14 KiB): D/IRAM[0m
[0;32mI (239) heap_init: At 3FFE4350 len 0001BCB0 (111 KiB): D/IRAM[0m
[0;32mI (244) heap_init: At 4008CFF8 len 00013008 (76 KiB): IRAM[0m
[0;33mW (251) spi_flash: Detected boya flash chip but using generic driver. For optimal functionality, enable `SPI_FLASH_SUPPORT_BOYA_CHIP` in menuconfig[0m
[0;32mI (263) spi_flash: detected chip: generic[0m
[0;32mI (266) spi_flash: flash io: dio[0m
[0;33mW (269) spi_flash: Detected size(4096k) larger than the size in the binary image header(2048k). Using the size in the binary image header.[0m
[0;32mI (282) main_task: Started on CPU0[0m
[0;32mI (292) main_task: Calling app_main()[0m
----Sorted insert test----
single linked list: 
added:89
added:96
added:99
added:28
added:17
list(first: 17)[17 28 89 96 99 ]


double linked list: 
added 60
added 22
added 57
added 63
added 87
list(first:22, last87 )[22 57 60 63 87 ]
----Removeing elements test----
single linked list: 
added:89
added:41
added:66
added:61
added:89
list(first: 41)[41 61 66 89 89 ]
removeing first element
list(first: 61)[61 66 89 89 ]
61 removed
removeing last element
list(first: 61)[61 66 89 ]
61 removed


double linked list: 
added 94
added 0
added 68
added 90
added 45
list(first:0, last94 )[0 45 68 90 94 ]
removeing first element
list(first:45, last94 )[45 68 90 94 ]
45 removed
removing last element
list(first:45, last90 )[45 68 90 ]
45 removed
----Remove from empty list----
remove from empty sll
remove first: -2147483648
remove last: -2147483648
remove from empty dll
remove first: -2147483648
remove last: -2147483648


----Adding duplicate values----
single linked list: 
added:1
added:1
list(first: 1)[1 1 ]
double linked list: 
added 1
added 1
list(first:1, last1 )[1 1 ]


----Adding values to beginning----
single linked list: 
added:1
added:1
added:0
list(first: 0)[0 1 1 ]
double linked list: 
added 1
added 1
added 0
list(first:0, last1 )[0 1 1 ]


----Adding values to end----
single linked list: 
added:3
list(first: 0)[0 1 1 3 ]
double linked list: 
added 3
list(first:0, last3 )[0 1 1 3 ]


 ----Removeing only element----single linked list: 
added:1
list(first: 1)[1 ]
removeing first element
Guru Meditation Error: Core  0 panic'ed (LoadProhibited). Exception was unhandled.

Core  0 register dump:
PC      : 0x400d636d  PS      : 0x00060530  A0      : 0x800d63a8  A1      : 0x3ffb3f00  
A2      : 0x3ffb3f40  A3      : 0x00000001  A4      : 0x3ffb3be0  A5      : 0x3f403835  
A6      : 0x00000021  A7      : 0x00000000  A8      : 0x800d87c2  A9      : 0x3ffb3ec0  
A10     : 0x0000000a  A11     : 0x3f403860  A12     : 0x00000001  A13     : 0x3f40385b  
A14     : 0x00000001  A15     : 0x3ffaea38  SAR     : 0x0000001d  EXCCAUSE: 0x0000001c  
EXCVADDR: 0x00000000  LBEG    : 0x400014fd  LEND    : 0x4000150d  LCOUNT  : 0xfffffff9  


Backtrace: 0x400d636a:0x3ffb3f00 0x400d63a5:0x3ffb3f20 0x400d62d3:0x3ffb3f40 0x400d631d:0x3ffb3f70 0x400e3389:0x3ffb3fa0 0x40085d35:0x3ffb3fd0




ELF file SHA256: 5f50b0cad

Rebooting...
ets Jul 29 2019 12:21:46

rst:0xc (SW_CPU_RESET),boot:0x13 (SPI_FAST_FLASH_BOOT)
configsip: 0, SPIWP:0xee
clk_drv:0x00,q_drv:0x00,d_drv:0x00,cs0_drv:0x00,hd_drv:0x00,wp_drv:0x00
mode:DIO, clock div:2
load:0x3fff0030,len:6380
ho 0 tail 12 room 4
load:0x40078000,len:15916
load:0x40080400,len:3860
entry 0x40080638
[0;32mI (29) boot: ESP-IDF HEAD-HASH-NOTFOUND 2nd stage bootloader[0m
[0;32mI (29) boot: compile time Oct  8 2025 00:30:29[0m
[0;32mI (29) boot: Multicore bootloader[0m
[0;32mI (32) boot: chip revision: v3.1[0m
[0;32mI (34) boot.esp32: SPI Speed      : 40MHz[0m
[0;32mI (38) boot.esp32: SPI Mode       : DIO[0m
[0;32mI (42) boot.esp32: SPI Flash Size : 2MB[0m
[0;32mI (45) boot: Enabling RNG early entropy source...[0m
[0;32mI (50) boot: Partition Table:[0m
[0;32mI (52) boot: ## Label            Usage          Type ST Offset   Length[0m
[0;32mI (59) boot:  0 nvs              WiFi data        01 02 00009000 00006000[0m
[0;32mI (65) boot:  1 phy_init         RF data          01 01 0000f000 00001000[0m
[0;32mI (72) boot:  2 factory          factory app      00 00 00010000 00100000[0m
[0;32mI (78) boot: End of partition table[0m
[0;32mI (82) esp_image: segment 0: paddr=00010020 vaddr=3f400020 size=09c18h ( 39960) map[0m
[0;32mI (103) esp_image: segment 1: paddr=00019c40 vaddr=3ffb0000 size=023d8h (  9176) load[0m
[0;32mI (106) esp_image: segment 2: paddr=0001c020 vaddr=40080000 size=03ff8h ( 16376) load[0m
[0;32mI (113) esp_image: segment 3: paddr=00020020 vaddr=400d0020 size=13a70h ( 80496) map[0m
[0;32mI (142) esp_image: segment 4: paddr=00033a98 vaddr=40083ff8 size=09000h ( 36864) load[0m
[0;32mI (156) esp_image: segment 5: paddr=0003caa0 vaddr=50000000 size=00020h (    32) load[0m
[0;32mI (163) boot: Loaded app from partition at offset 0x10000[0m
[0;32mI (163) boot: Disabling RNG early entropy source...[0m
[0;32mI (174) cpu_start: Multicore app[0m
[0;32mI (183) cpu_start: Pro cpu start user code[0m
[0;32mI (183) cpu_start: cpu freq: 160000000 Hz[0m
[0;32mI (183) app_init: Application information:[0m
[0;32mI (183) app_init: Project name:     lab4[0m
[0;32mI (186) app_init: App version:      2c3774c-dirty[0m
[0;32mI (191) app_init: Compile time:     Oct  8 2025 09:46:24[0m
[0;32mI (196) app_init: ELF file SHA256:  5f50b0cad...[0m
[0;32mI (200) app_init: ESP-IDF:          HEAD-HASH-NOTFOUND[0m
[0;32mI (205) efuse_init: Min chip rev:     v0.0[0m
[0;32mI (209) efuse_init: Max chip rev:     v3.99 [0m
[0;32mI (213) efuse_init: Chip rev:         v3.1[0m
[0;32mI (217) heap_init: Initializing. RAM available for dynamic allocation:[0m
[0;32mI (223) heap_init: At 3FFAE6E0 len 00001920 (6 KiB): DRAM[0m
[0;32mI (228) heap_init: At 3FFB2CA8 len 0002D358 (180 KiB): DRAM[0m
[0;32mI (233) heap_init: At 3FFE0440 len 00003AE0 (14 KiB): D/IRAM[0m
[0;32mI (239) heap_init: At 3FFE4350 len 0001BCB0 (111 KiB): D/IRAM[0m
[0;32mI (244) heap_init: At 4008CFF8 len 00013008 (76 KiB): IRAM[0m
[0;33mW (251) spi_flash: Detected boya flash chip but using generic driver. For optimal functionality, enable `SPI_FLASH_SUPPORT_BOYA_CHIP` in menuconfig[0m
[0;32mI (263) spi_flash: detected chip: generic[0m
[0;32mI (266) spi_flash: flash io: dio[0m
[0;33mW (269) spi_flash: Detected size(4096k) larger than the size in the binary image header(2048k). Using the size in the binary image header.[0m
[0;32mI (282) main_task: Started on CPU0[0m
[0;32mI (292) main_task: Calling app_main()[0m
----Sorted insert test----
single linked list: 
added:98
added:73
added:63
added:9
added:13
list(first: 9)[9 13 63 73 98 ]


double linked list: 
added 51
added 29
added 82
added 2
added 99
list(first:2, last99 )[2 29 51 82 99 ]
----Removeing elements test----
single linked list: 
added:41
added:63
added:44
added:3
added:15
list(first: 3)[3 15 41 44 63 ]
removeing first element
list(first: 15)[15 41 44 63 ]
15 removed
removeing last element
list(first: 15)[15 41 44 ]
15 removed


double linked list: 
added 50
added 99
added 78
added 55
added 17
list(first:17, last99 )[17 50 55 78 99 ]
removeing first element
list(first:50, last99 )[50 55 78 99 ]
50 removed
removing last element
list(first:50, last78 )[50 55 78 ]
50 removed
----Remove from empty list----
remove from empty sll
remove first: -2147483648
remove last: -2147483648
remove from empty dll
remove first: -2147483648
remove last: -2147483648


----Adding duplicate values----
single linked list: 
added:1
added:1
list(first: 1)[1 1 ]
double linked list: 
added 1
added 1
list(first:1, last1 )[1 1 ]


----Adding values to beginning----
single linked list: 
added:1
added:1
added:0
list(first: 0)[0 1 1 ]
double linked list: 
added 1
added 1
added 0
list(first:0, last1 )[0 1 1 ]


----Adding values to end----
single linked list: 
added:3
list(first: 0)[0 1 1 3 ]
double linked list: 
added 3
list(first:0, last3 )[0 1 1 3 ]


 ----Removeing only element----single linked list: 
added:1
list(first: 1)[1 ]
removeing first element
Guru Meditation Error: Core  0 panic'ed (LoadProhibited). Exception was unhandled.

Core  0 register dump:
PC      : 0x400d636d  PS      : 0x00060530  A0      : 0x800d63a8  A1      : 0x3ffb3f00  
A2      : 0x3ffb3f40  A3      : 0x00000001  A4      : 0x3ffb3be0  A5      : 0x3f403835  
A6      : 0x00000021  A7      : 0x00000000  A8      : 0x800d87c2  A9      : 0x3ffb3ec0  
A10     : 0x0000000a  A11     : 0x3f403860  A12     : 0x00000001  A13     : 0x3f40385b  
A14     : 0x00000001  A15     : 0x3ffaea38  SAR     : 0x0000001d  EXCCAUSE: 0x0000001c  
EXCVADDR: 0x00000000  LBEG    : 0x400014fd  LEND    : 0x4000150d  LCOUNT  : 0xfffffff9  


Backtrace: 0x400d636a:0x3ffb3f00 0x400d63a5:0x3ffb3f20 0x400d62d3:0x3ffb3f40 0x400d631d:0x3ffb3f70 0x400e3389:0x3ffb3fa0 0x40085d35:0x3ffb3fd0




ELF file SHA256: 5f50b0cad

Rebooting...
ets Jul 29 2019 12:21:46

rst:0xc (SW_CPU_RESET),boot:0x13 (SPI_FAST_FLASH_BOOT)
configsip: 0, SPIWP:0xee
clk_drv:0x00,q_drv:0x00,d_drv:0x00,cs0_drv:0x00,hd_drv:0x00,wp_drv:0x00
mode:DIO, clock div:2
load:0x3fff0030,len:6380
ho 0 tail 12 room 4
load:0x40078000,len:15916
load:0x40080400,len:3860
entry 0x40080638
[0;32mI (29) boot: ESP-IDF HEAD-HASH-NOTFOUND 2nd stage bootloader[0m
[0;32mI (29) boot: compile time Oct  8 2025 00:30:29[0m
[0;32mI (29) boot: Multicore bootloader[0m
[0;32mI (32) boot: chip revision: v3.1[0m
[0;32mI (34) boot.esp32: SPI Speed      : 40MHz[0m
[0;32mI (38) boot.esp32: SPI Mode       : DIO[0m
[0;32mI (42) boot.esp32: SPI Flash Size : 2MB[0m
[0;32mI (45) boot: Enabling RNG early entropy source...[0m
[0;32mI (50) boot: Partition Table:[0m
[0;32mI (52) boot: ## Label            Usage          Type ST Offset   Length[0m
[0;32mI (59) boot:  0 nvs              WiFi data        01 02 00009000 00006000[0m
[0;32mI (65) boot:  1 phy_init         RF data          01 01 0000f000 00001000[0m
[0;32mI (72) boot:  2 factory          factory app      00 00 00010000 00100000[0m
[0;32mI (78) boot: End of partition table[0m
[0;32mI (82) esp_image: segment 0: paddr=00010020 vaddr=3f400020 size=09c18h ( 39960) map[0m
[0;32mI (103) esp_image: segment 1: paddr=00019c40 vaddr=3ffb0000 size=023d8h (  9176) load[0m
[0;32mI (106) esp_image: segment 2: paddr=0001c020 vaddr=40080000 size=03ff8h ( 16376) load[0m
[0;32mI (113) esp_image: segment 3: paddr=00020020 vaddr=400d0020 size=13a70h ( 80496) map[0m
[0;32mI (142) esp_image: segment 4: paddr=00033a98 vaddr=40083ff8 size=09000h ( 36864) load[0m
[0;32mI (156) esp_image: segment 5: paddr=0003caa0 vaddr=50000000 size=00020h (    32) load[0m
[0;32mI (163) boot: Loaded app from partition at offset 0x10000[0m
[0;32mI (163) boot: Disabling RNG early entropy source...[0m
[0;32mI (174) cpu_start: Multicore app[0m
[0;32mI (183) cpu_start: Pro cpu start user code[0m
[0;32mI (183) cpu_start: cpu freq: 160000000 Hz[0m
[0;32mI (183) app_init: Application information:[0m
[0;32mI (183) app_init: Project name:     lab4[0m
[0;32mI (186) app_init: App version:      2c3774c-dirty[0m
[0;32mI (191) app_init: Compile time:     Oct  8 2025 09:46:24[0m
[0;32mI (196) app_init: ELF file SHA256:  5f50b0cad...[0m
[0;32mI (200) app_init: ESP-IDF:          HEAD-HASH-NOTFOUND[0m
[0;32mI (205) efuse_init: Min chip rev:     v0.0[0m
[0;32mI (209) efuse_init: Max chip rev:     v3.99 [0m
[0;32mI (213) efuse_init: Chip rev:         v3.1[0m
[0;32mI (217) heap_init: Initializing. RAM available for dynamic allocation:[0m
[0;32mI (223) heap_init: At 3FFAE6E0 len 00001920 (6 KiB): DRAM[0m
[0;32mI (228) heap_init: At 3FFB2CA8 len 0002D358 (180 KiB): DRAM[0m
[0;32mI (233) heap_init: At 3FFE0440 len 00003AE0 (14 KiB): D/IRAM[0m
[0;32mI (239) heap_init: At 3FFE4350 len 0001BCB0 (111 KiB): D/IRAM[0m
[0;32mI (244) heap_init: At 4008CFF8 len 00013008 (76 KiB): IRAM[0m
[0;33mW (251) spi_flash: Detected boya flash chip but using generic driver. For optimal functionality, enable `SPI_FLASH_SUPPORT_BOYA_CHIP` in menuconfig[0m
[0;32mI (263) spi_flash: detected chip: generic[0m
[0;32mI (266) spi_flash: flash io: dio[0m
[0;33mW (269) spi_flash: Detected size(4096k) larger than the size in the binary image header(2048k). Using the size in the binary image header.[0m
[0;32mI (282) main_task: Started on CPU0[0m
[0;32mI (292) main_task: Calling app_main()[0m
----Sorted insert test----
single linked list: 
added:85
added:23
added:97
added:30
added:66
list(first: 23)[23 30 66 85 97 ]


double linked list: 
added 44
added 6
added 88
added 52
added 15
list(first:6, last88 )[6 15 44 52 88 ]
----Removeing elements test----
single linked list: 
added:52
added:7
added:19
added:63
added:51
list(first: 7)[7 19 51 52 63 ]
removeing first element
list(first: 19)[19 51 52 63 ]
19 removed
removeing last element
list(first: 19)[19 51 52 ]
19 removed


double linked list: 
added 63
added 35
added 82
added 62
added 59
list(first:35, last82 )[35 59 62 63 82 ]
removeing first element
list(first:59, last82 )[59 62 63 82 ]
59 removed
removing last element
list(first:59, last63 )[59 62 63 ]
59 removed
----Remove from empty list----
remove from empty sll
remove first: -2147483648
remove last: -2147483648
remove from empty dll
remove first: -2147483648
remove last: -2147483648


----Adding duplicate values----
single linked list: 
added:1
added:1
list(first: 1)[1 1 ]
double linked list: 
added 1
added 1
list(first:1, last1 )[1 1 ]


----Adding values to beginning----
single linked list: 
added:1
added:1
added:0
list(first: 0)[0 1 1 ]
double linked list: 
added 1
added 1
added 0
list(first:0, last1 )[0 1 1 ]


----Adding values to end----
single linked list: 
added:3
list(first: 0)[0 1 1 3 ]
double linked list: 
added 3
list(first:0, last3 )[0 1 1 3 ]


 ----Removeing only element----single linked list: 
added:1
list(first: 1)[1 ]
removeing first element
Guru Meditation Error: Core  0 panic'ed (LoadProhibited). Exception was unhandled.

Core  0 register dump:
PC      : 0x400d636d  PS      : 0x00060530  A0      : 0x800d63a8  A1      : 0x3ffb3f00  
A2      : 0x3ffb3f40  A3      : 0x00000001  A4      : 0x3ffb3be0  A5      : 0x3f403835  
A6      : 0x00000021  A7      : 0x00000000  A8      : 0x800d87c2  A9      : 0x3ffb3ec0  
A10     : 0x0000000a  A11     : 0x3f403860  A12     : 0x00000001  A13     : 0x3f40385b  
A14     : 0x00000001  A15     : 0x3ffaea38  SAR     : 0x0000001d  EXCCAUSE: 0x0000001c  
EXCVADDR: 0x00000000  LBEG    : 0x400014fd  LEND    : 0x4000150d  LCOUNT  : 0xfffffff9  


Backtrace: 0x400d636a:0x3ffb3f00 0x400d63a5:0x3ffb3f20 0x400d62d3:0x3ffb3f40 0x400d631d:0x3ffb3f70 0x400e3389:0x3ffb3fa0 0x40085d35:0x3ffb3fd0




ELF file SHA256: 5f50b0cad

Rebooting...
ets Jul 29 2019 12:21:46

rst:0xc (SW_CPU_RESET),boot:0x13 (SPI_FAST_FLASH_BOOT)
configsip: 0, SPIWP:0xee
clk_drv:0x00,q_drv:0x00,d_drv:0x00,cs0_drv:0x00,hd_drv:0x00,wp_drv:0x00
mode:DIO, clock div:2
load:0x3fff0030,len:6380
ho 0 tail 12 room 4
load:0x40078000,len:15916
load:0x40080400,len:3860
entry 0x40080638
[0;32mI (29) boot: ESP-IDF HEAD-HASH-NOTFOUND 2nd stage bootloader[0m
[0;32mI (29) boot: compile time Oct  8 2025 00:30:29[0m
[0;32mI (29) boot: Multicore bootloader[0m
[0;32mI (32) boot: chip revision: v3.1[0m
[0;32mI (34) boot.esp32: SPI Speed      : 40MHz[0m
[0;32mI (38) boot.esp32: SPI Mode       : DIO[0m
[0;32mI (42) boot.esp32: SPI Flash Size : 2MB[0m
[0;32mI (45) boot: Enabling RNG early entropy source...[0m
[0;32mI (50) boot: Partition Table:[0m
[0;32mI (52) boot: ## Label            Usage          Type ST Offset   Length[0m
[0;32mI (59) boot:  0 nvs              WiFi data        01 02 00009000 00006000[0m
[0;32mI (65) boot:  1 phy_init         RF data          01 01 0000f000 00001000[0m
[0;32mI (72) boot:  2 factory          factory app      00 00 00010000 00100000[0m
[0;32mI (78) boot: End of partition table[0m
[0;32mI (82) esp_image: segment 0: paddr=00010020 vaddr=3f400020 size=09c18h ( 39960) map[0m
[0;32mI (103) esp_image: segment 1: paddr=00019c40 vaddr=3ffb0000 size=023d8h (  9176) load[0m
[0;32mI (106) esp_image: segment 2: paddr=0001c020 vaddr=40080000 size=03ff8h ( 16376) load[0m
[0;32mI (113) esp_image: segment 3: paddr=00020020 vaddr=400d0020 size=13a70h ( 80496) map[0m
[0;32mI (142) esp_image: segment 4: paddr=00033a98 vaddr=40083ff8 size=09000h ( 36864) load[0m
[0;32mI (156) esp_image: segment 5: paddr=0003caa0 vaddr=50000000 size=00020h (    32) load[0m
[0;32mI (163) boot: Loaded app from partition at offset 0x10000[0m
[0;32mI (163) boot: Disabling RNG early entropy source...[0m
[0;32mI (174) cpu_start: Multicore app[0m
[0;32mI (183) cpu_start: Pro cpu start user code[0m
[0;32mI (183) cpu_start: cpu freq: 160000000 Hz[0m
[0;32mI (183) app_init: Application information:[0m
[0;32mI (183) app_init: Project name:     lab4[0m
[0;32mI (186) app_init: App version:      2c3774c-dirty[0m
[0;32mI (191) app_init: Compile time:     Oct  8 2025 09:46:24[0m
[0;32mI (196) app_init: ELF file SHA256:  5f50b0cad...[0m
[0;32mI (200) app_init: ESP-IDF:          HEAD-HASH-NOTFOUND[0m
[0;32mI (205) efuse_init: Min chip rev:     v0.0[0m
[0;32mI (209) efuse_init: Max chip rev:     v3.99 [0m
[0;32mI (213) efuse_init: Chip rev:         v3.1[0m
[0;32mI (217) heap_init: Initializing. RAM available for dynamic allocation:[0m
[0;32mI (223) heap_init: At 3FFAE6E0 len 00001920 (6 KiB): DRAM[0m
[0;32mI (228) heap_init: At 3FFB2CA8 len 0002D358 (180 KiB): DRAM[0m
[0;32mI (233) heap_init: At 3FFE0440 len 00003AE0 (14 KiB): D/IRAM[0m
[0;32mI (239) heap_init: At 3FFE4350 len 0001BCB0 (111 KiB): D/IRAM[0m
[0;32mI (244) heap_init: At 4008CFF8 len 00013008 (76 KiB): IRAM[0m
[0;33mW (251) spi_flash: Detected boya flash chip but using generic driver. For optimal functionality, enable `SPI_FLASH_SUPPORT_BOYA_CHIP` in menuconfig[0m
[0;32mI (263) spi_flash: detected chip: generic[0m
[0;32mI (266) spi_flash: flash io: dio[0m
[0;33mW (269) spi_flash: Detected size(4096k) larger than the size in the binary image header(2048k). Using the size in the binary image header.[0m
[0;32mI (282) main_task: Started on CPU0[0m
[0;32mI (292) main_task: Calling app_main()[0m
----Sorted insert test----
single linked list: 
added:44
added:23
added:90
added:84
added:40
list(first: 23)[23 40 44 84 90 ]


double linked list: 
added 57
added 50
added 29
added 94
added 26
list(first:26, last94 )[26 29 50 57 94 ]
----Removeing elements test----
single linked list: 
added:90
added:94
added:5
added:58
added:25
list(first: 5)[5 25 58 90 94 ]
removeing first element
list(first: 25)[25 58 90 94 ]
25 removed
removeing last element
list(first: 25)[25 58 90 ]
25 removed


double linked list: 
added 66
added 18
added 24
added 20
added 85
list(first:18, last85 )[18 20 24 66 85 ]
removeing first element
list(first:20, last85 )[20 24 66 85 ]
20 removed
removing last element
list(first:20, last66 )[20 24 66 ]
20 removed
----Remove from empty list----
remove from empty sll
remove first: -2147483648
remove last: -2147483648
remove from empty dll
remove first: -2147483648
remove last: -2147483648


----Adding duplicate values----
single linked list: 
added:1
added:1
list(first: 1)[1 1 ]
double linked list: 
added 1
added 1
list(first:1, last1 )[1 1 ]


----Adding values to beginning----
single linked list: 
added:1
added:1
added:0
list(first: 0)[0 1 1 ]
double linked list: 
added 1
added 1
added 0
list(first:0, last1 )[0 1 1 ]


----Adding values to end----
single linked list: 
added:3
list(first: 0)[0 1 1 3 ]
double linked list: 
added 3
list(first:0, last3 )[0 1 1 3 ]


 ----Removeing only element----single linked list: 
added:1
list(first: 1)[1 ]
removeing first element
Guru Meditation Error: Core  0 panic'ed (LoadProhibited). Exception was unhandled.

Core  0 register dump:
PC      : 0x400d636d  PS      : 0x00060530  A0      : 0x800d63a8  A1      : 0x3ffb3f00  
A2      : 0x3ffb3f40  A3      : 0x00000001  A4      : 0x3ffb3be0  A5      : 0x3f403835  
A6      : 0x00000021  A7      : 0x00000000  A8      : 0x800d87c2  A9      : 0x3ffb3ec0  
A10     : 0x0000000a  A11     : 0x3f403860  A12     : 0x00000001  A13     : 0x3f40385b  
A14     : 0x00000001  A15     : 0x3ffaea38  SAR     : 0x0000001d  EXCCAUSE: 0x0000001c  
EXCVADDR: 0x00000000  LBEG    : 0x400014fd  LEND    : 0x4000150d  LCOUNT  : 0xfffffff9  


Backtrace: 0x400d636a:0x3ffb3f00 0x400d63a5:0x3ffb3f20 0x400d62d3:0x3ffb3f40 0x400d631d:0x3ffb3f70 0x400e3389:0x3ffb3fa0 0x40085d35:0x3ffb3fd0




ELF file SHA256: 5f50b0cad

Rebooting...
ets Jul 29 2019 12:21:46

rst:0xc (SW_CPU_RESET),boot:0x13 (SPI_FAST_FLASH_BOOT)
configsip: 0, SPIWP:0xee
clk_drv:0x00,q_drv:0x00,d_drv:0x00,cs0_drv:0x00,hd_drv:0x00,wp_drv:0x00
mode:DIO, clock div:2
load:0x3fff0030,len:6380
ho 0 tail 12 room 4
load:0x40078000,len:15916
load:0x40080400,len:3860
entry 0x40080638
[0;32mI (29) boot: ESP-IDF HEAD-HASH-NOTFOUND 2nd stage bootloader[0m
[0;32mI (29) boot: compile time Oct  8 2025 00:30:29[0m
[0;32mI (29) boot: Multicore bootloader[0m
[0;32mI (32) boot: chip revision: v3.1[0m
[0;32mI (34) boot.esp32: SPI Speed      : 40MHz[0m
[0;32mI (38) boot.esp32: SPI Mode       : DIO[0m
[0;32mI (42) boot.esp32: SPI Flash Size : 2MB[0m
[0;32mI (45) boot: Enabling RNG early entropy source...[0m
[0;32mI (50) boot: Partition Table:[0m
[0;32mI (52) boot: ## Label            Usage          Type ST Offset   Length[0m
[0;32mI (59) boot:  0 nvs              WiFi data        01 02 00009000 00006000[0m
[0;32mI (65) boot:  1 phy_init         RF data          01 01 0000f000 00001000[0m
[0;32mI (72) boot:  2 factory          factory app      00 00 00010000 00100000[0m
[0;32mI (78) boot: End of partition table[0m
[0;32mI (82) esp_image: segment 0: paddr=00010020 vaddr=3f400020 size=09c18h ( 39960) map[0m
[0;32mI (103) esp_image: segment 1: paddr=00019c40 vaddr=3ffb0000 size=023d8h (  9176) load[0m
[0;32mI (106) esp_image: segment 2: paddr=0001c020 vaddr=40080000 size=03ff8h ( 16376) load[0m
[0;32mI (113) esp_image: segment 3: paddr=00020020 vaddr=400d0020 size=13a70h ( 80496) map[0m
[0;32mI (142) esp_image: segment 4: paddr=00033a98 vaddr=40083ff8 size=09000h ( 36864) load[0m
[0;32mI (156) esp_image: segment 5: paddr=0003caa0 vaddr=50000000 size=00020h (    32) load[0m
[0;32mI (163) boot: Loaded app from partition at offset 0x10000[0m
[0;32mI (163) boot: Disabling RNG early entropy source...[0m
[0;32mI (174) cpu_start: Multicore app[0m
[0;32mI (183) cpu_start: Pro cpu start user code[0m
[0;32mI (183) cpu_start: cpu freq: 160000000 Hz[0m
[0;32mI (183) app_init: Application information:[0m
[0;32mI (183) app_init: Project name:     lab4[0m
[0;32mI (186) app_init: App version:      2c3774c-dirty[0m
[0;32mI (191) app_init: Compile time:     Oct  8 2025 09:46:24[0m
[0;32mI (196) app_init: ELF file SHA256:  5f50b0cad...[0m
[0;32mI (200) app_init: ESP-IDF:          HEAD-HASH-NOTFOUND[0m
[0;32mI (205) efuse_init: Min chip rev:     v0.0[0m
[0;32mI (209) efuse_init: Max chip rev:     v3.99 [0m
[0;32mI (213) efuse_init: Chip rev:         v3.1[0m
[0;32mI (217) heap_init: Initializing. RAM available for dynamic allocation:[0m
[0;32mI (223) heap_init: At 3FFAE6E0 len 00001920 (6 KiB): DRAM[0m
[0;32mI (228) heap_init: At 3FFB2CA8 len 0002D358 (180 KiB): DRAM[0m
[0;32mI (233) heap_init: At 3FFE0440 len 00003AE0 (14 KiB): D/IRAM[0m
[0;32mI (239) heap_init: At 3FFE4350 len 0001BCB0 (111 KiB): D/IRAM[0m
[0;32mI (244) heap_init: At 4008CFF8 len 00013008 (76 KiB): IRAM[0m
[0;33mW (251) spi_flash: Detected boya flash chip but using generic driver. For optimal functionality, enable `SPI_FLASH_SUPPORT_BOYA_CHIP` in menuconfig[0m
[0;32mI (263) spi_flash: detected chip: generic[0m
[0;32mI (266) spi_flash: flash io: dio[0m
[0;33mW (269) spi_flash: Detected size(4096k) larger than the size in the binary image header(2048k). Using the size in the binary image header.[0m
[0;32mI (282) main_task: Started on CPU0[0m
[0;32mI (292) main_task: Calling app_main()[0m
----Sorted insert test----
single linked list: 
added:83
added:2
added:33
added:19
added:91
list(first: 2)[2 19 33 83 91 ]


double linked list: 
added 59
added 82
added 80
added 26
added 17
list(first:17, last82 )[17 26 59 80 82 ]
----Removeing elements test----
single linked list: 
added:44
added:83
added:45
added:23
added:77
list(first: 23)[23 44 45 77 83 ]
removeing first element
list(first: 44)[44 45 77 83 ]
44 removed
removeing last element
list(first: 44)[44 45 77 ]
44 removed


double linked list: 
added 24
added 34
added 52
added 36
added 76
list(first:24, last76 )[24 34 36 52 76 ]
removeing first element
list(first:34, last76 )[34 36 52 76 ]
34 removed
removing last element
list(first:34, last52 )[34 36 52 ]
34 removed
----Remove from empty list----
remove from empty sll
remove first: -2147483648
remove last: -2147483648
remove from empty dll
remove first: -2147483648
remove last: -2147483648


----Adding duplicate values----
single linked list: 
added:1
added:1
list(first: 1)[1 1 ]
double linked list: 
added 1
added 1
list(first:1, last1 )[1 1 ]


----Adding values to beginning----
single linked list: 
added:1
added:1
added:0
list(first: 0)[0 1 1 ]
double linked list: 
added 1
added 1
added 0
list(first:0, last1 )[0 1 1 ]


----Adding values to end----
single linked list: 
added:3
list(first: 0)[0 1 1 3 ]
double linked list: 
added 3
list(first:0, last3 )[0 1 1 3 ]


 ----Removeing only element----single linked list: 
added:1
list(first: 1)[1 ]
removeing first element
Guru Meditation Error: Core  0 panic'ed (LoadProhibited). Exception was unhandled.

Core  0 register dump:
PC      : 0x400d636d  PS      : 0x00060530  A0      : 0x800d63a8  A1      : 0x3ffb3f00  
A2      : 0x3ffb3f40  A3      : 0x00000001  A4      : 0x3ffb3be0  A5      : 0x3f403835  
A6      : 0x00000021  A7      : 0x00000000  A8      : 0x800d87c2  A9      : 0x3ffb3ec0  
A10     : 0x0000000a  A11     : 0x3f403860  A12     : 0x00000001  A13     : 0x3f40385b  
A14     : 0x00000001  A15     : 0x3ffaea38  SAR     : 0x0000001d  EXCCAUSE: 0x0000001c  
EXCVADDR: 0x00000000  LBEG    : 0x400014fd  LEND    : 0x4000150d  LCOUNT  : 0xfffffff9  


Backtrace: 0x400d636a:0x3ffb3f00 0x400d63a5:0x3ffb3f20 0x400d62d3:0x3ffb3f40 0x400d631d:0x3ffb3f70 0x400e3389:0x3ffb3fa0 0x40085d35:0x3ffb3fd0




ELF file SHA256: 5f50b0cad

Rebooting...
ets Jul 29 2019 12:21:46

rst:0xc (SW_CPU_RESET),boot:0x13 (SPI_FAST_FLASH_BOOT)
configsip: 0, SPIWP:0xee
clk_drv:0x00,q_drv:0x00,d_drv:0x00,cs0_drv:0x00,hd_drv:0x00,wp_drv:0x00
mode:DIO, clock div:2
load:0x3fff0030,len:6380
ho 0 tail 12 room 4
load:0x40078000,len:15916
load:0x40080400,len:3860
entry 0x40080638
[0;32mI (29) boot: ESP-IDF HEAD-HASH-NOTFOUND 2nd stage bootloader[0m
[0;32mI (29) boot: compile time Oct  8 2025 00:30:29[0m
[0;32mI (29) boot: Multicore bootloader[0m
[0;32mI (32) boot: chip revision: v3.1[0m
[0;32mI (34) boot.esp32: SPI Speed      : 40MHz[0m
[0;32mI (38) boot.esp32: SPI Mode       : DIO[0m
[0;32mI (42) boot.esp32: SPI Flash Size : 2MB[0m
[0;32mI (45) boot: Enabling RNG early entropy source...[0m
[0;32mI (50) boot: Partition Table:[0m
[0;32mI (52) boot: ## Label            Usage          Type ST Offset   Length[0m
[0;32mI (59) boot:  0 nvs              WiFi data        01 02 00009000 00006000[0m
[0;32mI (65) boot:  1 phy_init         RF data          01 01 0000f000 00001000[0m
[0;32mI (72) boot:  2 factory          factory app      00 00 00010000 00100000[0m
[0;32mI (78) boot: End of partition table[0m
[0;32mI (82) esp_image: segment 0: paddr=00010020 vaddr=3f400020 size=09c18h ( 39960) map[0m
[0;32mI (103) esp_image: segment 1: paddr=00019c40 vaddr=3ffb0000 size=023d8h (  9176) load[0m
[0;32mI (106) esp_image: segment 2: paddr=0001c020 vaddr=40080000 size=03ff8h ( 16376) load[0m
[0;32mI (113) esp_image: segment 3: paddr=00020020 vaddr=400d0020 size=13a70h ( 80496) map[0m
[0;32mI (142) esp_image: segment 4: paddr=00033a98 vaddr=40083ff8 size=09000h ( 36864) load[0m
[0;32mI (156) esp_image: segment 5: paddr=0003caa0 vaddr=50000000 size=00020h (    32) load[0m
[0;32mI (163) boot: Loaded app from partition at offset 0x10000[0m
[0;32mI (163) boot: Disabling RNG early entropy source...[0m
[0;32mI (174) cpu_start: Multicore app[0m
[0;32mI (183) cpu_start: Pro cpu start user code[0m
[0;32mI (183) cpu_start: cpu freq: 160000000 Hz[0m
[0;32mI (183) app_init: Application information:[0m
[0;32mI (183) app_init: Project name:     lab4[0m
[0;32mI (186) app_init: App version:      2c3774c-dirty[0m
[0;32mI (191) app_init: Compile time:     Oct  8 2025 09:46:24[0m
[0;32mI (196) app_init: ELF file SHA256:  5f50b0cad...[0m
[0;32mI (200) app_init: ESP-IDF:          HEAD-HASH-NOTFOUND[0m
[0;32mI (205) efuse_init: Min chip rev:     v0.0[0m
[0;32mI (209) efuse_init: Max chip rev:     v3.99 [0m
[0;32mI (213) efuse_init: Chip rev:         v3.1[0m
[0;32mI (217) heap_init: Initializing. RAM available for dynamic allocation:[0m
[0;32mI (223) heap_init: At 3FFAE6E0 len 00001920 (6 KiB): DRAM[0m
[0;32mI (228) heap_init: At 3FFB2CA8 len 0002D358 (180 KiB): DRAM[0m
[0;32mI (233) heap_init: At 3FFE0440 len 00003AE0 (14 KiB): D/IRAM[0m
[0;32mI (239) heap_init: At 3FFE4350 len 0001BCB0 (111 KiB): D/IRAM[0m
[0;32mI (244) heap_init: At 4008CFF8 len 00013008 (76 KiB): IRAM[0m
[0;33mW (251) spi_flash: Detected boya flash chip but using generic driver. For optimal functionality, enable `SPI_FLASH_SUPPORT_BOYA_CHIP` in menuconfig[0m
[0;32mI (263) spi_flash: detected chip: generic[0m
[0;32mI (266) spi_flash: flash io: dio[0m
[0;33mW (269) spi_flash: Detected size(4096k) larger than the size in the binary image header(2048k). Using the size in the binary image header.[0m
[0;32mI (282) main_task: Started on CPU0[0m
[0;32mI (292) main_task: Calling app_main()[0m
----Sorted insert test----
single linked list: 
added:25
added:63
added:85
added:88
added:65
list(first: 25)[25 63 65 85 88 ]


double linked list: 
added 89
added 47
added 82
added 96
added 88
list(first:47, last96 )[47 82 88 89 96 ]
----Removeing elements test----
single linked list: 
added:55
added:26
added:48
added:79
added:84
list(first: 26)[26 48 55 79 84 ]
removeing first element
list(first: 48)[48 55 79 84 ]
48 removed
removeing last element
list(first: 48)[48 55 79 ]
48 removed


double linked list: 
added 92
added 88
added 90
added 38
added 40
list(first:38, last92 )[38 40 88 90 92 ]
removeing first element
list(first:40, last92 )[40 88 90 92 ]
40 removed
removing last element
list(first:40, last90 )[40 88 90 ]
40 removed
----Remove from empty list----
remove from empty sll
remove first: -2147483648
remove last: -2147483648
remove from empty dll
remove first: -2147483648
remove last: -2147483648


----Adding duplicate values----
single linked list: 
added:1
added:1
list(first: 1)[1 1 ]
double linked list: 
added 1
added 1
list(first:1, last1 )[1 1 ]


----Adding values to beginning----
single linked list: 
added:1
added:1
added:0
list(first: 0)[0 1 1 ]
double linked list: 
added 1
added 1
added 0
list(first:0, last1 )[0 1 1 ]


----Adding values to end----
single linked list: 
added:3
list(first: 0)[0 1 1 3 ]
double linked list: 
added 3
list(first:0, last3 )[0 1 1 3 ]


 ----Removeing only element----single linked list: 
added:1
list(first: 1)[1 ]
removeing first element
Guru Meditation Error: Core  0 panic'ed (LoadProhibited). Exception was unhandled.

Core  0 register dump:
PC      : 0x400d636d  PS      : 0x00060530  A0      : 0x800d63a8  A1      : 0x3ffb3f00  
A2      : 0x3ffb3f40  A3      : 0x00000001  A4      : 0x3ffb3be0  A5      : 0x3f403835  
A6      : 0x00000021  A7      : 0x00000000  A8      : 0x800d87c2  A9      : 0x3ffb3ec0  
A10     : 0x0000000a  A11     : 0x3f403860  A12     : 0x00000001  A13     : 0x3f40385b  
A14     : 0x00000001  A15     : 0x3ffaea38  SAR     : 0x0000001d  EXCCAUSE: 0x0000001c  
EXCVADDR: 0x00000000  LBEG    : 0x400014fd  LEND    : 0x4000150d  LCOUNT  : 0xfffffff9  


Backtrace: 0x400d636a:0x3ffb3f00 0x400d63a5:0x3ffb3f20 0x400d62d3:0x3ffb3f40 0x400d631d:0x3ffb3f70 0x400e3389:0x3ffb3fa0 0x40085d35:0x3ffb3fd0




ELF file SHA256: 5f50b0cad

Rebooting...
ets Jul 29 2019 12:21:46

rst:0xc (SW_CPU_RESET),boot:0x13 (SPI_FAST_FLASH_BOOT)
configsip: 0, SPIWP:0xee
clk_drv:0x00,q_drv:0x00,d_drv:0x00,cs0_drv:0x00,hd_drv:0x00,wp_drv:0x00
mode:DIO, clock div:2
load:0x3fff0030,len:6380
ho 0 tail 12 room 4
load:0x40078000,len:15916
load:0x40080400,len:3860
entry 0x40080638
[0;32mI (29) boot: ESP-IDF HEAD-HASH-NOTFOUND 2nd stage bootloader[0m
[0;32mI (29) boot: compile time Oct  8 2025 00:30:29[0m
[0;32mI (29) boot: Multicore bootloader[0m
[0;32mI (32) boot: chip revision: v3.1[0m
[0;32mI (34) boot.esp32: SPI Speed      : 40MHz[0m
[0;32mI (38) boot.esp32: SPI Mode       : DIO[0m
[0;32mI (42) boot.esp32: SPI Flash Size : 2MB[0m
[0;32mI (45) boot: Enabling RNG early entropy source...[0m
[0;32mI (50) boot: Partition Table:[0m
[0;32mI (52) boot: ## Label            Usage          Type ST Offset   Length[0m
[0;32mI (59) boot:  0 nvs              WiFi data        01 02 00009000 00006000[0m
[0;32mI (65) boot:  1 phy_init         RF data          01 01 0000f000 00001000[0m
[0;32mI (72) boot:  2 factory          factory app      00 00 00010000 00100000[0m
[0;32mI (78) boot: End of partition table[0m
[0;32mI (82) esp_image: segment 0: paddr=00010020 vaddr=3f400020 size=09c18h ( 39960) map[0m
[0;32mI (103) esp_image: segment 1: paddr=00019c40 vaddr=3ffb0000 size=023d8h (  9176) load[0m
[0;32mI (106) esp_image: segment 2: paddr=0001c020 vaddr=40080000 size=03ff8h ( 16376) load[0m
[0;32mI (113) esp_image: segment 3: paddr=00020020 vaddr=400d0020 size=13a70h ( 80496) map[0m
[0;32mI (142) esp_image: segment 4: paddr=00033a98 vaddr=40083ff8 size=09000h ( 36864) load[0m
[0;32mI (156) esp_image: segment 5: paddr=0003caa0 vaddr=50000000 size=00020h (    32) load[0m
[0;32mI (163) boot: Loaded app from partition at offset 0x10000[0m
[0;32mI (163) boot: Disabling RNG early entropy source...[0m
[0;32mI (174) cpu_start: Multicore app[0m
[0;32mI (183) cpu_start: Pro cpu start user code[0m
[0;32mI (183) cpu_start: cpu freq: 160000000 Hz[0m
[0;32mI (183) app_init: Application information:[0m
[0;32mI (183) app_init: Project name:     lab4[0m
[0;32mI (186) app_init: App version:      2c3774c-dirty[0m
[0;32mI (191) app_init: Compile time:     Oct  8 2025 09:46:24[0m
[0;32mI (196) app_init: ELF file SHA256:  5f50b0cad...[0m
[0;32mI (200) app_init: ESP-IDF:          HEAD-HASH-NOTFOUND[0m
[0;32mI (205) efuse_init: Min chip rev:     v0.0[0m
[0;32mI (209) efuse_init: Max chip rev:     v3.99 [0m
[0;32mI (213) efuse_init: Chip rev:         v3.1[0m
[0;32mI (217) heap_init: Initializing. RAM available for dynamic allocation:[0m
[0;32mI (223) heap_init: At 3FFAE6E0 len 00001920 (6 KiB): DRAM[0m
[0;32mI (228) heap_init: At 3FFB2CA8 len 0002D358 (180 KiB): DRAM[0m
[0;32mI (233) heap_init: At 3FFE0440 len 00003AE0 (14 KiB): D/IRAM[0m
[0;32mI (239) heap_init: At 3FFE4350 len 0001BCB0 (111 KiB): D/IRAM[0m
[0;32mI (244) heap_init: At 4008CFF8 len 00013008 (76 KiB): IRAM[0m
[0;33mW (251) spi_flash: Detected boya flash chip but using generic driver. For optimal functionality, enable `SPI_FLASH_SUPPORT_BOYA_CHIP` in menuconfig[0m
[0;32mI (263) spi_flash: detected chip: generic[0m
[0;32mI (266) spi_flash: flash io: dio[0m
[0;33mW (269) spi_flash: Detected size(4096k) larger than the size in the binary image header(2048k). Using the size in the binary image header.[0m
[0;32mI (282) main_task: Started on CPU0[0m
[0;32mI (292) main_task: Calling app_main()[0m
----Sorted insert test----
single linked list: 
added:50
added:82
added:98
added:26
added:6
list(first: 6)[6 26 50 82 98 ]


double linked list: 
added 93
added 61
added 97
added 78
added 22
list(first:22, last97 )[22 61 78 93 97 ]
----Removeing elements test----
single linked list: 
added:72
added:93
added:78
added:94
added:59
list(first: 59)[59 72 78 93 94 ]
removeing first element
list(first: 72)[72 78 93 94 ]
72 removed
removeing last element
list(first: 72)[72 78 93 ]
72 removed


double linked list: 
added 21
added 33
added 45
added 47
added 44
list(first:21, last47 )[21 33 44 45 47 ]
removeing first element
list(first:33, last47 )[33 44 45 47 ]
33 removed
removing last element
list(first:33, last45 )[33 44 45 ]
33 removed
----Remove from empty list----
remove from empty sll
remove first: -2147483648
remove last: -2147483648
remove from empty dll
remove first: -2147483648
remove last: -2147483648


----Adding duplicate values----
single linked list: 
added:1
added:1
list(first: 1)[1 1 ]
double linked list: 
added 1
added 1
list(first:1, last1 )[1 1 ]


----Adding values to beginning----
single linked list: 
added:1
added:1
added:0
list(first: 0)[0 1 1 ]
double linked list: 
added 1
added 1
added 0
list(first:0, last1 )[0 1 1 ]


----Adding values to end----
single linked list: 
added:3
list(first: 0)[0 1 1 3 ]
double linked list: 
added 3
list(first:0, last3 )[0 1 1 3 ]


 ----Removeing only element----single linked list: 
added:1
list(first: 1)[1 ]
removeing first element
Guru Meditation Error: Core  0 panic'ed (LoadProhibited). Exception was unhandled.

Core  0 register dump:
PC      : 0x400d636d  PS      : 0x00060530  A0      : 0x800d63a8  A1      : 0x3ffb3f00  
A2      : 0x3ffb3f40  A3      : 0x00000001  A4      : 0x3ffb3be0  A5      : 0x3f403835  
A6      : 0x00000021  A7      : 0x00000000  A8      : 0x800d87c2  A9      : 0x3ffb3ec0  
A10     : 0x0000000a  A11     : 0x3f403860  A12     : 0x00000001  A13     : 0x3f40385b  
A14     : 0x00000001  A15     : 0x3ffaea38  SAR     : 0x0000001d  EXCCAUSE: 0x0000001c  
EXCVADDR: 0x00000000  LBEG    : 0x400014fd  LEND    : 0x4000150d  LCOUNT  : 0xfffffff9  


Backtrace: 0x400d636a:0x3ffb3f00 0x400d63a5:0x3ffb3f20 0x400d62d3:0x3ffb3f40 0x400d631d:0x3ffb3f70 0x400e3389:0x3ffb3fa0 0x40085d35:0x3ffb3fd0




ELF file SHA256: 5f50b0cad

Rebooting...
ets Jul 29 2019 12:21:46

rst:0xc (SW_CPU_RESET),boot:0x13 (SPI_FAST_FLASH_BOOT)
configsip: 0, SPIWP:0xee
clk_drv:0x00,q_drv:0x00,d_drv:0x00,cs0_drv:0x00,hd_drv:0x00,wp_drv:0x00
mode:DIO, clock div:2
load:0x3fff0030,len:6380
ho 0 tail 12 room 4
load:0x40078000,len:15916
load:0x40080400,len:3860
entry 0x40080638
[0;32mI (29) boot: ESP-IDF HEAD-HASH-NOTFOUND 2nd stage bootloader[0m
[0;32mI (29) boot: compile time Oct  8 2025 00:30:29[0m
[0;32mI (29) boot: Multicore bootloader[0m
[0;32mI (32) boot: chip revision: v3.1[0m
[0;32mI (34) boot.esp32: SPI Speed      : 40MHz[0m
[0;32mI (38) boot.esp32: SPI Mode       : DIO[0m
[0;32mI (42) boot.esp32: SPI Flash Size : 2MB[0m
[0;32mI (45) boot: Enabling RNG early entropy source...[0m
[0;32mI (50) boot: Partition Table:[0m
[0;32mI (52) boot: ## Label            Usage          Type ST Offset   Length[0m
[0;32mI (59) boot:  0 nvs              WiFi data        01 02 00009000 00006000[0m
[0;32mI (65) boot:  1 phy_init         RF data          01 01 0000f000 00001000[0m
[0;32mI (72) boot:  2 factory          factory app      00 00 00010000 00100000[0m
[0;32mI (78) boot: End of partition table[0m
[0;32mI (82) esp_image: segment 0: paddr=00010020 vaddr=3f400020 size=09c18h ( 39960) map[0m
[0;32mI (103) esp_image: segment 1: paddr=00019c40 vaddr=3ffb0000 size=023d8h (  9176) load[0m
[0;32mI (106) esp_image: segment 2: paddr=0001c020 vaddr=40080000 size=03ff8h ( 16376) load[0m
[0;32mI (113) esp_image: segment 3: paddr=00020020 vaddr=400d0020 size=13a70h ( 80496) map[0m
[0;32mI (142) esp_image: segment 4: paddr=00033a98 vaddr=40083ff8 size=09000h ( 36864) load[0m
[0;32mI (156) esp_image: segment 5: paddr=0003caa0 vaddr=50000000 size=00020h (    32) load[0m
[0;32mI (163) boot: Loaded app from partition at offset 0x10000[0m
[0;32mI (163) boot: Disabling RNG early entropy source...[0m
[0;32mI (174) cpu_start: Multicore app[0m
[0;32mI (183) cpu_start: Pro cpu start user code[0m
[0;32mI (183) cpu_start: cpu freq: 160000000 Hz[0m
[0;32mI (183) app_init: Application information:[0m
[0;32mI (183) app_init: Project name:     lab4[0m
[0;32mI (186) app_init: App version:      2c3774c-dirty[0m
[0;32mI (191) app_init: Compile time:     Oct  8 2025 09:46:24[0m
[0;32mI (196) app_init: ELF file SHA256:  5f50b0cad...[0m
[0;32mI (200) app_init: ESP-IDF:          HEAD-HASH-NOTFOUND[0m
[0;32mI (205) efuse_init: Min chip rev:     v0.0[0m
[0;32mI (209) efuse_init: Max chip rev:     v3.99 [0m
[0;32mI (213) efuse_init: Chip rev:         v3.1[0m
[0;32mI (217) heap_init: Initializing. RAM available for dynamic allocation:[0m
[0;32mI (223) heap_init: At 3FFAE6E0 len 00001920 (6 KiB): DRAM[0m
[0;32mI (228) heap_init: At 3FFB2CA8 len 0002D358 (180 KiB): DRAM[0m
[0;32mI (233) heap_init: At 3FFE0440 len 00003AE0 (14 KiB): D/IRAM[0m
[0;32mI (239) heap_init: At 3FFE4350 len 0001BCB0 (111 KiB): D/IRAM[0m
[0;32mI (244) heap_init: At 4008CFF8 len 00013008 (76 KiB): IRAM[0m
[0;33mW (251) spi_flash: Detected boya flash chip but using generic driver. For optimal functionality, enable `SPI_FLASH_SUPPORT_BOYA_CHIP` in menuconfig[0m
[0;32mI (263) spi_flash: detected chip: generic[0m
[0;32mI (266) spi_flash: flash io: dio[0m
[0;33mW (269) spi_flash: Detected size(4096k) larger than the size in the binary image header(2048k). Using the size in the binary image header.[0m
[0;32mI (282) main_task: Started on CPU0[0m
[0;32mI (292) main_task: Calling app_main()[0m
----Sorted insert test----
single linked list: 
added:20
added:68
added:82
added:14
added:37
list(first: 14)[14 20 37 68 82 ]


double linked list: 
added 95
added 6
added 40
added 43
added 51
list(first:6, last95 )[6 40 43 51 95 ]
----Removeing elements test----
single linked list: 
added:84
added:3
added:0
added:72
added:42
list(first: 0)[0 3 42 72 84 ]
removeing first element
list(first: 3)[3 42 72 84 ]
3 removed
removeing last element
list(first: 3)[3 42 72 ]
3 removed


double linked list: 
added 24
added 81
added 30
added 37
added 61
list(first:24, last81 )[24 30 37 61 81 ]
removeing first element
list(first:30, last81 )[30 37 61 81 ]
30 removed
removing last element
list(first:30, last61 )[30 37 61 ]
30 removed
----Remove from empty list----
remove from empty sll
remove first: -2147483648
remove last: -2147483648
remove from empty dll
remove first: -2147483648
remove last: -2147483648


----Adding duplicate values----
single linked list: 
added:1
added:1
list(first: 1)[1 1 ]
double linked list: 
added 1
added 1
list(first:1, last1 )[1 1 ]


----Adding values to beginning----
single linked list: 
added:1
added:1
added:0
list(first: 0)[0 1 1 ]
double linked list: 
added 1
added 1
added 0
list(first:0, last1 )[0 1 1 ]


----Adding values to end----
single linked list: 
added:3
list(first: 0)[0 1 1 3 ]
double linked list: 
added 3
list(first:0, last3 )[0 1 1 3 ]


 ----Removeing only element----single linked list: 
added:1
list(first: 1)[1 ]
removeing first element
Guru Meditation Error: Core  0 panic'ed (LoadProhibited). Exception was unhandled.

Core  0 register dump:
PC      : 0x400d636d  PS      : 0x00060530  A0      : 0x800d63a8  A1      : 0x3ffb3f00  
A2      : 0x3ffb3f40  A3      : 0x00000001  A4      : 0x3ffb3be0  A5      : 0x3f403835  
A6      : 0x00000021  A7      : 0x00000000  A8      : 0x800d87c2  A9      : 0x3ffb3ec0  
A10     : 0x0000000a  A11     : 0x3f403860  A12     : 0x00000001  A13     : 0x3f40385b  
A14     : 0x00000001  A15     : 0x3ffaea38  SAR     : 0x0000001d  EXCCAUSE: 0x0000001c  
EXCVADDR: 0x00000000  LBEG    : 0x400014fd  LEND    : 0x4000150d  LCOUNT  : 0xfffffff9  


Backtrace: 0x400d636a:0x3ffb3f00 0x400d63a5:0x3ffb3f20 0x400d62d3:0x3ffb3f40 0x400d631d:0x3ffb3f70 0x400e3389:0x3ffb3fa0 0x40085d35:0x3ffb3fd0




ELF file SHA256: 5f50b0cad

Rebooting...
ets Jul 29 2019 12:21:46

rst:0xc (SW_CPU_RESET),boot:0x13 (SPI_FAST_FLASH_BOOT)
configsip: 0, SPIWP:0xee
clk_drv:0x00,q_drv:0x00,d_drv:0x00,cs0_drv:0x00,hd_drv:0x00,wp_drv:0x00
mode:DIO, clock div:2
load:0x3fff0030,len:6380
ho 0 tail 12 room 4
load:0x40078000,len:15916
load:0x40080400,len:3860
entry 0x40080638
[0;32mI (29) boot: ESP-IDF HEAD-HASH-NOTFOUND 2nd stage bootloader[0m
[0;32mI (29) boot: compile time Oct  8 2025 00:30:29[0m
[0;32mI (29) boot: Multicore bootloader[0m
[0;32mI (32) boot: chip revision: v3.1[0m
[0;32mI (34) boot.esp32: SPI Speed      : 40MHz[0m
[0;32mI (38) boot.esp32: SPI Mode       : DIO[0m
[0;32mI (42) boot.esp32: SPI Flash Size : 2MB[0m
[0;32mI (45) boot: Enabling RNG early entropy source...[0m
[0;32mI (50) boot: Partition Table:[0m
[0;32mI (52) boot: ## Label            Usage          Type ST Offset   Length[0m
[0;32mI (59) boot:  0 nvs              WiFi data        01 02 00009000 00006000[0m
[0;32mI (65) boot:  1 phy_init         RF data          01 01 0000f000 00001000[0m
[0;32mI (72) boot:  2 factory          factory app      00 00 00010000 00100000[0m
[0;32mI (78) boot: End of partition table[0m
[0;32mI (82) esp_image: segment 0: paddr=00010020 vaddr=3f400020 size=09c18h ( 39960) map[0m
[0;32mI (103) esp_image: segment 1: paddr=00019c40 vaddr=3ffb0000 size=023d8h (  9176) load[0m
[0;32mI (106) esp_image: segment 2: paddr=0001c020 vaddr=40080000 size=03ff8h ( 16376) load[0m
[0;32mI (113) esp_image: segment 3: paddr=00020020 vaddr=400d0020 size=13a70h ( 80496) map[0m
[0;32mI (142) esp_image: segment 4: paddr=00033a98 vaddr=40083ff8 size=09000h ( 36864) load[0m
[0;32mI (156) esp_image: segment 5: paddr=0003caa0 vaddr=50000000 size=00020h (    32) load[0m
[0;32mI (163) boot: Loaded app from partition at offset 0x10000[0m
[0;32mI (163) boot: Disabling RNG early entropy source...[0m
[0;32mI (174) cpu_start: Multicore app[0m
[0;32mI (183) cpu_start: Pro cpu start user code[0m
[0;32mI (183) cpu_start: cpu freq: 160000000 Hz[0m
[0;32mI (183) app_init: Application information:[0m
[0;32mI (183) app_init: Project name:     lab4[0m
[0;32mI (186) app_init: App version:      2c3774c-dirty[0m
[0;32mI (191) app_init: Compile time:     Oct  8 2025 09:46:24[0m
[0;32mI (196) app_init: ELF file SHA256:  5f50b0cad...[0m
[0;32mI (200) app_init: ESP-IDF:          HEAD-HASH-NOTFOUND[0m
[0;32mI (205) efuse_init: Min chip rev:     v0.0[0m
[0;32mI (209) efuse_init: Max chip rev:     v3.99 [0m
[0;32mI (213) efuse_init: Chip rev:         v3.1[0m
[0;32mI (217) heap_init: Initializing. RAM available for dynamic allocation:[0m
[0;32mI (223) heap_init: At 3FFAE6E0 len 00001920 (6 KiB): DRAM[0m
[0;32mI (228) heap_init: At 3FFB2CA8 len 0002D358 (180 KiB): DRAM[0m
[0;32mI (233) heap_init: At 3FFE0440 len 00003AE0 (14 KiB): D/IRAM[0m
[0;32mI (239) heap_init: At 3FFE4350 len 0001BCB0 (111 KiB): D/IRAM[0m
[0;32mI (244) heap_init: At 4008CFF8 len 00013008 (76 KiB): IRAM[0m
[0;33mW (251) spi_flash: Detected boya flash chip but using generic driver. For optimal functionality, enable `SPI_FLASH_SUPPORT_BOYA_CHIP` in menuconfig[0m
[0;32mI (263) spi_flash: detected chip: generic[0m
[0;32mI (266) spi_flash: flash io: dio[0m
[0;33mW (269) spi_flash: Detected size(4096k) larger than the size in the binary image header(2048k). Using the size in the binary image header.[0m
[0;32mI (282) main_task: Started on CPU0[0m
[0;32mI (292) main_task: Calling app_main()[0m
----Sorted insert test----
single linked list: 
added:63
added:27
added:55
added:40
added:24
list(first: 24)[24 27 40 55 63 ]


double linked list: 
added 22
added 79
added 5
added 53
added 81
list(first:5, last81 )[5 22 53 79 81 ]
----Removeing elements test----
single linked list: 
added:8
added:51
added:87
added:75
added:70
list(first: 8)[8 51 70 75 87 ]
removeing first element
list(first: 51)[51 70 75 87 ]
51 removed
removeing last element
list(first: 51)[51 70 75 ]
51 removed


double linked list: 
added 57
added 59
added 87
added 24
added 36
list(first:24, last87 )[24 36 57 59 87 ]
removeing first element
list(first:36, last87 )[36 57 59 87 ]
36 removed
removing last element
list(first:36, last59 )[36 57 59 ]
36 removed
----Remove from empty list----
remove from empty sll
remove first: -2147483648
remove last: -2147483648
remove from empty dll
remove first: -2147483648
remove last: -2147483648


----Adding duplicate values----
single linked list: 
added:1
added:1
list(first: 1)[1 1 ]
double linked list: 
added 1
added 1
list(first:1, last1 )[1 1 ]


----Adding values to beginning----
single linked list: 
added:1
added:1
added:0
list(first: 0)[0 1 1 ]
double linked list: 
added 1
added 1
added 0
list(first:0, last1 )[0 1 1 ]


----Adding values to end----
single linked list: 
added:3
list(first: 0)[0 1 1 3 ]
double linked list: 
added 3
list(first:0, last3 )[0 1 1 3 ]


 ----Removeing only element----single linked list: 
added:1
list(first: 1)[1 ]
removeing first element
Guru Meditation Error: Core  0 panic'ed (LoadProhibited). Exception was unhandled.

Core  0 register dump:
PC      : 0x400d636d  PS      : 0x00060530  A0      : 0x800d63a8  A1      : 0x3ffb3f00  
A2      : 0x3ffb3f40  A3      : 0x00000001  A4      : 0x3ffb3be0  A5      : 0x3f403835  
A6      : 0x00000021  A7      : 0x00000000  A8      : 0x800d87c2  A9      : 0x3ffb3ec0  
A10     : 0x0000000a  A11     : 0x3f403860  A12     : 0x00000001  A13     : 0x3f40385b  
A14     : 0x00000001  A15     : 0x3ffaea38  SAR     : 0x0000001d  EXCCAUSE: 0x0000001c  
EXCVADDR: 0x00000000  LBEG    : 0x400014fd  LEND    : 0x4000150d  LCOUNT  : 0xfffffff9  


Backtrace: 0x400d636a:0x3ffb3f00 0x400d63a5:0x3ffb3f20 0x400d62d3:0x3ffb3f40 0x400d631d:0x3ffb3f70 0x400e3389:0x3ffb3fa0 0x40085d35:0x3ffb3fd0




ELF file SHA256: 5f50b0cad

Rebooting...
ets Jul 29 2019 12:21:46

rst:0xc (SW_CPU_RESET),boot:0x13 (SPI_FAST_FLASH_BOOT)
configsip: 0, SPIWP:0xee
clk_drv:0x00,q_drv:0x00,d_drv:0x00,cs0_drv:0x00,hd_drv:0x00,wp_drv:0x00
mode:DIO, clock div:2
load:0x3fff0030,len:6380
ho 0 tail 12 room 4
load:0x40078000,len:15916
load:0x40080400,len:3860
entry 0x40080638
[0;32mI (29) boot: ESP-IDF HEAD-HASH-NOTFOUND 2nd stage bootloader[0m
[0;32mI (29) boot: compile time Oct  8 2025 00:30:29[0m
[0;32mI (29) boot: Multicore bootloader[0m
[0;32mI (32) boot: chip revision: v3.1[0m
[0;32mI (34) boot.esp32: SPI Speed      : 40MHz[0m
[0;32mI (38) boot.esp32: SPI Mode       : DIO[0m
[0;32mI (42) boot.esp32: SPI Flash Size : 2MB[0m
[0;32mI (45) boot: Enabling RNG early entropy source...[0m
[0;32mI (50) boot: Partition Table:[0m
[0;32mI (52) boot: ## Label            Usage          Type ST Offset   Length[0m
[0;32mI (59) boot:  0 nvs              WiFi data        01 02 00009000 00006000[0m
[0;32mI (65) boot:  1 phy_init         RF data          01 01 0000f000 00001000[0m
[0;32mI (72) boot:  2 factory          factory app      00 00 00010000 00100000[0m
[0;32mI (78) boot: End of partition table[0m
[0;32mI (82) esp_image: segment 0: paddr=00010020 vaddr=3f400020 size=09c18h ( 39960) map[0m
[0;32mI (103) esp_image: segment 1: paddr=00019c40 vaddr=3ffb0000 size=023d8h (  9176) load[0m
[0;32mI (106) esp_image: segment 2: paddr=0001c020 vaddr=40080000 size=03ff8h ( 16376) load[0m
[0;32mI (113) esp_image: segment 3: paddr=00020020 vaddr=400d0020 size=13a70h ( 80496) map[0m
[0;32mI (142) esp_image: segment 4: paddr=00033a98 vaddr=40083ff8 size=09000h ( 36864) load[0m
[0;32mI (156) esp_image: segment 5: paddr=0003caa0 vaddr=50000000 size=00020h (    32) load[0m
[0;32mI (163) boot: Loaded app from partition at offset 0x10000[0m
[0;32mI (163) boot: Disabling RNG early entropy source...[0m
[0;32mI (174) cpu_start: Multicore app[0m
[0;32mI (183) cpu_start: Pro cpu start user code[0m
[0;32mI (183) cpu_start: cpu freq: 160000000 Hz[0m
[0;32mI (183) app_init: Application information:[0m
[0;32mI (183) app_init: Project name:     lab4[0m
[0;32mI (186) app_init: App version:      2c3774c-dirty[0m
[0;32mI (191) app_init: Compile time:     Oct  8 2025 09:46:24[0m
[0;32mI (196) app_init: ELF file SHA256:  5f50b0cad...[0m
[0;32mI (200) app_init: ESP-IDF:          HEAD-HASH-NOTFOUND[0m
[0;32mI (205) efuse_init: Min chip rev:     v0.0[0m
[0;32mI (209) efuse_init: Max chip rev:     v3.99 [0m
[0;32mI (213) efuse_init: Chip rev:         v3.1[0m
[0;32mI (217) heap_init: Initializing. RAM available for dynamic allocation:[0m
[0;32mI (223) heap_init: At 3FFAE6E0 len 00001920 (6 KiB): DRAM[0m
[0;32mI (228) heap_init: At 3FFB2CA8 len 0002D358 (180 KiB): DRAM[0m
[0;32mI (233) heap_init: At 3FFE0440 len 00003AE0 (14 KiB): D/IRAM[0m
[0;32mI (239) heap_init: At 3FFE4350 len 0001BCB0 (111 KiB): D/IRAM[0m
[0;32mI (244) heap_init: At 4008CFF8 len 00013008 (76 KiB): IRAM[0m
[0;33mW (251) spi_flash: Detected boya flash chip but using generic driver. For optimal functionality, enable `SPI_FLASH_SUPPORT_BOYA_CHIP` in menuconfig[0m
[0;32mI (263) spi_flash: detected chip: generic[0m
[0;32mI (266) spi_flash: flash io: dio[0m
[0;33mW (269) spi_flash: Detected size(4096k) larger than the size in the binary image header(2048k). Using the size in the binary image header.[0m
[0;32mI (282) main_task: Started on CPU0[0m
[0;32mI (292) main_task: Calling app_main()[0m
