Command: /home/minipops/.espressif/python_env/idf5.5_py3.13_env/bin/python /opt/esp-idf/tools/idf_monitor.py -p /dev/ttyUSB0 -b 115200 --toolchain-prefix xtensa-esp32-elf- --target esp32 --revision 0 /home/minipops/uni/da267a/labs/lab4/build/lab4.elf /home/minipops/uni/da267a/labs/lab4/build/bootloader/bootloader.elf -m '/home/minipops/.espressif/python_env/idf5.5_py3.13_env/bin/python' '/opt/esp-idf/tools/idf.py'
ets Jul 29 2019 12:21:46

rst:0x1 (POWERON_RESET),boot:0x13 (SPI_FAST_FLASH_BOOT)
configsip: 0, SPIWP:0xee
clk_drv:0x00,q_drv:0x00,d_drv:0x00,cs0_drv:0x00,hd_drv:0x00,wp_drv:0x00
mode:DIO, clock div:2
load:0x3fff0030,len:6380
ho 0 tail 12 room 4
load:0x40078000,len:15916
load:0x40080400,len:3860
entry 0x40080638
[0;32mI (29) boot: ESP-IDF HEAD-HASH-NOTFOUND 2nd stage bootloader[0m
[0;32mI (29) boot: compile time Oct  8 2025 00:30:29[0m
[0;32mI (29) boot: Multicore bootloader[0m
[0;32mI (32) boot: chip revision: v3.1[0m
[0;32mI (34) boot.esp32: SPI Speed      : 40MHz[0m
[0;32mI (38) boot.esp32: SPI Mode       : DIO[0m
[0;32mI (42) boot.esp32: SPI Flash Size : 2MB[0m
[0;32mI (45) boot: Enabling RNG early entropy source...[0m
[0;32mI (50) boot: Partition Table:[0m
[0;32mI (52) boot: ## Label            Usage          Type ST Offset   Length[0m
[0;32mI (59) boot:  0 nvs              WiFi data        01 02 00009000 00006000[0m
[0;32mI (65) boot:  1 phy_init         RF data          01 01 0000f000 00001000[0m
[0;32mI (72) boot:  2 factory          factory app      00 00 00010000 00100000[0m
[0;32mI (78) boot: End of partition table[0m
[0;32mI (82) esp_image: segment 0: paddr=00010020 vaddr=3f400020 size=09a68h ( 39528) map[0m
[0;32mI (103) esp_image: segment 1: paddr=00019a90 vaddr=3ffb0000 size=023d8h (  9176) load[0m
[0;32mI (106) esp_image: segment 2: paddr=0001be70 vaddr=40080000 size=041a8h ( 16808) load[0m
[0;32mI (113) esp_image: segment 3: paddr=00020020 vaddr=400d0020 size=137d8h ( 79832) map[0m
[0;32mI (141) esp_image: segment 4: paddr=00033800 vaddr=400841a8 size=08e50h ( 36432) load[0m
[0;32mI (156) esp_image: segment 5: paddr=0003c658 vaddr=50000000 size=00020h (    32) load[0m
[0;32mI (162) boot: Loaded app from partition at offset 0x10000[0m
[0;32mI (162) boot: Disabling RNG early entropy source...[0m
[0;32mI (174) cpu_start: Multicore app[0m
[0;32mI (182) cpu_start: Pro cpu start user code[0m
[0;32mI (182) cpu_start: cpu freq: 160000000 Hz[0m
[0;32mI (182) app_init: Application information:[0m
[0;32mI (182) app_init: Project name:     lab4[0m
[0;32mI (186) app_init: App version:      2c3774c-dirty[0m
[0;32mI (190) app_init: Compile time:     Oct  8 2025 09:46:24[0m
[0;32mI (195) app_init: ELF file SHA256:  da29e7d1e...[0m
[0;32mI (200) app_init: ESP-IDF:          HEAD-HASH-NOTFOUND[0m
[0;32mI (205) efuse_init: Min chip rev:     v0.0[0m
[0;32mI (208) efuse_init: Max chip rev:     v3.99 [0m
[0;32mI (212) efuse_init: Chip rev:         v3.1[0m
[0;32mI (216) heap_init: Initializing. RAM available for dynamic allocation:[0m
[0;32mI (223) heap_init: At 3FFAE6E0 len 00001920 (6 KiB): DRAM[0m
[0;32mI (228) heap_init: At 3FFB2CA8 len 0002D358 (180 KiB): DRAM[0m
[0;32mI (233) heap_init: At 3FFE0440 len 00003AE0 (14 KiB): D/IRAM[0m
[0;32mI (238) heap_init: At 3FFE4350 len 0001BCB0 (111 KiB): D/IRAM[0m
[0;32mI (244) heap_init: At 4008CFF8 len 00013008 (76 KiB): IRAM[0m
[0;33mW (250) spi_flash: Detected boya flash chip but using generic driver. For optimal functionality, enable `SPI_FLASH_SUPPORT_BOYA_CHIP` in menuconfig[0m
[0;32mI (262) spi_flash: detected chip: generic[0m
[0;32mI (266) spi_flash: flash io: dio[0m
[0;33mW (269) spi_flash: Detected size(4096k) larger than the size in the binary image header(2048k). Using the size in the binary image header.[0m
[0;32mI (281) main_task: Started on CPU0[0m
[0;32mI (291) main_task: Calling app_main()[0m
------single_linked_list tests------
added:11
added:69
added:27
added:5
added:79
added:4
added:54
added:58
added:58
added:42
added:87
added:21
added:42
added:54
added:98
added:75
added:73
added:56
added:63
added:30
added:33
added:81
added:37
added:58
added:60
index[0] = 4
index[1] = 5
index[2] = 11
index[3] = 21
index[4] = 27
index[5] = 30
index[6] = 33
index[7] = 37
index[8] = 42
index[9] = 42
index[10] = 54
index[11] = 54
index[12] = 56
index[13] = 58
index[14] = 58
index[15] = 58
index[16] = 60
index[17] = 63
index[18] = 69
index[19] = 73
index[20] = 75
index[21] = 79
index[22] = 81
index[23] = 87
index[24] = 98
index[0] = 54
index[1] = 54
index[2] = 56
index[3] = 58
index[4] = 58
------double_linked_list tests------
added:40
added:10
added:70
added:59
added:75
added:89
added:46
added:18
added:1
added:61
added:29
added:87
added:21
added:11
added:5
added:99
added:89
added:44
added:83
added:23
added:35
added:90
added:6
added:82
added:4
index[0] = 1
index[1] = 4
index[2] = 5
index[3] = 6
index[4] = 10
index[5] = 11
index[6] = 18
index[7] = 21
index[8] = 23
index[9] = 29
index[10] = 35
index[11] = 40
index[12] = 44
index[13] = 46
index[14] = 59
index[15] = 61
index[16] = 70
index[17] = 75
index[18] = 82
index[19] = 83
index[20] = 87
index[21] = 89
index[22] = 89
index[23] = 90
index[24] = 99
--Remove--

assert failed: block_next tlsf_block_functions.h:161 (!block_is_last(block))


Backtrace: 0x40085365:0x3ffb3d70 0x4008532d:0x3ffb3d90 0x4008b3b1:0x3ffb3db0 0x40089cc8:0x3ffb3ed0 0x40089b44:0x3ffb3ef0 0x40081c23:0x3ffb3f10 0x4008b439:0x3ffb3f30 0x400d6215:0x3ffb3f50 0x400d60bb:0x3ffb3f70 0x400e30f1:0x3ffb3fa0 0x40085d35:0x3ffb3fd0




ELF file SHA256: da29e7d1e

Rebooting...
ets Jul 29 2019 12:21:46

rst:0xc (SW_CPU_RESET),boot:0x13 (SPI_FAST_FLASH_BOOT)
configsip: 0, SPIWP:0xee
clk_drv:0x00,q_drv:0x00,d_drv:0x00,cs0_drv:0x00,hd_drv:0x00,wp_drv:0x00
mode:DIO, clock div:2
load:0x3fff0030,len:6380
ho 0 tail 12 room 4
load:0x40078000,len:15916
load:0x40080400,len:3860
entry 0x40080638
[0;32mI (29) boot: ESP-IDF HEAD-HASH-NOTFOUND 2nd stage bootloader[0m
[0;32mI (29) boot: compile time Oct  8 2025 00:30:29[0m
[0;32mI (29) boot: Multicore bootloader[0m
[0;32mI (32) boot: chip revision: v3.1[0m
[0;32mI (34) boot.esp32: SPI Speed      : 40MHz[0m
[0;32mI (38) boot.esp32: SPI Mode       : DIO[0m
[0;32mI (42) boot.esp32: SPI Flash Size : 2MB[0m
[0;32mI (45) boot: Enabling RNG early entropy source...[0m
[0;32mI (50) boot: Partition Table:[0m
[0;32mI (52) boot: ## Label            Usage          Type ST Offset   Length[0m
[0;32mI (59) boot:  0 nvs              WiFi data        01 02 00009000 00006000[0m
[0;32mI (65) boot:  1 phy_init         RF data          01 01 0000f000 00001000[0m
[0;32mI (72) boot:  2 factory          factory app      00 00 00010000 00100000[0m
[0;32mI (78) boot: End of partition table[0m
[0;32mI (82) esp_image: segment 0: paddr=00010020 vaddr=3f400020 size=09a68h ( 39528) map[0m
[0;32mI (102) esp_image: segment 1: paddr=00019a90 vaddr=3ffb0000 size=023d8h (  9176) load[0m
[0;32mI (106) esp_image: segment 2: paddr=0001be70 vaddr=40080000 size=041a8h ( 16808) load[0m
[0;32mI (113) esp_image: segment 3: paddr=00020020 vaddr=400d0020 size=137d8h ( 79832) map[0m
[0;32mI (141) esp_image: segment 4: paddr=00033800 vaddr=400841a8 size=08e50h ( 36432) load[0m
[0;32mI (156) esp_image: segment 5: paddr=0003c658 vaddr=50000000 size=00020h (    32) load[0m
[0;32mI (162) boot: Loaded app from partition at offset 0x10000[0m
[0;32mI (162) boot: Disabling RNG early entropy source...[0m
[0;32mI (174) cpu_start: Multicore app[0m
[0;32mI (182) cpu_start: Pro cpu start user code[0m
[0;32mI (182) cpu_start: cpu freq: 160000000 Hz[0m
[0;32mI (182) app_init: Application information:[0m
[0;32mI (182) app_init: Project name:     lab4[0m
[0;32mI (186) app_init: App version:      2c3774c-dirty[0m
[0;32mI (190) app_init: Compile time:     Oct  8 2025 09:46:24[0m
[0;32mI (195) app_init: ELF file SHA256:  da29e7d1e...[0m
[0;32mI (200) app_init: ESP-IDF:          HEAD-HASH-NOTFOUND[0m
[0;32mI (204) efuse_init: Min chip rev:     v0.0[0m
[0;32mI (208) efuse_init: Max chip rev:     v3.99 [0m
[0;32mI (212) efuse_init: Chip rev:         v3.1[0m
[0;32mI (216) heap_init: Initializing. RAM available for dynamic allocation:[0m
[0;32mI (223) heap_init: At 3FFAE6E0 len 00001920 (6 KiB): DRAM[0m
[0;32mI (227) heap_init: At 3FFB2CA8 len 0002D358 (180 KiB): DRAM[0m
[0;32mI (233) heap_init: At 3FFE0440 len 00003AE0 (14 KiB): D/IRAM[0m
[0;32mI (238) heap_init: At 3FFE4350 len 0001BCB0 (111 KiB): D/IRAM[0m
[0;32mI (244) heap_init: At 4008CFF8 len 00013008 (76 KiB): IRAM[0m
[0;33mW (250) spi_flash: Detected boya flash chip but using generic driver. For optimal functionality, enable `SPI_FLASH_SUPPORT_BOYA_CHIP` in menuconfig[0m
[0;32mI (262) spi_flash: detected chip: generic[0m
[0;32mI (266) spi_flash: flash io: dio[0m
[0;33mW (268) spi_flash: Detected size(4096k) larger than the size in the binary image header(2048k). Using the size in the binary image header.[0m
[0;32mI (281) main_task: Started on CPU0[0m
[0;32mI (291) main_task: Calling app_main()[0m
------single_linked_list tests------
added:23
added:33
added:21
added:73
added:53
added:56
added:89
added:19
added:37
added:87
added:40
added:44
added:91
added:89
added:86
added:64
added:66
added:21
added:56
added:28
added:43
added:1
added:96
added:98
added:45
index[0] = 1
index[1] = 19
index[2] = 21
index[3] = 21
index[4] = 23
index[5] = 28
index[6] = 33
index[7] = 37
index[8] = 40
index[9] = 43
index[10] = 44
index[11] = 45
index[12] = 53
index[13] = 56
index[14] = 56
index[15] = 64
index[16] = 66
index[17] = 73
index[18] = 86
index[19] = 87
index[20] = 89
index[21] = 89
index[22] = 91
index[23] = 96
index[24] = 98
index[0] = 44
index[1] = 45
index[2] = 53
index[3] = 56
index[4] = 56
------double_linked_list tests------
added:36
added:48
added:52
added:47
added:86
added:31
added:3
added:40
added:22
added:1
added:85
added:7
added:31
added:68
added:56
added:68
added:47
added:1
added:51
added:76
added:32
added:72
added:88
added:14
added:53
index[0] = 1
index[1] = 1
index[2] = 3
index[3] = 7
index[4] = 14
index[5] = 22
index[6] = 31
index[7] = 31
index[8] = 32
index[9] = 36
index[10] = 40
index[11] = 47
index[12] = 47
index[13] = 48
index[14] = 51
index[15] = 52
index[16] = 53
index[17] = 56
index[18] = 68
index[19] = 68
index[20] = 72
index[21] = 76
index[22] = 85
index[23] = 86
index[24] = 88
--Remove--

assert failed: block_next tlsf_block_functions.h:161 (!block_is_last(block))


Backtrace: 0x40085365:0x3ffb3d70 0x4008532d:0x3ffb3d90 0x4008b3b1:0x3ffb3db0 0x40089cc8:0x3ffb3ed0 0x40089b44:0x3ffb3ef0 0x40081c23:0x3ffb3f10 0x4008b439:0x3ffb3f30 0x400d6215:0x3ffb3f50 0x400d60bb:0x3ffb3f70 0x400e30f1:0x3ffb3fa0 0x40085d35:0x3ffb3fd0




ELF file SHA256: da29e7d1e

Rebooting...
ets Jul 29 2019 12:21:46

rst:0xc (SW_CPU_RESET),boot:0x13 (SPI_FAST_FLASH_BOOT)
configsip: 0, SPIWP:0xee
clk_drv:0x00,q_drv:0x00,d_drv:0x00,cs0_drv:0x00,hd_drv:0x00,wp_drv:0x00
mode:DIO, clock div:2
load:0x3fff0030,len:6380
ho 0 tail 12 room 4
load:0x40078000,len:15916
load:0x40080400,len:3860
entry 0x40080638
[0;32mI (29) boot: ESP-IDF HEAD-HASH-NOTFOUND 2nd stage bootloader[0m
[0;32mI (29) boot: compile time Oct  8 2025 00:30:29[0m
[0;32mI (29) boot: Multicore bootloader[0m
[0;32mI (32) boot: chip revision: v3.1[0m
[0;32mI (34) boot.esp32: SPI Speed      : 40MHz[0m
[0;32mI (38) boot.esp32: SPI Mode       : DIO[0m
[0;32mI (42) boot.esp32: SPI Flash Size : 2MB[0m
[0;32mI (45) boot: Enabling RNG early entropy source...[0m
[0;32mI (50) boot: Partition Table:[0m
[0;32mI (52) boot: ## Label            Usage          Type ST Offset   Length[0m
[0;32mI (59) boot:  0 nvs              WiFi data        01 02 00009000 00006000[0m
[0;32mI (65) boot:  1 phy_init         RF data          01 01 0000f000 00001000[0m
[0;32mI (72) boot:  2 factory          factory app      00 00 00010000 00100000[0m
[0;32mI (78) boot: End of partition table[0m
[0;32mI (82) esp_image: segment 0: paddr=00010020 vaddr=3f400020 size=09a68h ( 39528) map[0m
[0;32mI (102) esp_image: segment 1: paddr=00019a90 vaddr=3ffb0000 size=023d8h (  9176) load[0m
[0;32mI (106) esp_image: segment 2: paddr=0001be70 vaddr=40080000 size=041a8h ( 16808) load[0m
[0;32mI (113) esp_image: segment 3: paddr=00020020 vaddr=400d0020 size=137d8h ( 79832) map[0m
[0;32mI (141) esp_image: segment 4: paddr=00033800 vaddr=400841a8 size=08e50h ( 36432) load[0m
[0;32mI (156) esp_image: segment 5: paddr=0003c658 vaddr=50000000 size=00020h (    32) load[0m
[0;32mI (162) boot: Loaded app from partition at offset 0x10000[0m
[0;32mI (162) boot: Disabling RNG early entropy source...[0m
[0;32mI (174) cpu_start: Multicore app[0m
[0;32mI (182) cpu_start: Pro cpu start user code[0m
[0;32mI (182) cpu_start: cpu freq: 160000000 Hz[0m
[0;32mI (182) app_init: Application information:[0m
[0;32mI (182) app_init: Project name:     lab4[0m
[0;32mI (186) app_init: App version:      2c3774c-dirty[0m
[0;32mI (190) app_init: Compile time:     Oct  8 2025 09:46:24[0m
[0;32mI (195) app_init: ELF file SHA256:  da29e7d1e...[0m
[0;32mI (200) app_init: ESP-IDF:          HEAD-HASH-NOTFOUND[0m
[0;32mI (204) efuse_init: Min chip rev:     v0.0[0m
[0;32mI (208) efuse_init: Max chip rev:     v3.99 [0m
[0;32mI (212) efuse_init: Chip rev:         v3.1[0m
[0;32mI (216) heap_init: Initializing. RAM available for dynamic allocation:[0m
[0;32mI (223) heap_init: At 3FFAE6E0 len 00001920 (6 KiB): DRAM[0m
[0;32mI (227) heap_init: At 3FFB2CA8 len 0002D358 (180 KiB): DRAM[0m
[0;32mI (233) heap_init: At 3FFE0440 len 00003AE0 (14 KiB): D/IRAM[0m
[0;32mI (238) heap_init: At 3FFE4350 len 0001BCB0 (111 KiB): D/IRAM[0m
[0;32mI (244) heap_init: At 4008CFF8 len 00013008 (76 KiB): IRAM[0m
[0;33mW (250) spi_flash: Detected boya flash chip but using generic driver. For optimal functionality, enable `SPI_FLASH_SUPPORT_BOYA_CHIP` in menuconfig[0m
[0;32mI (262) spi_flash: detected chip: generic[0m
[0;32mI (265) spi_flash: flash io: dio[0m
[0;33mW (268) spi_flash: Detected size(4096k) larger than the size in the binary image header(2048k). Using the size in the binary image header.[0m
[0;32mI (281) main_task: Started on CPU0[0m
[0;32mI (291) main_task: Calling app_main()[0m
------single_linked_list tests------
added:21
added:23
added:8
added:86
added:47
added:21
added:76
added:57
added:33
added:31
added:45
added:37
added:10
added:12
added:63
added:10
added:32
added:66
added:31
added:92
added:77
added:12
added:26
added:63
added:39
index[0] = 8
index[1] = 10
index[2] = 10
index[3] = 12
index[4] = 12
index[5] = 21
index[6] = 21
index[7] = 23
index[8] = 26
index[9] = 31
index[10] = 31
index[11] = 32
index[12] = 33
index[13] = 37
index[14] = 39
index[15] = 45
index[16] = 47
index[17] = 57
index[18] = 63
index[19] = 63
index[20] = 66
index[21] = 76
index[22] = 77
index[23] = 86
index[24] = 92
index[0] = 31
index[1] = 32
index[2] = 33
index[3] = 37
index[4] = 39
------double_linked_list tests------
added:79
added:83
added:46
added:39
added:92
added:27
added:83
added:32
added:21
added:79
added:31
added:25
added:74
added:72
added:85
added:19
added:41
added:48
added:51
added:78
added:65
added:36
added:61
added:65
added:20
index[0] = 19
index[1] = 20
index[2] = 21
index[3] = 25
index[4] = 27
index[5] = 31
index[6] = 32
index[7] = 36
index[8] = 39
index[9] = 41
index[10] = 46
index[11] = 48
index[12] = 51
index[13] = 61
index[14] = 65
index[15] = 65
index[16] = 72
index[17] = 74
index[18] = 78
index[19] = 79
index[20] = 79
index[21] = 83
index[22] = 83
index[23] = 85
index[24] = 92
--Remove--

assert failed: block_next tlsf_block_functions.h:161 (!block_is_last(block))


Backtrace: 0x40085365:0x3ffb3d70 0x4008532d:0x3ffb3d90 0x4008b3b1:0x3ffb3db0 0x40089cc8:0x3ffb3ed0 0x40089b44:0x3ffb3ef0 0x40081c23:0x3ffb3f10 0x4008b439:0x3ffb3f30 0x400d6215:0x3ffb3f50 0x400d60bb:0x3ffb3f70 0x400e30f1:0x3ffb3fa0 0x40085d35:0x3ffb3fd0




ELF file SHA256: da29e7d1e

Rebooting...
ets Jul 29 2019 12:21:46

rst:0xc (SW_CPU_RESET),boot:0x13 (SPI_FAST_FLASH_BOOT)
configsip: 0, SPIWP:0xee
clk_drv:0x00,q_drv:0x00,d_drv:0x00,cs0_drv:0x00,hd_drv:0x00,wp_drv:0x00
mode:DIO, clock div:2
load:0x3fff0030,len:6380
ho 0 tail 12 room 4
load:0x40078000,len:15916
load:0x40080400,len:3860
entry 0x40080638
[0;32mI (29) boot: ESP-IDF HEAD-HASH-NOTFOUND 2nd stage bootloader[0m
[0;32mI (29) boot: compile time Oct  8 2025 00:30:29[0m
[0;32mI (29) boot: Multicore bootloader[0m
[0;32mI (32) boot: chip revision: v3.1[0m
[0;32mI (34) boot.esp32: SPI Speed      : 40MHz[0m
[0;32mI (38) boot.esp32: SPI Mode       : DIO[0m
[0;32mI (42) boot.esp32: SPI Flash Size : 2MB[0m
[0;32mI (45) boot: Enabling RNG early entropy source...[0m
[0;32mI (50) boot: Partition Table:[0m
[0;32mI (52) boot: ## Label            Usage          Type ST Offset   Length[0m
[0;32mI (59) boot:  0 nvs              WiFi data        01 02 00009000 00006000[0m
[0;32mI (65) boot:  1 phy_init         RF data          01 01 0000f000 00001000[0m
[0;32mI (72) boot:  2 factory          factory app      00 00 00010000 00100000[0m
[0;32mI (78) boot: End of partition table[0m
[0;32mI (82) esp_image: segment 0: paddr=00010020 vaddr=3f400020 size=09a68h ( 39528) map[0m
[0;32mI (102) esp_image: segment 1: paddr=00019a90 vaddr=3ffb0000 size=023d8h (  9176) load[0m
[0;32mI (106) esp_image: segment 2: paddr=0001be70 vaddr=40080000 size=041a8h ( 16808) load[0m
[0;32mI (113) esp_image: segment 3: paddr=00020020 vaddr=400d0020 size=137d8h ( 79832) map[0m
[0;32mI (141) esp_image: segment 4: paddr=00033800 vaddr=400841a8 size=08e50h ( 36432) load[0m
[0;32mI (156) esp_image: segment 5: paddr=0003c658 vaddr=50000000 size=00020h (    32) load[0m
[0;32mI (162) boot: Loaded app from partition at offset 0x10000[0m
[0;32mI (162) boot: Disabling RNG early entropy source...[0m
[0;32mI (174) cpu_start: Multicore app[0m
[0;32mI (182) cpu_start: Pro cpu start user code[0m
[0;32mI (182) cpu_start: cpu freq: 160000000 Hz[0m
[0;32mI (182) app_init: Application information:[0m
[0;32mI (182) app_init: Project name:     lab4[0m
[0;32mI (186) app_init: App version:      2c3774c-dirty[0m
[0;32mI (190) app_init: Compile time:     Oct  8 2025 09:46:24[0m
[0;32mI (195) app_init: ELF file SHA256:  da29e7d1e...[0m
[0;32mI (200) app_init: ESP-IDF:          HEAD-HASH-NOTFOUND[0m
[0;32mI (204) efuse_init: Min chip rev:     v0.0[0m
[0;32mI (208) efuse_init: Max chip rev:     v3.99 [0m
[0;32mI (212) efuse_init: Chip rev:         v3.1[0m
[0;32mI (216) heap_init: Initializing. RAM available for dynamic allocation:[0m
[0;32mI (223) heap_init: At 3FFAE6E0 len 00001920 (6 KiB): DRAM[0m
[0;32mI (227) heap_init: At 3FFB2CA8 len 0002D358 (180 KiB): DRAM[0m
[0;32mI (233) heap_init: At 3FFE0440 len 00003AE0 (14 KiB): D/IRAM[0m
[0;32mI (238) heap_init: At 3FFE4350 len 0001BCB0 (111 KiB): D/IRAM[0m
[0;32mI (244) heap_init: At 4008CFF8 len 00013008 (76 KiB): IRAM[0m
[0;33mW (250) spi_flash: Detected boya flash chip but using generic driver. For optimal functionality, enable `SPI_FLASH_SUPPORT_BOYA_CHIP` in menuconfig[0m
[0;32mI (262) spi_flash: detected chip: generic[0m
[0;32mI (265) spi_flash: flash io: dio[0m
[0;33mW (268) spi_flash: Detected size(4096k) larger than the size in the binary image header(2048k). Using the size in the binary image header.[0m
[0;32mI (281) main_task: Started on CPU0[0m
[0;32mI (291) main_task: Calling app_main()[0m
------single_linked_list tests------
added:33
added:39
added:99
added:32
added:26
added:25
added:56
added:5
added:36
added:30
added:7
added:76
added:92
added:45
added:21
added:3
added:99
added:65
added:26
added:32
added:1
added:16
added:70
added:20
added:27
index[0] = 1
index[1] = 3
index[2] = 5
index[3] = 7
index[4] = 16
index[5] = 20
index[6] = 21
index[7] = 25
index[8] = 26
index[9] = 26
index[10] = 27
index[11] = 30
index[12] = 32
index[13] = 32
index[14] = 33
index[15] = 36
index[16] = 39
index[17] = 45
index[18] = 56
index[19] = 65
index[20] = 70
index[21] = 76
index[22] = 92
index[23] = 99
index[24] = 99
index[0] = 27
index[1] = 30
index[2] = 32
index[3] = 32
index[4] = 33
------double_linked_list tests------
added:70
added:26
added:97
added:34
added:47
added:45
added:58
added:22
added:78
added:41
added:5
added:1
added:49
added:97
added:42
added:98
added:90
added:57
added:30
added:89
added:76
added:53
added:11
added:57
added:30
index[0] = 1
index[1] = 5
index[2] = 11
index[3] = 22
index[4] = 26
index[5] = 30
index[6] = 30
index[7] = 34
index[8] = 41
index[9] = 42
index[10] = 45
index[11] = 47
index[12] = 49
index[13] = 53
index[14] = 57
index[15] = 57
index[16] = 58
index[17] = 70
index[18] = 76
index[19] = 78
index[20] = 89
index[21] = 90
index[22] = 97
index[23] = 97
index[24] = 98
--Remove--
Guru Meditation Error: Core  0 panic'ed (StoreProhibited). Exception was unhandled.

Core  0 register dump:
PC      : 0x400d6213  PS      : 0x00060130  A0      : 0x800d60be  A1      : 0x3ffb3f50  
A2      : 0x3ffb3f74  A3      : 0x0000001e  A4      : 0x3ffb3f60  A5      : 0x0000000c  
A6      : 0x00000018  A7      : 0x3ffaff00  A8      : 0x00000000  A9      : 0x00000000  
A10     : 0x3ffaff00  A11     : 0x3f4036f4  A12     : 0x00000062  A13     : 0x3f40256b  
A14     : 0x00000015  A15     : 0x3ffaea38  SAR     : 0x0000001b  EXCCAUSE: 0x0000001d  
EXCVADDR: 0x00000004  LBEG    : 0x400014fd  LEND    : 0x4000150d  LCOUNT  : 0xfffffffd  


Backtrace: 0x400d6210:0x3ffb3f50 0x400d60bb:0x3ffb3f70 0x400e30f1:0x3ffb3fa0 0x40085d35:0x3ffb3fd0




ELF file SHA256: da29e7d1e

Rebooting...
ets Jul 29 2019 12:21:46

rst:0xc (SW_CPU_RESET),boot:0x13 (SPI_FAST_FLASH_BOOT)
configsip: 0, SPIWP:0xee
clk_drv:0x00,q_drv:0x00,d_drv:0x00,cs0_drv:0x00,hd_drv:0x00,wp_drv:0x00
mode:DIO, clock div:2
load:0x3fff0030,len:6380
ho 0 tail 12 room 4
load:0x40078000,len:15916
load:0x40080400,len:3860
entry 0x40080638
[0;32mI (29) boot: ESP-IDF HEAD-HASH-NOTFOUND 2nd stage bootloader[0m
[0;32mI (29) boot: compile time Oct  8 2025 00:30:29[0m
[0;32mI (29) boot: Multicore bootloader[0m
[0;32mI (32) boot: chip revision: v3.1[0m
[0;32mI (34) boot.esp32: SPI Speed      : 40MHz[0m
[0;32mI (38) boot.esp32: SPI Mode       : DIO[0m
[0;32mI (42) boot.esp32: SPI Flash Size : 2MB[0m
[0;32mI (45) boot: Enabling RNG early entropy source...[0m
[0;32mI (50) boot: Partition Table:[0m
[0;32mI (52) boot: ## Label            Usage          Type ST Offset   Length[0m
[0;32mI (59) boot:  0 nvs              WiFi data        01 02 00009000 00006000[0m
[0;32mI (65) boot:  1 phy_init         RF data          01 01 0000f000 00001000[0m
[0;32mI (72) boot:  2 factory          factory app      00 00 00010000 00100000[0m
[0;32mI (78) boot: End of partition table[0m
[0;32mI (82) esp_image: segment 0: paddr=00010020 vaddr=3f400020 size=09a68h ( 39528) map[0m
[0;32mI (102) esp_image: segment 1: paddr=00019a90 vaddr=3ffb0000 size=023d8h (  9176) load[0m
[0;32mI (106) esp_image: segment 2: paddr=0001be70 vaddr=40080000 size=041a8h ( 16808) load[0m
[0;32mI (113) esp_image: segment 3: paddr=00020020 vaddr=400d0020 size=137d8h ( 79832) map[0m
[0;32mI (141) esp_image: segment 4: paddr=00033800 vaddr=400841a8 size=08e50h ( 36432) load[0m
[0;32mI (156) esp_image: segment 5: paddr=0003c658 vaddr=50000000 size=00020h (    32) load[0m
[0;32mI (162) boot: Loaded app from partition at offset 0x10000[0m
[0;32mI (162) boot: Disabling RNG early entropy source...[0m
[0;32mI (174) cpu_start: Multicore app[0m
[0;32mI (182) cpu_start: Pro cpu start user code[0m
[0;32mI (182) cpu_start: cpu freq: 160000000 Hz[0m
[0;32mI (182) app_init: Application information:[0m
[0;32mI (182) app_init: Project name:     lab4[0m
[0;32mI (186) app_init: App version:      2c3774c-dirty[0m
[0;32mI (190) app_init: Compile time:     Oct  8 2025 09:46:24[0m
[0;32mI (195) app_init: ELF file SHA256:  da29e7d1e...[0m
[0;32mI (200) app_init: ESP-IDF:          HEAD-HASH-NOTFOUND[0m
[0;32mI (204) efuse_init: Min chip rev:     v0.0[0m
[0;32mI (208) efuse_init: Max chip rev:     v3.99 [0m
[0;32mI (212) efuse_init: Chip rev:         v3.1[0m
[0;32mI (216) heap_init: Initializing. RAM available for dynamic allocation:[0m
[0;32mI (223) heap_init: At 3FFAE6E0 len 00001920 (6 KiB): DRAM[0m
[0;32mI (227) heap_init: At 3FFB2CA8 len 0002D358 (180 KiB): DRAM[0m
[0;32mI (233) heap_init: At 3FFE0440 len 00003AE0 (14 KiB): D/IRAM[0m
[0;32mI (238) heap_init: At 3FFE4350 len 0001BCB0 (111 KiB): D/IRAM[0m
[0;32mI (244) heap_init: At 4008CFF8 len 00013008 (76 KiB): IRAM[0m
[0;33mW (250) spi_flash: Detected boya flash chip but using generic driver. For optimal functionality, enable `SPI_FLASH_SUPPORT_BOYA_CHIP` in menuconfig[0m
[0;32mI (262) spi_flash: detected chip: generic[0m
[0;32mI (265) spi_flash: flash io: dio[0m
[0;33mW (268) spi_flash: Detected size(4096k) larger than the size in the binary image header(2048k). Using the size in the binary image header.[0m
[0;32mI (281) main_task: Started on CPU0[0m
[0;32mI (291) main_task: Calling app_main()[0m
------single_linked_list tests------
added:21
added:85
added:98
added:29
added:35
added:27
added:86
added:24
added:53
added:89
added:58
added:14
added:33
added:39
added:18
added:37
added:65
added:4
added:73
added:42
added:64
added:37
added:51
added:94
added:36
index[0] = 4
index[1] = 14
index[2] = 18
index[3] = 21
index[4] = 24
index[5] = 27
index[6] = 29
index[7] = 33
index[8] = 35
index[9] = 36
index[10] = 37
index[11] = 37
index[12] = 39
index[13] = 42
index[14] = 51
index[15] = 53
index[16] = 58
index[17] = 64
index[18] = 65
index[19] = 73
index[20] = 85
index[21] = 86
index[22] = 89
index[23] = 94
index[24] = 98
index[0] = 37
index[1] = 37
index[2] = 39
index[3] = 42
index[4] = 51
------double_linked_list tests------
added:92
added:60
added:41
added:86
added:6
added:0
added:65
added:2
added:89
added:9
added:8
added:84
added:47
added:32
added:52
added:17
added:8
added:15
added:77
added:60
added:97
added:64
added:81
added:44
added:9
index[0] = 0
index[1] = 2
index[2] = 6
index[3] = 8
index[4] = 8
index[5] = 9
index[6] = 9
index[7] = 15
index[8] = 17
index[9] = 32
index[10] = 41
index[11] = 44
index[12] = 47
index[13] = 52
index[14] = 60
index[15] = 60
index[16] = 64
index[17] = 65
index[18] = 77
index[19] = 81
index[20] = 84
index[21] = 86
index[22] = 89
index[23] = 92
index[24] = 97
--Remove--
Guru Meditation Error: Core  0 panic'ed (StoreProhibited). Exception was unhandled.

Core  0 register dump:
PC      : 0x400d6213  PS      : 0x00060130  A0      : 0x800d60be  A1      : 0x3ffb3f50  
A2      : 0x3ffb3f74  A3      : 0x00000009  A4      : 0x3ffb3f60  A5      : 0x0000000c  
A6      : 0x00000018  A7      : 0x3ffaffe0  A8      : 0x00000000  A9      : 0x00000000  
A10     : 0x3ffaffe0  A11     : 0x3f4036f4  A12     : 0x00000061  A13     : 0x3f40256b  
A14     : 0x00000015  A15     : 0x3ffaea38  SAR     : 0x0000001b  EXCCAUSE: 0x0000001d  
EXCVADDR: 0x00000004  LBEG    : 0x400014fd  LEND    : 0x4000150d  LCOUNT  : 0xfffffffd  


Backtrace: 0x400d6210:0x3ffb3f50 0x400d60bb:0x3ffb3f70 0x400e30f1:0x3ffb3fa0 0x40085d35:0x3ffb3fd0




ELF file SHA256: da29e7d1e

Rebooting...
ets Jul 29 2019 12:21:46

rst:0xc (SW_CPU_RESET),boot:0x13 (SPI_FAST_FLASH_BOOT)
configsip: 0, SPIWP:0xee
clk_drv:0x00,q_drv:0x00,d_drv:0x00,cs0_drv:0x00,hd_drv:0x00,wp_drv:0x00
mode:DIO, clock div:2
load:0x3fff0030,len:6380
ho 0 tail 12 room 4
load:0x40078000,len:15916
load:0x40080400,len:3860
entry 0x40080638
[0;32mI (29) boot: ESP-IDF HEAD-HASH-NOTFOUND 2nd stage bootloader[0m
[0;32mI (29) boot: compile time Oct  8 2025 00:30:29[0m
[0;32mI (29) boot: Multicore bootloader[0m
[0;32mI (32) boot: chip revision: v3.1[0m
[0;32mI (34) boot.esp32: SPI Speed      : 40MHz[0m
[0;32mI (38) boot.esp32: SPI Mode       : DIO[0m
[0;32mI (42) boot.esp32: SPI Flash Size : 2MB[0m
[0;32mI (45) boot: Enabling RNG early entropy source...[0m
[0;32mI (50) boot: Partition Table:[0m
[0;32mI (52) boot: ## Label            Usage          Type ST Offset   Length[0m
[0;32mI (59) boot:  0 nvs              WiFi data        01 02 00009000 00006000[0m
[0;32mI (65) boot:  1 phy_init         RF data          01 01 0000f000 00001000[0m
[0;32mI (72) boot:  2 factory          factory app      00 00 00010000 00100000[0m
[0;32mI (78) boot: End of partition table[0m
[0;32mI (82) esp_image: segment 0: paddr=00010020 vaddr=3f400020 size=09a68h ( 39528) map[0m
[0;32mI (102) esp_image: segment 1: paddr=00019a90 vaddr=3ffb0000 size=023d8h (  9176) load[0m
[0;32mI (106) esp_image: segment 2: paddr=0001be70 vaddr=40080000 size=041a8h ( 16808) load[0m
[0;32mI (113) esp_image: segment 3: paddr=00020020 vaddr=400d0020 size=137d8h ( 79832) map[0m
[0;32mI (141) esp_image: segment 4: paddr=00033800 vaddr=400841a8 size=08e50h ( 36432) load[0m
[0;32mI (156) esp_image: segment 5: paddr=0003c658 vaddr=50000000 size=00020h (    32) load[0m
[0;32mI (162) boot: Loaded app from partition at offset 0x10000[0m
[0;32mI (162) boot: Disabling RNG early entropy source...[0m
[0;32mI (174) cpu_start: Multicore app[0m
[0;32mI (182) cpu_start: Pro cpu start user code[0m
[0;32mI (182) cpu_start: cpu freq: 160000000 Hz[0m
[0;32mI (182) app_init: Application information:[0m
[0;32mI (182) app_init: Project name:     lab4[0m
[0;32mI (186) app_init: App version:      2c3774c-dirty[0m
[0;32mI (190) app_init: Compile time:     Oct  8 2025 09:46:24[0m
[0;32mI (195) app_init: ELF file SHA256:  da29e7d1e...[0m
[0;32mI (200) app_init: ESP-IDF:          HEAD-HASH-NOTFOUND[0m
[0;32mI (204) efuse_init: Min chip rev:     v0.0[0m
[0;32mI (208) efuse_init: Max chip rev:     v3.99 [0m
[0;32mI (212) efuse_init: Chip rev:         v3.1[0m
[0;32mI (216) heap_init: Initializing. RAM available for dynamic allocation:[0m
[0;32mI (223) heap_init: At 3FFAE6E0 len 00001920 (6 KiB): DRAM[0m
[0;32mI (227) heap_init: At 3FFB2CA8 len 0002D358 (180 KiB): DRAM[0m
[0;32mI (233) heap_init: At 3FFE0440 len 00003AE0 (14 KiB): D/IRAM[0m
[0;32mI (238) heap_init: At 3FFE4350 len 0001BCB0 (111 KiB): D/IRAM[0m
[0;32mI (244) heap_init: At 4008CFF8 len 00013008 (76 KiB): IRAM[0m
[0;33mW (250) spi_flash: Detected boya flash chip but using generic driver. For optimal functionality, enable `SPI_FLASH_SUPPORT_BOYA_CHIP` in menuconfig[0m
[0;32mI (262) spi_flash: detected chip: generic[0m
[0;32mI (266) spi_flash: flash io: dio[0m
[0;33mW (268) spi_flash: Detected size(4096k) larger than the size in the binary image header(2048k). Using the size in the binary image header.[0m
[0;32mI (281) main_task: Started on CPU0[0m
[0;32mI (291) main_task: Calling app_main()[0m
------single_linked_list tests------
added:69
added:84
added:74
added:73
added:2
added:51
added:21
added:75
added:58
added:91
added:76
added:42
added:6
added:97
added:28
added:79
added:68
added:90
added:92
added:63
added:34
added:5
added:81
added:37
added:93
index[0] = 2
index[1] = 5
index[2] = 6
index[3] = 21
index[4] = 28
index[5] = 34
index[6] = 37
index[7] = 42
index[8] = 51
index[9] = 58
index[10] = 63
index[11] = 68
index[12] = 69
index[13] = 73
index[14] = 74
index[15] = 75
index[16] = 76
index[17] = 79
index[18] = 81
index[19] = 84
index[20] = 90
index[21] = 91
index[22] = 92
index[23] = 93
index[24] = 97
index[0] = 63
index[1] = 68
index[2] = 69
index[3] = 73
index[4] = 74
------double_linked_list tests------
added:80
added:49
added:6
added:56
added:42
added:9
added:98
added:88
added:96
added:51
added:44
added:98
added:74
added:89
added:74
added:42
added:46
added:55
added:65
added:91
added:31
added:32
added:38
added:32
added:78
index[0] = 6
index[1] = 9
index[2] = 31
index[3] = 32
index[4] = 32
index[5] = 38
index[6] = 42
index[7] = 42
index[8] = 44
index[9] = 46
index[10] = 49
index[11] = 51
index[12] = 55
index[13] = 56
index[14] = 65
index[15] = 74
index[16] = 74
index[17] = 78
index[18] = 80
index[19] = 88
index[20] = 89
index[21] = 91
index[22] = 96
index[23] = 98
index[24] = 98
--Remove--

assert failed: block_next tlsf_block_functions.h:161 (!block_is_last(block))


Backtrace: 0x40085365:0x3ffb3d70 0x4008532d:0x3ffb3d90 0x4008b3b1:0x3ffb3db0 0x40089cc8:0x3ffb3ed0 0x40089b44:0x3ffb3ef0 0x40081c23:0x3ffb3f10 0x4008b439:0x3ffb3f30 0x400d6215:0x3ffb3f50 0x400d60bb:0x3ffb3f70 0x400e30f1:0x3ffb3fa0 0x40085d35:0x3ffb3fd0




ELF file SHA256: da29e7d1e

Rebooting...
ets Jul 29 2019 12:21:46

rst:0xc (SW_CPU_RESET),boot:0x13 (SPI_FAST_FLASH_BOOT)
configsip: 0, SPIWP:0xee
clk_drv:0x00,q_drv:0x00,d_drv:0x00,cs0_drv:0x00,hd_drv:0x00,wp_drv:0x00
mode:DIO, clock div:2
load:0x3fff0030,len:6380
ho 0 tail 12 room 4
load:0x40078000,len:15916
load:0x40080400,len:3860
entry 0x40080638
[0;32mI (29) boot: ESP-IDF HEAD-HASH-NOTFOUND 2nd stage bootloader[0m
[0;32mI (29) boot: compile time Oct  8 2025 00:30:29[0m
[0;32mI (29) boot: Multicore bootloader[0m
[0;32mI (32) boot: chip revision: v3.1[0m
[0;32mI (34) boot.esp32: SPI Speed      : 40MHz[0m
[0;32mI (38) boot.esp32: SPI Mode       : DIO[0m
[0;32mI (42) boot.esp32: SPI Flash Size : 2MB[0m
[0;32mI (45) boot: Enabling RNG early entropy source...[0m
[0;32mI (50) boot: Partition Table:[0m
[0;32mI (52) boot: ## Label            Usage          Type ST Offset   Length[0m
[0;32mI (59) boot:  0 nvs              WiFi data        01 02 00009000 00006000[0m
[0;32mI (65) boot:  1 phy_init         RF data          01 01 0000f000 00001000[0m
[0;32mI (72) boot:  2 factory          factory app      00 00 00010000 00100000[0m
[0;32mI (78) boot: End of partition table[0m
[0;32mI (82) esp_image: segment 0: paddr=00010020 vaddr=3f400020 size=09a68h ( 39528) map[0m
[0;32mI (102) esp_image: segment 1: paddr=00019a90 vaddr=3ffb0000 size=023d8h (  9176) load[0m
[0;32mI (106) esp_image: segment 2: paddr=0001be70 vaddr=40080000 size=041a8h ( 16808) load[0m
[0;32mI (113) esp_image: segment 3: paddr=00020020 vaddr=400d0020 size=137d8h ( 79832) map[0m
[0;32mI (141) esp_image: segment 4: paddr=00033800 vaddr=400841a8 size=08e50h ( 36432) load[0m
[0;32mI (156) esp_image: segment 5: paddr=0003c658 vaddr=50000000 size=00020h (    32) load[0m
[0;32mI (162) boot: Loaded app from partition at offset 0x10000[0m
[0;32mI (162) boot: Disabling RNG early entropy source...[0m
[0;32mI (174) cpu_start: Multicore app[0m
[0;32mI (182) cpu_start: Pro cpu start user code[0m
[0;32mI (182) cpu_start: cpu freq: 160000000 Hz[0m
[0;32mI (182) app_init: Application information:[0m
[0;32mI (182) app_init: Project name:     lab4[0m
[0;32mI (186) app_init: App version:      2c3774c-dirty[0m
[0;32mI (190) app_init: Compile time:     Oct  8 2025 09:46:24[0m
[0;32mI (195) app_init: ELF file SHA256:  da29e7d1e...[0m
[0;32mI (200) app_init: ESP-IDF:          HEAD-HASH-NOTFOUND[0m
[0;32mI (204) efuse_init: Min chip rev:     v0.0[0m
[0;32mI (208) efuse_init: Max chip rev:     v3.99 [0m
[0;32mI (212) efuse_init: Chip rev:         v3.1[0m
[0;32mI (216) heap_init: Initializing. RAM available for dynamic allocation:[0m
[0;32mI (223) heap_init: At 3FFAE6E0 len 00001920 (6 KiB): DRAM[0m
[0;32mI (227) heap_init: At 3FFB2CA8 len 0002D358 (180 KiB): DRAM[0m
[0;32mI (233) heap_init: At 3FFE0440 len 00003AE0 (14 KiB): D/IRAM[0m
[0;32mI (238) heap_init: At 3FFE4350 len 0001BCB0 (111 KiB): D/IRAM[0m
[0;32mI (244) heap_init: At 4008CFF8 len 00013008 (76 KiB): IRAM[0m
[0;33mW (250) spi_flash: Detected boya flash chip but using generic driver. For optimal functionality, enable `SPI_FLASH_SUPPORT_BOYA_CHIP` in menuconfig[0m
[0;32mI (262) spi_flash: detected chip: generic[0m
[0;32mI (265) spi_flash: flash io: dio[0m
[0;33mW (268) spi_flash: Detected size(4096k) larger than the size in the binary image header(2048k). Using the size in the binary image header.[0m
[0;32mI (281) main_task: Started on CPU0[0m
[0;32mI (291) main_task: Calling app_main()[0m
------single_linked_list tests------
added:54
added:31
added:89
added:58
added:13
added:82
added:26
added:89
added:46
added:2
added:78
added:86
added:3
added:20
added:6
added:21
added:11
added:69
added:55
added:50
added:96
added:89
added:62
added:88
added:28
index[0] = 2
index[1] = 3
index[2] = 6
index[3] = 11
index[4] = 13
index[5] = 20
index[6] = 21
index[7] = 26
index[8] = 28
index[9] = 31
index[10] = 46
index[11] = 50
index[12] = 54
index[13] = 55
index[14] = 58
index[15] = 62
index[16] = 69
index[17] = 78
index[18] = 82
index[19] = 86
index[20] = 88
index[21] = 89
index[22] = 89
index[23] = 89
index[24] = 96
index[0] = 46
index[1] = 50
index[2] = 54
index[3] = 55
index[4] = 58
------double_linked_list tests------
added:64
added:36
added:29
added:76
added:31
added:68
added:29
added:58
added:30
added:24
added:12
added:13
added:96
added:8
added:35
added:7
added:25
added:98
added:5
added:38
added:23
added:17
added:44
added:26
added:16
index[0] = 5
index[1] = 7
index[2] = 8
index[3] = 12
index[4] = 13
index[5] = 16
index[6] = 17
index[7] = 23
index[8] = 24
index[9] = 25
index[10] = 26
index[11] = 29
index[12] = 29
index[13] = 30
index[14] = 31
index[15] = 35
index[16] = 36
index[17] = 38
index[18] = 44
index[19] = 58
index[20] = 64
index[21] = 68
index[22] = 76
index[23] = 96
index[24] = 98
--Remove--
Guru Meditation Error: Core  0 panic'ed (StoreProhibited). Exception was unhandled.

Core  0 register dump:
PC      : 0x400d6213  PS      : 0x00060130  A0      : 0x800d60be  A1      : 0x3ffb3f50  
A2      : 0x3ffb3f74  A3      : 0x00000010  A4      : 0x3ffb3f60  A5      : 0x0000000c  
A6      : 0x00000018  A7      : 0x3ffb4c64  A8      : 0x00000000  A9      : 0x00000000  
A10     : 0x3ffb4c64  A11     : 0x3f4036f4  A12     : 0x00000062  A13     : 0x3f40256b  
A14     : 0x00000015  A15     : 0x3ffaea38  SAR     : 0x00000019  EXCCAUSE: 0x0000001d  
EXCVADDR: 0x00000004  LBEG    : 0x400014fd  LEND    : 0x4000150d  LCOUNT  : 0xfffffffd  


Backtrace: 0x400d6210:0x3ffb3f50 0x400d60bb:0x3ffb3f70 0x400e30f1:0x3ffb3fa0 0x40085d35:0x3ffb3fd0




ELF file SHA256: da29e7d1e

Rebooting...
ets Jul 29 2019 12:21:46

rst:0xc (SW_CPU_RESET),boot:0x13 (SPI_FAST_FLASH_BOOT)
configsip: 0, SPIWP:0xee
clk_drv:0x00,q_drv:0x00,d_drv:0x00,cs0_drv:0x00,hd_drv:0x00,wp_drv:0x00
mode:DIO, clock div:2
load:0x3fff0030,len:6380
ho 0 tail 12 room 4
load:0x40078000,len:15916
load:0x40080400,len:3860
entry 0x40080638
[0;32mI (29) boot: ESP-IDF HEAD-HASH-NOTFOUND 2nd stage bootloader[0m
[0;32mI (29) boot: compile time Oct  8 2025 00:30:29[0m
[0;32mI (29) boot: Multicore bootloader[0m
[0;32mI (32) boot: chip revision: v3.1[0m
[0;32mI (34) boot.esp32: SPI Speed      : 40MHz[0m
[0;32mI (38) boot.esp32: SPI Mode       : DIO[0m
[0;32mI (42) boot.esp32: SPI Flash Size : 2MB[0m
[0;32mI (45) boot: Enabling RNG early entropy source...[0m
[0;32mI (50) boot: Partition Table:[0m
[0;32mI (52) boot: ## Label            Usage          Type ST Offset   Length[0m
[0;32mI (59) boot:  0 nvs              WiFi data        01 02 00009000 00006000[0m
[0;32mI (65) boot:  1 phy_init         RF data          01 01 0000f000 00001000[0m
[0;32mI (72) boot:  2 factory          factory app      00 00 00010000 00100000[0m
[0;32mI (78) boot: End of partition table[0m
[0;32mI (82) esp_image: segment 0: paddr=00010020 vaddr=3f400020 size=09a68h ( 39528) map[0m
[0;32mI (102) esp_image: segment 1: paddr=00019a90 vaddr=3ffb0000 size=023d8h (  9176) load[0m
[0;32mI (106) esp_image: segment 2: paddr=0001be70 vaddr=40080000 size=041a8h ( 16808) load[0m
[0;32mI (113) esp_image: segment 3: paddr=00020020 vaddr=400d0020 size=137d8h ( 79832) map[0m
[0;32mI (141) esp_image: segment 4: paddr=00033800 vaddr=400841a8 size=08e50h ( 36432) load[0m
[0;32mI (156) esp_image: segment 5: paddr=0003c658 vaddr=50000000 size=00020h (    32) load[0m
[0;32mI (162) boot: Loaded app from partition at offset 0x10000[0m
[0;32mI (162) boot: Disabling RNG early entropy source...[0m
[0;32mI (174) cpu_start: Multicore app[0m
[0;32mI (182) cpu_start: Pro cpu start user code[0m
[0;32mI (182) cpu_start: cpu freq: 160000000 Hz[0m
[0;32mI (182) app_init: Application information:[0m
[0;32mI (182) app_init: Project name:     lab4[0m
[0;32mI (186) app_init: App version:      2c3774c-dirty[0m
[0;32mI (190) app_init: Compile time:     Oct  8 2025 09:46:24[0m
[0;32mI (195) app_init: ELF file SHA256:  da29e7d1e...[0m
[0;32mI (200) app_init: ESP-IDF:          HEAD-HASH-NOTFOUND[0m
[0;32mI (204) efuse_init: Min chip rev:     v0.0[0m
[0;32mI (208) efuse_init: Max chip rev:     v3.99 [0m
[0;32mI (212) efuse_init: Chip rev:         v3.1[0m
[0;32mI (216) heap_init: Initializing. RAM available for dynamic allocation:[0m
[0;32mI (223) heap_init: At 3FFAE6E0 len 00001920 (6 KiB): DRAM[0m
[0;32mI (227) heap_init: At 3FFB2CA8 len 0002D358 (180 KiB): DRAM[0m
[0;32mI (233) heap_init: At 3FFE0440 len 00003AE0 (14 KiB): D/IRAM[0m
[0;32mI (238) heap_init: At 3FFE4350 len 0001BCB0 (111 KiB): D/IRAM[0m
[0;32mI (244) heap_init: At 4008CFF8 len 00013008 (76 KiB): IRAM[0m
[0;33mW (250) spi_flash: Detected boya flash chip but using generic driver. For optimal functionality, enable `SPI_FLASH_SUPPORT_BOYA_CHIP` in menuconfig[0m
[0;32mI (262) spi_flash: detected chip: generic[0m
[0;32mI (266) spi_flash: flash io: dio[0m
[0;33mW (268) spi_flash: Detected size(4096k) larger than the size in the binary image header(2048k). Using the size in the binary image header.[0m
[0;32mI (281) main_task: Started on CPU0[0m
[0;32mI (291) main_task: Calling app_main()[0m
------single_linked_list tests------
added:19
added:2
added:58
added:54
added:41
added:38
added:22
added:3
added:93
added:74
added:12
added:0
added:54
added:70
added:39
added:35
added:65
added:32
added:90
added:27
added:34
added:5
added:11
added:33
added:23
index[0] = 0
index[1] = 2
index[2] = 3
index[3] = 5
index[4] = 11
index[5] = 12
index[6] = 19
index[7] = 22
index[8] = 23
index[9] = 27
index[10] = 32
index[11] = 33
index[12] = 34
index[13] = 35
index[14] = 38
index[15] = 39
index[16] = 41
index[17] = 54
index[18] = 54
index[19] = 58
index[20] = 65
index[21] = 70
index[22] = 74
index[23] = 90
index[24] = 93
index[0] = 32
index[1] = 33
index[2] = 34
index[3] = 35
index[4] = 38
------double_linked_list tests------
added:19
added:54
added:6
added:32
added:31
added:87
added:69
added:16
added:34
added:65
added:55
added:98
added:64
added:71
added:95
added:12
added:4
added:27
added:88
added:26
added:86
added:19
added:36
added:42
added:22
index[0] = 4
index[1] = 6
index[2] = 12
index[3] = 16
index[4] = 19
index[5] = 19
index[6] = 22
index[7] = 26
index[8] = 27
index[9] = 31
index[10] = 32
index[11] = 34
index[12] = 36
index[13] = 42
index[14] = 54
index[15] = 55
index[16] = 64
index[17] = 65
index[18] = 69
index[19] = 71
index[20] = 86
index[21] = 87
index[22] = 88
index[23] = 95
index[24] = 98
--Remove--
Guru Meditation Error: Core  0 panic'ed (StoreProhibited). Exception was unhandled.

Core  0 register dump:
PC      : 0x400d6213  PS      : 0x00060130  A0      : 0x800d60be  A1      : 0x3ffb3f50  
A2      : 0x3ffb3f74  A3      : 0x00000016  A4      : 0x3ffb3f60  A5      : 0x0000000c  
A6      : 0x00000018  A7      : 0x3ffafef0  A8      : 0x00000000  A9      : 0x00000000  
A10     : 0x3ffafef0  A11     : 0x3f4036f4  A12     : 0x00000062  A13     : 0x3f40256b  
A14     : 0x00000015  A15     : 0x3ffaea38  SAR     : 0x0000001b  EXCCAUSE: 0x0000001d  
EXCVADDR: 0x00000004  LBEG    : 0x400014fd  LEND    : 0x4000150d  LCOUNT  : 0xfffffffd  


Backtrace: 0x400d6210:0x3ffb3f50 0x400d60bb:0x3ffb3f70 0x400e30f1:0x3ffb3fa0 0x40085d35:0x3ffb3fd0




ELF file SHA256: da29e7d1e

Rebooting...
ets Jul 29 2019 12:21:46

rst:0xc (SW_CPU_RESET),boot:0x13 (SPI_FAST_FLASH_BOOT)
configsip: 0, SPIWP:0xee
clk_drv:0x00,q_drv:0x00,d_drv:0x00,cs0_drv:0x00,hd_drv:0x00,wp_drv:0x00
mode:DIO, clock div:2
load:0x3fff0030,len:6380
ho 0 tail 12 room 4
load:0x40078000,len:15916
load:0x40080400,len:3860
entry 0x40080638
[0;32mI (29) boot: ESP-IDF HEAD-HASH-NOTFOUND 2nd stage bootloader[0m
[0;32mI (29) boot: compile time Oct  8 2025 00:30:29[0m
[0;32mI (29) boot: Multicore bootloader[0m
[0;32mI (32) boot: chip revision: v3.1[0m
[0;32mI (34) boot.esp32: SPI Speed      : 40MHz[0m
[0;32mI (38) boot.esp32: SPI Mode       : DIO[0m
[0;32mI (42) boot.esp32: SPI Flash Size : 2MB[0m
[0;32mI (45) boot: Enabling RNG early entropy source...[0m
[0;32mI (50) boot: Partition Table:[0m
[0;32mI (52) boot: ## Label            Usage          Type ST Offset   Length[0m
[0;32mI (59) boot:  0 nvs              WiFi data        01 02 00009000 00006000[0m
[0;32mI (65) boot:  1 phy_init         RF data          01 01 0000f000 00001000[0m
[0;32mI (72) boot:  2 factory          factory app      00 00 00010000 00100000[0m
[0;32mI (78) boot: End of partition table[0m
[0;32mI (82) esp_image: segment 0: paddr=00010020 vaddr=3f400020 size=09a68h ( 39528) map[0m
[0;32mI (102) esp_image: segment 1: paddr=00019a90 vaddr=3ffb0000 size=023d8h (  9176) load[0m
[0;32mI (106) esp_image: segment 2: paddr=0001be70 vaddr=40080000 size=041a8h ( 16808) load[0m
[0;32mI (113) esp_image: segment 3: paddr=00020020 vaddr=400d0020 size=137d8h ( 79832) map[0m
[0;32mI (141) esp_image: segment 4: paddr=00033800 vaddr=400841a8 size=08e50h ( 36432) load[0m
[0;32mI (156) esp_image: segment 5: paddr=0003c658 vaddr=50000000 size=00020h (    32) load[0m
[0;32mI (162) boot: Loaded app from partition at offset 0x10000[0m
[0;32mI (162) boot: Disabling RNG early entropy source...[0m
[0;32mI (174) cpu_start: Multicore app[0m
[0;32mI (182) cpu_start: Pro cpu start user code[0m
[0;32mI (182) cpu_start: cpu freq: 160000000 Hz[0m
[0;32mI (182) app_init: Application information:[0m
[0;32mI (182) app_init: Project name:     lab4[0m
[0;32mI (186) app_init: App version:      2c3774c-dirty[0m
[0;32mI (190) app_init: Compile time:     Oct  8 2025 09:46:24[0m
[0;32mI (195) app_init: ELF file SHA256:  da29e7d1e...[0m
[0;32mI (200) app_init: ESP-IDF:          HEAD-HASH-NOTFOUND[0m
[0;32mI (204) efuse_init: Min chip rev:     v0.0[0m
[0;32mI (208) efuse_init: Max chip rev:     v3.99 [0m
[0;32mI (212) efuse_init: Chip rev:         v3.1[0m
[0;32mI (216) heap_init: Initializing. RAM available for dynamic allocation:[0m
[0;32mI (223) heap_init: At 3FFAE6E0 len 00001920 (6 KiB): DRAM[0m
[0;32mI (227) heap_init: At 3FFB2CA8 len 0002D358 (180 KiB): DRAM[0m
[0;32mI (233) heap_init: At 3FFE0440 len 00003AE0 (14 KiB): D/IRAM[0m
[0;32mI (238) heap_init: At 3FFE4350 len 0001BCB0 (111 KiB): D/IRAM[0m
[0;32mI (244) heap_init: At 4008CFF8 len 00013008 (76 KiB): IRAM[0m
[0;33mW (250) spi_flash: Detected boya flash chip but using generic driver. For optimal functionality, enable `SPI_FLASH_SUPPORT_BOYA_CHIP` in menuconfig[0m
[0;32mI (262) spi_flash: detected chip: generic[0m
[0;32mI (265) spi_flash: flash io: dio[0m
[0;33mW (268) spi_flash: Detected size(4096k) larger than the size in the binary image header(2048k). Using the size in the binary image header.[0m
[0;32mI (281) main_task: Started on CPU0[0m
[0;32mI (291) main_task: Calling app_main()[0m
------single_linked_list tests------
added:96
added:65
added:22
added:15
added:40
added:54
added:74
added:27
added:13
added:40
added:83
added:89
added:97
added:39
added:65
added:83
added:32
added:37
added:16
added:53
added:46
added:22
added:59
added:58
added:58
index[0] = 13
index[1] = 15
index[2] = 16
index[3] = 22
index[4] = 22
index[5] = 27
index[6] = 32
index[7] = 37
index[8] = 39
index[9] = 40
index[10] = 40
index[11] = 46
index[12] = 53
index[13] = 54
index[14] = 58
index[15] = 58
index[16] = 59
index[17] = 65
index[18] = 65
index[19] = 74
index[20] = 83
index[21] = 83
index[22] = 89
index[23] = 96
index[24] = 97
index[0] = 40
index[1] = 46
index[2] = 53
index[3] = 54
index[4] = 58
------double_linked_list tests------
added:33
added:24
added:8
added:72
added:85
added:73
added:47
added:62
added:69
added:30
added:15
added:34
added:57
added:36
added:23
added:83
added:91
added:68
added:72
added:52
added:95
added:42
added:8
added:41
added:23
index[0] = 8
index[1] = 8
index[2] = 15
index[3] = 23
index[4] = 23
index[5] = 24
index[6] = 30
index[7] = 33
index[8] = 34
index[9] = 36
index[10] = 41
index[11] = 42
index[12] = 47
index[13] = 52
index[14] = 57
index[15] = 62
index[16] = 68
index[17] = 69
index[18] = 72
index[19] = 72
index[20] = 73
index[21] = 83
index[22] = 85
index[23] = 91
index[24] = 95
--Remove--

assert failed: block_next tlsf_block_functions.h:161 (!block_is_last(block))


Backtrace: 0x40085365:0x3ffb3d70 0x4008532d:0x3ffb3d90 0x4008b3b1:0x3ffb3db0 0x40089cc8:0x3ffb3ed0 0x40089b44:0x3ffb3ef0 0x40081c23:0x3ffb3f10 0x4008b439:0x3ffb3f30 0x400d6215:0x3ffb3f50 0x400d60bb:0x3ffb3f70 0x400e30f1:0x3ffb3fa0 0x40085d35:0x3ffb3fd0




ELF file SHA256: da29e7d1e

Rebooting...
ets Jul 29 2019 12:21:46

rst:0xc (SW_CPU_RESET),boot:0x13 (SPI_FAST_FLASH_BOOT)
configsip: 0, SPIWP:0xee
clk_drv:0x00,q_drv:0x00,d_drv:0x00,cs0_drv:0x00,hd_drv:0x00,wp_drv:0x00
mode:DIO, clock div:2
load:0x3fff0030,len:6380
ho 0 tail 12 room 4
load:0x40078000,len:15916
load:0x40080400,len:3860
entry 0x40080638
[0;32mI (29) boot: ESP-IDF HEAD-HASH-NOTFOUND 2nd stage bootloader[0m
[0;32mI (29) boot: compile time Oct  8 2025 00:30:29[0m
[0;32mI (29) boot: Multicore bootloader[0m
[0;32mI (32) boot: chip revision: v3.1[0m
[0;32mI (34) boot.esp32: SPI Speed      : 40MHz[0m
[0;32mI (38) boot.esp32: SPI Mode       : DIO[0m
[0;32mI (42) boot.esp32: SPI Flash Size : 2MB[0m
[0;32mI (45) boot: Enabling RNG early entropy source...[0m
[0;32mI (50) boot: Partition Table:[0m
[0;32mI (52) boot: ## Label            Usage          Type ST Offset   Length[0m
[0;32mI (59) boot:  0 nvs              WiFi data        01 02 00009000 00006000[0m
[0;32mI (65) boot:  1 phy_init         RF data          01 01 0000f000 00001000[0m
[0;32mI (72) boot:  2 factory          factory app      00 00 00010000 00100000[0m
[0;32mI (78) boot: End of partition table[0m
[0;32mI (82) esp_image: segment 0: paddr=00010020 vaddr=3f400020 size=09a68h ( 39528) map[0m
[0;32mI (102) esp_image: segment 1: paddr=00019a90 vaddr=3ffb0000 size=023d8h (  9176) load[0m
[0;32mI (106) esp_image: segment 2: paddr=0001be70 vaddr=40080000 size=041a8h ( 16808) load[0m
[0;32mI (113) esp_image: segment 3: paddr=00020020 vaddr=400d0020 size=137d8h ( 79832) map[0m
[0;32mI (141) esp_image: segment 4: paddr=00033800 vaddr=400841a8 size=08e50h ( 36432) load[0m
[0;32mI (156) esp_image: segment 5: paddr=0003c658 vaddr=50000000 size=00020h (    32) load[0m
[0;32mI (162) boot: Loaded app from partition at offset 0x10000[0m
[0;32mI (162) boot: Disabling RNG early entropy source...[0m
[0;32mI (174) cpu_start: Multicore app[0m
[0;32mI (182) cpu_start: Pro cpu start user code[0m
[0;32mI (182) cpu_start: cpu freq: 160000000 Hz[0m
[0;32mI (182) app_init: Application information:[0m
[0;32mI (182) app_init: Project name:     lab4[0m
[0;32mI (186) app_init: App version:      2c3774c-dirty[0m
[0;32mI (190) app_init: Compile time:     Oct  8 2025 09:46:24[0m
[0;32mI (195) app_init: ELF file SHA256:  da29e7d1e...[0m
[0;32mI (200) app_init: ESP-IDF:          HEAD-HASH-NOTFOUND[0m
[0;32mI (204) efuse_init: Min chip rev:     v0.0[0m
[0;32mI (208) efuse_init: Max chip rev:     v3.99 [0m
[0;32mI (212) efuse_init: Chip rev:         v3.1[0m
[0;32mI (216) heap_init: Initializing. RAM available for dynamic allocation:[0m
[0;32mI (223) heap_init: At 3FFAE6E0 len 00001920 (6 KiB): DRAM[0m
[0;32mI (227) heap_init: At 3FFB2CA8 len 0002D358 (180 KiB): DRAM[0m
[0;32mI (233) heap_init: At 3FFE0440 len 00003AE0 (14 KiB): D/IRAM[0m
[0;32mI (238) heap_init: At 3FFE4350 len 0001BCB0 (111 KiB): D/IRAM[0m
[0;32mI (244) heap_init: At 4008CFF8 len 00013008 (76 KiB): IRAM[0m
[0;33mW (250) spi_flash: Detected boya flash chip but using generic driver. For optimal functionality, enable `SPI_FLASH_SUPPORT_BOYA_CHIP` in menuconfig[0m
[0;32mI (262) spi_flash: detected chip: generic[0m
[0;32mI (265) spi_flash: flash io: dio[0m
[0;33mW (268) spi_flash: Detected size(4096k) larger than the size in the binary image header(2048k). Using the size in the binary image header.[0m
[0;32mI (281) main_task: Started on CPU0[0m
[0;32mI (291) main_task: Calling app_main()[0m
------single_linked_list tests------
added:18
added:44
added:2
added:17
added:58
added:81
added:21
added:60
added:66
added:86
added:60
added:57
added:77
added:8
added:93
added:89
added:30
added:64
added:30
added:40
added:48
added:0
added:90
added:74
added:48
index[0] = 0
index[1] = 2
index[2] = 8
index[3] = 17
index[4] = 18
index[5] = 21
index[6] = 30
index[7] = 30
index[8] = 40
index[9] = 44
index[10] = 48
index[11] = 48
index[12] = 57
index[13] = 58
index[14] = 60
index[15] = 60
index[16] = 64
index[17] = 66
index[18] = 74
index[19] = 77
index[20] = 81
index[21] = 86
index[22] = 89
index[23] = 90
index[24] = 93
index[0] = 48
index[1] = 48
index[2] = 57
index[3] = 58
index[4] = 60
------double_linked_list tests------
added:22
added:53
added:29
added:32
added:71
added:68
added:95
added:24
added:12
added:73
added:10
added:78
added:53
added:27
added:50
added:68
added:84
added:11
added:93
added:88
added:58
added:30
added:99
added:29
added:12
index[0] = 10
index[1] = 11
index[2] = 12
index[3] = 12
index[4] = 22
index[5] = 24
index[6] = 27
index[7] = 29
index[8] = 29
index[9] = 30
index[10] = 32
index[11] = 50
index[12] = 53
index[13] = 53
index[14] = 58
index[15] = 68
index[16] = 68
index[17] = 71
index[18] = 73
index[19] = 78
index[20] = 84
index[21] = 88
index[22] = 93
index[23] = 95
index[24] = 99
--Remove--

assert failed: block_next tlsf_block_functions.h:161 (!block_is_last(block))


Backtrace: 0x40085365:0x3ffb3d70 0x4008532d:0x3ffb3d90 0x4008b3b1:0x3ffb3db0 0x40089cc8:0x3ffb3ed0 0x40089b44:0x3ffb3ef0 0x40081c23:0x3ffb3f10 0x4008b439:0x3ffb3f30 0x400d6215:0x3ffb3f50 0x400d60bb:0x3ffb3f70 0x400e30f1:0x3ffb3fa0 0x40085d35:0x3ffb3fd0




ELF file SHA256: da29e7d1e

Rebooting...
ets Jul 29 2019 12:21:46

rst:0xc (SW_CPU_RESET),boot:0x13 (SPI_FAST_FLASH_BOOT)
configsip: 0, SPIWP:0xee
clk_drv:0x00,q_drv:0x00,d_drv:0x00,cs0_drv:0x00,hd_drv:0x00,wp_drv:0x00
mode:DIO, clock div:2
load:0x3fff0030,len:6380
ho 0 tail 12 room 4
load:0x40078000,len:15916
load:0x40080400,len:3860
entry 0x40080638
[0;32mI (29) boot: ESP-IDF HEAD-HASH-NOTFOUND 2nd stage bootloader[0m
[0;32mI (29) boot: compile time Oct  8 2025 00:30:29[0m
[0;32mI (29) boot: Multicore bootloader[0m
[0;32mI (32) boot: chip revision: v3.1[0m
[0;32mI (34) boot.esp32: SPI Speed      : 40MHz[0m
[0;32mI (38) boot.esp32: SPI Mode       : DIO[0m
[0;32mI (42) boot.esp32: SPI Flash Size : 2MB[0m
[0;32mI (45) boot: Enabling RNG early entropy source...[0m
[0;32mI (50) boot: Partition Table:[0m
[0;32mI (52) boot: ## Label            Usage          Type ST Offset   Length[0m
[0;32mI (59) boot:  0 nvs              WiFi data        01 02 00009000 00006000[0m
[0;32mI (65) boot:  1 phy_init         RF data          01 01 0000f000 00001000[0m
[0;32mI (72) boot:  2 factory          factory app      00 00 00010000 00100000[0m
[0;32mI (78) boot: End of partition table[0m
[0;32mI (82) esp_image: segment 0: paddr=00010020 vaddr=3f400020 size=09a68h ( 39528) map[0m
[0;32mI (102) esp_image: segment 1: paddr=00019a90 vaddr=3ffb0000 size=023d8h (  9176) load[0m
[0;32mI (106) esp_image: segment 2: paddr=0001be70 vaddr=40080000 size=041a8h ( 16808) load[0m
[0;32mI (113) esp_image: segment 3: paddr=00020020 vaddr=400d0020 size=137d8h ( 79832) map[0m
[0;32mI (141) esp_image: segment 4: paddr=00033800 vaddr=400841a8 size=08e50h ( 36432) load[0m
[0;32mI (156) esp_image: segment 5: paddr=0003c658 vaddr=50000000 size=00020h (    32) load[0m
[0;32mI (162) boot: Loaded app from partition at offset 0x10000[0m
[0;32mI (162) boot: Disabling RNG early entropy source...[0m
[0;32mI (174) cpu_start: Multicore app[0m
[0;32mI (182) cpu_start: Pro cpu start user code[0m
[0;32mI (182) cpu_start: cpu freq: 160000000 Hz[0m
[0;32mI (182) app_init: Application information:[0m
[0;32mI (182) app_init: Project name:     lab4[0m
[0;32mI (186) app_init: App version:      2c3774c-dirty[0m
[0;32mI (190) app_init: Compile time:     Oct  8 2025 09:46:24[0m
[0;32mI (195) app_init: ELF file SHA256:  da29e7d1e...[0m
[0;32mI (200) app_init: ESP-IDF:          HEAD-HASH-NOTFOUND[0m
[0;32mI (204) efuse_init: Min chip rev:     v0.0[0m
[0;32mI (208) efuse_init: Max chip rev:     v3.99 [0m
[0;32mI (212) efuse_init: Chip rev:         v3.1[0m
[0;32mI (216) heap_init: Initializing. RAM available for dynamic allocation:[0m
[0;32mI (223) heap_init: At 3FFAE6E0 len 00001920 (6 KiB): DRAM[0m
[0;32mI (227) heap_init: At 3FFB2CA8 len 0002D358 (180 KiB): DRAM[0m
[0;32mI (233) heap_init: At 3FFE0440 len 00003AE0 (14 KiB): D/IRAM[0m
[0;32mI (238) heap_init: At 3FFE4350 len 0001BCB0 (111 KiB): D/IRAM[0m
[0;32mI (244) heap_init: At 4008CFF8 len 00013008 (76 KiB): IRAM[0m
[0;33mW (250) spi_flash: Detected boya flash chip but using generic driver. For optimal functionality, enable `SPI_FLASH_SUPPORT_BOYA_CHIP` in menuconfig[0m
[0;32mI (262) spi_flash: detected chip: generic[0m
[0;32mI (265) spi_flash: flash io: dio[0m
[0;33mW (268) spi_flash: Detected size(4096k) larger than the size in the binary image header(2048k). Using the size in the binary image header.[0m
[0;32mI (281) main_task: Started on CPU0[0m
[0;32mI (291) main_task: Calling app_main()[0m
------single_linked_list tests------
added:20
added:37
added:73
added:77
added:85
added:82
added:5
added:0
added:8
added:28
added:82
added:91
added:11
added:69
added:81
added:28
added:49
added:58
added:42
added:53
added:8
added:48
added:64
added:27
added:93
index[0] = 0
index[1] = 5
index[2] = 8
index[3] = 8
index[4] = 11
index[5] = 20
index[6] = 27
index[7] = 28
index[8] = 28
index[9] = 37
index[10] = 42
index[11] = 48
index[12] = 49
index[13] = 53
index[14] = 58
index[15] = 64
index[16] = 69
index[17] = 73
index[18] = 77
index[19] = 81
index[20] = 82
index[21] = 82
index[22] = 85
index[23] = 91
index[24] = 93
index[0] = 42
index[1] = 48
index[2] = 49
index[3] = 53
index[4] = 58
------double_linked_list tests------
added:44
added:36
added:44
added:83
added:53
added:0
added:18
added:1
added:23
added:72
added:65
added:29
added:6
added:27
added:49
added:21
added:37
added:18
added:41
added:31
added:19
added:5
added:16
added:16
added:42
index[0] = 0
index[1] = 1
index[2] = 5
index[3] = 6
index[4] = 16
index[5] = 16
index[6] = 18
index[7] = 18
index[8] = 19
index[9] = 21
index[10] = 23
index[11] = 27
index[12] = 29
index[13] = 31
index[14] = 36
index[15] = 37
index[16] = 41
index[17] = 42
index[18] = 44
index[19] = 44
index[20] = 49
index[21] = 53
index[22] = 65
index[23] = 72
index[24] = 83
--Remove--

assert failed: block_next tlsf_block_functions.h:161 (!block_is_last(block))


Backtrace: 0x40085365:0x3ffb3d70 0x4008532d:0x3ffb3d90 0x4008b3b1:0x3ffb3db0 0x40089cc8:0x3ffb3ed0 0x40089b44:0x3ffb3ef0 0x40081c23:0x3ffb3f10 0x4008b439:0x3ffb3f30 0x400d6215:0x3ffb3f50 0x400d60bb:0x3ffb3f70 0x400e30f1:0x3ffb3fa0 0x40085d35:0x3ffb3fd0




ELF file SHA256: da29e7d1e

Rebooting...
ets Jul 29 2019 12:21:46

rst:0xc (SW_CPU_RESET),boot:0x13 (SPI_FAST_FLASH_BOOT)
configsip: 0, SPIWP:0xee
clk_drv:0x00,q_drv:0x00,d_drv:0x00,cs0_drv:0x00,hd_drv:0x00,wp_drv:0x00
mode:DIO, clock div:2
load:0x3fff0030,len:6380
ho 0 tail 12 room 4
load:0x40078000,len:15916
load:0x40080400,len:3860
entry 0x40080638
[0;32mI (29) boot: ESP-IDF HEAD-HASH-NOTFOUND 2nd stage bootloader[0m
[0;32mI (29) boot: compile time Oct  8 2025 00:30:29[0m
[0;32mI (29) boot: Multicore bootloader[0m
[0;32mI (32) boot: chip revision: v3.1[0m
[0;32mI (34) boot.esp32: SPI Speed      : 40MHz[0m
[0;32mI (38) boot.esp32: SPI Mode       : DIO[0m
[0;32mI (42) boot.esp32: SPI Flash Size : 2MB[0m
[0;32mI (45) boot: Enabling RNG early entropy source...[0m
[0;32mI (50) boot: Partition Table:[0m
[0;32mI (52) boot: ## Label            Usage          Type ST Offset   Length[0m
[0;32mI (59) boot:  0 nvs              WiFi data        01 02 00009000 00006000[0m
[0;32mI (65) boot:  1 phy_init         RF data          01 01 0000f000 00001000[0m
[0;32mI (72) boot:  2 factory          factory app      00 00 00010000 00100000[0m
[0;32mI (78) boot: End of partition table[0m
[0;32mI (82) esp_image: segment 0: paddr=00010020 vaddr=3f400020 size=09a68h ( 39528) map[0m
[0;32mI (102) esp_image: segment 1: paddr=00019a90 vaddr=3ffb0000 size=023d8h (  9176) load[0m
[0;32mI (106) esp_image: segment 2: paddr=0001be70 vaddr=40080000 size=041a8h ( 16808) load[0m
[0;32mI (113) esp_image: segment 3: paddr=00020020 vaddr=400d0020 size=137d8h ( 79832) map[0m
[0;32mI (141) esp_image: segment 4: paddr=00033800 vaddr=400841a8 size=08e50h ( 36432) load[0m
[0;32mI (156) esp_image: segment 5: paddr=0003c658 vaddr=50000000 size=00020h (    32) load[0m
[0;32mI (162) boot: Loaded app from partition at offset 0x10000[0m
[0;32mI (162) boot: Disabling RNG early entropy source...[0m
[0;32mI (174) cpu_start: Multicore app[0m
[0;32mI (182) cpu_start: Pro cpu start user code[0m
[0;32mI (182) cpu_start: cpu freq: 160000000 Hz[0m
[0;32mI (182) app_init: Application information:[0m
[0;32mI (182) app_init: Project name:     lab4[0m
[0;32mI (186) app_init: App version:      2c3774c-dirty[0m
[0;32mI (190) app_init: Compile time:     Oct  8 2025 09:46:24[0m
[0;32mI (195) app_init: ELF file SHA256:  da29e7d1e...[0m
[0;32mI (200) app_init: ESP-IDF:          HEAD-HASH-NOTFOUND[0m
[0;32mI (204) efuse_init: Min chip rev:     v0.0[0m
[0;32mI (208) efuse_init: Max chip rev:     v3.99 [0m
[0;32mI (212) efuse_init: Chip rev:         v3.1[0m
[0;32mI (216) heap_init: Initializing. RAM available for dynamic allocation:[0m
[0;32mI (223) heap_init: At 3FFAE6E0 len 00001920 (6 KiB): DRAM[0m
[0;32mI (227) heap_init: At 3FFB2CA8 len 0002D358 (180 KiB): DRAM[0m
[0;32mI (233) heap_init: At 3FFE0440 len 00003AE0 (14 KiB): D/IRAM[0m
[0;32mI (238) heap_init: At 3FFE4350 len 0001BCB0 (111 KiB): D/IRAM[0m
[0;32mI (244) heap_init: At 4008CFF8 len 00013008 (76 KiB): IRAM[0m
[0;33mW (250) spi_flash: Detected boya flash chip but using generic driver. For optimal functionality, enable `SPI_FLASH_SUPPORT_BOYA_CHIP` in menuconfig[0m
[0;32mI (262) spi_flash: detected chip: generic[0m
[0;32mI (266) spi_flash: flash io: dio[0m
[0;33mW (268) spi_flash: Detected size(4096k) larger than the size in the binary image header(2048k). Using the size in the binary image header.[0m
[0;32mI (281) main_task: Started on CPU0[0m
[0;32mI (291) main_task: Calling app_main()[0m
------single_linked_list tests------
added:99
added:33
added:19
added:46
added:95
added:56
added:14
added:49
added:35
added:89
added:53
added:68
added:82
added:27
added:82
added:50
added:15
added:38
added:75
added:14
added:14
added:13
added:15
added:74
added:53
index[0] = 13
index[1] = 14
index[2] = 14
index[3] = 14
index[4] = 15
index[5] = 15
index[6] = 19
index[7] = 27
index[8] = 33
index[9] = 35
index[10] = 38
index[11] = 46
index[12] = 49
index[13] = 50
index[14] = 53
index[15] = 53
index[16] = 56
index[17] = 68
index[18] = 74
index[19] = 75
index[20] = 82
index[21] = 82
index[22] = 89
index[23] = 95
index[24] = 99
index[0] = 38
index[1] = 46
index[2] = 49
index[3] = 50
index[4] = 53
------double_linked_list tests------
added:36
added:42
added:44
added:3
added:34
added:76
added:18
added:99
added:32
added:14
added:67
added:52
added:63
added:49
added:63
added:64
added:91
added:15
added:92
added:80
added:4
added:81
added:6
added:17
added:59
index[0] = 3
index[1] = 4
index[2] = 6
index[3] = 14
index[4] = 15
index[5] = 17
index[6] = 18
index[7] = 32
index[8] = 34
index[9] = 36
index[10] = 42
index[11] = 44
index[12] = 49
index[13] = 52
index[14] = 59
index[15] = 63
index[16] = 63
index[17] = 64
index[18] = 67
index[19] = 76
index[20] = 80
index[21] = 81
index[22] = 91
index[23] = 92
index[24] = 99
--Remove--

assert failed: block_next tlsf_block_functions.h:161 (!block_is_last(block))


Backtrace: 0x40085365:0x3ffb3d70 0x4008532d:0x3ffb3d90 0x4008b3b1:0x3ffb3db0 0x40089cc8:0x3ffb3ed0 0x40089b44:0x3ffb3ef0 0x40081c23:0x3ffb3f10 0x4008b439:0x3ffb3f30 0x400d6215:0x3ffb3f50 0x400d60bb:0x3ffb3f70 0x400e30f1:0x3ffb3fa0 0x40085d35:0x3ffb3fd0




ELF file SHA256: da29e7d1e

Rebooting...
ets Jul 29 2019 12:21:46

rst:0xc (SW_CPU_RESET),boot:0x13 (SPI_FAST_FLASH_BOOT)
configsip: 0, SPIWP:0xee
clk_drv:0x00,q_drv:0x00,d_drv:0x00,cs0_drv:0x00,hd_drv:0x00,wp_drv:0x00
mode:DIO, clock div:2
load:0x3fff0030,len:6380
ho 0 tail 12 room 4
load:0x40078000,len:15916
load:0x40080400,len:3860
entry 0x40080638
[0;32mI (29) boot: ESP-IDF HEAD-HASH-NOTFOUND 2nd stage bootloader[0m
[0;32mI (29) boot: compile time Oct  8 2025 00:30:29[0m
[0;32mI (29) boot: Multicore bootloader[0m
[0;32mI (32) boot: chip revision: v3.1[0m
[0;32mI (34) boot.esp32: SPI Speed      : 40MHz[0m
[0;32mI (38) boot.esp32: SPI Mode       : DIO[0m
[0;32mI (42) boot.esp32: SPI Flash Size : 2MB[0m
[0;32mI (45) boot: Enabling RNG early entropy source...[0m
[0;32mI (50) boot: Partition Table:[0m
[0;32mI (52) boot: ## Label            Usage          Type ST Offset   Length[0m
[0;32mI (59) boot:  0 nvs              WiFi data        01 02 00009000 00006000[0m
[0;32mI (65) boot:  1 phy_init         RF data          01 01 0000f000 00001000[0m
[0;32mI (72) boot:  2 factory          factory app      00 00 00010000 00100000[0m
[0;32mI (78) boot: End of partition table[0m
[0;32mI (82) esp_image: segment 0: paddr=00010020 vaddr=3f400020 size=09a68h ( 39528) map[0m
[0;32mI (102) esp_image: segment 1: paddr=00019a90 vaddr=3ffb0000 size=023d8h (  9176) load[0m
[0;32mI (106) esp_image: segment 2: paddr=0001be70 vaddr=40080000 size=041a8h ( 16808) load[0m
[0;32mI (113) esp_image: segment 3: paddr=00020020 vaddr=400d0020 size=137d8h ( 79832) map[0m
[0;32mI (141) esp_image: segment 4: paddr=00033800 vaddr=400841a8 size=08e50h ( 36432) load[0m
[0;32mI (156) esp_image: segment 5: paddr=0003c658 vaddr=50000000 size=00020h (    32) load[0m
[0;32mI (162) boot: Loaded app from partition at offset 0x10000[0m
[0;32mI (162) boot: Disabling RNG early entropy source...[0m
[0;32mI (174) cpu_start: Multicore app[0m
[0;32mI (182) cpu_start: Pro cpu start user code[0m
[0;32mI (182) cpu_start: cpu freq: 160000000 Hz[0m
[0;32mI (182) app_init: Application information:[0m
[0;32mI (182) app_init: Project name:     lab4[0m
[0;32mI (186) app_init: App version:      2c3774c-dirty[0m
[0;32mI (190) app_init: Compile time:     Oct  8 2025 09:46:24[0m
[0;32mI (195) app_init: ELF file SHA256:  da29e7d1e...[0m
[0;32mI (200) app_init: ESP-IDF:          HEAD-HASH-NOTFOUND[0m
[0;32mI (204) efuse_init: Min chip rev:     v0.0[0m
[0;32mI (208) efuse_init: Max chip rev:     v3.99 [0m
[0;32mI (212) efuse_init: Chip rev:         v3.1[0m
[0;32mI (216) heap_init: Initializing. RAM available for dynamic allocation:[0m
[0;32mI (223) heap_init: At 3FFAE6E0 len 00001920 (6 KiB): DRAM[0m
[0;32mI (227) heap_init: At 3FFB2CA8 len 0002D358 (180 KiB): DRAM[0m
[0;32mI (233) heap_init: At 3FFE0440 len 00003AE0 (14 KiB): D/IRAM[0m
[0;32mI (238) heap_init: At 3FFE4350 len 0001BCB0 (111 KiB): D/IRAM[0m
[0;32mI (244) heap_init: At 4008CFF8 len 00013008 (76 KiB): IRAM[0m
[0;33mW (250) spi_flash: Detected boya flash chip but using generic driver. For optimal functionality, enable `SPI_FLASH_SUPPORT_BOYA_CHIP` in menuconfig[0m
[0;32mI (262) spi_flash: detected chip: generic[0m
[0;32mI (266) spi_flash: flash io: dio[0m
[0;33mW (268) spi_flash: Detected size(4096k) larger than the size in the binary image header(2048k). Using the size in the binary image header.[0m
[0;32mI (281) main_task: Started on CPU0[0m
[0;32mI (291) main_task: Calling app_main()[0m
------single_linked_list tests------
added:36
added:88
added:71
added:94
added:16
added:56
added:62
added:34
added:92
added:87
added:73
added:4
added:35
added:40
added:51
added:90
added:32
added:91
added:64
added:94
added:27
added:81
added:71
added:45
added:49
index[0] = 4
index[1] = 16
index[2] = 27
index[3] = 32
index[4] = 34
index[5] = 35
index[6] = 36
index[7] = 40
index[8] = 45
index[9] = 49
index[10] = 51
index[11] = 56
index[12] = 62
index[13] = 64
index[14] = 71
index[15] = 71
index[16] = 73
index[17] = 81
index[18] = 87
index[19] = 88
index[20] = 90
index[21] = 91
index[22] = 92
index[23] = 94
index[24] = 94
index[0] = 51
index[1] = 56
index[2] = 62
index[3] = 64
index[4] = 71
------double_linked_list tests------
added:55
added:58
added:55
added:13
added:93
added:97
added:60
added:84
added:44
added:61
added:46
added:68
added:67
added:66
added:36
added:19
added:19
added:83
added:0
added:11
added:92
added:20
added:37
added:39
added:41
index[0] = 0
index[1] = 11
index[2] = 13
index[3] = 19
index[4] = 19
index[5] = 20
index[6] = 36
index[7] = 37
index[8] = 39
index[9] = 41
index[10] = 44
index[11] = 46
index[12] = 55
index[13] = 55
index[14] = 58
index[15] = 60
index[16] = 61
index[17] = 66
index[18] = 67
index[19] = 68
index[20] = 83
index[21] = 84
index[22] = 92
index[23] = 93
index[24] = 97
--Remove--

assert failed: block_next tlsf_block_functions.h:161 (!block_is_last(block))


Backtrace: 0x40085365:0x3ffb3d70 0x4008532d:0x3ffb3d90 0x4008b3b1:0x3ffb3db0 0x40089cc8:0x3ffb3ed0 0x40089b44:0x3ffb3ef0 0x40081c23:0x3ffb3f10 0x4008b439:0x3ffb3f30 0x400d6215:0x3ffb3f50 0x400d60bb:0x3ffb3f70 0x400e30f1:0x3ffb3fa0 0x40085d35:0x3ffb3fd0




ELF file SHA256: da29e7d1e

Rebooting...
ets Jul 29 2019 12:21:46

rst:0xc (SW_CPU_RESET),boot:0x13 (SPI_FAST_FLASH_BOOT)
configsip: 0, SPIWP:0xee
clk_drv:0x00,q_drv:0x00,d_drv:0x00,cs0_drv:0x00,hd_drv:0x00,wp_drv:0x00
mode:DIO, clock div:2
load:0x3fff0030,len:6380
ho 0 tail 12 room 4
load:0x40078000,len:15916
load:0x40080400,len:3860
entry 0x40080638
[0;32mI (29) boot: ESP-IDF HEAD-HASH-NOTFOUND 2nd stage bootloader[0m
[0;32mI (29) boot: compile time Oct  8 2025 00:30:29[0m
[0;32mI (29) boot: Multicore bootloader[0m
[0;32mI (32) boot: chip revision: v3.1[0m
[0;32mI (34) boot.esp32: SPI Speed      : 40MHz[0m
[0;32mI (38) boot.esp32: SPI Mode       : DIO[0m
[0;32mI (42) boot.esp32: SPI Flash Size : 2MB[0m
[0;32mI (45) boot: Enabling RNG early entropy source...[0m
[0;32mI (50) boot: Partition Table:[0m
[0;32mI (52) boot: ## Label            Usage          Type ST Offset   Length[0m
[0;32mI (59) boot:  0 nvs              WiFi data        01 02 00009000 00006000[0m
[0;32mI (65) boot:  1 phy_init         RF data          01 01 0000f000 00001000[0m
[0;32mI (72) boot:  2 factory          factory app      00 00 00010000 00100000[0m
[0;32mI (78) boot: End of partition table[0m
[0;32mI (82) esp_image: segment 0: paddr=00010020 vaddr=3f400020 size=09a68h ( 39528) map[0m
[0;32mI (102) esp_image: segment 1: paddr=00019a90 vaddr=3ffb0000 size=023d8h (  9176) load[0m
[0;32mI (106) esp_image: segment 2: paddr=0001be70 vaddr=40080000 size=041a8h ( 16808) load[0m
[0;32mI (113) esp_image: segment 3: paddr=00020020 vaddr=400d0020 size=137d8h ( 79832) map[0m
[0;32mI (141) esp_image: segment 4: paddr=00033800 vaddr=400841a8 size=08e50h ( 36432) load[0m
[0;32mI (156) esp_image: segment 5: paddr=0003c658 vaddr=50000000 size=00020h (    32) load[0m
[0;32mI (162) boot: Loaded app from partition at offset 0x10000[0m
[0;32mI (162) boot: Disabling RNG early entropy source...[0m
[0;32mI (174) cpu_start: Multicore app[0m
[0;32mI (182) cpu_start: Pro cpu start user code[0m
[0;32mI (182) cpu_start: cpu freq: 160000000 Hz[0m
[0;32mI (182) app_init: Application information:[0m
[0;32mI (182) app_init: Project name:     lab4[0m
[0;32mI (186) app_init: App version:      2c3774c-dirty[0m
[0;32mI (190) app_init: Compile time:     Oct  8 2025 09:46:24[0m
[0;32mI (195) app_init: ELF file SHA256:  da29e7d1e...[0m
[0;32mI (200) app_init: ESP-IDF:          HEAD-HASH-NOTFOUND[0m
[0;32mI (204) efuse_init: Min chip rev:     v0.0[0m
[0;32mI (208) efuse_init: Max chip rev:     v3.99 [0m
[0;32mI (212) efuse_init: Chip rev:         v3.1[0m
[0;32mI (216) heap_init: Initializing. RAM available for dynamic allocation:[0m
[0;32mI (223) heap_init: At 3FFAE6E0 len 00001920 (6 KiB): DRAM[0m
[0;32mI (227) heap_init: At 3FFB2CA8 len 0002D358 (180 KiB): DRAM[0m
[0;32mI (233) heap_init: At 3FFE0440 len 00003AE0 (14 KiB): D/IRAM[0m
[0;32mI (238) heap_init: At 3FFE4350 len 0001BCB0 (111 KiB): D/IRAM[0m
[0;32mI (244) heap_init: At 4008CFF8 len 00013008 (76 KiB): IRAM[0m
[0;33mW (250) spi_flash: Detected boya flash chip but using generic driver. For optimal functionality, enable `SPI_FLASH_SUPPORT_BOYA_CHIP` in menuconfig[0m
[0;32mI (262) spi_flash: detected chip: generic[0m
[0;32mI (266) spi_flash: flash io: dio[0m
[0;33mW (268) spi_flash: Detected size(4096k) larger than the size in the binary image header(2048k). Using the size in the binary image header.[0m
[0;32mI (281) main_task: Started on CPU0[0m
[0;32mI (291) main_task: Calling app_main()[0m
------single_linked_list tests------
added:59
added:91
added:38
added:31
added:20
added:91
added:45
added:9
added:42
added:1
added:28
added:99
added:45
added:99
added:42
added:96
added:70
added:4
added:35
added:10
added:73
added:86
added:59
added:38
added:64
index[0] = 1
index[1] = 4
index[2] = 9
index[3] = 10
index[4] = 20
index[5] = 28
index[6] = 31
index[7] = 35
index[8] = 38
index[9] = 38
index[10] = 42
index[11] = 42
index[12] = 45
index[13] = 45
index[14] = 59
index[15] = 59
index[16] = 64
index[17] = 70
index[18] = 73
index[19] = 86
index[20] = 91
index[21] = 91
index[22] = 96
index[23] = 99
index[24] = 99
index[0] = 42
index[1] = 42
index[2] = 45
index[3] = 45
index[4] = 59
------double_linked_list tests------
added:43
added:13
added:44
added:59
added:94
added:58
added:41
added:49
added:48
added:36
added:17
added:12
added:32
added:82
added:71
added:32
added:86
added:7
added:83
added:42
added:92
added:13
added:66
added:15
added:9
index[0] = 7
index[1] = 9
index[2] = 12
index[3] = 13
index[4] = 13
index[5] = 15
index[6] = 17
index[7] = 32
index[8] = 32
index[9] = 36
index[10] = 41
index[11] = 42
index[12] = 43
index[13] = 44
index[14] = 48
index[15] = 49
index[16] = 58
index[17] = 59
index[18] = 66
index[19] = 71
index[20] = 82
index[21] = 83
index[22] = 86
index[23] = 92
index[24] = 94
--Remove--

assert failed: block_next tlsf_block_functions.h:161 (!block_is_last(block))


Backtrace: 0x40085365:0x3ffb3d70 0x4008532d:0x3ffb3d90 0x4008b3b1:0x3ffb3db0 0x40089cc8:0x3ffb3ed0 0x40089b44:0x3ffb3ef0 0x40081c23:0x3ffb3f10 0x4008b439:0x3ffb3f30 0x400d6215:0x3ffb3f50 0x400d60bb:0x3ffb3f70 0x400e30f1:0x3ffb3fa0 0x40085d35:0x3ffb3fd0




ELF file SHA256: da29e7d1e

Rebooting...
ets Jul 29 2019 12:21:46

rst:0xc (SW_CPU_RESET),boot:0x13 (SPI_FAST_FLASH_BOOT)
configsip: 0, SPIWP:0xee
clk_drv:0x00,q_drv:0x00,d_drv:0x00,cs0_drv:0x00,hd_drv:0x00,wp_drv:0x00
mode:DIO, clock div:2
load:0x3fff0030,len:6380
ho 0 tail 12 room 4
load:0x40078000,len:15916
load:0x40080400,len:3860
entry 0x40080638
[0;32mI (29) boot: ESP-IDF HEAD-HASH-NOTFOUND 2nd stage bootloader[0m
[0;32mI (29) boot: compile time Oct  8 2025 00:30:29[0m
[0;32mI (29) boot: Multicore bootloader[0m
[0;32mI (32) boot: chip revision: v3.1[0m
[0;32mI (34) boot.esp32: SPI Speed      : 40MHz[0m
[0;32mI (38) boot.esp32: SPI Mode       : DIO[0m
[0;32mI (42) boot.esp32: SPI Flash Size : 2MB[0m
[0;32mI (45) boot: Enabling RNG early entropy source...[0m
[0;32mI (50) boot: Partition Table:[0m
[0;32mI (52) boot: ## Label            Usage          Type ST Offset   Length[0m
[0;32mI (59) boot:  0 nvs              WiFi data        01 02 00009000 00006000[0m
[0;32mI (65) boot:  1 phy_init         RF data          01 01 0000f000 00001000[0m
[0;32mI (72) boot:  2 factory          factory app      00 00 00010000 00100000[0m
[0;32mI (78) boot: End of partition table[0m
[0;32mI (82) esp_image: segment 0: paddr=00010020 vaddr=3f400020 size=09a68h ( 39528) map[0m
[0;32mI (102) esp_image: segment 1: paddr=00019a90 vaddr=3ffb0000 size=023d8h (  9176) load[0m
[0;32mI (106) esp_image: segment 2: paddr=0001be70 vaddr=40080000 size=041a8h ( 16808) load[0m
[0;32mI (113) esp_image: segment 3: paddr=00020020 vaddr=400d0020 size=137d8h ( 79832) map[0m
[0;32mI (141) esp_image: segment 4: paddr=00033800 vaddr=400841a8 size=08e50h ( 36432) load[0m
[0;32mI (156) esp_image: segment 5: paddr=0003c658 vaddr=50000000 size=00020h (    32) load[0m
[0;32mI (162) boot: Loaded app from partition at offset 0x10000[0m
[0;32mI (162) boot: Disabling RNG early entropy source...[0m
[0;32mI (174) cpu_start: Multicore app[0m
[0;32mI (182) cpu_start: Pro cpu start user code[0m
[0;32mI (182) cpu_start: cpu freq: 160000000 Hz[0m
[0;32mI (182) app_init: Application information:[0m
[0;32mI (182) app_init: Project name:     lab4[0m
[0;32mI (186) app_init: App version:      2c3774c-dirty[0m
[0;32mI (190) app_init: Compile time:     Oct  8 2025 09:46:24[0m
[0;32mI (195) app_init: ELF file SHA256:  da29e7d1e...[0m
[0;32mI (200) app_init: ESP-IDF:          HEAD-HASH-NOTFOUND[0m
[0;32mI (204) efuse_init: Min chip rev:     v0.0[0m
[0;32mI (208) efuse_init: Max chip rev:     v3.99 [0m
[0;32mI (212) efuse_init: Chip rev:         v3.1[0m
[0;32mI (216) heap_init: Initializing. RAM available for dynamic allocation:[0m
[0;32mI (223) heap_init: At 3FFAE6E0 len 00001920 (6 KiB): DRAM[0m
[0;32mI (227) heap_init: At 3FFB2CA8 len 0002D358 (180 KiB): DRAM[0m
[0;32mI (233) heap_init: At 3FFE0440 len 00003AE0 (14 KiB): D/IRAM[0m
[0;32mI (238) heap_init: At 3FFE4350 len 0001BCB0 (111 KiB): D/IRAM[0m
[0;32mI (244) heap_init: At 4008CFF8 len 00013008 (76 KiB): IRAM[0m
[0;33mW (250) spi_flash: Detected boya flash chip but using generic driver. For optimal functionality, enable `SPI_FLASH_SUPPORT_BOYA_CHIP` in menuconfig[0m
[0;32mI (262) spi_flash: detected chip: generic[0m
[0;32mI (266) spi_flash: flash io: dio[0m
[0;33mW (268) spi_flash: Detected size(4096k) larger than the size in the binary image header(2048k). Using the size in the binary image header.[0m
[0;32mI (281) main_task: Started on CPU0[0m
[0;32mI (291) main_task: Calling app_main()[0m
------single_linked_list tests------
added:25
added:71
added:2
added:2
added:37
added:41
added:99
added:85
added:24
added:77
added:65
added:21
added:61
added:65
added:44
added:65
added:4
added:76
added:17
added:73
added:91
added:77
added:47
added:33
added:70
index[0] = 2
index[1] = 2
index[2] = 4
index[3] = 17
index[4] = 21
index[5] = 24
index[6] = 25
index[7] = 33
index[8] = 37
index[9] = 41
index[10] = 44
index[11] = 47
index[12] = 61
index[13] = 65
index[14] = 65
index[15] = 65
index[16] = 70
index[17] = 71
index[18] = 73
index[19] = 76
index[20] = 77
index[21] = 77
index[22] = 85
index[23] = 91
index[24] = 99
index[0] = 44
index[1] = 47
index[2] = 61
index[3] = 65
index[4] = 65
------double_linked_list tests------
added:50
added:83
added:28
added:77
added:18
added:55
added:34
added:22
added:95
added:20
added:12
added:80
added:77
added:13
added:6
added:87
added:25
added:57
added:32
added:6
added:95
added:0
added:46
added:41
added:74
index[0] = 0
index[1] = 6
index[2] = 6
index[3] = 12
index[4] = 13
index[5] = 18
index[6] = 20
index[7] = 22
index[8] = 25
index[9] = 28
index[10] = 32
index[11] = 34
index[12] = 41
index[13] = 46
index[14] = 50
index[15] = 55
index[16] = 57
index[17] = 74
index[18] = 77
index[19] = 77
index[20] = 80
index[21] = 83
index[22] = 87
index[23] = 95
index[24] = 95
--Remove--

assert failed: block_next tlsf_block_functions.h:161 (!block_is_last(block))


Backtrace: 0x40085365:0x3ffb3d70 0x4008532d:0x3ffb3d90 0x4008b3b1:0x3ffb3db0 0x40089cc8:0x3ffb3ed0 0x40089b44:0x3ffb3ef0 0x40081c23:0x3ffb3f10 0x4008b439:0x3ffb3f30 0x400d6215:0x3ffb3f50 0x400d60bb:0x3ffb3f70 0x400e30f1:0x3ffb3fa0 0x40085d35:0x3ffb3fd0




ELF file SHA256: da29e7d1e

Rebooting...
ets Jul 29 2019 12:21:46

rst:0xc (SW_CPU_RESET),boot:0x13 (SPI_FAST_FLASH_BOOT)
configsip: 0, SPIWP:0xee
clk_drv:0x00,q_drv:0x00,d_drv:0x00,cs0_drv:0x00,hd_drv:0x00,wp_drv:0x00
mode:DIO, clock div:2
load:0x3fff0030,len:6380
ho 0 tail 12 room 4
load:0x40078000,len:15916
load:0x40080400,len:3860
entry 0x40080638
[0;32mI (29) boot: ESP-IDF HEAD-HASH-NOTFOUND 2nd stage bootloader[0m
[0;32mI (29) boot: compile time Oct  8 2025 00:30:29[0m
[0;32mI (29) boot: Multicore bootloader[0m
[0;32mI (32) boot: chip revision: v3.1[0m
[0;32mI (34) boot.esp32: SPI Speed      : 40MHz[0m
[0;32mI (38) boot.esp32: SPI Mode       : DIO[0m
[0;32mI (42) boot.esp32: SPI Flash Size : 2MB[0m
[0;32mI (45) boot: Enabling RNG early entropy source...[0m
[0;32mI (50) boot: Partition Table:[0m
[0;32mI (52) boot: ## Label            Usage          Type ST Offset   Length[0m
[0;32mI (59) boot:  0 nvs              WiFi data        01 02 00009000 00006000[0m
[0;32mI (65) boot:  1 phy_init         RF data          01 01 0000f000 00001000[0m
[0;32mI (72) boot:  2 factory          factory app      00 00 00010000 00100000[0m
[0;32mI (78) boot: End of partition table[0m
[0;32mI (82) esp_image: segment 0: paddr=00010020 vaddr=3f400020 size=09a68h ( 39528) map[0m
[0;32mI (102) esp_image: segment 1: paddr=00019a90 vaddr=3ffb0000 size=023d8h (  9176) load[0m
[0;32mI (106) esp_image: segment 2: paddr=0001be70 vaddr=40080000 size=041a8h ( 16808) load[0m
[0;32mI (113) esp_image: segment 3: paddr=00020020 vaddr=400d0020 size=137d8h ( 79832) map[0m
[0;32mI (141) esp_image: segment 4: paddr=00033800 vaddr=400841a8 size=08e50h ( 36432) load[0m
[0;32mI (156) esp_image: segment 5: paddr=0003c658 vaddr=50000000 size=00020h (    32) load[0m
[0;32mI (162) boot: Loaded app from partition at offset 0x10000[0m
[0;32mI (162) boot: Disabling RNG early entropy source...[0m
[0;32mI (174) cpu_start: Multicore app[0m
[0;32mI (182) cpu_start: Pro cpu start user code[0m
[0;32mI (182) cpu_start: cpu freq: 160000000 Hz[0m
[0;32mI (182) app_init: Application information:[0m
[0;32mI (182) app_init: Project name:     lab4[0m
[0;32mI (186) app_init: App version:      2c3774c-dirty[0m
[0;32mI (190) app_init: Compile time:     Oct  8 2025 09:46:24[0m
[0;32mI (195) app_init: ELF file SHA256:  da29e7d1e...[0m
[0;32mI (200) app_init: ESP-IDF:          HEAD-HASH-NOTFOUND[0m
[0;32mI (204) efuse_init: Min chip rev:     v0.0[0m
[0;32mI (208) efuse_init: Max chip rev:     v3.99 [0m
[0;32mI (212) efuse_init: Chip rev:         v3.1[0m
[0;32mI (216) heap_init: Initializing. RAM available for dynamic allocation:[0m
[0;32mI (223) heap_init: At 3FFAE6E0 len 00001920 (6 KiB): DRAM[0m
[0;32mI (227) heap_init: At 3FFB2CA8 len 0002D358 (180 KiB): DRAM[0m
[0;32mI (233) heap_init: At 3FFE0440 len 00003AE0 (14 KiB): D/IRAM[0m
[0;32mI (238) heap_init: At 3FFE4350 len 0001BCB0 (111 KiB): D/IRAM[0m
[0;32mI (244) heap_init: At 4008CFF8 len 00013008 (76 KiB): IRAM[0m
[0;33mW (250) spi_flash: Detected boya flash chip but using generic driver. For optimal functionality, enable `SPI_FLASH_SUPPORT_BOYA_CHIP` in menuconfig[0m
[0;32mI (262) spi_flash: detected chip: generic[0m
[0;32mI (266) spi_flash: flash io: dio[0m
[0;33mW (268) spi_flash: Detected size(4096k) larger than the size in the binary image header(2048k). Using the size in the binary image header.[0m
[0;32mI (281) main_task: Started on CPU0[0m
[0;32mI (291) main_task: Calling app_main()[0m
------single_linked_list tests------
added:82
added:11
added:82
added:65
added:81
added:14
added:41
added:40
added:69
added:63
added:67
added:55
added:72
added:7
added:31
added:81
added:12
added:72
added:18
added:35
added:1
added:19
added:76
added:98
added:25
index[0] = 1
index[1] = 7
index[2] = 11
index[3] = 12
index[4] = 14
index[5] = 18
index[6] = 19
index[7] = 25
index[8] = 31
index[9] = 35
index[10] = 40
index[11] = 41
index[12] = 55
index[13] = 63
index[14] = 65
index[15] = 67
index[16] = 69
index[17] = 72
index[18] = 72
index[19] = 76
index[20] = 81
index[21] = 81
index[22] = 82
index[23] = 82
index[24] = 98
index[0] = 40
index[1] = 41
index[2] = 55
index[3] = 63
index[4] = 65
------double_linked_list tests------
added:76
added:61
added:9
added:34
added:12
added:16
added:87
added:38
added:46
added:76
added:81
added:96
added:4
added:4
added:92
added:29
added:91
added:48
added:4
added:91
added:91
added:7
added:95
added:30
added:55
index[0] = 4
index[1] = 4
index[2] = 4
index[3] = 7
index[4] = 9
index[5] = 12
index[6] = 16
index[7] = 29
index[8] = 30
index[9] = 34
index[10] = 38
index[11] = 46
index[12] = 48
index[13] = 55
index[14] = 61
index[15] = 76
index[16] = 76
index[17] = 81
index[18] = 87
index[19] = 91
index[20] = 91
index[21] = 91
index[22] = 92
index[23] = 95
index[24] = 96
--Remove--

assert failed: block_next tlsf_block_functions.h:161 (!block_is_last(block))


Backtrace: 0x40085365:0x3ffb3d70 0x4008532d:0x3ffb3d90 0x4008b3b1:0x3ffb3db0 0x40089cc8:0x3ffb3ed0 0x40089b44:0x3ffb3ef0 0x40081c23:0x3ffb3f10 0x4008b439:0x3ffb3f30 0x400d6215:0x3ffb3f50 0x400d60bb:0x3ffb3f70 0x400e30f1:0x3ffb3fa0 0x40085d35:0x3ffb3fd0




ELF file SHA256: da29e7d1e

Rebooting...
ets Jul 29 2019 12:21:46

rst:0xc (SW_CPU_RESET),boot:0x13 (SPI_FAST_FLASH_BOOT)
configsip: 0, SPIWP:0xee
clk_drv:0x00,q_drv:0x00,d_drv:0x00,cs0_drv:0x00,hd_drv:0x00,wp_drv:0x00
mode:DIO, clock div:2
load:0x3fff0030,len:6380
ho 0 tail 12 room 4
load:0x40078000,len:15916
load:0x40080400,len:3860
entry 0x40080638
[0;32mI (29) boot: ESP-IDF HEAD-HASH-NOTFOUND 2nd stage bootloader[0m
[0;32mI (29) boot: compile time Oct  8 2025 00:30:29[0m
[0;32mI (29) boot: Multicore bootloader[0m
[0;32mI (32) boot: chip revision: v3.1[0m
[0;32mI (34) boot.esp32: SPI Speed      : 40MHz[0m
[0;32mI (38) boot.esp32: SPI Mode       : DIO[0m
[0;32mI (42) boot.esp32: SPI Flash Size : 2MB[0m
[0;32mI (45) boot: Enabling RNG early entropy source...[0m
[0;32mI (50) boot: Partition Table:[0m
[0;32mI (52) boot: ## Label            Usage          Type ST Offset   Length[0m
[0;32mI (59) boot:  0 nvs              WiFi data        01 02 00009000 00006000[0m
[0;32mI (65) boot:  1 phy_init         RF data          01 01 0000f000 00001000[0m
[0;32mI (72) boot:  2 factory          factory app      00 00 00010000 00100000[0m
[0;32mI (78) boot: End of partition table[0m
[0;32mI (82) esp_image: segment 0: paddr=00010020 vaddr=3f400020 size=09a68h ( 39528) map[0m
[0;32mI (102) esp_image: segment 1: paddr=00019a90 vaddr=3ffb0000 size=023d8h (  9176) load[0m
[0;32mI (106) esp_image: segment 2: paddr=0001be70 vaddr=40080000 size=041a8h ( 16808) load[0m
[0;32mI (113) esp_image: segment 3: paddr=00020020 vaddr=400d0020 size=137d8h ( 79832) map[0m
[0;32mI (141) esp_image: segment 4: paddr=00033800 vaddr=400841a8 size=08e50h ( 36432) load[0m
[0;32mI (156) esp_image: segment 5: paddr=0003c658 vaddr=50000000 size=00020h (    32) load[0m
[0;32mI (162) boot: Loaded app from partition at offset 0x10000[0m
[0;32mI (162) boot: Disabling RNG early entropy source...[0m
[0;32mI (174) cpu_start: Multicore app[0m
[0;32mI (182) cpu_start: Pro cpu start user code[0m
[0;32mI (182) cpu_start: cpu freq: 160000000 Hz[0m
[0;32mI (182) app_init: Application information:[0m
[0;32mI (182) app_init: Project name:     lab4[0m
[0;32mI (186) app_init: App version:      2c3774c-dirty[0m
[0;32mI (190) app_init: Compile time:     Oct  8 2025 09:46:24[0m
[0;32mI (195) app_init: ELF file SHA256:  da29e7d1e...[0m
[0;32mI (200) app_init: ESP-IDF:          HEAD-HASH-NOTFOUND[0m
[0;32mI (204) efuse_init: Min chip rev:     v0.0[0m
[0;32mI (208) efuse_init: Max chip rev:     v3.99 [0m
[0;32mI (212) efuse_init: Chip rev:         v3.1[0m
[0;32mI (216) heap_init: Initializing. RAM available for dynamic allocation:[0m
[0;32mI (223) heap_init: At 3FFAE6E0 len 00001920 (6 KiB): DRAM[0m
[0;32mI (227) heap_init: At 3FFB2CA8 len 0002D358 (180 KiB): DRAM[0m
[0;32mI (233) heap_init: At 3FFE0440 len 00003AE0 (14 KiB): D/IRAM[0m
[0;32mI (238) heap_init: At 3FFE4350 len 0001BCB0 (111 KiB): D/IRAM[0m
[0;32mI (244) heap_init: At 4008CFF8 len 00013008 (76 KiB): IRAM[0m
[0;33mW (250) spi_flash: Detected boya flash chip but using generic driver. For optimal functionality, enable `SPI_FLASH_SUPPORT_BOYA_CHIP` in menuconfig[0m
[0;32mI (262) spi_flash: detected chip: generic[0m
[0;32mI (266) spi_flash: flash io: dio[0m
[0;33mW (268) spi_flash: Detected size(4096k) larger than the size in the binary image header(2048k). Using the size in the binary image header.[0m
[0;32mI (281) main_task: Started on CPU0[0m
[0;32mI (291) main_task: Calling app_main()[0m
------single_linked_list tests------
added:11
added:68
added:93
added:29
added:45
added:11
added:69
added:85
added:70
added:45
added:74
added:41
added:59
added:90
added:21
added:46
added:59
added:34
added:78
added:78
added:54
added:28
added:34
added:46
added:61
index[0] = 11
index[1] = 11
index[2] = 21
index[3] = 28
index[4] = 29
index[5] = 34
index[6] = 34
index[7] = 41
index[8] = 45
index[9] = 45
index[10] = 46
index[11] = 46
index[12] = 54
index[13] = 59
index[14] = 59
index[15] = 61
index[16] = 68
index[17] = 69
index[18] = 70
index[19] = 74
index[20] = 78
index[21] = 78
index[22] = 85
index[23] = 90
index[24] = 93
index[0] = 46
index[1] = 46
index[2] = 54
index[3] = 59
index[4] = 59
------double_linked_list tests------
added:43
added:8
added:22
added:39
added:98
added:56
added:11
added:65
added:92
added:34
added:46
added:9
added:63
added:89
added:12
added:71
added:67
added:57
added:48
added:52
added:8
added:9
added:96
added:66
added:39
index[0] = 8
index[1] = 8
index[2] = 9
index[3] = 9
index[4] = 11
index[5] = 12
index[6] = 22
index[7] = 34
index[8] = 39
index[9] = 39
index[10] = 43
index[11] = 46
index[12] = 48
index[13] = 52
index[14] = 56
index[15] = 57
index[16] = 63
index[17] = 65
index[18] = 66
index[19] = 67
index[20] = 71
index[21] = 89
index[22] = 92
index[23] = 96
index[24] = 98
--Remove--

assert failed: block_next tlsf_block_functions.h:161 (!block_is_last(block))


Backtrace: 0x40085365:0x3ffb3d70 0x4008532d:0x3ffb3d90 0x4008b3b1:0x3ffb3db0 0x40089cc8:0x3ffb3ed0 0x40089b44:0x3ffb3ef0 0x40081c23:0x3ffb3f10 0x4008b439:0x3ffb3f30 0x400d6215:0x3ffb3f50 0x400d60bb:0x3ffb3f70 0x400e30f1:0x3ffb3fa0 0x40085d35:0x3ffb3fd0




ELF file SHA256: da29e7d1e

Rebooting...
ets Jul 29 2019 12:21:46

rst:0xc (SW_CPU_RESET),boot:0x13 (SPI_FAST_FLASH_BOOT)
configsip: 0, SPIWP:0xee
clk_drv:0x00,q_drv:0x00,d_drv:0x00,cs0_drv:0x00,hd_drv:0x00,wp_drv:0x00
mode:DIO, clock div:2
load:0x3fff0030,len:6380
ho 0 tail 12 room 4
load:0x40078000,len:15916
load:0x40080400,len:3860
entry 0x40080638
[0;32mI (29) boot: ESP-IDF HEAD-HASH-NOTFOUND 2nd stage bootloader[0m
[0;32mI (29) boot: compile time Oct  8 2025 00:30:29[0m
[0;32mI (29) boot: Multicore bootloader[0m
[0;32mI (32) boot: chip revision: v3.1[0m
[0;32mI (34) boot.esp32: SPI Speed      : 40MHz[0m
[0;32mI (38) boot.esp32: SPI Mode       : DIO[0m
[0;32mI (42) boot.esp32: SPI Flash Size : 2MB[0m
[0;32mI (45) boot: Enabling RNG early entropy source...[0m
[0;32mI (50) boot: Partition Table:[0m
[0;32mI (52) boot: ## Label            Usage          Type ST Offset   Length[0m
[0;32mI (59) boot:  0 nvs              WiFi data        01 02 00009000 00006000[0m
[0;32mI (65) boot:  1 phy_init         RF data          01 01 0000f000 00001000[0m
[0;32mI (72) boot:  2 factory          factory app      00 00 00010000 00100000[0m
[0;32mI (78) boot: End of partition table[0m
[0;32mI (82) esp_image: segment 0: paddr=00010020 vaddr=3f400020 size=09a68h ( 39528) map[0m
[0;32mI (102) esp_image: segment 1: paddr=00019a90 vaddr=3ffb0000 size=023d8h (  9176) load[0m
[0;32mI (106) esp_image: segment 2: paddr=0001be70 vaddr=40080000 size=041a8h ( 16808) load[0m
[0;32mI (113) esp_image: segment 3: paddr=00020020 vaddr=400d0020 size=137d8h ( 79832) map[0m
[0;32mI (141) esp_image: segment 4: paddr=00033800 vaddr=400841a8 size=08e50h ( 36432) load[0m
[0;32mI (156) esp_image: segment 5: paddr=0003c658 vaddr=50000000 size=00020h (    32) load[0m
[0;32mI (162) boot: Loaded app from partition at offset 0x10000[0m
[0;32mI (162) boot: Disabling RNG early entropy source...[0m
[0;32mI (174) cpu_start: Multicore app[0m
[0;32mI (182) cpu_start: Pro cpu start user code[0m
[0;32mI (182) cpu_start: cpu freq: 160000000 Hz[0m
[0;32mI (182) app_init: Application information:[0m
[0;32mI (182) app_init: Project name:     lab4[0m
[0;32mI (186) app_init: App version:      2c3774c-dirty[0m
[0;32mI (190) app_init: Compile time:     Oct  8 2025 09:46:24[0m
[0;32mI (195) app_init: ELF file SHA256:  da29e7d1e...[0m
[0;32mI (200) app_init: ESP-IDF:          HEAD-HASH-NOTFOUND[0m
[0;32mI (204) efuse_init: Min chip rev:     v0.0[0m
[0;32mI (208) efuse_init: Max chip rev:     v3.99 [0m
[0;32mI (212) efuse_init: Chip rev:         v3.1[0m
[0;32mI (216) heap_init: Initializing. RAM available for dynamic allocation:[0m
[0;32mI (223) heap_init: At 3FFAE6E0 len 00001920 (6 KiB): DRAM[0m
[0;32mI (227) heap_init: At 3FFB2CA8 len 0002D358 (180 KiB): DRAM[0m
[0;32mI (233) heap_init: At 3FFE0440 len 00003AE0 (14 KiB): D/IRAM[0m
[0;32mI (238) heap_init: At 3FFE4350 len 0001BCB0 (111 KiB): D/IRAM[0m
[0;32mI (244) heap_init: At 4008CFF8 len 00013008 (76 KiB): IRAM[0m
[0;33mW (250) spi_flash: Detected boya flash chip but using generic driver. For optimal functionality, enable `SPI_FLASH_SUPPORT_BOYA_CHIP` in menuconfig[0m
[0;32mI (262) spi_flash: detected chip: generic[0m
[0;32mI (266) spi_flash: flash io: dio[0m
[0;33mW (268) spi_flash: Detected size(4096k) larger than the size in the binary image header(2048k). Using the size in the binary image header.[0m
[0;32mI (281) main_task: Started on CPU0[0m
[0;32mI (291) main_task: Calling app_main()[0m
------single_linked_list tests------
added:86
added:75
added:42
added:89
added:44
added:89
added:39
added:50
added:94
added:2
added:72
added:72
added:87
added:44
added:83
added:43
added:55
added:53
added:23
added:45
added:43
added:16
added:10
added:60
added:17
index[0] = 2
index[1] = 10
index[2] = 16
index[3] = 17
index[4] = 23
index[5] = 39
index[6] = 42
index[7] = 43
index[8] = 43
index[9] = 44
index[10] = 44
index[11] = 45
index[12] = 50
index[13] = 53
index[14] = 55
index[15] = 60
index[16] = 72
index[17] = 72
index[18] = 75
index[19] = 83
index[20] = 86
index[21] = 87
index[22] = 89
index[23] = 89
index[24] = 94
index[0] = 44
index[1] = 45
index[2] = 50
index[3] = 53
index[4] = 55
------double_linked_list tests------
added:48
added:55
added:42
added:7
added:57
added:58
added:75
added:71
added:24
added:71
added:49
added:39
added:58
added:96
added:45
added:2
added:43
added:34
added:1
added:53
added:35
added:16
added:46
added:37
added:68
index[0] = 1
index[1] = 2
index[2] = 7
index[3] = 16
index[4] = 24
index[5] = 34
index[6] = 35
index[7] = 37
index[8] = 39
index[9] = 42
index[10] = 43
index[11] = 45
index[12] = 46
index[13] = 48
index[14] = 49
index[15] = 53
index[16] = 55
index[17] = 57
index[18] = 58
index[19] = 58
index[20] = 68
index[21] = 71
index[22] = 71
index[23] = 75
index[24] = 96
--Remove--

assert failed: block_next tlsf_block_functions.h:161 (!block_is_last(block))


Backtrace: 0x40085365:0x3ffb3d70 0x4008532d:0x3ffb3d90 0x4008b3b1:0x3ffb3db0 0x40089cc8:0x3ffb3ed0 0x40089b44:0x3ffb3ef0 0x40081c23:0x3ffb3f10 0x4008b439:0x3ffb3f30 0x400d6215:0x3ffb3f50 0x400d60bb:0x3ffb3f70 0x400e30f1:0x3ffb3fa0 0x40085d35:0x3ffb3fd0




ELF file SHA256: da29e7d1e

Rebooting...
ets Jul 29 2019 12:21:46

rst:0xc (SW_CPU_RESET),boot:0x13 (SPI_FAST_FLASH_BOOT)
configsip: 0, SPIWP:0xee
clk_drv:0x00,q_drv:0x00,d_drv:0x00,cs0_drv:0x00,hd_drv:0x00,wp_drv:0x00
mode:DIO, clock div:2
load:0x3fff0030,len:6380
ho 0 tail 12 room 4
load:0x40078000,len:15916
load:0x40080400,len:3860
entry 0x40080638
[0;32mI (29) boot: ESP-IDF HEAD-HASH-NOTFOUND 2nd stage bootloader[0m
[0;32mI (29) boot: compile time Oct  8 2025 00:30:29[0m
[0;32mI (29) boot: Multicore bootloader[0m
[0;32mI (32) boot: chip revision: v3.1[0m
[0;32mI (34) boot.esp32: SPI Speed      : 40MHz[0m
[0;32mI (38) boot.esp32: SPI Mode       : DIO[0m
[0;32mI (42) boot.esp32: SPI Flash Size : 2MB[0m
[0;32mI (45) boot: Enabling RNG early entropy source...[0m
[0;32mI (50) boot: Partition Table:[0m
[0;32mI (52) boot: ## Label            Usage          Type ST Offset   Length[0m
[0;32mI (59) boot:  0 nvs              WiFi data        01 02 00009000 00006000[0m
[0;32mI (65) boot:  1 phy_init         RF data          01 01 0000f000 00001000[0m
