Command: /home/minipops/.espressif/python_env/idf5.5_py3.13_env/bin/python /opt/esp-idf/tools/idf_monitor.py -p /dev/ttyUSB0 -b 115200 --toolchain-prefix xtensa-esp32-elf- --target esp32 --revision 0 /home/minipops/uni/da267a/labs/lab5/build/lab5.elf /home/minipops/uni/da267a/labs/lab5/build/bootloader/bootloader.elf -m '/home/minipops/.espressif/python_env/idf5.5_py3.13_env/bin/python' '/opt/esp-idf/tools/idf.py'
ets Jul 29 2019 12:21:46

rst:0x1 (POWERON_RESET),boot:0x13 (SPI_FAST_FLASH_BOOT)
configsip: 0, SPIWP:0xee
clk_drv:0x00,q_drv:0x00,d_drv:0x00,cs0_drv:0x00,hd_drv:0x00,wp_drv:0x00
mode:DIO, clock div:2
load:0x3fff0030,len:6380
ho 0 tail 12 room 4
load:0x40078000,len:15916
load:0x40080400,len:3860
entry 0x40080638
[0;32mI (29) boot: ESP-IDF HEAD-HASH-NOTFOUND 2nd stage bootloader[0m
[0;32mI (29) boot: compile time Oct 15 2025 07:58:48[0m
[0;32mI (29) boot: Multicore bootloader[0m
[0;32mI (32) boot: chip revision: v3.1[0m
[0;32mI (34) boot.esp32: SPI Speed      : 40MHz[0m
[0;32mI (38) boot.esp32: SPI Mode       : DIO[0m
[0;32mI (42) boot.esp32: SPI Flash Size : 2MB[0m
[0;32mI (45) boot: Enabling RNG early entropy source...[0m
[0;32mI (50) boot: Partition Table:[0m
[0;32mI (52) boot: ## Label            Usage          Type ST Offset   Length[0m
[0;32mI (59) boot:  0 nvs              WiFi data        01 02 00009000 00006000[0m
[0;32mI (65) boot:  1 phy_init         RF data          01 01 0000f000 00001000[0m
[0;32mI (72) boot:  2 factory          factory app      00 00 00010000 00100000[0m
[0;32mI (78) boot: End of partition table[0m
[0;32mI (82) esp_image: segment 0: paddr=00010020 vaddr=3f400020 size=0bc1ch ( 48156) map[0m
[0;32mI (106) esp_image: segment 1: paddr=0001bc44 vaddr=3ffb0000 size=02498h (  9368) load[0m
[0;32mI (109) esp_image: segment 2: paddr=0001e0e4 vaddr=40080000 size=01f34h (  7988) load[0m
[0;32mI (113) esp_image: segment 3: paddr=00020020 vaddr=400d0020 size=18194h ( 98708) map[0m
[0;32mI (151) esp_image: segment 4: paddr=000381bc vaddr=40081f34 size=0ecfch ( 60668) load[0m
[0;32mI (175) esp_image: segment 5: paddr=00046ec0 vaddr=50000000 size=00020h (    32) load[0m
[0;32mI (183) boot: Loaded app from partition at offset 0x10000[0m
[0;32mI (183) boot: Disabling RNG early entropy source...[0m
[0;32mI (195) cpu_start: Multicore app[0m
[0;32mI (203) cpu_start: Pro cpu start user code[0m
[0;32mI (203) cpu_start: cpu freq: 160000000 Hz[0m
[0;32mI (203) app_init: Application information:[0m
[0;32mI (203) app_init: Project name:     lab5[0m
[0;32mI (207) app_init: App version:      29eaf56-dirty[0m
[0;32mI (211) app_init: Compile time:     Oct 15 2025 10:23:15[0m
[0;32mI (216) app_init: ELF file SHA256:  95f782565...[0m
[0;32mI (221) app_init: ESP-IDF:          HEAD-HASH-NOTFOUND[0m
[0;32mI (226) efuse_init: Min chip rev:     v0.0[0m
[0;32mI (229) efuse_init: Max chip rev:     v3.99 [0m
[0;32mI (233) efuse_init: Chip rev:         v3.1[0m
[0;32mI (238) heap_init: Initializing. RAM available for dynamic allocation:[0m
[0;32mI (244) heap_init: At 3FFAE6E0 len 00001920 (6 KiB): DRAM[0m
[0;32mI (249) heap_init: At 3FFB2E58 len 0002D1A8 (180 KiB): DRAM[0m
[0;32mI (254) heap_init: At 3FFE0440 len 00003AE0 (14 KiB): D/IRAM[0m
[0;32mI (259) heap_init: At 3FFE4350 len 0001BCB0 (111 KiB): D/IRAM[0m
[0;32mI (265) heap_init: At 40090C30 len 0000F3D0 (60 KiB): IRAM[0m
[0;33mW (271) spi_flash: Detected boya flash chip but using generic driver. For optimal functionality, enable `SPI_FLASH_SUPPORT_BOYA_CHIP` in menuconfig[0m
[0;32mI (283) spi_flash: detected chip: generic[0m
[0;32mI (287) spi_flash: flash io: dio[0m
[0;33mW (290) spi_flash: Detected size(4096k) larger than the size in the binary image header(2048k). Using the size in the binary image header.[0m
[0;33mW (302) i2c: This driver is an old driver, please migrate your application code to adapt `driver/i2c_master.h`[0m
[0;32mI (323) main_task: Started on CPU0[0m
[0;32mI (333) main_task: Calling app_main()[0m
[0;32mI (333) pm: Frequency switching config: CPU_MAX: 240, APB_MAX: 240, APB_MIN: 80, Light sleep: ENABLED[0m
[0;32mI (333) main_task: Returned from app_main()[0m
vector:  8049 x:   656 y:  -160 z:  8432
vector:  8204 x:   656 y:  -144 z:  8012
vector:  8276 x:   644 y:  -168 z:  8248
vector:  8362 x:   752 y:  -480 z:  8084
vector:  8273 x:   628 y:  -164 z:  8060
vector:  8468 x:   640 y:  -240 z:  8144
vector:  8417 x:   636 y:  -460 z:  8220
vector:  8335 x:   716 y:  -140 z:  8396
sd:3 mean:8298
step detected
vector:  8242 x:   660 y:  -220 z:  8428
vector:  8184 x:   708 y:  -136 z:  8440
vector:  8037 x:   648 y:  -384 z:  8268
vector:  8261 x:   636 y:   -28 z:  8156
vector:  8295 x:   628 y:  -148 z:  8268
vector:  8289 x:   608 y:  -432 z:  8376
vector:  8434 x:   648 y:  -208 z:  8132
vector:  8280 x:   692 y:  -248 z:  8256
sd:4 mean:126322823
vector:  8366 x:   624 y:  -156 z:  8392
vector:  8387 x:   656 y:  -228 z:  7960
vector:  8300 x:   640 y:  -184 z:  8232
vector:  8247 x:   656 y:  -216 z:  8248
vector:  8222 x:   608 y:  -160 z:  8656
vector:  8219 x:   576 y:  -152 z:  8316
vector:  8305 x:   640 y:  -160 z:  8044
vector:  8324 x:   656 y:  -184 z:  8420
sd:10 mean:-31580386
step detected
vector:  8466 x:   552 y:  -176 z:  8440
vector:  8222 x:   624 y:  -152 z:  8180
vector:  8101 x:   604 y:    -8 z:  8392
vector:  8450 x:   736 y:  -164 z:  8004
vector:  8416 x:   664 y:  -216 z:  8200
vector:  8322 x:   604 y:  -152 z:  8428
vector:  8160 x:   592 y:  -136 z:  8404
vector:  8306 x:   664 y:  -252 z:  8208
vector:  8282 x:   672 y:  -184 z:  8252
sd:3 mean:140358635
vector:  8257 x:   696 y:  -176 z:  8180
vector:  8246 x:   712 y:  -100 z:  7956
vector:  8408 x:   580 y:  -204 z:  8412
vector:  8174 x:   668 y:  -216 z:  8108
vector:  8291 x:   676 y:  -164 z:  8096
vector:  8350 x:   612 y:  -148 z:  8152
vector:  8047 x:   632 y:  -184 z:  8236
vector:  8270 x:   684 y:  -172 z:  7960
sd:10 mean:-268435200
step detected
vector:  8378 x:   636 y:  -232 z:  8236
vector:  8164 x:   676 y:  -220 z:  8392
vector:  8220 x:   564 y:  -220 z:  8188
vector:  8118 x:   720 y:  -132 z:  8272
vector:  8445 x:   592 y:  -124 z:  8164
vector:  8319 x:   608 y:  -136 z:  8332
vector:  8282 x:   676 y:  -156 z:  8416
vector:  8300 x:   660 y:  -104 z:  7980
sd:3 mean:8278
step detected
vector:  8207 x:   628 y:  -408 z:  8392
vector:  8223 x:   568 y:  -164 z:  8168
vector:  7988 x:   660 y:  -280 z:  8380
vector:  8399 x:   736 y:  -200 z:  8028
vector:  8380 x:   684 y:  -132 z:  7956
vector:  8328 x:   624 y:  -160 z:  7948
vector:  8445 x:   660 y:  -228 z:  8176
vector:  8398 x:   624 y:  -212 z:  8444
vector:  8139 x:   684 y:  -216 z:  8372
sd:10 mean:14036067
vector:  8612 x:   676 y:   -12 z:  8384
vector:  8467 x:   716 y:   -16 z:  8440
vector:  8317 x:   732 y:  -224 z:  8228
vector:  8254 x:   712 y:   -84 z:  8160
vector:  8429 x:   692 y:  -144 z:  8164
vector:  8231 x:   640 y:   -96 z:  8304
vector:  8373 x:   712 y:  -168 z:  8264
vector:  8413 x:   596 y:  -144 z:  8388
sd:4 mean:126322823
vector:  8336 x:   624 y:  -228 z:  8248
vector:  8355 x:   748 y:  -152 z:  8336
vector:  8339 x:   580 y:   -96 z:  8208
vector:  8296 x:   680 y:  -152 z:  8124
vector:  8320 x:   572 y:  -216 z:  8292
vector:  8019 x:   672 y:   -88 z:  8352
vector:  8321 x:   596 y:    -4 z:  8148
vector:  8422 x:   608 y:  -168 z:  8320
sd:10 mean:-31580386
step detected
vector:  8246 x:   664 y:  -196 z:  8440
vector:  8133 x:   660 y:  -200 z:  7980
vector:  8126 x:   732 y:  -256 z:  8228
vector:  8319 x:   672 y:  -112 z:  8204
vector:  8122 x:   660 y:  -180 z:  8436
vector:  8244 x:   640 y:  -152 z:  8264
vector:  8339 x:   692 y:  -208 z:  8284
vector:  8170 x:   672 y:  -240 z:  8216
vector:  8058 x:   668 y:  -172 z:  8428
sd:3 mean:140358635
vector:  8356 x:   560 y:   -96 z:  8356
vector:  8283 x:   644 y:  -224 z:  8300
vector:  8334 x:   588 y:  -184 z:  7980
vector:  8255 x:   580 y:  -232 z:  8240
vector:  8396 x:   660 y:  -196 z:  8432
vector:  8388 x:   648 y:  -232 z:  8340
vector:  8022 x:   648 y:  -128 z:  8284
vector:  8326 x:   656 y:  -164 z:  8156
sd:10 mean:-268435200
step detected
vector:  8271 x:   592 y:  -164 z:  8408
vector:  8334 x:   668 y:  -224 z:  8376
vector:  8137 x:   664 y:  -144 z:  8336
vector:  8303 x:   640 y:  -208 z:  8244
vector:  8320 x:   692 y:  -172 z:  8032
vector:  8179 x:   668 y:  -208 z:  8228
vector:  8301 x:   652 y:  -464 z:  7996
vector:  8452 x:   600 y:  -160 z:  8368
sd:2 mean:8287
step detected
vector:  8365 x:   580 y:  -152 z:  8200
vector:  8259 x:   724 y:  -272 z:  8436
vector:  8254 x:   552 y:  -192 z:  8252
vector:  8264 x:   692 y:  -228 z:  8396
vector:  8272 x:   612 y:  -152 z:  8184
vector:  8056 x:   628 y:  -172 z:  8088
vector:  8290 x:   616 y:  -264 z:  8312
vector:  8459 x:   672 y:  -480 z:  8024
vector:  8014 x:   580 y:  -188 z:  8328
sd:10 mean:14036067
vector:  8198 x:   724 y:  -236 z:  8324
vector:  8184 x:   736 y:  -144 z:  8268
vector:  8461 x:   636 y:   -76 z:  8380
vector:  8437 x:   652 y:  -432 z:  8260
vector:  8201 x:   632 y:  -204 z:  8220
vector:  8375 x:   692 y:  -136 z:  8316
vector:  8299 x:   644 y:  -184 z:  8384
vector:  8285 x:   624 y:  -172 z:  8292
sd:4 mean:126322823
vector:  8410 x:   552 y:  -192 z:  8172
vector:  7980 x:   640 y:  -204 z:  8288
vector:  8388 x:   596 y:  -148 z:  8080
vector:  8296 x:   612 y:  -116 z:  8124
vector:  8292 x:   704 y:  -140 z:  8128
vector:  8276 x:   728 y:  -172 z:  8176
vector:  8273 x:   564 y:  -140 z:  8444
vector:  8366 x:   664 y:  -164 z:  7996
sd:10 mean:-31580386
step detected
vector:  8295 x:   688 y:  -416 z:  8348
vector:  8115 x:   636 y:    -4 z:  7964
vector:  8261 x:   700 y:  -208 z:  8212
vector:  8314 x:   724 y:  -216 z:  8348
vector:  8282 x:   716 y:  -212 z:  8308
vector:  8328 x:   640 y:  -112 z:  7964
vector:  8180 x:   628 y:  -148 z:  8220
vector:  8066 x:   656 y:  -512 z:  8444
vector:  8249 x:   632 y:  -464 z:  8392
sd:3 mean:140358635
vector:  8390 x:   648 y:  -168 z:  8212
vector:  8431 x:   728 y:  -104 z:  8028
vector:  8115 x:   676 y:  -200 z:  8288
vector:  8223 x:   636 y:  -140 z:  8444
vector:  8351 x:   544 y:  -164 z:  8200
vector:  8237 x:   680 y:  -184 z:  8240
vector:  8310 x:   620 y:  -152 z:  8300
vector:  8363 x:   640 y:  -148 z:  8136
sd:10 mean:-268435200
step detected
vector:  8267 x:   672 y:  -176 z:  8240
vector:  8326 x:   596 y:   -96 z:  8132
vector:  8283 x:   664 y:   -64 z:  8204
vector:  8091 x:   588 y:  -280 z:  8308
vector:  8281 x:   684 y:  -160 z:  8368
vector:  8075 x:   608 y:  -160 z:  8024
vector:  8279 x:   648 y:  -208 z:  8384
vector:  8255 x:   640 y:   -20 z:  8196
sd:2 mean:8232
step detected
vector:  8197 x:   668 y:  -128 z:  8160
vector:  8407 x:   640 y:  -248 z:  8248
vector:  8237 x:   636 y:  -268 z:  8212
vector:  8430 x:   584 y:  -172 z:  8204
vector:  8335 x:   668 y:  -172 z:  8240
vector:  8285 x:   688 y:  -148 z:  8244
vector:  8247 x:   712 y:  -208 z:  8236
vector:  8221 x:   752 y:  -184 z:  8252
vector:  8176 x:   684 y:  -216 z:  8004
sd:10 mean:14036067
vector:  8257 x:   588 y:  -208 z:  8288
vector:  8383 x:   760 y:  -216 z:  8160
vector:  8296 x:   628 y:  -244 z:  8152
vector:  7992 x:   692 y:  -188 z:  8260
vector:  8275 x:   656 y:  -200 z:  8276
vector:  8252 x:   696 y:  -188 z:  8072
vector:  8423 x:   672 y:  -256 z:  8356
vector:  8262 x:   640 y:  -268 z:  8308
sd:4 mean:126322823
vector:  8390 x:   640 y:  -136 z:  8188
vector:  8226 x:   644 y:   -80 z:  8268
vector:  8304 x:   688 y:  -184 z:  8244
vector:  8194 x:   632 y:  -128 z:  8324
vector:  8391 x:   716 y:  -168 z:  8248
vector:  8077 x:   548 y:  -300 z:  8248
vector:  8342 x:   644 y:  -212 z:  8268
vector:  8184 x:   592 y:  -184 z:  8340
sd:10 mean:-31580386
step detected
vector:  8298 x:   544 y:  -232 z:  8424
vector:  8463 x:   600 y:  -504 z:  8256
vector:  8462 x:   728 y:  -176 z:  8436
vector:  8227 x:   648 y:  -172 z:  8184
vector:  7997 x:   692 y:  -144 z:  8284
vector:  8180 x:   660 y:  -148 z:  8352
vector:  8424 x:   652 y:  -176 z:  8200
vector:  8397 x:   672 y:  -160 z:  8244
vector:  8078 x:   588 y:  -180 z:  8332
sd:3 mean:140358635
vector:  8272 x:   720 y:  -212 z:  8212
vector:  8369 x:   644 y:  -112 z:  8436
vector:  8033 x:   572 y:  -212 z:  8288
vector:  8332 x:   716 y:  -188 z:  8208
vector:  8216 x:   648 y:  -432 z:  8256
vector:  8010 x:   700 y:  -176 z:  8252
vector:  8159 x:   608 y:   -20 z:  8416
vector:  8435 x:   600 y:  -188 z:  8200
sd:10 mean:-268435200
step detected
vector:  8285 x:   700 y:  -232 z:  8420
vector:  8503 x:   648 y:  -192 z:  8224
vector:  8356 x:   512 y:  -284 z:  8280
vector:  8323 x:   612 y:  -192 z:  8348
vector:  8291 x:   624 y:  -172 z:  7976
vector:  8359 x:   620 y:  -176 z:  8240
vector:  8011 x:   688 y:  -176 z:  8148
vector:  8265 x:   632 y:  -216 z:  8296
sd:4 mean:8299
step detected
vector:  8141 x:   672 y:  -232 z:  8380
vector:  8017 x:   584 y:  -260 z:  8376
vector:  8211 x:   524 y:  -172 z:  8220
vector:  8301 x:   720 y:  -208 z:  8228
vector:  8319 x:   636 y:  -128 z:  8192
vector:  7984 x:   656 y:  -428 z:  8164
vector:  8418 x:   628 y:  -196 z:  8312
vector:  8262 x:   716 y:  -160 z:  8320
vector:  8032 x:   744 y:  -156 z:  8152
sd:10 mean:14036067
vector:  8216 x:   732 y:  -144 z:  8228
vector:  8280 x:   640 y:  -168 z:  8184
vector:  7964 x:   740 y:  -144 z:  8304
vector:  8341 x:   700 y:  -448 z:  8104
vector:  8302 x:   584 y:  -468 z:  8308
vector:  8275 x:   660 y:  -480 z:  8440
vector:  8063 x:   712 y:  -188 z:  8284
vector:  8385 x:   644 y:  -236 z:  8384
sd:4 mean:126322823
vector:  8317 x:   636 y:  -104 z:  8284
vector:  8461 x:   644 y:  -228 z:  8260
vector:  8439 x:   588 y:  -440 z:  8216
vector:  8356 x:   644 y:  -232 z:  8312
vector:  8402 x:   712 y:  -224 z:  8440
vector:  8236 x:   560 y:  -216 z:  8368
vector:  8314 x:   588 y:  -184 z:  8104
vector:  8299 x:   640 y:  -196 z:  7956
ï¿½ï¿½ï¿½ï¿½ï¿½ï¿½ï¿½ï¿½ï¿½ï¿½ï¿½ï¿½ï¿½ï¿½ï¿½ï¿½ï¿½ï¿½ï¿½ï¿½ï¿½ï¿½ï¿½ï¿½ï¿½ï¿½ï¿½ï¿½ï¿½ï¿½ï¿½ï¿½ï¿½ï¿½ï¿½ï¿½ï¿½ï¿½ï¿½ï¿½ï¿½ï¿½ï¿½ï¿½ï¿½ï¿½ï¿½ï¿½ï¿½ï¿½ï¿½ï¿½ï¿½ï¿½ï¿½ï¿½ï¿½ï¿½ï¿½ï¿½ï¿½ï¿½ï¿½ï¿½ted
vector:  8471 x:   700 y:  -244 z:  8020
vector:  8229 x:   656 y:  -196 z:  8296
vector:  8431 x:   588 y:   -16 z:  8176
vector:  8347 x:   592 y:  -220 z:  8244
vector:  8156 x:   724 y:   -32 z:  8432
vector:  8221 x:   668 y:  -160 z:  8256
vector:  8240 x:   732 y:  -148 z:  8392
vector:  8259 x:   592 y:  -180 z:  8228
vector:  8238 x:   608 y:  -212 z:  8228
sd:3 mean:140358635
vector:  8401 x:   652 y:  -248 z:  8392
vector:  8112 x:   696 y:  -172 z:  8392
vector:  8117 x:   644 y:    -4 z:  8188
vector:  8310 x:   696 y:  -144 z:  8272
vector:  8297 x:   716 y:  -124 z:  8152
vector:  8169 x:   672 y:  -128 z:  8236
vector:  8461 x:   640 y:   -96 z:  8324
vector:  8242 x:   604 y:  -212 z:  8264
sd:10 mean:-268435200
step detected
vector:  8135 x:   608 y:  -136 z:  8296
vector:  8430 x:   632 y:  -220 z:  8228
vector:  8317 x:   628 y:  -208 z:  8244
vector:  8441 x:   612 y:  -196 z:  8284
vector:  8145 x:   688 y:  -140 z:  8212
vector:  8286 x:   724 y:  -172 z:  8240
vector:  8283 x:   656 y:  -248 z:  8296
vector:  8029 x:   692 y:  -200 z:  8104
sd:4 mean:8258
step detected
vector:  8072 x:   644 y:  -184 z:  8200
vector:  8360 x:   732 y:  -220 z:  8336
vector:  8202 x:   668 y:    -4 z:  8000
vector:  8342 x:   576 y:  -232 z:  7964
vector:  8175 x:   684 y:  -180 z:  8212
vector:  8393 x:   736 y:  -284 z:  7948
vector:  8315 x:   608 y:  -140 z:  8264
vector:  8385 x:   624 y:   -20 z:  8204
vector:  8237 x:   644 y:  -132 z:  8412
sd:10 mean:14036067
vector:  8075 x:   704 y:  -216 z:  8352
vector:  8246 x:   624 y:  -140 z:  8324
vector:  8287 x:   752 y:  -164 z:  8160
vector:  8235 x:   560 y:  -192 z:  7948
vector:  8265 x:   764 y:  -124 z:  8044
vector:  8079 x:   696 y:  -112 z:  8316
vector:  8232 x:   624 y:  -220 z:  7988
vector:  8333 x:   684 y:  -192 z:  8492
sd:4 mean:126322823
vector:  8017 x:   708 y:  -196 z:  8340
vector:  8239 x:   596 y:  -256 z:  8012
vector:  8473 x:   684 y:  -496 z:  8040
vector:  8249 x:   648 y:  -236 z:  7976
vector:  8327 x:   628 y:  -184 z:  8256
vector:  7992 x:   704 y:  -216 z:  7940
vector:  8362 x:   620 y:  -212 z:  8352
vector:  8273 x:   656 y:  -180 z:  8268
sd:10 mean:-31580386
step detected
vector:  8055 x:   664 y:  -184 z:  8136
vector:  8276 x:   624 y:  -224 z:  8284
vector:  8307 x:   680 y:  -192 z:  8044
vector:  8377 x:   680 y:  -476 z:  8168
vector:  8322 x:   632 y:  -232 z:  8224
vector:  8164 x:   644 y:  -224 z:  8220
vector:  8296 x:   680 y:  -232 z:  8156
vector:  8233 x:   704 y:  -136 z:  8168
vector:  8281 x:   668 y:  -136 z:  8204
sd:3 mean:140358635
vector:  7986 x:   576 y:  -116 z:  7972
vector:  8456 x:   684 y:  -156 z:  8280
vector:  8025 x:   624 y:  -236 z:  8336
vector:  8371 x:   640 y:  -172 z:  8260
vector:  8012 x:   644 y:  -240 z:  8412
vector:  8458 x:   692 y:  -180 z:  8392
vector:  8160 x:   656 y:  -152 z:  8436
vector:  8283 x:   692 y:  -148 z:  8408
sd:10 mean:-268435200
step detected
vector:  8167 x:   680 y:  -240 z:  8344
vector:  8214 x:   636 y:   -24 z:  8276
vector:  8026 x:   576 y:  -208 z:  8020
vector:  8133 x:   664 y:  -236 z:  8228
vector:  8251 x:   548 y:  -168 z:  8200
vector:  8277 x:   752 y:  -128 z:  8196
vector:  8220 x:   644 y:  -396 z:  8312
vector:  8291 x:   636 y:  -200 z:  8416
sd:2 mean:8197
step detected
vector:  8361 x:   696 y:  -148 z:  8304
vector:  8450 x:   688 y:  -108 z:  7992
vector:  8375 x:   596 y:  -200 z:  8316
vector:  8291 x:   740 y:  -200 z:  8184
vector:  8452 x:   620 y:  -168 z:  8264
vector:  8296 x:   664 y:  -256 z:  8212
vector:  8241 x:   592 y:   -16 z:  8188
vector:  8250 x:   656 y:  -280 z:  8224
vector:  8059 x:   716 y:  -416 z:  8212
sd:10 mean:14036067
vector:  8057 x:   700 y:  -188 z:  8236
vector:  8248 x:   672 y:  -240 z:  8256
vector:  8191 x:   696 y:  -152 z:  8368
vector:  8364 x:   652 y:  -144 z:  8264
vector:  8455 x:   616 y:  -168 z:  7936
vector:  8282 x:   576 y:  -152 z:  8096
vector:  8359 x:   584 y:  -204 z:  8332
vector:  8110 x:   592 y:  -160 z:  8424
sd:4 mean:126322823
vector:  8348 x:   612 y:  -200 z:  8200
vector:  8226 x:   732 y:  -184 z:  8292
vector:  8356 x:   640 y:  -104 z:  8296
vector:  8378 x:   680 y:  -120 z:  8148
vector:  8379 x:   644 y:  -212 z:  8080
vector:  8467 x:   576 y:  -200 z:  8204
vector:  8262 x:   608 y:  -164 z:  8116
vector:  8296 x:   624 y:  -224 z:  8212
sd:10 mean:-31580386
step detected
vector:  8427 x:   688 y:  -228 z:  8320
vector:  7980 x:   616 y:  -184 z:  8344
vector:  8160 x:   604 y:  -180 z:  8064
vector:  8318 x:   636 y:  -248 z:  8364
vector:  8581 x:   664 y:  -188 z:  8424
vector:  7992 x:   716 y:  -256 z:  8284
vector:  8194 x:   608 y:  -124 z:  8364
vector:  8254 x:   560 y:  -152 z:  8352
vector:  8157 x:   624 y:  -180 z:  8380
sd:3 mean:140358635
vector:  8209 x:   704 y:  -188 z:  8228
vector:  8240 x:   636 y:   -16 z:  8284
vector:  8223 x:   624 y:  -240 z:  8324
vector:  8406 x:   708 y:  -156 z:  8300
vector:  8014 x:   720 y:  -252 z:  8000
vector:  8294 x:   708 y:  -208 z:  8260
vector:  8421 x:   740 y:  -184 z:  8340
vector:  8252 x:   636 y:  -132 z:  8404
sd:10 mean:-268435200
step detected
vector:  8086 x:   656 y:   -36 z:  8156
vector:  8214 x:   672 y:  -168 z:  8300
vector:  8293 x:   636 y:  -224 z:  8244
vector:  8469 x:   596 y:  -156 z:  8308
vector:  8079 x:   620 y:  -188 z:  8016
vector:  8415 x:   600 y:  -136 z:  8228
vector:  8382 x:   708 y:  -240 z:  8048
vector:  8300 x:   664 y:  -296 z:  8428
sd:4 mean:8279
step detected
vector:  8153 x:   588 y:  -180 z:  8196
vector:  7978 x:   692 y:  -176 z:  8276
vector:  8302 x:   712 y:   -20 z:  8220
vector:  8264 x:   656 y:  -264 z:  8016
vector:  8248 x:   720 y:   -96 z:  8228
vector:  8215 x:   648 y:  -152 z:  8184
vector:  8178 x:   616 y:  -176 z:  7940
vector:  8431 x:   656 y:  -168 z:  8028
vector:  8466 x:   672 y:  -404 z:  8292
sd:10 mean:14036067
vector:  8351 x:   672 y:  -192 z:  8408
vector:  7973 x:   612 y:  -160 z:  8232
vector:  8243 x:   624 y:  -176 z:  8060
vector:  8060 x:   680 y:  -232 z:  8284
vector:  8396 x:   700 y:  -196 z:  8364
vector:  8294 x:   676 y:  -176 z:  8208
vector:  8306 x:   596 y:  -212 z:  7940
vector:  8188 x:   628 y:  -236 z:  8140
sd:4 mean:126322823
vector:  8084 x:   644 y:   -24 z:  8020
vector:  8237 x:   656 y:  -136 z:  8196
vector:  8026 x:   640 y:   -24 z:  8260
vector:  8385 x:   648 y:  -240 z:  8380
vector:  8319 x:   636 y:  -160 z:  7940
vector:  8254 x:   604 y:  -184 z:  8356
vector:  8421 x:   620 y:  -216 z:  8040
vector:  8305 x:   656 y:  -200 z:  8148
sd:10 mean:-31580386
step detected
vector:  8271 x:   680 y:  -212 z:  8168
vector:  8250 x:   692 y:  -172 z:  8352
vector:  8465 x:   708 y:  -160 z:  8252
vector:  8359 x:   700 y:  -160 z:  8440
vector:  8159 x:   600 y:  -176 z:  8324
vector:  8422 x:   516 y:  -236 z:  8360
vector:  8289 x:   684 y:  -176 z:  8348
vector:  8291 x:   600 y:  -248 z:  8072
vector:  8158 x:   672 y:  -124 z:  8308
sd:3 mean:140358635
vector:  8347 x:   720 y:  -240 z:  8108
vector:  8228 x:   636 y:  -188 z:  8236
vector:  8331 x:   640 y:  -132 z:  8256
vector:  8386 x:   628 y:  -212 z:  7960
vector:  8073 x:   604 y:  -172 z:  7960
vector:  8119 x:   620 y:  -260 z:  8272
vector:  8407 x:   672 y:  -256 z:  8412
vector:  8441 x:   652 y:  -192 z:  8256
sd:10 mean:-268435200
step detected
vector:  8222 x:   628 y:  -176 z:  8224
vector:  8040 x:   684 y:  -184 z:  8372
vector:  8037 x:   688 y:  -148 z:  8384
vector:  8188 x:   660 y:  -456 z:  8396
vector:  8030 x:   652 y:  -144 z:  8264
vector:  8267 x:   616 y:  -140 z:  7996
vector:  8335 x:   596 y:  -192 z:  8184
vector:  8300 x:   692 y:  -164 z:  8280
sd:3 mean:8177
step detected
vector:  8254 x:   612 y:  -232 z:  8428
vector:  7967 x:   636 y:  -168 z:  8392
vector:  7986 x:   712 y:  -176 z:  8244
vector:  8231 x:   692 y:  -192 z:  8208
vector:  8449 x:   700 y:  -244 z:  8196
vector:  8323 x:   524 y:  -232 z:  8444
vector:  8203 x:   672 y:  -204 z:  8316
vector:  8305 x:   684 y:   -80 z:  8200
vector:  8443 x:   676 y:  -116 z:  8232
sd:10 mean:14036067
vector:  8315 x:   632 y:  -152 z:  8524
vector:  8389 x:   740 y:  -128 z:  8180
vector:  8267 x:   624 y:  -240 z:  8280
vector:  8337 x:   520 y:  -172 z:  8340
vector:  8005 x:   632 y:  -228 z:  8260
