Command: /home/minipops/.espressif/python_env/idf5.5_py3.13_env/bin/python /opt/esp-idf/tools/idf_monitor.py -p /dev/ttyUSB0 -b 115200 --toolchain-prefix xtensa-esp32-elf- --target esp32 --revision 0 /home/minipops/uni/da267a/labs/lab5/build/lab5.elf /home/minipops/uni/da267a/labs/lab5/build/bootloader/bootloader.elf -m '/home/minipops/.espressif/python_env/idf5.5_py3.13_env/bin/python' '/opt/esp-idf/tools/idf.py'
ets Jul 29 2019 12:21:46

rst:0x1 (POWERON_RESET),boot:0x13 (SPI_FAST_FLASH_BOOT)
configsip: 0, SPIWP:0xee
clk_drv:0x00,q_drv:0x00,d_drv:0x00,cs0_drv:0x00,hd_drv:0x00,wp_drv:0x00
mode:DIO, clock div:2
load:0x3fff0030,len:6380
ho 0 tail 12 room 4
load:0x40078000,len:15916
load:0x40080400,len:3860
entry 0x40080638
[0;32mI (29) boot: ESP-IDF HEAD-HASH-NOTFOUND 2nd stage bootloader[0m
[0;32mI (29) boot: compile time Oct 15 2025 07:58:48[0m
[0;32mI (29) boot: Multicore bootloader[0m
[0;32mI (32) boot: chip revision: v3.1[0m
[0;32mI (34) boot.esp32: SPI Speed      : 40MHz[0m
[0;32mI (38) boot.esp32: SPI Mode       : DIO[0m
[0;32mI (42) boot.esp32: SPI Flash Size : 2MB[0m
[0;32mI (45) boot: Enabling RNG early entropy source...[0m
[0;32mI (50) boot: Partition Table:[0m
[0;32mI (52) boot: ## Label            Usage          Type ST Offset   Length[0m
[0;32mI (59) boot:  0 nvs              WiFi data        01 02 00009000 00006000[0m
[0;32mI (65) boot:  1 phy_init         RF data          01 01 0000f000 00001000[0m
[0;32mI (72) boot:  2 factory          factory app      00 00 00010000 00100000[0m
[0;32mI (78) boot: End of partition table[0m
[0;32mI (82) esp_image: segment 0: paddr=00010020 vaddr=3f400020 size=0be4ch ( 48716) map[0m
[0;32mI (106) esp_image: segment 1: paddr=0001be74 vaddr=3ffb0000 size=02498h (  9368) load[0m
[0;32mI (109) esp_image: segment 2: paddr=0001e314 vaddr=40080000 size=01d04h (  7428) load[0m
[0;32mI (113) esp_image: segment 3: paddr=00020020 vaddr=400d0020 size=18ccch (101580) map[0m
[0;32mI (152) esp_image: segment 4: paddr=00038cf4 vaddr=40081d04 size=0f0e8h ( 61672) load[0m
[0;32mI (176) esp_image: segment 5: paddr=00047de4 vaddr=50000000 size=00020h (    32) load[0m
[0;32mI (184) boot: Loaded app from partition at offset 0x10000[0m
[0;32mI (185) boot: Disabling RNG early entropy source...[0m
[0;32mI (196) cpu_start: Multicore app[0m
[0;32mI (205) cpu_start: Pro cpu start user code[0m
[0;32mI (205) cpu_start: cpu freq: 160000000 Hz[0m
[0;32mI (205) app_init: Application information:[0m
[0;32mI (205) app_init: Project name:     lab5[0m
[0;32mI (209) app_init: App version:      29eaf56-dirty[0m
[0;32mI (213) app_init: Compile time:     Oct 15 2025 10:23:15[0m
[0;32mI (218) app_init: ELF file SHA256:  794fc2451...[0m
[0;32mI (222) app_init: ESP-IDF:          HEAD-HASH-NOTFOUND[0m
[0;32mI (227) efuse_init: Min chip rev:     v0.0[0m
[0;32mI (231) efuse_init: Max chip rev:     v3.99 [0m
[0;32mI (235) efuse_init: Chip rev:         v3.1[0m
[0;32mI (239) heap_init: Initializing. RAM available for dynamic allocation:[0m
[0;32mI (245) heap_init: At 3FFAE6E0 len 00001920 (6 KiB): DRAM[0m
[0;32mI (250) heap_init: At 3FFB2E68 len 0002D198 (180 KiB): DRAM[0m
[0;32mI (256) heap_init: At 3FFE0440 len 00003AE0 (14 KiB): D/IRAM[0m
[0;32mI (261) heap_init: At 3FFE4350 len 0001BCB0 (111 KiB): D/IRAM[0m
[0;32mI (266) heap_init: At 40090DEC len 0000F214 (60 KiB): IRAM[0m
[0;33mW (273) spi_flash: Detected boya flash chip but using generic driver. For optimal functionality, enable `SPI_FLASH_SUPPORT_BOYA_CHIP` in menuconfig[0m
[0;32mI (285) spi_flash: detected chip: generic[0m
[0;32mI (288) spi_flash: flash io: dio[0m
[0;33mW (291) spi_flash: Detected size(4096k) larger than the size in the binary image header(2048k). Using the size in the binary image header.[0m
[0;33mW (303) i2c: This driver is an old driver, please migrate your application code to adapt `driver/i2c_master.h`[0m
[0;32mI (325) main_task: Started on CPU0[0m
[0;32mI (335) main_task: Calling app_main()[0m
[0;32mI (335) pm: Frequency switching config: CPU_MAX: 240, APB_MAX: 240, APB_MIN: 80, Light sleep: ENABLED[0m
[1;31mE (335) gpio: gpio_set_intr_type(155): GPIO interrupt type error[0m
[0;32mI (345) main_task: Returned from app_main()[0m
vector:  35167 x:      0 y:      0 z:      0 stepcount:   0
vector:  35167 x: -14136 y: -14136 z: -14136 stepcount:   0
vector:  35167 x: -14136 y: -14136 z: -14136 stepcount:   0
vector:  35167 x: -14136 y: -14136 z: -14136 stepcount:   0
vector:  35167 x: -14136 y: -14136 z: -14136 stepcount:   0
vector:  35167 x: -14136 y: -14136 z: -14136 stepcount:   0
vector:  35167 x: -14136 y: -14136 z: -14136 stepcount:   0
vector:  35167 x: -14136 y: -14136 z: -14136 stepcount:   0
vector:  35167 x: -14136 y: -14136 z: -14136 stepcount:   0
vector:  35167 x: -14136 y: -14136 z: -14136 stepcount:   0
vector:  35167 x: -14136 y: -14136 z: -14136 stepcount:   0
vector:  35167 x: -14136 y: -14136 z: -14136 stepcount:   0
vector:  35167 x: -14136 y: -14136 z: -14136 stepcount:   0
vector:  35167 x: -14136 y: -14136 z: -14136 stepcount:   0
vector:  35167 x: -14136 y: -14136 z: -14136 stepcount:   0
vector:  35167 x: -14136 y: -14136 z: -14136 stepcount:   0
vector:  35167 x: -14136 y: -14136 z: -14136 stepcount:   0
vector:  35167 x: -14136 y: -14136 z: -14136 stepcount:   0
vector:  35167 x: -14136 y: -14136 z: -14136 stepcount:   0
vector:  35167 x: -14136 y: -14136 z: -14136 stepcount:   0
vector:  35167 x: -14136 y: -14136 z: -14136 stepcount:   0
vector:  35167 x: -14136 y: -14136 z: -14136 stepcount:   0
vector:  35167 x: -14136 y: -14136 z: -14136 stepcount:   0
vector:  35167 x: -14136ï¿½ï¿½ï¿½ï¿½ï¿½ï¿½ï¿½ï¿½ï¿½ï¿½ï¿½ï¿½ï¿½ï¿½ï¿½ï¿½ï¿½ï¿½ï¿½ï¿½ï¿½ï¿½ï¿½ï¿½ï¿½ï¿½ï¿½ï¿½ï¿½ï¿½ï¿½ï¿½ï¿½ï¿½ï¿½ï¿½ï¿½ï¿½ï¿½ï¿½ï¿½ï¿½ï¿½ï¿½ï¿½ï¿½ï¿½ï¿½ï¿½ï¿½ï¿½ï¿½ï¿½ï¿½ï¿½ï¿½ï¿½ï¿½ï¿½ï¿½ï¿½ï¿½ï¿½ï¿½  0
vector:  35167 x: -14136 y: -14136 z: -14136 stepcount:   0
vector:  35167 x: -14136 y: -14136 z: -14136 stepcount:   0
vector:  35167 x: -14136 y: -14136 z: -14136 stepcount:   0
vector:  35167 x: -14136 y: -14136 z: -14136 stepcount:   0
vector:  35167 x: -14136 y: -14136 z: -14136 stepcount:   0
vector:  35167 x: -14136 y: -14136 z: -14136 stepcount:   0
vector:  35167 x: -14136 y: -14136 z: -14136 stepcount:   0
vector:  35167 x: -14136 y: -14136 z: -14136 stepcount:   0
vector:  35167 x: -14136 y: -14136 z: -14136 stepcount:   0
vector:  35167 x: -14136 y: -14136 z: -14136 stepcount:   0
vector:  35167 x: -14136 y: -14136 z: -14136 stepcount:   0
vector:  35167 x: -14136 y: -14136 z: -14136 stepcount:   0
vector:  35167 x: -14136 y: -14136 z: -14136 stepcount:   0
vector:  35167 x: -14136 y: -14136 z: -14136 stepcount:   0
vector:  35167 x: -14136 y: -14136 z: -14136 stepcount:   0
vector:  35167 x: -14136 y: -14136 z: -14136 stepcount:   0
vector:  35167 x: -14136 y: -14136 z: -14136 stepcount:   0
vector:  35167 x: -14136 y: -14136 z: -14136 stepcount:   0
vector:  35167 x: -14136 y: -14136 z: -14136 stepcount:   0
vector:  35167 x: -14136 y: -14136 z: -14136 stepcount:   0
vector:  35167 x: -14136 y: -14136 z: -14136 stepcount:   0
vector:  35167 x: -14136 y: -14136 z: -14136 stepcount:   0
vector:  35167 x: -14136 y: -14136 z: -14136 stepcount:   0
vector:  35167 x: -14136 y: -14136 z: -14136 stepcount:   0
vector:  35167 x: -14136 y: -14136 z: -14136 stepcount:   0
vector:  35167 x: -14136 y: -14136 z: -14136 stepcount:   0
vector:  35167 x: -14136 y: -14136 z: -14136 stepcount:   0
vector:  35167 x: -14136 y: -14136 z: -14136 stepcount:   0
vector:  35167 x: -14136 y: -14136 z: -14136 stepcount:   0
vector:  35167 x: -14136 y: -14136 z: -14136 stepcount:   0
vector:  35167 x: -14136 y: -14136 z: -14136 stepcount:   0
vector:  35167 x: -14136 y: -14136 z: -14136 stepcount:   0
vector:  35167 x: -14136 y: -14136 z: -14136 stepcount:   0
vector:  35167 x: -14136 y: -14136 z: -14136 stepcount:   0
vector:  35167 x: -14136 y: -14136 z: -14136 stepcount:   0
vector:  35167 x: -14136 y: -14136 z: -14136 stepcount:   0
vector:  35167 x: -14136 y: -14136 z: -14136 stepcount:   0
vector:  35167 x: -14136 y: -14136 z: -14136 stepcount:   0
vector:  35167 x: -14136 y: -14136 z: -14136 stepcount:   0
vector:  35167 x: -14136 y: -14136 z: -14136 stepcount:   0
vector:  35167 x: -14136 y: -14136 z: -14136 stepcount:   0
vector:  35167 x: -14136 y: -14136 z: -14136 stepcount:   0
vector:  35167 x: -14136 y: -14136 z: -14136 stepcount:   0
vector:  35167 x: -14136 y: -14136 z: -14136 stepcount:   0
vector:  35167 x: -14136 y: -14136 z: -14136 stepcount:   0
vector:  35167 x: -14136 y: -14136 z: -14136 stepcount:   0
vector:  35167 x: -14136 y: -14136 z: -14136 stepcount:   0
vector:  35167 x: -14136 y: -14136 z: -14136 stepcount:   0
vector:  35167 x: -14136 y: -14136 z: -14136 stepcount:   0
vector:  35167 x: -14136 y: -14136 z: -14136 stepcount:   0
vector:  35167 x: -14136 y: -14136 z: -14136 stepcount:   0
vector:  35167 x: -14136 y: -14136 z: -14136 stepcount:   0
vector:  35167 x: -14136 y: -14136 z: -14136 stepcount:   0
vector:  35167 x: -14136 y: -14136 z: -14136 stepcount:   0
vector:  35167 x: -14136 y: -14136 z: -14136 stepcount:   0
vector:  35167 x: -14136 y: -14136 z: -14136 stepcount:   0
vector:  35167 x: -14136 y: -14136 z: -14136 stepcount:   0
vector:  35167 x: -14136 y: -14136 z: -14136 stepcount:   0
vector:  35167 x: -14136 y: -14136 z: -14136 stepcount:   0
vector:  35167 x: -14136 y: -14136 z: -14136 stepcount:   0
vector:  35167 x: -14136 y: -14136 z: -14136 stepcount:   0
vector:  35167 x: -14136 y: -14136 z: -14136 stepcount:   0
vector:  35167 x: -14136 y: -14136 z: -14136 stepcount:   0
vector:  35167 x: -14136 y: -14136 z: -14136 stepcount:   0
vector:  35167 x: -14136 y: -14136 z: -14136 stepcount:   0
vector:  35167 x: -14136 y: -14136 z: -14136 stepcount:   0
vector:  35167 x: -14136 y: -14136 z: -14136 stepcount:   0
vector:  35167 x: -14136 y: -14136 z: -14136 stepcount:   0
vector:  35167 x: -14136 y: -14136 z: -14136 stepcount:   0
vector:  35167 x: -14136 y: -14136 z: -14136 stepcount:   0
vector:  35167 x: -14136 y: -14136 z: -14136 stepcount:   0
vector:  35167 x: -14136 y: -14136 z: -14136 stepcount:   0
vector:  35167 x: -14136 y: -14136 z: -14136 stepcount:   0
vector:  35167 x: -14136 y: -14136 z: -14136 stepcount:   0
vector:  35167 x: -14136 y: -14136 z: -14136 stepcount:   0
vector:  35167 x: -14136 y: -14136 z: -14136 stepcount:   0
vector:  35167 x: -14136 y: -14136 z: -14136 stepcount:   0
vector:  35167 x: -14136 y: -14136 z: -14136 stepcount:   0
vector:  35167 x: -14136 y: -14136 z: -14136 stepcount:   0
vector:  35167 x: -14136 y: -14136 z: -14136 stepcount:   0
vector:  35167 x: -14136 y: -14136 z: -14136 stepcount:   0
vector:  35167 x: -14136 y: -14136 z: -14136 stepcount:   0
vector:  35167 x: -14136 y: -14136 z: -14136 stepcount:   0
vector:  35167 x: -14136 y: -14136 z: -14136 stepcount:   0
vector:  35167 x: -14136 y: -14136 z: -14136 stepcount:   0
vector:  35167 x: -14136 y: -14136 z: -14136 stepcount:   0
vector:  35167 x: -14136 y: -14136 z: -14136 stepcount:   0
vector:  35167 x: -14136 y: -14136 z: -14136 stepcount:   0
vector:  35167 x: -14136 y: -14136 z: -14136 stepcount:   0
vector:  35167 x: -14136 y: -14136 z: -14136 stepcount:   0
vector:  35167 x: -14136 y: -14136 z: -14136 stepcount:   0
vector:  35167 x: -14136 y: -14136 z: -14136 stepcount:   0
vector:  35167 x: -14136 y: -14136 z: -14136 stepcount:   0
vector:  35167 x: -14136 y: -14136 z: -14136 stepcount:   0
vector:  35167 x: -14136 y: -14136 z: -14136 stepcount:   0
vector:  35167 x: -14136 y: -14136 z: -14136 stepcount:   0
vector:  35167 x: -14136 y: -14136 z: -14136 stepcount:   0
vector:  35167 x: -14136 y: -14136 z: -14136 stepcount:   0
vector:  35167 x: -14136 y: -14136 z: -14136 stepcount:   0
vector:  35167 x: -14136 y: -14136 z: -14136 stepcount:   0
vector:  35167 x: -14136 y: -14136 z: -14136 stepcount:   0
vector:  35167 x: -14136 y: -14136 z: -14136 stepcount:   0
vector:  35167 x: -14136 y: -14136 z: -14136 stepcount:   0
vector:  35167 x: -14136 y: -14136 z: -14136 stepcount:   0
vector:  35167 x: -14136 y: -14136 z: -14136 stepcount:   0
vector:  35167 x: -14136 y: -14136 z: -14136 stepcount:   0
vector:  35167 x: -14136 y: -14136 z: -14136 stepcount:   0
vector:  35167 x: -14136 y: -14136 z: -14136 stepcount:   0
vector:  35167 x: -14136 y: -14136 z: -14136 stepcount:   0
vector:  35167 x: -14136 y: -14136 z: -14136 stepcount:   0
vector:  35167 x: -14136 y: -14136 z: -14136 stepcount:   0
vector:  35167 x: -14136 y: -14136 z: -14136 stepcount:   0
vector:  35167 x: -14136 y: -14136 z: -14136 stepcount:   0
vector:  35167 x: -14136 y: -14136 z: -14136 stepcount:   0
vector:  35167 x: -14136 y: -14136 z: -14136 stepcount:   0
vector:  35167 x: -14136 y: -14136 z: -14136 stepcount:   0
vector:  35167 x: -14136 y: -14136 z: -14136 stepcount:   0
vector:  35167 x: -14136 y: -14136 z: -14136 stepcount:   0
vector:  35167 x: -14136 y: -14136 z: -14136 stepcount:   0
vector:  35167 x: -14136 y: -14136 z: -14136 stepcount:   0
vector:  35167 x: -14136 y: -14136 z: -14136 stepcount:   0
vector:  35167 x: -14136 y: -14136 z: -14136 stepcount:   0
vector:  35167 x: -14136 y: -14136 z: -14136 stepcount:   0
vector:  35167 x: -14136 y: -14136 z: -14136 stepcount:   0
vector:  35167 x: -14136 y: -14136 z: -14136 stepcount:   0
vector:  35167 x: -14136 y: -14136 z: -14136 stepcount:   0
vector:  35167 x: -14136 y: -14136 z: -14136 stepcount:   0
vector:  35167 x: -14136 y: -14136 z: -14136 stepcount:   0
vector:  35167 x: -14136 y: -14136 z: -14136 stepcount:   0
vector:  35167 x: -14136 y: -14136 z: -14136 stepcount:   0
vector:  35167 x: -14136 y: -14136 z: -14136 stepcount:   0
vector:  35167 x: -14136 y: -14136 z: -14136 stepcount:   0
vector:  35167 x: -14136 y: -14136 z: -14136 stepcount:   0
vector:  35167 x: -14136 y: -14136 z: -14136 stepcount:   0
vector:  35167 x: -14136 y: -14136 z: -14136 stepcount:   0
vector:  35167 x: -14136 y: -14136 z: -14136 stepcount:   0
vector:  35167 x: -14136 y: -14136 z: -14136 stepcount:   0
vector:  35167 x: -14136 y: -14136 z: -14136 stepcount:   0
vector:  35167 x: -14136 y: -14136 z: -14136 stepcount:   0
vector:  35167 x: -14136 y: -14136 z: -14136 stepcount:   0
vector:  35167 x: -14136 y: -14136 z: -14136 stepcount:   0
vector:  35167 x: -14136 y: -14136 z: -14136 stepcount:   0
vector:  35167 x: -14136 y: -14136 z: -14136 stepcount:   0
vector:  35167 x: -14136 y: -14136 z: -14136 stepcount:   0
vector:  35167 x: -14136 y: -14136 z: -14136 stepcount:   0
vector:  35167 x: -14136 y: -14136 z: -14136 stepcount:   0
vector:  35167 x: -14136 y: -14136 z: -14136 stepcount:   0
vector:  35167 x: -14136 y: -14136 z: -14136 stepcount:   0
vector:  35167 x: -14136 y: -14136 z: -14136 stepcount:   0
vector:  35167 x: -14136 y: -14136 z: -14136 stepcount:   0
vector:  35167 x: -14136 y: -14136 z: -14136 stepcount:   0
vector:  35167 x: -14136 y: -14136 z: -14136 stepcount:   0
vector:  35167 x: -14136 y: -14136 z: -14136 stepcount:   0
vector:  35167 x: -14136 y: -14136 z: -14136 stepcount:   0
vector:  35167 x: -14136 y: -14136 z: -14136 stepcount:   0
vector:  35167 x: -14136 y: -14136 z: -14136 stepcount:   0
vector:  35167 x: -14136 y: -14136 z: -14136 stepcount:   0
vector:  35167 x: -14136 y: -14136 z: -14136 stepcount:   0
vector:  35167 x: -14136 y: -14136 z: -14136 stepcount:   0
vector:  35167 x: -14136 y: -14136 z: -14136 stepcount:   0
vector:  35167 x: -14136 y: -14136 z: -14136 stepcount:   0
vector:  35167 x: -14136 y: -14136 z: -14136 stepcount:   0
vector:  35167 x: -14136 y: -14136 z: -14136 stepcount:   0
vector:  35167 x: -14136 y: -14136 z: -14136 stepcount:   0
vector:  35167 x: -14136 y: -14136 z: -14136 stepcount:   0
vector:  35167 x: -14136 y: -14136 z: -14136 stepcount:   0
vector:  35167 x: -14136 y: -14136 z: -14136 stepcount:   0
vector:  35167 x: -14136 y: -14136 z: -14136 stepcount:   0
vector:  35167 x: -14136 y: -14136 z: -14136 stepcount:   0
vector:  35167 x: -14136 y: -14136 z: -14136 stepcount:   0
vector:  35167 x: -14136 y: -14136 z: -14136 stepcount:   0
vector:  35167 x: -14136 y: -14136 z: -14136 stepcount:   0
vector:  35167 x: -14136 y: -14136 z: -14136 stepcount:   0
vector:  35167 x: -14136 y: -14136 z: -14136 stepcount:   0
vector:  35167 x: -14136 y: -14136 z: -14136 stepcount:   0
vector:  35167 x: -14136 y: -14136 z: -14136 stepcount:   0
vector:  35167 x: -14136 y: -14136 z: -14136 stepcount:   0
vector:  35167 x: -14136 y: -14136 z: -14136 stepcount:   0
vector:  35167 x: -14136 y: -14136 z: -14136 stepcount:   0
vector:  35167 x: -14136 y: -14136 z: -14136 stepcount:   0
vector:  35167 x: -14136 y: -14136 z: -14136 stepcount:   0
vector:  35167 x: -14136 y: -14136 z: -14136 stepcount:   0
vector:  35167 x: -14136 y: -14136 z: -14136 stepcount:   0
vector:  35167 x: -14136 y: -14136 z: -14136 stepcount:   0
vector:  35167 x: -14136 y: -14136 z: -14136 stepcount:   0
vector:  35167 x: -14136 y: -14136 z: -14136 stepcount:   0
vector:  35167 x: -14136 y: -14136 z: -14136 stepcount:   0
vector:  35167 x: -14136 y: -14136 z: -14136 stepcount:   0
vector:  35167 x: -14136 y: -14136 z: -14136 stepcount:   0
vector:  35167 x: -14136 y: -14136 z: -14136 stepcount:   0
vector:  35167 x: -14136 y: -14136 z: -14136 stepcount:   0
vector:  35167 x: -14136 y: -14136 z: -14136 stepcount:   0
vector:  35167 x: -14136 y: -14136 z: -14136 stepcount:   0
vector:  35167 x: -14136 y: -14136 z: -14136 stepcount:   0
vector:  35167 x: -14136 y: -14136 z: -14136 stepcount:   0
vector:  35167 x: -14136 y: -14136 z: -14136 stepcount:   0
vector:  35167 x: -14136 y: -14136 z: -14136 stepcount:   0
vector:  35167 x: -14136 y: -14136 z: -14136 stepcount:   0
vector:  35167 x: -14136 y: -14136 z: -14136 stepcount:   0
vector:  35167 x: -14136 y: -14136 z: -14136 stepcount:   0
vector:  35167 x: -14136 y: -14136 z: -14136 stepcount:   0
vector:  35167 x: -14136 y: -14136 z: -14136 stepcount:   0
vector:  35167 x: -14136 y: -14136 z: -14136 stepcount:   0
vector:  35167 x: -14136 y: -14136 z: -14136 stepcount:   0
vector:  35167 x: -14136 y: -14136 z: -14136 stepcount:   0
vector:  35167 x: -14136 y: -14136 z: -14136 stepcount:   0
vector:  35167 x: -14136 y: -14136 z: -14136 stepcount:   0
vector:  35167 x: -14136 y: -14136 z: -14136 stepcount:   0
vector:  35167 x: -14136 y: -14136 z: -14136 stepcount:   0
vector:  35167 x: -14136 y: -14136 z: -14136 stepcount:   0
vector:  35167 x: -14136 y: -14136 z: -14136 stepcount:   0
vector:  35167 x: -14136 y: -14136 z: -14136 stepcount:   0
vector:  35167 x: -14136 y: -14136 z: -14136 stepcount:   0
vector:  35167 x: -14136 y: -14136 z: -14136 stepcount:   0
vector:  35167 x: -14136 y: -14136 z: -14136 stepcount:   0
vector:  35167 x: -14136 y: -14136 z: -14136 stepcount:   0
vector:  35167 x: -14136 y: -14136 z: -14136 stepcount:   0
vector:  35167 x: -14136 y: -14136 z: -14136 stepcount:   0
vector:  35167 x: -14136 y: -14136 z: -14136 stepcount:   0
vector:  35167 x: -14136 y: -14136 z: -14136 stepcount:   0
vector:  35167 x: -14136 y: -14136 z: -14136 stepcount:   0
vector:  35167 x: -14136 y: -14136 z: -14136 stepcount:   0
vector:  35167 x: -14136 y: -14136 z: -14136 stepcount:   0
vector:  35167 x: -14136 y: -14136 z: -14136 stepcount:   0
vector:  35167 x: -14136 y: -14136 z: -14136 stepcount:   0
vector:  35167 x: -14136 y: -14136 z: -14136 stepcount:   0
vector:  35167 x: -14136 y: -14136 z: -14136 stepcount:   0
vector:  35167 x: -14136 y: -14136 z: -14136 stepcount:   0
vector:  35167 x: -14136 y: -14136 z: -14136 stepcount:   0
vector:  35167 x: -14136 y: -14136 z: -14136 stepcount:   0
vector:  35167 x: -14136 y: -14136 z: -14136 stepcount:   0
vector:  35167 x: -14136 y: -14136 z: -14136 stepcount:   0
vector:  35167 x: -14136 y: -14136 z: -14136 stepcount:   0
vector:  35167 x: -14136 y: -14136 z: -14136 stepcount:   0
vector:  35167 x: -14136 y: -14136 z: -14136 stepcount:   0
vector:  35167 x: -14136 y: -14136 z: -14136 stepcount:   0
vector:  35167 x: -14136 y: -14136 z: -14136 stepcount:   0
vector:  35167 x: -14136 y: -14136 z: -14136 stepcount:   0
vector:  35167 x: -14136 y: -14136 z: -14136 stepcount:   0
vector:  35167 x: -14136 y: -14136 z: -14136 stepcount:   0
vector:  35167 x: -14136 y: -14136 z: -14136 stepcount:   0
vector:  35167 x: -14136 y: -14136 z: -14136 stepcount:   0
vector:  35167 x: -14136 y: -14136 z: -14136 stepcount:   0
vector:  35167 x: -14136 y: -14136 z: -14136 stepcount:   0
vector:  35167 x: -14136 y: -14136 z: -14136 stepcount:   0
vector:  35167 x: -14136 y: -14136 z: -14136 stepcount:   0
vector:  35167 x: -14136 y: -14136 z: -14136 stepcount:   0
vector:  35167 x: -14136 y: -14136 z: -14136 stepcount:   0
vector:  35167 x: -14136 y: -14136 z: -14136 stepcount:   0
vector:  35167 x: -14136 y: -14136 z: -14136 stepcount:   0
vector:  35167 x: -14136 y: -14136 z: -14136 stepcount:   0
vector:  35167 x: -14136 y: -14136 z: -14136 stepcount:   0
vector:  35167 x: -14136 y: -14136 z: -14136 stepcount:   0
vector:  35167 x: -14136 y: -14136 z: -14136 stepcount:   0
vector:  35167 x: -14136 y: -14136 z: -14136 stepcount:   0
vector:  35167 x: -14136 y: -14136 z: -14136 stepcount:   0
vector:  35167 x: -14136 y: -14136 z: -14136 stepcount:   0
vector:  35167 x: -14136 y: -14136 z: -14136 stepcount:   0
vector:  35167 x: -14136 y: -14136 z: -14136 stepcount:   0
vector:  35167 x: -14136 y: -14136 z: -14136 stepcount:   0
vector:  35167 x: -14136 y: -14136 z: -14136 stepcount:   0
vector:  35167 x: -14136 y: -14136 z: -14136 stepcount:   0
vector:  35167 x: -14136 y: -14136 z: -14136 stepcount:   0
vector:  35167 x: -14136 y: -14136 z: -14136 stepcount:   0
vector:  35167 x: -14136 y: -14136 z: -14136 stepcount:   0
vector:  35167 x: -14136 y: -14136 z: -14136 stepcount:   0
vector:  35167 x: -14136 y: -14136 z: -14136 stepcount:   0
vector:  35167 x: -14136 y: -14136 z: -14136 stepcount:   0
vector:  35167 x: -14136 y: -14136 z: -14136 stepcount:   0
vector:  35167 x: -14136 y: -14136 z: -14136 stepcount:   0
vector:  35167 x: -14136 y: -14136 z: -14136 stepcount:   0
vector:  35167 x: -14136 y: -14136 z: -14136 stepcount:   0
vector:  35167 x: -14136 y: -14136 z: -14136 stepcount:   0
vector:  35167 x: -14136 y: -14136 z: -14136 stepcount:   0
vector:  35167 x: -14136 y: -14136 z: -14136 stepcount:   0
vector:  35167 x: -14136 y: -14136 z: -14136 stepcount:   0
vector:  35167 x: -14136 y: -14136 z: -14136 stepcount:   0
vector:  35167 x: -14136 y: -14136 z: -14136 stepcount:   0
vector:  35167 x: -14136 y: -14136 z: -14136 stepcount:   0
vector:  35167 x: -14136 y: -14136 z: -14136 stepcount:   0
vector:  35167 x: -14136 y: -14136 z: -14136 stepcount:   0
vector:  35167 x: -14136 y: -14136 z: -14136 stepcount:   0
vector:  35167 x: -14136 y: -14136 z: -14136 stepcount:   0
vector:  35167 x: -14136 y: -14136 z: -14136 stepcount:   0
vector:  35167 x: -14136 y: -14136 z: -14136 stepcount:   0
vector:  35167 x: -14136 y: -14136 z: -14136 stepcount:   0
vector:  35167 x: -14136 y: -14136 z: -14136 stepcount:   0
vector:  35167 x: -14136 y: -14136 z: -14136 stepcount:   0
vector:  35167 x: -14136 y: -14136 z: -14136 stepcount:   0
vector:  35167 x: -14136 y: -14136 z: -14136 stepcount:   0
vector:  35167 x: -14136 y: -14136 z: -14136 stepcount:   0
vector:  35167 x: -14136 y: -14136 z: -14136 stepcount:   0
vector:  35167 x: -14136 y: -14136 z: -14136 stepcount:   0
vector:  35167 x: -14136 y: -14136 z: -14136 stepcount:   0
vector:  35167 x: -14136 y: -14136 z: -14136 stepcount:   0
vector:  35167 x: -14136 y: -14136 z: -14136 stepcount:   0
vector:  35167 x: -14136 y: -14136 z: -14136 stepcount:   0
vector:  35167 x: -14136 y: -14136 z: -14136 stepcount:   0
vector:  35167 x: -14136 y: -14136 z: -14136 stepcount:   0
vector:  35167 x: -14136 y: -14136 z: -14136 stepcount:   0
vector:  35167 x: -14136 y: -14136 z: -14136 stepcount:   0
vector:  35167 x: -14136 y: -14136 z: -14136 stepcount:   0
vector:  35167 x: -14136 y: -14136 z: -14136 stepcount:   0
vector:  35167 x: -14136 y: -14136 z: -14136 stepcount:   0
vector:  35167 x: -14136 y: -14136 z: -14136 stepcount:   0
vector:  35167 x: -14136 y: -14136 z: -14136 stepcount:   0
vector:  35167 x: -14136 y: -14136 z: -14136 stepcount:   0
vector:  35167 x: -14136 y: -14136 z: -14136 stepcount:   0
vector:  35167 x: -14136 y: -14136 z: -14136 stepcount:   0
vector:  35167 x: -14136 y: -14136 z: -14136 stepcount:   0
vector:  35167 x: -14136 y: -14136 z: -14136 stepcount:   0
vector:  35167 x: -14136 y: -14136 z: -14136 stepcount:   0
vector:  35167 x: -14136 y: -14136 z: -14136 stepcount:   0
vector:  35167 x: -14136 y: -14136 z: -14136 stepcount:   0
vector:  35167 x: -14136 y: -14136 z: -14136 stepcount:   0
vector:  35167 x: -14136 y: -14136 z: -14136 stepcount:   0
vector:  35167 x: -14136 y: -14136 z: -14136 stepcount:   0
vector:  35167 x: -14136 y: -14136 z: -14136 stepcount:   0
vector:  35167 x: -14136 y: -14136 z: -14136 stepcount:   0
vector:  35167 x: -14136 y: -14136 z: -14136 stepcount:   0
vector:  35167 x: -14136 y: -14136 z: -14136 stepcount:   0
vector:  35167 x: -14136 y: -14136 z: -14136 stepcount:   0
vector:  35167 x: -14136 y: -14136 z: -14136 stepcount:   0
vector:  35167 x: -14136 y: -14136 z: -14136 stepcount:   0
vector:  35167 x: -14136 y: -14136 z: -14136 stepcount:   0
vector:  35167 x: -14136 y: -14136 z: -14136 stepcount:   0
vector:  35167 x: -14136 y: -14136 z: -14136 stepcount:   0
vector:  35167 x: -14136 y: -14136 z: -14136 stepcount:   0
