Command: /home/minipops/.espressif/python_env/idf5.5_py3.13_env/bin/python /opt/esp-idf/tools/idf_monitor.py -p /dev/ttyUSB0 -b 115200 --toolchain-prefix xtensa-esp32-elf- --target esp32 --revision 0 /home/minipops/uni/da267a/labs/lab5/build/lab5.elf /home/minipops/uni/da267a/labs/lab5/build/bootloader/bootloader.elf -m '/home/minipops/.espressif/python_env/idf5.5_py3.13_env/bin/python' '/opt/esp-idf/tools/idf.py'
ets Jul 29 2019 12:21:46

rst:0x1 (POWERON_RESET),boot:0x13 (SPI_FAST_FLASH_BOOT)
configsip: 0, SPIWP:0xee
clk_drv:0x00,q_drv:0x00,d_drv:0x00,cs0_drv:0x00,hd_drv:0x00,wp_drv:0x00
mode:DIO, clock div:2
load:0x3fff0030,len:6380
ho 0 tail 12 room 4
load:0x40078000,len:15916
load:0x40080400,len:3860
entry 0x40080638
[0;32mI (29) boot: ESP-IDF HEAD-HASH-NOTFOUND 2nd stage bootloader[0m
[0;32mI (29) boot: compile time Oct 15 2025 07:58:48[0m
[0;32mI (29) boot: Multicore bootloader[0m
[0;32mI (32) boot: chip revision: v3.1[0m
[0;32mI (34) boot.esp32: SPI Speed      : 40MHz[0m
[0;32mI (38) boot.esp32: SPI Mode       : DIO[0m
[0;32mI (42) boot.esp32: SPI Flash Size : 2MB[0m
[0;32mI (45) boot: Enabling RNG early entropy source...[0m
[0;32mI (50) boot: Partition Table:[0m
[0;32mI (52) boot: ## Label            Usage          Type ST Offset   Length[0m
[0;32mI (59) boot:  0 nvs              WiFi data        01 02 00009000 00006000[0m
[0;32mI (65) boot:  1 phy_init         RF data          01 01 0000f000 00001000[0m
[0;32mI (72) boot:  2 factory          factory app      00 00 00010000 00100000[0m
[0;32mI (78) boot: End of partition table[0m
[0;32mI (82) esp_image: segment 0: paddr=00010020 vaddr=3f400020 size=0bc04h ( 48132) map[0m
[0;32mI (105) esp_image: segment 1: paddr=0001bc2c vaddr=3ffb0000 size=02498h (  9368) load[0m
[0;32mI (109) esp_image: segment 2: paddr=0001e0cc vaddr=40080000 size=01f4ch (  8012) load[0m
[0;32mI (113) esp_image: segment 3: paddr=00020020 vaddr=400d0020 size=18134h ( 98612) map[0m
[0;32mI (151) esp_image: segment 4: paddr=0003815c vaddr=40081f4c size=0ece4h ( 60644) load[0m
[0;32mI (174) esp_image: segment 5: paddr=00046e48 vaddr=50000000 size=00020h (    32) load[0m
[0;32mI (183) boot: Loaded app from partition at offset 0x10000[0m
[0;32mI (183) boot: Disabling RNG early entropy source...[0m
[0;32mI (195) cpu_start: Multicore app[0m
[0;32mI (203) cpu_start: Pro cpu start user code[0m
[0;32mI (203) cpu_start: cpu freq: 160000000 Hz[0m
[0;32mI (203) app_init: Application information:[0m
[0;32mI (203) app_init: Project name:     lab5[0m
[0;32mI (207) app_init: App version:      29eaf56-dirty[0m
[0;32mI (211) app_init: Compile time:     Oct 15 2025 10:23:15[0m
[0;32mI (217) app_init: ELF file SHA256:  ebcb02bdd...[0m
[0;32mI (221) app_init: ESP-IDF:          HEAD-HASH-NOTFOUND[0m
[0;32mI (226) efuse_init: Min chip rev:     v0.0[0m
[0;32mI (230) efuse_init: Max chip rev:     v3.99 [0m
[0;32mI (234) efuse_init: Chip rev:         v3.1[0m
[0;32mI (238) heap_init: Initializing. RAM available for dynamic allocation:[0m
[0;32mI (244) heap_init: At 3FFAE6E0 len 00001920 (6 KiB): DRAM[0m
[0;32mI (249) heap_init: At 3FFB2E58 len 0002D1A8 (180 KiB): DRAM[0m
[0;32mI (254) heap_init: At 3FFE0440 len 00003AE0 (14 KiB): D/IRAM[0m
[0;32mI (259) heap_init: At 3FFE4350 len 0001BCB0 (111 KiB): D/IRAM[0m
[0;32mI (265) heap_init: At 40090C30 len 0000F3D0 (60 KiB): IRAM[0m
[0;33mW (271) spi_flash: Detected boya flash chip but using generic driver. For optimal functionality, enable `SPI_FLASH_SUPPORT_BOYA_CHIP` in menuconfig[0m
[0;32mI (283) spi_flash: detected chip: generic[0m
[0;32mI (287) spi_flash: flash io: dio[0m
[0;33mW (290) spi_flash: Detected size(4096k) larger than the size in the binary image header(2048k). Using the size in the binary image header.[0m
[0;33mW (302) i2c: This driver is an old driver, please migrate your application code to adapt `driver/i2c_master.h`[0m
[0;32mI (323) main_task: Started on CPU0[0m
[0;32mI (333) main_task: Calling app_main()[0m
[0;32mI (333) pm: Frequency switching config: CPU_MAX: 240, APB_MAX: 240, APB_MIN: 80, Light sleep: ENABLED[0m
[0;32mI (333) main_task: Returned from app_main()[0m
vector:  8442 x: -1128 y: -1748 z:  7876 stepcount:     0vector:  8186 x: -1360 y: -1588 z:  7948 stepcount:     0vector:  8214 x: -1136 y: -1656 z:  8156 stepcount:     0vector:  8153 x: -1104 y: -1728 z:  7740 stepcount:     0vector:  8143 x: -1204 y: -1552 z:  7944 stepcount:     0vector:  8079 x: -1176 y: -1972 z:  7720 stepcount:     0vector:  8477 x: -1184 y: -1876 z:  8008 stepcount:     0vector:  8399 x: -1472 y: -1896 z:  8164 stepcount:     0vector:  8230 x: -1248 y: -1996 z:  8172 stepcount:     0vector:  8393 x: -1212 y: -1556 z:  7896 stepcount:     0vector:  8366 x: -1512 y: -2024 z:  7820 stepcount:     0vector:  7741 x: -1540 y: -1860 z:  7648 stepcount:     0vector: 10103 x:  -568 y: -1604 z:  7940 stepcount:     0vector:  6338 x:  -984 y:    60 z:  7912 stepcount:     0vector:  9329 x: -1232 y: -1268 z:  4496 stepcount:     0vector: 10343 x: -3612 y: -2236 z:  8292 stepcount:     0vector:  7589 x:  -740 y: -1000 z: 10560 stepcount:     0vector:  6539 x: -1744 y:  -940 z:  6484 stepcount:     0vector:  7906 x: -1120 y:  -624 z:  6264 stepcount:     0vector: 11389 x: -1748 y: -1756 z: 10708 stepcount:     0vector:  6548 x: -2452 y:   504 z:  8320 stepcount:     0vector:  6790 x:   -44 y: -1820 z:  4784 stepcount:     0vector: 10636 x: -2852 y: -1228 z:  9012 stepcount:     0vector:  8254 x:  1676 y: -1272 z: 10212 stepcount:     0vector:  6538 x: -2904 y:   316 z:  5792 stepcount:     0vector:  7423 x: -1020 y: -1256 z:  7220 stepcount:     0vector: 13480 x: -2624 y: -2752 z:  9244 stepcount:     0vector:  5751 x:  -908 y:   -20 z:  8636 stepcount:     0vector:  5169 x: -1164 y: -1520 z:  4736 stepcount:     0vector: 11687 x: -1000 y: -1548 z:  8312 stepcount:     0vector:  8562 x: -2120 y: -1664 z: 10668 stepcount:     0vector:  6340 x: -3044 y:   -84 z:  6336 stepcount:     0vector:  7878 x: -1648 y: -1744 z:  8272 stepcount:     0vector:  8386 x: -2968 y:  -876 z:  6956 stepcount:     1vector:  8356 x: -2424 y:  -664 z:  8888 stepcount:     1vector:  8079 x: -2484 y: -1520 z:  7528 stepcount:     1vector:  8005 x: -1860 y: -1312 z:  7768 stepcount:     1vector:  7722 x: -2608 y: -1320 z:  7680 stepcount:     1vector:  8548 x: -3532 y: -1112 z:  7040 stepcount:     1vector:  8642 x: -3148 y: -1440 z:  7660 stepcount:     1vector:  8097 x: -1980 y: -1900 z:  8708 stepcount:     1vector:  6732 x: -2468 y: -1152 z:  6204 stepcount:     1vector:  9565 x:   196 y:  -628 z:  5008 stepcount:     1vector: 11901 x: -2228 y: -3080 z: 15168 stepcount:     1vector:  3200 x: -3080 y: -2596 z:  5784 stepcount:     1vector:  5415 x:   612 y:   -60 z:  -488 stepcount:     1vector: 17991 x: -2688 y: -2752 z: 17956 stepcount:     1vector:  5177 x: -4388 y: -4120 z: 11440 stepcount:     1vector:  2631 x:  1160 y:  -540 ESP_ERROR_CHECK failed: esp_err_t 0xffffffff (ESP_FAIL) at 0x400d6722
file: "./main/i2c.c" line 58
func: readI2C
expression: res

abort() was called at PC 0x40088917 on core 0


Backtrace: 0x400889f5:0x3ffb6f90 0x40088985:0x3ffb6fb0 0x4008eeb1:0x3ffb6fd0 0x40088917:0x3ffb7040 0x400d6722:0x3ffb7070 0x400d68f4:0x3ffb7090 0x400d647c:0x3ffb70c0 0x40089629:0x3ffb70f0




ELF file SHA256: ebcb02bdd

Rebooting...
ets Jul 29 2019 12:21:46

rst:0xc (SW_CPU_RESET),boot:0x13 (SPI_FAST_FLASH_BOOT)
configsip: 0, SPIWP:0xee
clk_drv:0x00,q_drv:0x00,d_drv:0x00,cs0_drv:0x00,hd_drv:0x00,wp_drv:0x00
mode:DIO, clock div:2
load:0x3fff0030,len:6380
ho 0 tail 12 room 4
load:0x40078000,len:15916
load:0x40080400,len:3860
entry 0x40080638
[0;32mI (29) boot: ESP-IDF HEAD-HASH-NOTFOUND 2nd stage bootloader[0m
[0;32mI (29) boot: compile time Oct 15 2025 07:58:48[0m
[0;32mI (29) boot: Multicore bootloader[0m
[0;32mI (32) boot: chip revision: v3.1[0m
[0;32mI (34) boot.esp32: SPI Speed      : 40MHz[0m
[0;32mI (38) boot.esp32: SPI Mode       : DIO[0m
[0;32mI (42) boot.esp32: SPI Flash Size : 2MB[0m
[0;32mI (45) boot: Enabling RNG early entropy source...[0m
[0;32mI (50) boot: Partition Table:[0m
[0;32mI (52) boot: ## Label            Usage          Type ST Offset   Length[0m
[0;32mI (59) boot:  0 nvs              WiFi data        01 02 00009000 00006000[0m
[0;32mI (65) boot:  1 phy_init         RF data          01 01 0000f000 00001000[0m
[0;32mI (72) boot:  2 factory          factory app      00 00 00010000 00100000[0m
[0;32mI (78) boot: End of partition table[0m
[0;32mI (82) esp_image: segment 0: paddr=00010020 vaddr=3f400020 size=0bc04h ( 48132) map[0m
[0;32mI (105) esp_image: segment 1: paddr=0001bc2c vaddr=3ffb0000 size=02498h (  9368) load[0m
[0;32mI (109) esp_image: segment 2: paddr=0001e0cc vaddr=40080000 size=01f4ch (  8012) load[0m
[0;32mI (113) esp_image: segment 3: paddr=00020020 vaddr=400d0020 size=18134h ( 98612) map[0m
[0;32mI (151) esp_image: segment 4: paddr=0003815c vaddr=40081f4c size=0ece4h ( 60644) load[0m
[0;32mI (174) esp_image: segment 5: paddr=00046e48 vaddr=50000000 size=00020h (    32) load[0m
[0;32mI (183) boot: Loaded app from partition at offset 0x10000[0m
[0;32mI (183) boot: Disabling RNG early entropy source...[0m
[0;32mI (195) cpu_start: Multicore app[0m
[0;32mI (203) cpu_start: Pro cpu start user code[0m
[0;32mI (203) cpu_start: cpu freq: 160000000 Hz[0m
[0;32mI (203) app_init: Application information:[0m
[0;32mI (203) app_init: Project name:     lab5[0m
[0;32mI (207) app_init: App version:      29eaf56-dirty[0m
[0;32mI (211) app_init: Compile time:     Oct 15 2025 10:23:15[0m
[0;32mI (216) app_init: ELF file SHA256:  ebcb02bdd...[0m
[0;32mI (221) app_init: ESP-IDF:          HEAD-HASH-NOTFOUND[0m
[0;32mI (226) efuse_init: Min chip rev:     v0.0[0m
[0;32mI (229) efuse_init: Max chip rev:     v3.99 [0m
[0;32mI (233) efuse_init: Chip rev:         v3.1[0m
[0;32mI (237) heap_init: Initializing. RAM available for dynamic allocation:[0m
[0;32mI (244) heap_init: At 3FFAE6E0 len 00001920 (6 KiB): DRAM[0m
[0;32mI (249) heap_init: At 3FFB2E58 len 0002D1A8 (180 KiB): DRAM[0m
[0;32mI (254) heap_init: At 3FFE0440 len 00003AE0 (14 KiB): D/IRAM[0m
[0;32mI (259) heap_init: At 3FFE4350 len 0001BCB0 (111 KiB): D/IRAM[0m
[0;32mI (265) heap_init: At 40090C30 len 0000F3D0 (60 KiB): IRAM[0m
[0;33mW (271) spi_flash: Detected boya flash chip but using generic driver. For optimal functionality, enable `SPI_FLASH_SUPPORT_BOYA_CHIP` in menuconfig[0m
[0;32mI (283) spi_flash: detected chip: generic[0m
[0;32mI (287) spi_flash: flash io: dio[0m
[0;33mW (290) spi_flash: Detected size(4096k) larger than the size in the binary image header(2048k). Using the size in the binary image header.[0m
[0;33mW (302) i2c: This driver is an old driver, please migrate your application code to adapt `driver/i2c_master.h`[0m
[0;32mI (323) main_task: Started on CPU0[0m
[0;32mI (333) main_task: Calling app_main()[0m
[0;32mI (333) pm: Frequency switching config: CPU_MAX: 240, APB_MAX: 240, APB_MIN: 80, Light sleep: ENABLED[0m
[0;32mI (333) main_task: Returned from app_main()[0m
vector:  9594 x:  -532 y:  -892 z:  5860 stepcount:     0vector:  8541 x: -3740 y: -2204 z:  8008 stepcount:     0vector:  7499 x: -1660 y: -1076 z:  7376 stepcount:     0vector:  7817 x: -1232 y: -1444 z:  7716 stepcount:     0vector:  8412 x: -1744 y: -1564 z:  7756 stepcount:     0vector:  8103 x: -1840 y: -1604 z:  7852 stepcount:     0vector:  8332 x: -1548 y: -1664 z:  7864 stepcount:     0vector:  8328 x: -1492 y: -1672 z:  7884 stepcount:     0vector:  8744 x: -1576 y: -1816 z:  7896 stepcount:     1vector:  8471 x: -1116 y: -2148 z:  7276 stepcount:     1vector:  7802 x: -1936 y: -2520 z:  8020 stepcount:     1vector:  8375 x: -1552 y: -1600 z:  7116 stepcount:     1vector:  8269 x: -1460 y: -2204 z:  8636 stepcount:     1vector:  7867 x: -1632 y: -1576 z:  7112 stepcount:     1vector:  8228 x: -1452 y: -1852 z:  7708 stepcount:     1vector:  8467 x: -1100 y: -1956 z:  8592 stepcount:     1vector:  8116 x: -1788 y: -1640 z:  8476 stepcount:     1vector:  8165 x: -1276 y: -1992 z:  7464 stepcount:     1vector:  7933 x: -1064 y: -1720 z:  7720 stepcount:     1vector:  8047 x: -1036 y: -1840 z:  7828 stepcount:     1vector:  6014 x: -1308 y: -1752 z:  6444 stepcount:     1vector:  9873 x: -1260 y:  -640 z:  6060 stepcount:     1vector: 10386 x: -4040 y: -2196 z: 10632 stepcount:     1vector:  6204 x: -3456 y:  -652 z:  7292 stepcount:     1vector:  8420 x: -1832 y:  -396 z:  6940 stepcount:     1vector:  9076 x: -2668 y: -1160 z:  7648 stepcount:     1vector:  8287 x: -3632 y:  -632 z:  8028 stepcount:     1vector:  7173 x: -2628 y:  -624 z:  7224 stepcount:     1vector:  7856 x: -2676 y:  -956 z:  6400 stepcount:     1vector:  8243 x: -1848 y: -1168 z:  6540 stepcount:     1vector:  8862 x: -3332 y: -2780 z:  9544 stepcount:     1vector:  7804 x: -3260 y:  -696 z:  8488 stepcount:     1vector:  8269 x: -1676 y:  -816 z:  6640 stepcount:     1vector:  8449 x: -1780 y: -2756 z:  8760 stepcount:     1vector:  8454 x: -2504 y: -1948 z:  7624 stepcount:     1vector:  7553 x: -1932 y: -1740 z:  7296 stepcount:     1vector:  7368 x: -2192 y: -1792 z:  6460 stepcount:     1vector:  5584 x: -2712 y: -1188 z:  6316 stepcount:     1vector: 11228 x: -1992 y: -1064 z:  7412 stepcount:     1vector:  9956 x: -4568 y: -1608 z:  9856 stepcount:     1vector:  6772 x: -4348 y:  -476 z:  5288 stepcount:     1vector:  7104 x: -3252 y:   -72 z:  6468 stepcount:     1vector:  9136 x: -3516 y:  -996 z:  6928 stepcount:     1vector:  8607 x: -4280 y:  -728 z:  9328 stepcount:     1vector:  6686 x: -3636 y:  -464 z:  6732 stepcount:     1vector:  6532 x: -2376 y:  -964 z:  6052 stepcount:     1vector:  8847 x: -1824 y:  -224 z:  5028 stepcount:     1vector: 11006 x: -4516 y: -1820 z: 10628 stepcount:     1vector:  6503 x: -3416 y:  -652 z:  8912 stepcount:     1vector:  7718 x: -2044 y:  -760 z:  5240 stepcount:     2vector:  8211 x: -2228 y: -2344 z:  8324 stepcount:     2vector:  8257 x: -2612 y: -1592 z:  7720 stepcount:     2vector:  8613 x: -2576 y: -1756 z:  7696 stepcount:     2vector:  6549 x: -2796 y: -1048 z:  7484 stepcount:     2vector:  4937 x: -1980 y:  -484 z:  5668 stepcount:     2vector: 13280 x: -1612 y:  -216 z:  7228 stepcount:     2vector:  9335 x: -5272 y: -1012 z:  9764 stepcount:     2vector:  6832 x: -4040 y:   112 z:  6168 stepcount:     2vector:  7860 x: -2304 y:  -300 z:  6360 stepcount:     3vector:  8050 x: -3836 y:  -268 z:  8096 stepcount:     3vector:  7471 x: -3408 y:   -36 z:  7280 stepcount:     3vector:  8255 x: -3248 y:  -320 z:  7328 stepcount:     3vector:  7754 x: -3108 y:  -704 z:  7748 stepcount:     3vector:  7265 x: -1900 y:  -660 z:  7932 stepcount:     3vector:  6562 x: -1316 y:  -208 z:  7048 stepcount:     3vector:  9284 x:    80 y:  -940 z:  8056 stepcount:     3vector:  7547 x:  2080 y: -1944 z:  8712 stepcount:     4vector:  9002 x:   652 y:  -428 z:  8988 stepcount:     4vector:  9174 x:  1412 y: -2040 z:  9324 stepcount:     4vector:  6814 x:  1172 y: -1832 z:  7576 stepcount:     4vector:  6958 x:  2956 y: -1540 z:  7900 stepcount:     4vector:  6651 x:  1940 y: -2396 z: 10716 stepcount:     4vector:  8053 x: -5020 y:  -324 z:  8288 stepcount:     4vector:  8480 x:  1296 y:  -120 z:  8424 stepcount:     4vector:  8445 x:  1192 y:  -220 z:  8280 stepcount:     4vector:  8136 x:  1520 y:  -216 z:  7944 stepcount:     4vector:  8205 x:  1268 y:  -240 z:  8336 stepcount:     4vector:  8527 x:  1060 y:  -200 z:  8060 stepcount:     4vector:  8075 x:  1264 y:  -196 z:  8092 stepcount:     4vector:  8334 x:  1316 y:  -476 z:  8240 stepcount:     4vector:  8163 x:  1324 y:  -184 z:  8180 stepcount:     4vector:  8357 x:   860 y: -1108 z:  8052 stepcount:     4vector:  8718 x:  1348 y:  -180 z:  8352 stepcount:     4vector:  8197 x:  1228 y:  -348 z:  8172 stepcount:     5vector:  8459 x:  1412 y:  -192 z:  8244 stepcount:     5vector:  8122 x:  1404 y:  -172 z:  8300 stepcount:     5vector:  8258 x:  1292 y:  -248 z:  7992 stepcount:     5vector:  8267 x:  1480 y:  -216 z:  8408 stepcount:     5vector:  8370 x:  1248 y:  -224 z:  8352 stepcount:     5vector:  8202 x:  1284 y:  -136 z:  8248 stepcount:     5vector:  8396 x:  1308 y:  -224 z:  8316 stepcount:     5vector:  8060 x:  1300 y:  -160 z:  8128 stepcount:     5vector:  7864 x:  1328 y:  -116 z:  8400 stepcount:     5vector:  8058 x:  1304 y:  -224 z:  8408 stepcount:     5vector:  8444 x:  1024 y:  -172 z:  7820 stepcount:     5vector:  8382 x:  1232 y:  -164 z:  8320 stepcount:     5vector:  8345 x:  1308 y:  -228 z:  8356 stepcount:     5vector:  8257 x:   892 y:  -268 z:  8064 stepcount:     5vector:  8297 x:  1368 y:   144 z:  8428 stepcount:     5vector:  8413 x:  1312 y:  -100 z:  8124 stepcount:     5vector:  8313 x:  1488 y:  -168 z:  8416 stepcount:     5vector:  8387 x:  1084 y:  -192 z:  7632 stepcount:     5vector:  8550 x:  1520 y:  -316 z:  8052 stepcount:     5vector:  8187 x:  1264 y:  -380 z:  8212 stepcount:     5vector:  8462 x:  1280 y:  -144 z:  8012 stepcount:     5vector:  8503 x:  1044 y:   -40 z:  8416 stepcount:     5vector:  8295 x:  1052 y:  -684 z:  8192 stepcount:     5vector:  8110 x:  1516 y:   164 z:  8396 stepcount:     5vector:  8255 x:  2560 y:   196 z:  7940 stepcount:     5vector:  8033 x:  1324 y:  -180 z:  8188 stepcount:     5vector:  8514 x:  15ESP_ERROR_CHECK failed: esp_err_t 0x107 (ESP_ERR_TIMEOUT) at 0x400d67a0
file: "./main/i2c.c" line 75
func: readI2C
expression: res

abort() was called at PC 0x40088917 on core 0


Backtrace: 0x400889f5:0x3ffb6f90 0x40088985:0x3ffb6fb0 0x4008eeb1:0x3ffb6fd0 0x40088917:0x3ffb7040 0x400d67a0:0x3ffb7070 0x400d68f4:0x3ffb7090 0x400d647c:0x3ffb70c0 0x40089629:0x3ffb70f0




ELF file SHA256: ebcb02bdd

Rebooting...
ets Jul 29 2019 12:21:46

rst:0xc (SW_CPU_RESET),boot:0x13 (SPI_FAST_FLASH_BOOT)
configsip: 0, SPIWP:0xee
clk_drv:0x00,q_drv:0x00,d_drv:0x00,cs0_drv:0x00,hd_drv:0x00,wp_drv:0x00
mode:DIO, clock div:2
load:0x3fff0030,len:6380
ho 0 tail 12 room 4
load:0x40078000,len:15916
load:0x40080400,len:3860
entry 0x40080638
[0;32mI (29) boot: ESP-IDF HEAD-HASH-NOTFOUND 2nd stage bootloader[0m
[0;32mI (29) boot: compile time Oct 15 2025 07:58:48[0m
[0;32mI (29) boot: Multicore bootloader[0m
[0;32mI (32) boot: chip revision: v3.1[0m
[0;32mI (34) boot.esp32: SPI Speed      : 40MHz[0m
[0;32mI (38) boot.esp32: SPI Mode       : DIO[0m
[0;32mI (42) boot.esp32: SPI Flash Size : 2MB[0m
[0;32mI (45) boot: Enabling RNG early entropy source...[0m
[0;32mI (50) boot: Partition Table:[0m
[0;32mI (52) boot: ## Label            Usage          Type ST Offset   Length[0m
[0;32mI (59) boot:  0 nvs              WiFi data        01 02 00009000 00006000[0m
[0;32mI (65) boot:  1 phy_init         RF data          01 01 0000f000 00001000[0m
[0;32mI (72) boot:  2 factory          factory app      00 00 00010000 00100000[0m
[0;32mI (78) boot: End of partition table[0m
[0;32mI (82) esp_image: segment 0: paddr=00010020 vaddr=3f400020 size=0bc04h ( 48132) map[0m
[0;32mI (105) esp_image: segment 1: paddr=0001bc2c vaddr=3ffb0000 size=02498h (  9368) load[0m
[0;32mI (109) esp_image: segment 2: paddr=0001e0cc vaddr=40080000 size=01f4ch (  8012) load[0m
[0;32mI (113) esp_image: segment 3: paddr=00020020 vaddr=400d0020 size=18134h ( 98612) map[0m
[0;32mI (151) esp_image: segment 4: paddr=0003815c vaddr=40081f4c size=0ece4h ( 60644) load[0m
[0;32mI (174) esp_image: segment 5: paddr=00046e48 vaddr=50000000 size=00020h (    32) load[0m
[0;32mI (183) boot: Loaded app from partition at offset 0x10000[0m
[0;32mI (183) boot: Disabling RNG early entropy source...[0m
[0;32mI (195) cpu_start: Multicore app[0m
[0;32mI (203) cpu_start: Pro cpu start user code[0m
[0;32mI (203) cpu_start: cpu freq: 160000000 Hz[0m
[0;32mI (203) app_init: Application information:[0m
[0;32mI (203) app_init: Project name:     lab5[0m
[0;32mI (207) app_init: App version:      29eaf56-dirty[0m
[0;32mI (211) app_init: Compile time:     Oct 15 2025 10:23:15[0m
[0;32mI (216) app_init: ELF file SHA256:  ebcb02bdd...[0m
[0;32mI (221) app_init: ESP-IDF:          HEAD-HASH-NOTFOUND[0m
[0;32mI (226) efuse_init: Min chip rev:     v0.0[0m
[0;32mI (229) efuse_init: Max chip rev:     v3.99 [0m
[0;32mI (233) efuse_init: Chip rev:         v3.1[0m
[0;32mI (237) heap_init: Initializing. RAM available for dynamic allocation:[0m
[0;32mI (244) heap_init: At 3FFAE6E0 len 00001920 (6 KiB): DRAM[0m
[0;32mI (249) heap_init: At 3FFB2E58 len 0002D1A8 (180 KiB): DRAM[0m
[0;32mI (254) heap_init: At 3FFE0440 len 00003AE0 (14 KiB): D/IRAM[0m
[0;32mI (259) heap_init: At 3FFE4350 len 0001BCB0 (111 KiB): D/IRAM[0m
[0;32mI (265) heap_init: At 40090C30 len 0000F3D0 (60 KiB): IRAM[0m
[0;33mW (271) spi_flash: Detected boya flash chip but using generic driver. For optimal functionality, enable `SPI_FLASH_SUPPORT_BOYA_CHIP` in menuconfig[0m
[0;32mI (283) spi_flash: detected chip: generic[0m
[0;32mI (287) spi_flash: flash io: dio[0m
[0;33mW (290) spi_flash: Detected size(4096k) larger than the size in the binary image header(2048k). Using the size in the binary image header.[0m
[0;33mW (302) i2c: This driver is an old driver, please migrate your application code to adapt `driver/i2c_master.h`[0m
[0;32mI (323) main_task: Started on CPU0[0m
[0;32mI (333) main_task: Calling app_main()[0m
[0;32mI (333) pm: Frequency switching config: CPU_MAX: 240, APB_MAX: 240, APB_MIN: 80, Light sleep: ENABLED[0m
ESP_ERROR_CHECK failed: esp_err_t 0xffffffff (ESP_FAIL) at 0x400d6842
file: "./main/accel.c" line 46
func: initMPU
expression: res

abort() was called at PC 0x40088917 on core 0


Backtrace: 0x400889f5:0x3ffb5010 0x40088985:0x3ffb5030 0x4008eeb1:0x3ffb5050 0x40088917:0x3ffb50c0 0x400d6842:0x3ffb50f0 0x400d660f:0x3ffb5110 0x400e79c5:0x3ffb5150 0x40089629:0x3ffb5180




ELF file SHA256: ebcb02bdd

Rebooting...
ets Jul 29 2019 12:21:46

rst:0xc (SW_CPU_RESET),boot:0x13 (SPI_FAST_FLASH_BOOT)
configsip: 0, SPIWP:0xee
clk_drv:0x00,q_drv:0x00,d_drv:0x00,cs0_drv:0x00,hd_drv:0x00,wp_drv:0x00
mode:DIO, clock div:2
load:0x3fff0030,len:6380
ho 0 tail 12 room 4
load:0x40078000,len:15916
load:0x40080400,len:3860
entry 0x40080638
[0;32mI (29) boot: ESP-IDF HEAD-HASH-NOTFOUND 2nd stage bootloader[0m
[0;32mI (29) boot: compile time Oct 15 2025 07:58:48[0m
[0;32mI (29) boot: Multicore bootloader[0m
[0;32mI (32) boot: chip revision: v3.1[0m
[0;32mI (34) boot.esp32: SPI Speed      : 40MHz[0m
[0;32mI (38) boot.esp32: SPI Mode       : DIO[0m
[0;32mI (42) boot.esp32: SPI Flash Size : 2MB[0m
[0;32mI (45) boot: Enabling RNG early entropy source...[0m
[0;32mI (50) boot: Partition Table:[0m
[0;32mI (52) boot: ## Label            Usage          Type ST Offset   Length[0m
[0;32mI (59) boot:  0 nvs              WiFi data        01 02 00009000 00006000[0m
[0;32mI (65) boot:  1 phy_init         RF data          01 01 0000f000 00001000[0m
[0;32mI (72) boot:  2 factory          factory app      00 00 00010000 00100000[0m
[0;32mI (78) boot: End of partition table[0m
[0;32mI (82) esp_image: segment 0: paddr=00010020 vaddr=3f400020 size=0bc04h ( 48132) map[0m
[0;32mI (105) esp_image: segment 1: paddr=0001bc2c vaddr=3ffb0000 size=02498h (  9368) load[0m
[0;32mI (109) esp_image: segment 2: paddr=0001e0cc vaddr=40080000 size=01f4ch (  8012) load[0m
[0;32mI (113) esp_image: segment 3: paddr=00020020 vaddr=400d0020 size=18134h ( 98612) map[0m
[0;32mI (151) esp_image: segment 4: paddr=0003815c vaddr=40081f4c size=0ece4h ( 60644) load[0m
[0;32mI (174) esp_image: segment 5: paddr=00046e48 vaddr=50000000 size=00020h (    32) load[0m
[0;32mI (183) boot: Loaded app from partition at offset 0x10000[0m
[0;32mI (183) boot: Disabling RNG early entropy source...[0m
[0;32mI (195) cpu_start: Multicore app[0m
[0;32mI (203) cpu_start: Pro cpu start user code[0m
[0;32mI (203) cpu_start: cpu freq: 160000000 Hz[0m
[0;32mI (203) app_init: Application information:[0m
[0;32mI (203) app_init: Project name:     lab5[0m
[0;32mI (207) app_init: App version:      29eaf56-dirty[0m
[0;32mI (211) app_init: Compile time:     Oct 15 2025 10:23:15[0m
[0;32mI (216) app_init: ELF file SHA256:  ebcb02bdd...[0m
[0;32mI (221) app_init: ESP-IDF:          HEAD-HASH-NOTFOUND[0m
[0;32mI (226) efuse_init: Min chip rev:     v0.0[0m
[0;32mI (229) efuse_init: Max chip rev:     v3.99 [0m
[0;32mI (233) efuse_init: Chip rev:         v3.1[0m
[0;32mI (237) heap_init: Initializing. RAM available for dynamic allocation:[0m
[0;32mI (244) heap_init: At 3FFAE6E0 len 00001920 (6 KiB): DRAM[0m
[0;32mI (249) heap_init: At 3FFB2E58 len 0002D1A8 (180 KiB): DRAM[0m
[0;32mI (254) heap_init: At 3FFE0440 len 00003AE0 (14 KiB): D/IRAM[0m
[0;32mI (259) heap_init: At 3FFE4350 len 0001BCB0 (111 KiB): D/IRAM[0m
[0;32mI (265) heap_init: At 40090C30 len 0000F3D0 (60 KiB): IRAM[0m
[0;33mW (271) spi_flash: Detected boya flash chip but using generic driver. For optimal functionality, enable `SPI_FLASH_SUPPORT_BOYA_CHIP` in menuconfig[0m
[0;32mI (283) spi_flash: detected chip: generic[0m
[0;32mI (287) spi_flash: flash io: dio[0m
[0;33mW (290) spi_flash: Detected size(4096k) larger than the size in the binary image header(2048k). Using the size in the binary image header.[0m
[0;33mW (302) i2c: This driver is an old driver, please migrate your application code to adapt `driver/i2c_master.h`[0m
[0;32mI (323) main_task: Started on CPU0[0m
[0;32mI (333) main_task: Calling app_main()[0m
[0;32mI (333) pm: Frequency switching config: CPU_MAX: 240, APB_MAX: 240, APB_MIN: 80, Light sleep: ENABLED[0m
ESP_ERROR_CHECK failed: esp_err_t 0xffffffff (ESP_FAIL) at 0x400d6842
file: "./main/accel.c" line 46
func: initMPU
expression: res

abort() was called at PC 0x40088917 on core 0


Backtrace: 0x400889f5:0x3ffb5010 0x40088985:0x3ffb5030 0x4008eeb1:0x3ffb5050 0x40088917:0x3ffb50c0 0x400d6842:0x3ffb50f0 0x400d660f:0x3ffb5110 0x400e79c5:0x3ffb5150 0x40089629:0x3ffb5180




ELF file SHA256: ebcb02bdd

Rebooting...
ets Jul 29 2019 12:21:46

rst:0xc (SW_CPU_RESET),boot:0x13 (SPI_FAST_FLASH_BOOT)
configsip: 0, SPIWP:0xee
clk_drv:0x00,q_drv:0x00,d_drv:0x00,cs0_drv:0x00,hd_drv:0x00,wp_drv:0x00
mode:DIO, clock div:2
load:0x3fff0030,len:6380
ho 0 tail 12 room 4
load:0x40078000,len:15916
load:0x40080400,len:3860
entry 0x40080638
[0;32mI (29) boot: ESP-IDF HEAD-HASH-NOTFOUND 2nd stage bootloader[0m
[0;32mI (29) boot: compile time Oct 15 2025 07:58:48[0m
[0;32mI (29) boot: Multicore bootloader[0m
[0;32mI (32) boot: chip revision: v3.1[0m
[0;32mI (34) boot.esp32: SPI Speed      : 40MHz[0m
[0;32mI (38) boot.esp32: SPI Mode       : DIO[0m
[0;32mI (42) boot.esp32: SPI Flash Size : 2MB[0m
[0;32mI (45) boot: Enabling RNG early entropy source...[0m
[0;32mI (50) boot: Partition Table:[0m
[0;32mI (52) boot: ## Label            Usage          Type ST Offset   Length[0m
[0;32mI (59) boot:  0 nvs              WiFi data        01 02 00009000 00006000[0m
[0;32mI (65) boot:  1 phy_init         RF data          01 01 0000f000 00001000[0m
[0;32mI (72) boot:  2 factory          factory app      00 00 00010000 00100000[0m
[0;32mI (78) boot: End of partition table[0m
[0;32mI (82) esp_image: segment 0: paddr=00010020 vaddr=3f400020 size=0bc04h ( 48132) map[0m
[0;32mI (105) esp_image: segment 1: paddr=0001bc2c vaddr=3ffb0000 size=02498h (  9368) load[0m
[0;32mI (109) esp_image: segment 2: paddr=0001e0cc vaddr=40080000 size=01f4ch (  8012) load[0m
[0;32mI (113) esp_image: segment 3: paddr=00020020 vaddr=400d0020 size=18134h ( 98612) map[0m
[0;32mI (151) esp_image: segment 4: paddr=0003815c vaddr=40081f4c size=0ece4h ( 60644) load[0m
[0;32mI (174) esp_image: segment 5: paddr=00046e48 vaddr=50000000 size=00020h (    32) load[0m
[0;32mI (183) boot: Loaded app from partition at offset 0x10000[0m
[0;32mI (183) boot: Disabling RNG early entropy source...[0m
[0;32mI (195) cpu_start: Multicore app[0m
[0;32mI (203) cpu_start: Pro cpu start user code[0m
[0;32mI (203) cpu_start: cpu freq: 160000000 Hz[0m
[0;32mI (203) app_init: Application information:[0m
[0;32mI (203) app_init: Project name:     lab5[0m
[0;32mI (207) app_init: App version:      29eaf56-dirty[0m
[0;32mI (211) app_init: Compile time:     Oct 15 2025 10:23:15[0m
[0;32mI (216) app_init: ELF file SHA256:  ebcb02bdd...[0m
[0;32mI (221) app_init: ESP-IDF:          HEAD-HASH-NOTFOUND[0m
[0;32mI (226) efuse_init: Min chip rev:     v0.0[0m
[0;32mI (229) efuse_init: Max chip rev:     v3.99 [0m
[0;32mI (233) efuse_init: Chip rev:         v3.1[0m
[0;32mI (237) heap_init: Initializing. RAM available for dynamic allocation:[0m
[0;32mI (244) heap_init: At 3FFAE6E0 len 00001920 (6 KiB): DRAM[0m
[0;32mI (249) heap_init: At 3FFB2E58 len 0002D1A8 (180 KiB): DRAM[0m
[0;32mI (254) heap_init: At 3FFE0440 len 00003AE0 (14 KiB): D/IRAM[0m
[0;32mI (259) heap_init: At 3FFE4350 len 0001BCB0 (111 KiB): D/IRAM[0m
[0;32mI (265) heap_init: At 40090C30 len 0000F3D0 (60 KiB): IRAM[0m
[0;33mW (271) spi_flash: Detected boya flash chip but using generic driver. For optimal functionality, enable `SPI_FLASH_SUPPORT_BOYA_CHIP` in menuconfig[0m
[0;32mI (283) spi_flash: detected chip: generic[0m
[0;32mI (287) spi_flash: flash io: dio[0m
[0;33mW (290) spi_flash: Detected size(4096k) larger than the size in the binary image header(2048k). Using the size in the binary image header.[0m
[0;33mW (302) i2c: This driver is an old driver, please migrate your application code to adapt `driver/i2c_master.h`[0m
[0;32mI (323) main_task: Started on CPU0[0m
[0;32mI (333) main_task: Calling app_main()[0m
[0;32mI (333) pm: Frequency switching config: CPU_MAX: 240, APB_MAX: 240, APB_MIN: 80, Light sleep: ENABLED[0m
[0;32mI (333) main_task: Returned from app_main()[0m
vector:  8239 x:  1536 y:  -112 z:  8036 stepcount:     0vector:  8489 x:  1228 y:  -240 z:  8320 stepcount:     0vector:  8353 x:  1180 y:  -232 z:  7964 stepcount:     0vector:  8217 x:  1232 y:  -136 z:  8176 stepcount:     0vector:  8234 x:  1260 y:   -20 z:  8080 stepcount:     0vector:  8414 x:   300 y:   160 z:  8280 stepcount:     0vector:  8186 x:  1128 y:  -192 z:  8308 stepcount:     0vector:  8514 x:  1260 y:  -184 z:  8252 stepcount:     0vector:  8294 x:  1228 y:  -380 z:  8196 stepcount:     0vector:  8238 x:  1176 y:  -416 z:  8124 stepcount:     0vector:  8390 x:  1256 y:  -120 z:  8320 stepcount:     0vector:  8518 x:  1032 y:   -36 z:  8120 stepcount:     0vector:  8268 x:  1212 y:  -168 z:  8012 stepcount:     0vector:  8357 x:  1236 y:    -8 z:  8148 stepcount:     0vector:  8381 x:  1068 y:  -224 z:  8440 stepcount:     0vector:  8079 x:  1204 y:  -512 z:  8084 stepcount:     0vector:  8538 x:  1172 y:  -148 z:  8180 stepcount:     0vector:  8398 x:  1272 y:  -216 z:  8436 stepcount:     0vector:  8243 x:  1212 y:   -48 z:  8444 stepcount:     0vector:  8499 x:  1212 y:    -8 z:  8432 stepcount:     0vector:  8190 x:  1280 y:   -52 z:  8116 stepcount:     0vector:  8057 x:  1176 y:  -176 z:  8084 stepcount:     0vector:  8533 x:  1196 y:  -176 z:  8256 stepcount:     0vector:  8406 x:  1236 y:  -112 z:  8104 stepcount:     0vector:  8138 x:  1236 y:   -12 z:  8316 stepcount:     0vector:  8231 x:  1236 y:  -164 z:  8164 stepcount:     0vector:  8408 x:  1160 y:  -180 z:  8300 stepcount:     0vector:  8206 x:  4976 y:  -184 z:  8428 stepcount:     0vector:  8193 x:  1128 y:  -128 z:  8500 stepcount:     0vector:  8183 x:   404 y:  -152 z:  8180 stepcount:     0vector:  8185 x:  1080 y:   -88 z:  8008 stepcount: ESP_ERROR_CHECK failed: esp_err_t 0x107 (ESP_ERR_TIMEOUT) at 0x400d67a0
file: "./main/i2c.c" line 75
func: readI2C
expression: res

abort() was called at PC 0x40088917 on core 0


Backtrace: 0x400889f5:0x3ffb6f90 0x40088985:0x3ffb6fb0 0x4008eeb1:0x3ffb6fd0 0x40088917:0x3ffb7040 0x400d67a0:0x3ffb7070 0x400d6935:0x3ffb7090 0x400d6481:0x3ffb70c0 0x40089629:0x3ffb70f0




ELF file SHA256: ebcb02bdd

Rebooting...
ets Jul 29 2019 12:21:46

rst:0xc (SW_CPU_RESET),boot:0x13 (SPI_FAST_FLASH_BOOT)
configsip: 0, SPIWP:0xee
clk_drv:0x00,q_drv:0x00,d_drv:0x00,cs0_drv:0x00,hd_drv:0x00,wp_drv:0x00
mode:DIO, clock div:2
load:0x3fff0030,len:6380
ho 0 tail 12 room 4
load:0x40078000,len:15916
load:0x40080400,len:3860
entry 0x40080638
[0;32mI (29) boot: ESP-IDF HEAD-HASH-NOTFOUND 2nd stage bootloader[0m
[0;32mI (29) boot: compile time Oct 15 2025 07:58:48[0m
[0;32mI (29) boot: Multicore bootloader[0m
[0;32mI (32) boot: chip revision: v3.1[0m
[0;32mI (34) boot.esp32: SPI Speed      : 40MHz[0m
[0;32mI (38) boot.esp32: SPI Mode       : DIO[0m
[0;32mI (42) boot.esp32: SPI Flash Size : 2MB[0m
[0;32mI (45) boot: Enabling RNG early entropy source...[0m
[0;32mI (50) boot: Partition Table:[0m
[0;32mI (52) boot: ## Label            Usage          Type ST Offset   Length[0m
[0;32mI (59) boot:  0 nvs              WiFi data        01 02 00009000 00006000[0m
[0;32mI (65) boot:  1 phy_init         RF data          01 01 0000f000 00001000[0m
[0;32mI (72) boot:  2 factory          factory app      00 00 00010000 00100000[0m
[0;32mI (78) boot: End of partition table[0m
[0;32mI (82) esp_image: segment 0: paddr=00010020 vaddr=3f400020 size=0bc04h ( 48132) map[0m
[0;32mI (105) esp_image: segment 1: paddr=0001bc2c vaddr=3ffb0000 size=02498h (  9368) load[0m
[0;32mI (109) esp_image: segment 2: paddr=0001e0cc vaddr=40080000 size=01f4ch (  8012) load[0m
[0;32mI (113) esp_image: segment 3: paddr=00020020 vaddr=400d0020 size=18134h ( 98612) map[0m
[0;32mI (151) esp_image: segment 4: paddr=0003815c vaddr=40081f4c size=0ece4h ( 60644) load[0m
[0;32mI (174) esp_image: segment 5: paddr=00046e48 vaddr=50000000 size=00020h (    32) load[0m
[0;32mI (183) boot: Loaded app from partition at offset 0x10000[0m
[0;32mI (183) boot: Disabling RNG early entropy source...[0m
[0;32mI (195) cpu_start: Multicore app[0m
[0;32mI (203) cpu_start: Pro cpu start user code[0m
[0;32mI (203) cpu_start: cpu freq: 160000000 Hz[0m
[0;32mI (203) app_init: Application information:[0m
[0;32mI (203) app_init: Project name:     lab5[0m
[0;32mI (207) app_init: App version:      29eaf56-dirty[0m
[0;32mI (211) app_init: Compile time:     Oct 15 2025 10:23:15[0m
[0;32mI (216) app_init: ELF file SHA256:  ebcb02bdd...[0m
[0;32mI (221) app_init: ESP-IDF:          HEAD-HASH-NOTFOUND[0m
[0;32mI (226) efuse_init: Min chip rev:     v0.0[0m
[0;32mI (229) efuse_init: Max chip rev:     v3.99 [0m
[0;32mI (233) efuse_init: Chip rev:         v3.1[0m
[0;32mI (237) heap_init: Initializing. RAM available for dynamic allocation:[0m
[0;32mI (244) heap_init: At 3FFAE6E0 len 00001920 (6 KiB): DRAM[0m
[0;32mI (249) heap_init: At 3FFB2E58 len 0002D1A8 (180 KiB): DRAM[0m
[0;32mI (254) heap_init: At 3FFE0440 len 00003AE0 (14 KiB): D/IRAM[0m
[0;32mI (259) heap_init: At 3FFE4350 len 0001BCB0 (111 KiB): D/IRAM[0m
[0;32mI (265) heap_init: At 40090C30 len 0000F3D0 (60 KiB): IRAM[0m
[0;33mW (271) spi_flash: Detected boya flash chip but using generic driver. For optimal functionality, enable `SPI_FLASH_SUPPORT_BOYA_CHIP` in menuconfig[0m
[0;32mI (283) spi_flash: detected chip: generic[0m
[0;32mI (287) spi_flash: flash io: dio[0m
[0;33mW (290) spi_flash: Detected size(4096k) larger than the size in the binary image header(2048k). Using the size in the binary image header.[0m
[0;33mW (302) i2c: This driver is an old driver, please migrate your application code to adapt `driver/i2c_master.h`[0m
[0;32mI (323) main_task: Started on CPU0[0m
[0;32mI (333) main_task: Calling app_main()[0m
[0;32mI (333) pm: Frequency switching config: CPU_MAX: 240, APB_MAX: 240, APB_MIN: 80, Light sleep: ENABLED[0m
ESP_ERROR_CHECK failed: esp_err_t 0xffffffff (ESP_FAIL) at 0x400d6842
file: "./main/accel.c" line 46
func: initMPU
expression: res

abort() was called at PC 0x40088917 on core 0


Backtrace: 0x400889f5:0x3ffb5010 0x40088985:0x3ffb5030 0x4008eeb1:0x3ffb5050 0x40088917:0x3ffb50c0 0x400d6842:0x3ffb50f0 0x400d660f:0x3ffb5110 0x400e79c5:0x3ffb5150 0x40089629:0x3ffb5180




ELF file SHA256: ebcb02bdd

Rebooting...
ets Jul 29 2019 12:21:46

rst:0xc (SW_CPU_RESET),boot:0x13 (SPI_FAST_FLASH_BOOT)
configsip: 0, SPIWP:0xee
clk_drv:0x00,q_drv:0x00,d_drv:0x00,cs0_drv:0x00,hd_drv:0x00,wp_drv:0x00
mode:DIO, clock div:2
load:0x3fff0030,len:6380
ho 0 tail 12 room 4
load:0x40078000,len:15916
load:0x40080400,len:3860
entry 0x40080638
[0;32mI (29) boot: ESP-IDF HEAD-HASH-NOTFOUND 2nd stage bootloader[0m
[0;32mI (29) boot: compile time Oct 15 2025 07:58:48[0m
[0;32mI (29) boot: Multicore bootloader[0m
[0;32mI (32) boot: chip revision: v3.1[0m
[0;32mI (34) boot.esp32: SPI Speed      : 40MHz[0m
[0;32mI (38) boot.esp32: SPI Mode       : DIO[0m
[0;32mI (42) boot.esp32: SPI Flash Size : 2MB[0m
[0;32mI (45) boot: Enabling RNG early entropy source...[0m
[0;32mI (50) boot: Partition Table:[0m
[0;32mI (52) boot: ## Label            Usage          Type ST Offset   Length[0m
[0;32mI (59) boot:  0 nvs              WiFi data        01 02 00009000 00006000[0m
[0;32mI (65) boot:  1 phy_init         RF data          01 01 0000f000 00001000[0m
[0;32mI (72) boot:  2 factory          factory app      00 00 00010000 00100000[0m
[0;32mI (78) boot: End of partition table[0m
[0;32mI (82) esp_image: segment 0: paddr=00010020 vaddr=3f400020 size=0bc04h ( 48132) map[0m
[0;32mI (105) esp_image: segment 1: paddr=0001bc2c vaddr=3ffb0000 size=02498h (  9368) load[0m
[0;32mI (109) esp_image: segment 2: paddr=0001e0cc vaddr=40080000 size=01f4ch (  8012) load[0m
[0;32mI (113) esp_image: segment 3: paddr=00020020 vaddr=400d0020 size=18134h ( 98612) map[0m
[0;32mI (151) esp_image: segment 4: paddr=0003815c vaddr=40081f4c size=0ece4h ( 60644) load[0m
[0;32mI (174) esp_image: segment 5: paddr=00046e48 vaddr=50000000 size=00020h (    32) load[0m
[0;32mI (183) boot: Loaded app from partition at offset 0x10000[0m
[0;32mI (183) boot: Disabling RNG early entropy source...[0m
[0;32mI (195) cpu_start: Multicore app[0m
[0;32mI (203) cpu_start: Pro cpu start user code[0m
[0;32mI (203) cpu_start: cpu freq: 160000000 Hz[0m
[0;32mI (203) app_init: Application information:[0m
[0;32mI (203) app_init: Project name:     lab5[0m
[0;32mI (207) app_init: App version:      29eaf56-dirty[0m
[0;32mI (211) app_init: Compile time:     Oct 15 2025 10:23:15[0m
[0;32mI (216) app_init: ELF file SHA256:  ebcb02bdd...[0m
[0;32mI (221) app_init: ESP-IDF:          HEAD-HASH-NOTFOUND[0m
[0;32mI (226) efuse_init: Min chip rev:     v0.0[0m
[0;32mI (229) efuse_init: Max chip rev:     v3.99 [0m
[0;32mI (233) efuse_init: Chip rev:         v3.1[0m
[0;32mI (237) heap_init: Initializing. RAM available for dynamic allocation:[0m
[0;32mI (244) heap_init: At 3FFAE6E0 len 00001920 (6 KiB): DRAM[0m
[0;32mI (249) heap_init: At 3FFB2E58 len 0002D1A8 (180 KiB): DRAM[0m
[0;32mI (254) heap_init: At 3FFE0440 len 00003AE0 (14 KiB): D/IRAM[0m
[0;32mI (259) heap_init: At 3FFE4350 len 0001BCB0 (111 KiB): D/IRAM[0m
[0;32mI (265) heap_init: At 40090C30 len 0000F3D0 (60 KiB): IRAM[0m
[0;33mW (271) spi_flash: Detected boya flash chip but using generic driver. For optimal functionality, enable `SPI_FLASH_SUPPORT_BOYA_CHIP` in menuconfig[0m
[0;32mI (283) spi_flash: detected chip: generic[0m
[0;32mI (287) spi_flash: flash io: dio[0m
[0;33mW (290) spi_flash: Detected size(4096k) larger than the size in the binary image header(2048k). Using the size in the binary image header.[0m
[0;33mW (302) i2c: This driver is an old driver, please migrate your application code to adapt `driver/i2c_master.h`[0m
[0;32mI (323) main_task: Started on CPU0[0m
[0;32mI (333) main_task: Calling app_main()[0m
[0;32mI (333) pm: Frequency switching config: CPU_MAX: 240, APB_MAX: 240, APB_MIN: 80, Light sleep: ENABLED[0m
ESP_ERROR_CHECK failed: esp_err_t 0xffffffff (ESP_FAIL) at 0x400d6842
file: "./main/accel.c" line 46
func: initMPU
expression: res

abort() was called at PC 0x40088917 on core 0


Backtrace: 0x400889f5:0x3ffb5010 0x40088985:0x3ffb5030 0x4008eeb1:0x3ffb5050 0x40088917:0x3ffb50c0 0x400d6842:0x3ffb50f0 0x400d660f:0x3ffb5110 0x400e79c5:0x3ffb5150 0x40089629:0x3ffb5180




ELF file SHA256: ebcb02bdd

Rebooting...
ets Jul 29 2019 12:21:46

rst:0xc (SW_CPU_RESET),boot:0x13 (SPI_FAST_FLASH_BOOT)
configsip: 0, SPIWP:0xee
clk_drv:0x00,q_drv:0x00,d_drv:0x00,cs0_drv:0x00,hd_drv:0x00,wp_drv:0x00
mode:DIO, clock div:2
load:0x3fff0030,len:6380
ho 0 tail 12 room 4
load:0x40078000,len:15916
load:0x40080400,len:3860
entry 0x40080638
[0;32mI (29) boot: ESP-IDF HEAD-HASH-NOTFOUND 2nd stage bootloader[0m
[0;32mI (29) boot: compile time Oct 15 2025 07:58:48[0m
[0;32mI (29) boot: Multicore bootloader[0m
[0;32mI (32) boot: chip revision: v3.1[0m
[0;32mI (34) boot.esp32: SPI Speed      : 40MHz[0m
[0;32mI (38) boot.esp32: SPI Mode       : DIO[0m
[0;32mI (42) boot.esp32: SPI Flash Size : 2MB[0m
[0;32mI (45) boot: Enabling RNG early entropy source...[0m
[0;32mI (50) boot: Partition Table:[0m
[0;32mI (52) boot: ## Label            Usage          Type ST Offset   Length[0m
[0;32mI (59) boot:  0 nvs              WiFi data        01 02 00009000 00006000[0m
[0;32mI (65) boot:  1 phy_init         RF data          01 01 0000f000 00001000[0m
[0;32mI (72) boot:  2 factory          factory app      00 00 00010000 00100000[0m
[0;32mI (78) boot: End of partition table[0m
[0;32mI (82) esp_image: segment 0: paddr=00010020 vaddr=3f400020 size=0bc04h ( 48132) map[0m
[0;32mI (105) esp_image: segment 1: paddr=0001bc2c vaddr=3ffb0000 size=02498h (  9368) load[0m
[0;32mI (109) esp_image: segment 2: paddr=0001e0cc vaddr=40080000 size=01f4ch (  8012) load[0m
[0;32mI (113) esp_image: segment 3: paddr=00020020 vaddr=400d0020 size=18134h ( 98612) map[0m
[0;32mI (151) esp_image: segment 4: paddr=0003815c vaddr=40081f4c size=0ece4h ( 60644) load[0m
[0;32mI (174) esp_image: segment 5: paddr=00046e48 vaddr=50000000 size=00020h (    32) load[0m
[0;32mI (183) boot: Loaded app from partition at offset 0x10000[0m
[0;32mI (183) boot: Disabling RNG early entropy source...[0m
[0;32mI (195) cpu_start: Multicore app[0m
[0;32mI (203) cpu_start: Pro cpu start user code[0m
[0;32mI (203) cpu_start: cpu freq: 160000000 Hz[0m
[0;32mI (203) app_init: Application information:[0m
[0;32mI (203) app_init: Project name:     lab5[0m
[0;32mI (207) app_init: App version:      29eaf56-dirty[0m
[0;32mI (211) app_init: Compile time:     Oct 15 2025 10:23:15[0m
[0;32mI (216) app_init: ELF file SHA256:  ebcb02bdd...[0m
[0;32mI (221) app_init: ESP-IDF:          HEAD-HASH-NOTFOUND[0m
[0;32mI (226) efuse_init: Min chip rev:     v0.0[0m
[0;32mI (229) efuse_init: Max chip rev:     v3.99 [0m
[0;32mI (233) efuse_init: Chip rev:         v3.1[0m
[0;32mI (237) heap_init: Initializing. RAM available for dynamic allocation:[0m
[0;32mI (244) heap_init: At 3FFAE6E0 len 00001920 (6 KiB): DRAM[0m
[0;32mI (249) heap_init: At 3FFB2E58 len 0002D1A8 (180 KiB): DRAM[0m
[0;32mI (254) heap_init: At 3FFE0440 len 00003AE0 (14 KiB): D/IRAM[0m
[0;32mI (259) heap_init: At 3FFE4350 len 0001BCB0 (111 KiB): D/IRAM[0m
[0;32mI (265) heap_init: At 40090C30 len 0000F3D0 (60 KiB): IRAM[0m
[0;33mW (271) spi_flash: Detected boya flash chip but using generic driver. For optimal functionality, enable `SPI_FLASH_SUPPORT_BOYA_CHIP` in menuconfig[0m
[0;32mI (283) spi_flash: detected chip: generic[0m
[0;32mI (287) spi_flash: flash io: dio[0m
[0;33mW (290) spi_flash: Detected size(4096k) larger than the size in the binary image header(2048k). Using the size in the binary image header.[0m
[0;33mW (302) i2c: This driver is an old driver, please migrate your application code to adapt `driver/i2c_master.h`[0m
[0;32mI (323) main_task: Started on CPU0[0m
[0;32mI (333) main_task: Calling app_main()[0m
[0;32mI (333) pm: Frequency switching config: CPU_MAX: 240, APB_MAX: 240, APB_MIN: 80, Light sleep: ENABLED[0m
ESP_ERROR_CHECK failed: esp_err_t 0xffffffff (ESP_FAIL) at 0x400d6842
file: "./main/accel.c" line 46
func: initMPU
expression: res

abort() was called at PC 0x40088917 on core 0


Backtrace: 0x400889f5:0x3ffb5010 0x40088985:0x3ffb5030 0x4008eeb1:0x3ffb5050 0x40088917:0x3ffb50c0 0x400d6842:0x3ffb50f0 0x400d660f:0x3ffb5110 0x400e79c5:0x3ffb5150 0x40089629:0x3ffb5180




ELF file SHA256: ebcb02bdd

Rebooting...
ets Jul 29 2019 12:21:46

rst:0xc (SW_CPU_RESET),boot:0x13 (SPI_FAST_FLASH_BOOT)
configsip: 0, SPIWP:0xee
clk_drv:0x00,q_drv:0x00,d_drv:0x00,cs0_drv:0x00,hd_drv:0x00,wp_drv:0x00
mode:DIO, clock div:2
load:0x3fff0030,len:6380
ho 0 tail 12 room 4
load:0x40078000,len:15916
load:0x40080400,len:3860
entry 0x40080638
[0;32mI (29) boot: ESP-IDF HEAD-HASH-NOTFOUND 2nd stage bootloader[0m
[0;32mI (29) boot: compile time Oct 15 2025 07:58:48[0m
[0;32mI (29) boot: Multicore bootloader[0m
[0;32mI (32) boot: chip revision: v3.1[0m
[0;32mI (34) boot.esp32: SPI Speed      : 40MHz[0m
[0;32mI (38) boot.esp32: SPI Mode       : DIO[0m
[0;32mI (42) boot.esp32: SPI Flash Size : 2MB[0m
[0;32mI (45) boot: Enabling RNG early entropy source...[0m
[0;32mI (50) boot: Partition Table:[0m
[0;32mI (52) boot: ## Label            Usage          Type ST Offset   Length[0m
[0;32mI (59) boot:  0 nvs              WiFi data        01 02 00009000 00006000[0m
[0;32mI (65) boot:  1 phy_init         RF data          01 01 0000f000 00001000[0m
[0;32mI (72) boot:  2 factory          factory app      00 00 00010000 00100000[0m
[0;32mI (78) boot: End of partition table[0m
[0;32mI (82) esp_image: segment 0: paddr=00010020 vaddr=3f400020 size=0bc04h ( 48132) map[0m
[0;32mI (105) esp_image: segment 1: paddr=0001bc2c vaddr=3ffb0000 size=02498h (  9368) load[0m
[0;32mI (109) esp_image: segment 2: paddr=0001e0cc vaddr=40080000 size=01f4ch (  8012) load[0m
[0;32mI (113) esp_image: segment 3: paddr=00020020 vaddr=400d0020 size=18134h ( 98612) map[0m
[0;32mI (151) esp_image: segment 4: paddr=0003815c vaddr=40081f4c size=0ece4h ( 60644) load[0m
[0;32mI (174) esp_image: segment 5: paddr=00046e48 vaddr=50000000 size=00020h (    32) load[0m
[0;32mI (183) boot: Loaded app from partition at offset 0x10000[0m
[0;32mI (183) boot: Disabling RNG early entropy source...[0m
[0;32mI (195) cpu_start: Multicore app[0m
[0;32mI (203) cpu_start: Pro cpu start user code[0m
[0;32mI (203) cpu_start: cpu freq: 160000000 Hz[0m
[0;32mI (203) app_init: Application information:[0m
[0;32mI (203) app_init: Project name:     lab5[0m
[0;32mI (207) app_init: App version:      29eaf56-dirty[0m
[0;32mI (211) app_init: Compile time:     Oct 15 2025 10:23:15[0m
[0;32mI (216) app_init: ELF file SHA256:  ebcb02bdd...[0m
[0;32mI (221) app_init: ESP-IDF:          HEAD-HASH-NOTFOUND[0m
[0;32mI (226) efuse_init: Min chip rev:     v0.0[0m
[0;32mI (229) efuse_init: Max chip rev:     v3.99 [0m
[0;32mI (233) efuse_init: Chip rev:         v3.1[0m
[0;32mI (237) heap_init: Initializing. RAM available for dynamic allocation:[0m
[0;32mI (244) heap_init: At 3FFAE6E0 len 00001920 (6 KiB): DRAM[0m
[0;32mI (249) heap_init: At 3FFB2E58 len 0002D1A8 (180 KiB): DRAM[0m
[0;32mI (254) heap_init: At 3FFE0440 len 00003AE0 (14 KiB): D/IRAM[0m
[0;32mI (259) heap_init: At 3FFE4350 len 0001BCB0 (111 KiB): D/IRAM[0m
[0;32mI (265) heap_init: At 40090C30 len 0000F3D0 (60 KiB): IRAM[0m
[0;33mW (271) spi_flash: Detected boya flash chip but using generic driver. For optimal functionality, enable `SPI_FLASH_SUPPORT_BOYA_CHIP` in menuconfig[0m
[0;32mI (283) spi_flash: detected chip: generic[0m
[0;32mI (287) spi_flash: flash io: dio[0m
[0;33mW (290) spi_flash: Detected size(4096k) larger than the size in the binary image header(2048k). Using the size in the binary image header.[0m
[0;33mW (302) i2c: This driver is an old driver, please migrate your application code to adapt `driver/i2c_master.h`[0m
[0;32mI (323) main_task: Started on CPU0[0m
[0;32mI (333) main_task: Calling app_main()[0m
[0;32mI (333) pm: Frequency switching config: CPU_MAX: 240, APB_MAX: 240, APB_MIN: 80, Light sleep: ENABLED[0m
ESP_ERROR_CHECK failed: esp_err_t 0xffffffff (ESP_FAIL) at 0x400d6842
file: "./main/accel.c" line 46
func: initMPU
expression: res

abort() was called at PC 0x40088917 on core 0


Backtrace: 0x400889f5:0x3ffb5010 0x40088985:0x3ffb5030 0x4008eeb1:0x3ffb5050 0x40088917:0x3ffb50c0 0x400d6842:0x3ffb50f0 0x400d660f:0x3ffb5110 0x400e79c5:0x3ffb5150 0x40089629:0x3ffb5180




ELF file SHA256: ebcb02bdd

Rebooting...
ets Jul 29 2019 12:21:46

rst:0xc (SW_CPU_RESET),boot:0x13 (SPI_FAST_FLASH_BOOT)
configsip: 0, SPIWP:0xee
clk_drv:0x00,q_drv:0x00,d_drv:0x00,cs0_drv:0x00,hd_drv:0x00,wp_drv:0x00
mode:DIO, clock div:2
load:0x3fff0030,len:6380
ho 0 tail 12 room 4
load:0x40078000,len:15916
load:0x40080400,len:3860
entry 0x40080638
[0;32mI (29) boot: ESP-IDF HEAD-HASH-NOTFOUND 2nd stage bootloader[0m
[0;32mI (29) boot: compile time Oct 15 2025 07:58:48[0m
[0;32mI (29) boot: Multicore bootloader[0m
[0;32mI (32) boot: chip revision: v3.1[0m
[0;32mI (34) boot.esp32: SPI Speed      : 40MHz[0m
[0;32mI (38) boot.esp32: SPI Mode       : DIO[0m
[0;32mI (42) boot.esp32: SPI Flash Size : 2MB[0m
[0;32mI (45) boot: Enabling RNG early entropy source...[0m
[0;32mI (50) boot: Partition Table:[0m
[0;32mI (52) boot: ## Label            Usage          Type ST Offset   Length[0m
[0;32mI (59) boot:  0 nvs              WiFi data        01 02 00009000 00006000[0m
[0;32mI (65) boot:  1 phy_init         RF data          01 01 0000f000 00001000[0m
[0;32mI (72) boot:  2 factory          factory app      00 00 00010000 00100000[0m
[0;32mI (78) boot: End of partition table[0m
[0;32mI (82) esp_image: segment 0: paddr=00010020 vaddr=3f400020 size=0bc04h ( 48132) map[0m
[0;32mI (105) esp_image: segment 1: paddr=0001bc2c vaddr=3ffb0000 size=02498h (  9368) load[0m
[0;32mI (109) esp_image: segment 2: paddr=0001e0cc vaddr=40080000 size=01f4ch (  8012) load[0m
[0;32mI (113) esp_image: segment 3: paddr=00020020 vaddr=400d0020 size=18134h ( 98612) map[0m
[0;32mI (151) esp_image: segment 4: paddr=0003815c vaddr=40081f4c size=0ece4h ( 60644) load[0m
[0;32mI (174) esp_image: segment 5: paddr=00046e48 vaddr=50000000 size=00020h (    32) load[0m
[0;32mI (183) boot: Loaded app from partition at offset 0x10000[0m
[0;32mI (183) boot: Disabling RNG early entropy source...[0m
[0;32mI (195) cpu_start: Multicore app[0m
[0;32mI (203) cpu_start: Pro cpu start user code[0m
[0;32mI (203) cpu_start: cpu freq: 160000000 Hz[0m
[0;32mI (203) app_init: Application information:[0m
[0;32mI (203) app_init: Project name:     lab5[0m
[0;32mI (207) app_init: App version:      29eaf56-dirty[0m
[0;32mI (211) app_init: Compile time:     Oct 15 2025 10:23:15[0m
[0;32mI (216) app_init: ELF file SHA256:  ebcb02bdd...[0m
[0;32mI (221) app_init: ESP-IDF:          HEAD-HASH-NOTFOUND[0m
[0;32mI (226) efuse_init: Min chip rev:     v0.0[0m
[0;32mI (229) efuse_init: Max chip rev:     v3.99 [0m
[0;32mI (233) efuse_init: Chip rev:         v3.1[0m
[0;32mI (237) heap_init: Initializing. RAM available for dynamic allocation:[0m
[0;32mI (244) heap_init: At 3FFAE6E0 len 00001920 (6 KiB): DRAM[0m
[0;32mI (249) heap_init: At 3FFB2E58 len 0002D1A8 (180 KiB): DRAM[0m
[0;32mI (254) heap_init: At 3FFE0440 len 00003AE0 (14 KiB): D/IRAM[0m
[0;32mI (259) heap_init: At 3FFE4350 len 0001BCB0 (111 KiB): D/IRAM[0m
[0;32mI (265) heap_init: At 40090C30 len 0000F3D0 (60 KiB): IRAM[0m
[0;33mW (271) spi_flash: Detected boya flash chip but using generic driver. For optimal functionality, enable `SPI_FLASH_SUPPORT_BOYA_CHIP` in menuconfig[0m
[0;32mI (283) spi_flash: detected chip: generic[0m
[0;32mI (287) spi_flash: flash io: dio[0m
[0;33mW (290) spi_flash: Detected size(4096k) larger than the size in the binary image header(2048k). Using the size in the binary image header.[0m
[0;33mW (302) i2c: This driver is an old driver, please migrate your application code to adapt `driver/i2c_master.h`[0m
[0;32mI (323) main_task: Started on CPU0[0m
[0;32mI (333) main_task: Calling app_main()[0m
[0;32mI (333) pm: Frequency switching config: CPU_MAX: 240, APB_MAX: 240, APB_MIN: 80, Light sleep: ENABLED[0m
ESP_ERROR_CHECK failed: esp_err_t 0xffffffff (ESP_FAIL) at 0x400d6842
file: "./main/accel.c" line 46
func: initMPU
expression: res

abort() was called at PC 0x40088917 on core 0


Backtrace: 0x400889f5:0x3ffb5010 0x40088985:0x3ffb5030 0x4008eeb1:0x3ffb5050 0x40088917:0x3ffb50c0 0x400d6842:0x3ffb50f0 0x400d660f:0x3ffb5110 0x400e79c5:0x3ffb5150 0x40089629:0x3ffb5180




ELF file SHA256: ebcb02bdd

Rebooting...
ets Jul 29 2019 12:21:46

rst:0xc (SW_CPU_RESET),boot:0x13 (SPI_FAST_FLASH_BOOT)
configsip: 0, SPIWP:0xee
clk_drv:0x00,q_drv:0x00,d_drv:0x00,cs0_drv:0x00,hd_drv:0x00,wp_drv:0x00
mode:DIO, clock div:2
load:0x3fff0030,len:6380
ho 0 tail 12 room 4
load:0x40078000,len:15916
load:0x40080400,len:3860
entry 0x40080638
[0;32mI (29) boot: ESP-IDF HEAD-HASH-NOTFOUND 2nd stage bootloader[0m
[0;32mI (29) boot: compile time Oct 15 2025 07:58:48[0m
[0;32mI (29) boot: Multicore bootloader[0m
[0;32mI (32) boot: chip revision: v3.1[0m
[0;32mI (34) boot.esp32: SPI Speed      : 40MHz[0m
[0;32mI (38) boot.esp32: SPI Mode       : DIO[0m
[0;32mI (42) boot.esp32: SPI Flash Size : 2MB[0m
[0;32mI (45) boot: Enabling RNG early entropy source...[0m
[0;32mI (50) boot: Partition Table:[0m
[0;32mI (52) boot: ## Label            Usage          Type ST Offset   Length[0m
[0;32mI (59) boot:  0 nvs              WiFi data        01 02 00009000 00006000[0m
[0;32mI (65) boot:  1 phy_init         RF data          01 01 0000f000 00001000[0m
[0;32mI (72) boot:  2 factory          factory app      00 00 00010000 00100000[0m
[0;32mI (78) boot: End of partition table[0m
[0;32mI (82) esp_image: segment 0: paddr=00010020 vaddr=3f400020 size=0bc04h ( 48132) map[0m
[0;32mI (105) esp_image: segment 1: paddr=0001bc2c vaddr=3ffb0000 size=02498h (  9368) load[0m
[0;32mI (109) esp_image: segment 2: paddr=0001e0cc vaddr=40080000 size=01f4ch (  8012) load[0m
[0;32mI (113) esp_image: segment 3: paddr=00020020 vaddr=400d0020 size=18134h ( 98612) map[0m
[0;32mI (151) esp_image: segment 4: paddr=0003815c vaddr=40081f4c size=0ece4h ( 60644) load[0m
[0;32mI (174) esp_image: segment 5: paddr=00046e48 vaddr=50000000 size=00020h (    32) load[0m
[0;32mI (183) boot: Loaded app from partition at offset 0x10000[0m
[0;32mI (183) boot: Disabling RNG early entropy source...[0m
[0;32mI (195) cpu_start: Multicore app[0m
[0;32mI (203) cpu_start: Pro cpu start user code[0m
[0;32mI (203) cpu_start: cpu freq: 160000000 Hz[0m
[0;32mI (203) app_init: Application information:[0m
[0;32mI (203) app_init: Project name:     lab5[0m
[0;32mI (207) app_init: App version:      29eaf56-dirty[0m
[0;32mI (211) app_init: Compile time:     Oct 15 2025 10:23:15[0m
[0;32mI (216) app_init: ELF file SHA256:  ebcb02bdd...[0m
[0;32mI (221) app_init: ESP-IDF:          HEAD-HASH-NOTFOUND[0m
[0;32mI (226) efuse_init: Min chip rev:     v0.0[0m
[0;32mI (229) efuse_init: Max chip rev:     v3.99 [0m
[0;32mI (233) efuse_init: Chip rev:         v3.1[0m
[0;32mI (237) heap_init: Initializing. RAM available for dynamic allocation:[0m
[0;32mI (244) heap_init: At 3FFAE6E0 len 00001920 (6 KiB): DRAM[0m
[0;32mI (249) heap_init: At 3FFB2E58 len 0002D1A8 (180 KiB): DRAM[0m
[0;32mI (254) heap_init: At 3FFE0440 len 00003AE0 (14 KiB): D/IRAM[0m
[0;32mI (259) heap_init: At 3FFE4350 len 0001BCB0 (111 KiB): D/IRAM[0m
[0;32mI (265) heap_init: At 40090C30 len 0000F3D0 (60 KiB): IRAM[0m
[0;33mW (271) spi_flash: Detected boya flash chip but using generic driver. For optimal functionality, enable `SPI_FLASH_SUPPORT_BOYA_CHIP` in menuconfig[0m
[0;32mI (283) spi_flash: detected chip: generic[0m
[0;32mI (287) spi_flash: flash io: dio[0m
[0;33mW (290) spi_flash: Detected size(4096k) larger than the size in the binary image header(2048k). Using the size in the binary image header.[0m
[0;33mW (302) i2c: This driver is an old driver, please migrate your application code to adapt `driver/i2c_master.h`[0m
[0;32mI (323) main_task: Started on CPU0[0m
[0;32mI (333) main_task: Calling app_main()[0m
[0;32mI (333) pm: Frequency switching config: CPU_MAX: 240, APB_MAX: 240, APB_MIN: 80, Light sleep: ENABLED[0m
ESP_ERROR_CHECK failed: esp_err_t 0xffffffff (ESP_FAIL) at 0x400d6842
file: "./main/accel.c" line 46
func: initMPU
expression: res

abort() was called at PC 0x40088917 on core 0


Backtrace: 0x400889f5:0x3ffb5010 0x40088985:0x3ffb5030 0x4008eeb1:0x3ffb5050 0x40088917:0x3ffb50c0 0x400d6842:0x3ffb50f0 0x400d660f:0x3ffb5110 0x400e79c5:0x3ffb5150 0x40089629:0x3ffb5180




ELF file SHA256: ebcb02bdd

Rebooting...
ets Jul 29 2019 12:21:46

rst:0xc (SW_CPU_RESET),boot:0x13 (SPI_FAST_FLASH_BOOT)
configsip: 0, SPIWP:0xee
clk_drv:0x00,q_drv:0x00,d_drv:0x00,cs0_drv:0x00,hd_drv:0x00,wp_drv:0x00
mode:DIO, clock div:2
load:0x3fff0030,len:6380
ho 0 tail 12 room 4
load:0x40078000,len:15916
load:0x40080400,len:3860
entry 0x40080638
[0;32mI (29) boot: ESP-IDF HEAD-HASH-NOTFOUND 2nd stage bootloader[0m
[0;32mI (29) boot: compile time Oct 15 2025 07:58:48[0m
[0;32mI (29) boot: Multicore bootloader[0m
[0;32mI (32) boot: chip revision: v3.1[0m
[0;32mI (34) boot.esp32: SPI Speed      : 40MHz[0m
[0;32mI (38) boot.esp32: SPI Mode       : DIO[0m
[0;32mI (42) boot.esp32: SPI Flash Size : 2MB[0m
[0;32mI (45) boot: Enabling RNG early entropy source...[0m
[0;32mI (50) boot: Partition Table:[0m
[0;32mI (52) boot: ## Label            Usage          Type ST Offset   Length[0m
[0;32mI (59) boot:  0 nvs              WiFi data        01 02 00009000 00006000[0m
[0;32mI (65) boot:  1 phy_init         RF data          01 01 0000f000 00001000[0m
[0;32mI (72) boot:  2 factory          factory app      00 00 00010000 00100000[0m
[0;32mI (78) boot: End of partition table[0m
[0;32mI (82) esp_image: segment 0: paddr=00010020 vaddr=3f400020 size=0bc04h ( 48132) map[0m
[0;32mI (105) esp_image: segment 1: paddr=0001bc2c vaddr=3ffb0000 size=02498h (  9368) load[0m
[0;32mI (109) esp_image: segment 2: paddr=0001e0cc vaddr=40080000 size=01f4ch (  8012) load[0m
[0;32mI (113) esp_image: segment 3: paddr=00020020 vaddr=400d0020 size=18134h ( 98612) map[0m
[0;32mI (151) esp_image: segment 4: paddr=0003815c vaddr=40081f4c size=0ece4h ( 60644) load[0m
[0;32mI (174) esp_image: segment 5: paddr=00046e48 vaddr=50000000 size=00020h (    32) load[0m
[0;32mI (183) boot: Loaded app from partition at offset 0x10000[0m
[0;32mI (183) boot: Disabling RNG early entropy source...[0m
[0;32mI (195) cpu_start: Multicore app[0m
[0;32mI (203) cpu_start: Pro cpu start user code[0m
[0;32mI (203) cpu_start: cpu freq: 160000000 Hz[0m
[0;32mI (203) app_init: Application information:[0m
[0;32mI (203) app_init: Project name:     lab5[0m
[0;32mI (207) app_init: App version:      29eaf56-dirty[0m
[0;32mI (211) app_init: Compile time:     Oct 15 2025 10:23:15[0m
[0;32mI (216) app_init: ELF file SHA256:  ebcb02bdd...[0m
[0;32mI (221) app_init: ESP-IDF:          HEAD-HASH-NOTFOUND[0m
[0;32mI (226) efuse_init: Min chip rev:     v0.0[0m
[0;32mI (229) efuse_init: Max chip rev:     v3.99 [0m
[0;32mI (233) efuse_init: Chip rev:         v3.1[0m
[0;32mI (237) heap_init: Initializing. RAM available for dynamic allocation:[0m
[0;32mI (244) heap_init: At 3FFAE6E0 len 00001920 (6 KiB): DRAM[0m
[0;32mI (249) heap_init: At 3FFB2E58 len 0002D1A8 (180 KiB): DRAM[0m
[0;32mI (254) heap_init: At 3FFE0440 len 00003AE0 (14 KiB): D/IRAM[0m
[0;32mI (259) heap_init: At 3FFE4350 len 0001BCB0 (111 KiB): D/IRAM[0m
[0;32mI (265) heap_init: At 40090C30 len 0000F3D0 (60 KiB): IRAM[0m
[0;33mW (271) spi_flash: Detected boya flash chip but using generic driver. For optimal functionality, enable `SPI_FLASH_SUPPORT_BOYA_CHIP` in menuconfig[0m
[0;32mI (283) spi_flash: detected chip: generic[0m
[0;32mI (287) spi_flash: flash io: dio[0m
[0;33mW (290) spi_flash: Detected size(4096k) larger than the size in the binary image header(2048k). Using the size in the binary image header.[0m
[0;33mW (302) i2c: This driver is an old driver, please migrate your application code to adapt `driver/i2c_master.h`[0m
[0;32mI (323) main_task: Started on CPU0[0m
[0;32mI (333) main_task: Calling app_main()[0m
[0;32mI (333) pm: Frequency switching config: CPU_MAX: 240, APB_MAX: 240, APB_MIN: 80, Light sleep: ENABLED[0m
ESP_ERROR_CHECK failed: esp_err_t 0xffffffff (ESP_FAIL) at 0x400d6842
file: "./main/accel.c" line 46
func: initMPU
expression: res

abort() was called at PC 0x40088917 on core 0


Backtrace: 0x400889f5:0x3ffb5010 0x40088985:0x3ffb5030 0x4008eeb1:0x3ffb5050 0x40088917:0x3ffb50c0 0x400d6842:0x3ffb50f0 0x400d660f:0x3ffb5110 0x400e79c5:0x3ffb5150 0x40089629:0x3ffb5180




ELF file SHA256: ebcb02bdd

Rebooting...
ets Jul 29 2019 12:21:46

rst:0xc (SW_CPU_RESET),boot:0x13 (SPI_FAST_FLASH_BOOT)
configsip: 0, SPIWP:0xee
clk_drv:0x00,q_drv:0x00,d_drv:0x00,cs0_drv:0x00,hd_drv:0x00,wp_drv:0x00
mode:DIO, clock div:2
load:0x3fff0030,len:6380
ho 0 tail 12 room 4
load:0x40078000,len:15916
load:0x40080400,len:3860
entry 0x40080638
[0;32mI (29) boot: ESP-IDF HEAD-HASH-NOTFOUND 2nd stage bootloader[0m
[0;32mI (29) boot: compile time Oct 15 2025 07:58:48[0m
[0;32mI (29) boot: Multicore bootloader[0m
[0;32mI (32) boot: chip revision: v3.1[0m
[0;32mI (34) boot.esp32: SPI Speed      : 40MHz[0m
[0;32mI (38) boot.esp32: SPI Mode       : DIO[0m
[0;32mI (42) boot.esp32: SPI Flash Size : 2MB[0m
[0;32mI (45) boot: Enabling RNG early entropy source...[0m
[0;32mI (50) boot: Partition Table:[0m
[0;32mI (52) boot: ## Label            Usage          Type ST Offset   Length[0m
[0;32mI (59) boot:  0 nvs              WiFi data        01 02 00009000 00006000[0m
[0;32mI (65) boot:  1 phy_init         RF data          01 01 0000f000 00001000[0m
[0;32mI (72) boot:  2 factory          factory app      00 00 00010000 00100000[0m
[0;32mI (78) boot: End of partition table[0m
[0;32mI (82) esp_image: segment 0: paddr=00010020 vaddr=3f400020 size=0bc04h ( 48132) map[0m
[0;32mI (105) esp_image: segment 1: paddr=0001bc2c vaddr=3ffb0000 size=02498h (  9368) load[0m
[0;32mI (109) esp_image: segment 2: paddr=0001e0cc vaddr=40080000 size=01f4ch (  8012) load[0m
[0;32mI (113) esp_image: segment 3: paddr=00020020 vaddr=400d0020 size=18134h ( 98612) map[0m
[0;32mI (151) esp_image: segment 4: paddr=0003815c vaddr=40081f4c size=0ece4h ( 60644) load[0m
[0;32mI (174) esp_image: segment 5: paddr=00046e48 vaddr=50000000 size=00020h (    32) load[0m
[0;32mI (183) boot: Loaded app from partition at offset 0x10000[0m
[0;32mI (183) boot: Disabling RNG early entropy source...[0m
[0;32mI (195) cpu_start: Multicore app[0m
[0;32mI (203) cpu_start: Pro cpu start user code[0m
[0;32mI (203) cpu_start: cpu freq: 160000000 Hz[0m
[0;32mI (203) app_init: Application information:[0m
[0;32mI (203) app_init: Project name:     lab5[0m
[0;32mI (207) app_init: App version:      29eaf56-dirty[0m
[0;32mI (211) app_init: Compile time:     Oct 15 2025 10:23:15[0m
[0;32mI (216) app_init: ELF file SHA256:  ebcb02bdd...[0m
[0;32mI (221) app_init: ESP-IDF:          HEAD-HASH-NOTFOUND[0m
[0;32mI (226) efuse_init: Min chip rev:     v0.0[0m
[0;32mI (229) efuse_init: Max chip rev:     v3.99 [0m
[0;32mI (233) efuse_init: Chip rev:         v3.1[0m
[0;32mI (237) heap_init: Initializing. RAM available for dynamic allocation:[0m
[0;32mI (244) heap_init: At 3FFAE6E0 len 00001920 (6 KiB): DRAM[0m
[0;32mI (249) heap_init: At 3FFB2E58 len 0002D1A8 (180 KiB): DRAM[0m
[0;32mI (254) heap_init: At 3FFE0440 len 00003AE0 (14 KiB): D/IRAM[0m
[0;32mI (259) heap_init: At 3FFE4350 len 0001BCB0 (111 KiB): D/IRAM[0m
[0;32mI (265) heap_init: At 40090C30 len 0000F3D0 (60 KiB): IRAM[0m
[0;33mW (271) spi_flash: Detected boya flash chip but using generic driver. For optimal functionality, enable `SPI_FLASH_SUPPORT_BOYA_CHIP` in menuconfig[0m
[0;32mI (283) spi_flash: detected chip: generic[0m
[0;32mI (287) spi_flash: flash io: dio[0m
[0;33mW (290) spi_flash: Detected size(4096k) larger than the size in the binary image header(2048k). Using the size in the binary image header.[0m
[0;33mW (302) i2c: This driver is an old driver, please migrate your application code to adapt `driver/i2c_master.h`[0m
[0;32mI (323) main_task: Started on CPU0[0m
[0;32mI (333) main_task: Calling app_main()[0m
[0;32mI (333) pm: Frequency switching config: CPU_MAX: 240, APB_MAX: 240, APB_MIN: 80, Light sleep: ENABLED[0m
ESP_ERROR_CHECK failed: esp_err_t 0xffffffff (ESP_FAIL) at 0x400d6842
file: "./main/accel.c" line 46
func: initMPU
expression: res

abort() was called at PC 0x40088917 on core 0


Backtrace: 0x400889f5:0x3ffb5010 0x40088985:0x3ffb5030 0x4008eeb1:0x3ffb5050 0x40088917:0x3ffb50c0 0x400d6842:0x3ffb50f0 0x400d660f:0x3ffb5110 0x400e79c5:0x3ffb5150 0x40089629:0x3ffb5180




ELF file SHA256: ebcb02bdd

Rebooting...
ets Jul 29 2019 12:21:46

rst:0xc (SW_CPU_RESET),boot:0x13 (SPI_FAST_FLASH_BOOT)
configsip: 0, SPIWP:0xee
clk_drv:0x00,q_drv:0x00,d_drv:0x00,cs0_drv:0x00,hd_drv:0x00,wp_drv:0x00
mode:DIO, clock div:2
load:0x3fff0030,len:6380
ho 0 tail 12 room 4
load:0x40078000,len:15916
load:0x40080400,len:3860
entry 0x40080638
[0;32mI (29) boot: ESP-IDF HEAD-HASH-NOTFOUND 2nd stage bootloader[0m
[0;32mI (29) boot: compile time Oct 15 2025 07:58:48[0m
[0;32mI (29) boot: Multicore bootloader[0m
[0;32mI (32) boot: chip revision: v3.1[0m
[0;32mI (34) boot.esp32: SPI Speed      : 40MHz[0m
[0;32mI (38) boot.esp32: SPI Mode       : DIO[0m
[0;32mI (42) boot.esp32: SPI Flash Size : 2MB[0m
[0;32mI (45) boot: Enabling RNG early entropy source...[0m
[0;32mI (50) boot: Partition Table:[0m
[0;32mI (52) boot: ## Label            Usage          Type ST Offset   Length[0m
[0;32mI (59) boot:  0 nvs              WiFi data        01 02 00009000 00006000[0m
[0;32mI (65) boot:  1 phy_init         RF data          01 01 0000f000 00001000[0m
[0;32mI (72) boot:  2 factory          factory app      00 00 00010000 00100000[0m
[0;32mI (78) boot: End of partition table[0m
[0;32mI (82) esp_image: segment 0: paddr=00010020 vaddr=3f400020 size=0bc04h ( 48132) map[0m
[0;32mI (105) esp_image: segment 1: paddr=0001bc2c vaddr=3ffb0000 size=02498h (  9368) load[0m
[0;32mI (109) esp_image: segment 2: paddr=0001e0cc vaddr=40080000 size=01f4ch (  8012) load[0m
[0;32mI (113) esp_image: segment 3: paddr=00020020 vaddr=400d0020 size=18134h ( 98612) map[0m
[0;32mI (151) esp_image: segment 4: paddr=0003815c vaddr=40081f4c size=0ece4h ( 60644) load[0m
[0;32mI (174) esp_image: segment 5: paddr=00046e48 vaddr=50000000 size=00020h (    32) load[0m
[0;32mI (183) boot: Loaded app from partition at offset 0x10000[0m
[0;32mI (183) boot: Disabling RNG early entropy source...[0m
[0;32mI (195) cpu_start: Multicore app[0m
[0;32mI (203) cpu_start: Pro cpu start user code[0m
[0;32mI (203) cpu_start: cpu freq: 160000000 Hz[0m
[0;32mI (203) app_init: Application information:[0m
[0;32mI (203) app_init: Project name:     lab5[0m
[0;32mI (207) app_init: App version:      29eaf56-dirty[0m
[0;32mI (211) app_init: Compile time:     Oct 15 2025 10:23:15[0m
[0;32mI (216) app_init: ELF file SHA256:  ebcb02bdd...[0m
[0;32mI (221) app_init: ESP-IDF:          HEAD-HASH-NOTFOUND[0m
[0;32mI (226) efuse_init: Min chip rev:     v0.0[0m
[0;32mI (229) efuse_init: Max chip rev:     v3.99 [0m
[0;32mI (233) efuse_init: Chip rev:         v3.1[0m
[0;32mI (237) heap_init: Initializing. RAM available for dynamic allocation:[0m
[0;32mI (244) heap_init: At 3FFAE6E0 len 00001920 (6 KiB): DRAM[0m
[0;32mI (249) heap_init: At 3FFB2E58 len 0002D1A8 (180 KiB): DRAM[0m
[0;32mI (254) heap_init: At 3FFE0440 len 00003AE0 (14 KiB): D/IRAM[0m
[0;32mI (259) heap_init: At 3FFE4350 len 0001BCB0 (111 KiB): D/IRAM[0m
[0;32mI (265) heap_init: At 40090C30 len 0000F3D0 (60 KiB): IRAM[0m
[0;33mW (271) spi_flash: Detected boya flash chip but using generic driver. For optimal functionality, enable `SPI_FLASH_SUPPORT_BOYA_CHIP` in menuconfig[0m
[0;32mI (283) spi_flash: detected chip: generic[0m
[0;32mI (287) spi_flash: flash io: dio[0m
[0;33mW (290) spi_flash: Detected size(4096k) larger than the size in the binary image header(2048k). Using the size in the binary image header.[0m
[0;33mW (302) i2c: This driver is an old driver, please migrate your application code to adapt `driver/i2c_master.h`[0m
[0;32mI (323) main_task: Started on CPU0[0m
[0;32mI (333) main_task: Calling app_main()[0m
[0;32mI (333) pm: Frequency switching config: CPU_MAX: 240, APB_MAX: 240, APB_MIN: 80, Light sleep: ENABLED[0m
ESP_ERROR_CHECK failed: esp_err_t 0xffffffff (ESP_FAIL) at 0x400d6842
file: "./main/accel.c" line 46
func: initMPU
expression: res

abort() was called at PC 0x40088917 on core 0


Backtrace: 0x400889f5:0x3ffb5010 0x40088985:0x3ffb5030 0x4008eeb1:0x3ffb5050 0x40088917:0x3ffb50c0 0x400d6842:0x3ffb50f0 0x400d660f:0x3ffb5110 0x400e79c5:0x3ffb5150 0x40089629:0x3ffb5180




ELF file SHA256: ebcb02bdd

Rebooting...
ets Jul 29 2019 12:21:46

rst:0xc (SW_CPU_RESET),boot:0x13 (SPI_FAST_FLASH_BOOT)
configsip: 0, SPIWP:0xee
clk_drv:0x00,q_drv:0x00,d_drv:0x00,cs0_drv:0x00,hd_drv:0x00,wp_drv:0x00
mode:DIO, clock div:2
load:0x3fff0030,len:6380
ho 0 tail 12 room 4
load:0x40078000,len:15916
load:0x40080400,len:3860
entry 0x40080638
[0;32mI (29) boot: ESP-IDF HEAD-HASH-NOTFOUND 2nd stage bootloader[0m
[0;32mI (29) boot: compile time Oct 15 2025 07:58:48[0m
[0;32mI (29) boot: Multicore bootloader[0m
[0;32mI (32) boot: chip revision: v3.1[0m
[0;32mI (34) boot.esp32: SPI Speed      : 40MHz[0m
[0;32mI (38) boot.esp32: SPI Mode       : DIO[0m
[0;32mI (42) boot.esp32: SPI Flash Size : 2MB[0m
[0;32mI (45) boot: Enabling RNG early entropy source...[0m
[0;32mI (50) boot: Partition Table:[0m
[0;32mI (52) boot: ## Label            Usage          Type ST Offset   Length[0m
[0;32mI (59) boot:  0 nvs              WiFi data        01 02 00009000 00006000[0m
[0;32mI (65) boot:  1 phy_init         RF data          01 01 0000f000 00001000[0m
[0;32mI (72) boot:  2 factory          factory app      00 00 00010000 00100000[0m
[0;32mI (78) boot: End of partition table[0m
[0;32mI (82) esp_image: segment 0: paddr=00010020 vaddr=3f400020 size=0bc04h ( 48132) map[0m
[0;32mI (105) esp_image: segment 1: paddr=0001bc2c vaddr=3ffb0000 size=02498h (  9368) load[0m
[0;32mI (109) esp_image: segment 2: paddr=0001e0cc vaddr=40080000 size=01f4ch (  8012) load[0m
[0;32mI (113) esp_image: segment 3: paddr=00020020 vaddr=400d0020 size=18134h ( 98612) map[0m
[0;32mI (151) esp_image: segment 4: paddr=0003815c vaddr=40081f4c size=0ece4h ( 60644) load[0m
[0;32mI (174) esp_image: segment 5: paddr=00046e48 vaddr=50000000 size=00020h (    32) load[0m
[0;32mI (183) boot: Loaded app from partition at offset 0x10000[0m
[0;32mI (183) boot: Disabling RNG early entropy source...[0m
[0;32mI (195) cpu_start: Multicore app[0m
[0;32mI (203) cpu_start: Pro cpu start user code[0m
[0;32mI (203) cpu_start: cpu freq: 160000000 Hz[0m
[0;32mI (203) app_init: Application information:[0m
[0;32mI (203) app_init: Project name:     lab5[0m
[0;32mI (207) app_init: App version:      29eaf56-dirty[0m
[0;32mI (211) app_init: Compile time:     Oct 15 2025 10:23:15[0m
[0;32mI (216) app_init: ELF file SHA256:  ebcb02bdd...[0m
[0;32mI (221) app_init: ESP-IDF:          HEAD-HASH-NOTFOUND[0m
[0;32mI (226) efuse_init: Min chip rev:     v0.0[0m
[0;32mI (229) efuse_init: Max chip rev:     v3.99 [0m
[0;32mI (233) efuse_init: Chip rev:         v3.1[0m
[0;32mI (237) heap_init: Initializing. RAM available for dynamic allocation:[0m
[0;32mI (244) heap_init: At 3FFAE6E0 len 00001920 (6 KiB): DRAM[0m
[0;32mI (249) heap_init: At 3FFB2E58 len 0002D1A8 (180 KiB): DRAM[0m
[0;32mI (254) heap_init: At 3FFE0440 len 00003AE0 (14 KiB): D/IRAM[0m
[0;32mI (259) heap_init: At 3FFE4350 len 0001BCB0 (111 KiB): D/IRAM[0m
[0;32mI (265) heap_init: At 40090C30 len 0000F3D0 (60 KiB): IRAM[0m
[0;33mW (271) spi_flash: Detected boya flash chip but using generic driver. For optimal functionality, enable `SPI_FLASH_SUPPORT_BOYA_CHIP` in menuconfig[0m
[0;32mI (283) spi_flash: detected chip: generic[0m
[0;32mI (287) spi_flash: flash io: dio[0m
[0;33mW (290) spi_flash: Detected size(4096k) larger than the size in the binary image header(2048k). Using the size in the binary image header.[0m
[0;33mW (302) i2c: This driver is an old driver, please migrate your application code to adapt `driver/i2c_master.h`[0m
[0;32mI (323) main_task: Started on CPU0[0m
[0;32mI (333) main_task: Calling app_main()[0m
[0;32mI (333) pm: Frequency switching config: CPU_MAX: 240, APB_MAX: 240, APB_MIN: 80, Light sleep: ENABLED[0m
ESP_ERROR_CHECK failed: esp_err_t 0xffffffff (ESP_FAIL) at 0x400d6842
file: "./main/accel.c" line 46
func: initMPU
expression: res

abort() was called at PC 0x40088917 on core 0


Backtrace: 0x400889f5:0x3ffb5010 0x40088985:0x3ffb5030 0x4008eeb1:0x3ffb5050 0x40088917:0x3ffb50c0 0x400d6842:0x3ffb50f0 0x400d660f:0x3ffb5110 0x400e79c5:0x3ffb5150 0x40089629:0x3ffb5180




ELF file SHA256: ebcb02bdd

Rebooting...
ets Jul 29 2019 12:21:46

rst:0xc (SW_CPU_RESET),boot:0x13 (SPI_FAST_FLASH_BOOT)
configsip: 0, SPIWP:0xee
clk_drv:0x00,q_drv:0x00,d_drv:0x00,cs0_drv:0x00,hd_drv:0x00,wp_drv:0x00
mode:DIO, clock div:2
load:0x3fff0030,len:6380
ho 0 tail 12 room 4
load:0x40078000,len:15916
load:0x40080400,len:3860
entry 0x40080638
[0;32mI (29) boot: ESP-IDF HEAD-HASH-NOTFOUND 2nd stage bootloader[0m
[0;32mI (29) boot: compile time Oct 15 2025 07:58:48[0m
[0;32mI (29) boot: Multicore bootloader[0m
[0;32mI (32) boot: chip revision: v3.1[0m
[0;32mI (34) boot.esp32: SPI Speed      : 40MHz[0m
[0;32mI (38) boot.esp32: SPI Mode       : DIO[0m
[0;32mI (42) boot.esp32: SPI Flash Size : 2MB[0m
[0;32mI (45) boot: Enabling RNG early entropy source...[0m
[0;32mI (50) boot: Partition Table:[0m
[0;32mI (52) boot: ## Label            Usage          Type ST Offset   Length[0m
[0;32mI (59) boot:  0 nvs              WiFi data        01 02 00009000 00006000[0m
[0;32mI (65) boot:  1 phy_init         RF data          01 01 0000f000 00001000[0m
[0;32mI (72) boot:  2 factory          factory app      00 00 00010000 00100000[0m
[0;32mI (78) boot: End of partition table[0m
[0;32mI (82) esp_image: segment 0: paddr=00010020 vaddr=3f400020 size=0bc04h ( 48132) map[0m
[0;32mI (105) esp_image: segment 1: paddr=0001bc2c vaddr=3ffb0000 size=02498h (  9368) load[0m
[0;32mI (109) esp_image: segment 2: paddr=0001e0cc vaddr=40080000 size=01f4ch (  8012) load[0m
[0;32mI (113) esp_image: segment 3: paddr=00020020 vaddr=400d0020 size=18134h ( 98612) map[0m
[0;32mI (151) esp_image: segment 4: paddr=0003815c vaddr=40081f4c size=0ece4h ( 60644) load[0m
[0;32mI (174) esp_image: segment 5: paddr=00046e48 vaddr=50000000 size=00020h (    32) load[0m
[0;32mI (183) boot: Loaded app from partition at offset 0x10000[0m
[0;32mI (183) boot: Disabling RNG early entropy source...[0m
[0;32mI (195) cpu_start: Multicore app[0m
[0;32mI (203) cpu_start: Pro cpu start user code[0m
[0;32mI (203) cpu_start: cpu freq: 160000000 Hz[0m
[0;32mI (203) app_init: Application information:[0m
[0;32mI (203) app_init: Project name:     lab5[0m
[0;32mI (207) app_init: App version:      29eaf56-dirty[0m
[0;32mI (211) app_init: Compile time:     Oct 15 2025 10:23:15[0m
[0;32mI (216) app_init: ELF file SHA256:  ebcb02bdd...[0m
[0;32mI (221) app_init: ESP-IDF:          HEAD-HASH-NOTFOUND[0m
[0;32mI (226) efuse_init: Min chip rev:     v0.0[0m
[0;32mI (229) efuse_init: Max chip rev:     v3.99 [0m
[0;32mI (233) efuse_init: Chip rev:         v3.1[0m
[0;32mI (237) heap_init: Initializing. RAM available for dynamic allocation:[0m
[0;32mI (244) heap_init: At 3FFAE6E0 len 00001920 (6 KiB): DRAM[0m
[0;32mI (249) heap_init: At 3FFB2E58 len 0002D1A8 (180 KiB): DRAM[0m
[0;32mI (254) heap_init: At 3FFE0440 len 00003AE0 (14 KiB): D/IRAM[0m
[0;32mI (259) heap_init: At 3FFE4350 len 0001BCB0 (111 KiB): D/IRAM[0m
[0;32mI (265) heap_init: At 40090C30 len 0000F3D0 (60 KiB): IRAM[0m
[0;33mW (271) spi_flash: Detected boya flash chip but using generic driver. For optimal functionality, enable `SPI_FLASH_SUPPORT_BOYA_CHIP` in menuconfig[0m
[0;32mI (283) spi_flash: detected chip: generic[0m
[0;32mI (287) spi_flash: flash io: dio[0m
[0;33mW (290) spi_flash: Detected size(4096k) larger than the size in the binary image header(2048k). Using the size in the binary image header.[0m
[0;33mW (302) i2c: This driver is an old driver, please migrate your application code to adapt `driver/i2c_master.h`[0m
[0;32mI (323) main_task: Started on CPU0[0m
[0;32mI (333) main_task: Calling app_main()[0m
[0;32mI (333) pm: Frequency switching config: CPU_MAX: 240, APB_MAX: 240, APB_MIN: 80, Light sleep: ENABLED[0m
ESP_ERROR_CHECK failed: esp_err_t 0xffffffff (ESP_FAIL) at 0x400d6842
file: "./main/accel.c" line 46
func: initMPU
expression: res

abort() was called at PC 0x40088917 on core 0


Backtrace: 0x400889f5:0x3ffb5010 0x40088985:0x3ffb5030 0x4008eeb1:0x3ffb5050 0x40088917:0x3ffb50c0 0x400d6842:0x3ffb50f0 0x400d660f:0x3ffb5110 0x400e79c5:0x3ffb5150 0x40089629:0x3ffb5180




ELF file SHA256: ebcb02bdd

Rebooting...
ets Jul 29 2019 12:21:46

rst:0xc (SW_CPU_RESET),boot:0x13 (SPI_FAST_FLASH_BOOT)
configsip: 0, SPIWP:0xee
clk_drv:0x00,q_drv:0x00,d_drv:0x00,cs0_drv:0x00,hd_drv:0x00,wp_drv:0x00
mode:DIO, clock div:2
load:0x3fff0030,len:6380
ho 0 tail 12 room 4
load:0x40078000,len:15916
load:0x40080400,len:3860
entry 0x40080638
[0;32mI (29) boot: ESP-IDF HEAD-HASH-NOTFOUND 2nd stage bootloader[0m
[0;32mI (29) boot: compile time Oct 15 2025 07:58:48[0m
[0;32mI (29) boot: Multicore bootloader[0m
[0;32mI (32) boot: chip revision: v3.1[0m
[0;32mI (34) boot.esp32: SPI Speed      : 40MHz[0m
[0;32mI (38) boot.esp32: SPI Mode       : DIO[0m
[0;32mI (42) boot.esp32: SPI Flash Size : 2MB[0m
[0;32mI (45) boot: Enabling RNG early entropy source...[0m
[0;32mI (50) boot: Partition Table:[0m
[0;32mI (52) boot: ## Label            Usage          Type ST Offset   Length[0m
[0;32mI (59) boot:  0 nvs              WiFi data        01 02 00009000 00006000[0m
[0;32mI (65) boot:  1 phy_init         RF data          01 01 0000f000 00001000[0m
[0;32mI (72) boot:  2 factory          factory app      00 00 00010000 00100000[0m
[0;32mI (78) boot: End of partition table[0m
[0;32mI (82) esp_image: segment 0: paddr=00010020 vaddr=3f400020 size=0bc04h ( 48132) map[0m
[0;32mI (105) esp_image: segment 1: paddr=0001bc2c vaddr=3ffb0000 size=02498h (  9368) load[0m
[0;32mI (109) esp_image: segment 2: paddr=0001e0cc vaddr=40080000 size=01f4ch (  8012) load[0m
[0;32mI (113) esp_image: segment 3: paddr=00020020 vaddr=400d0020 size=18134h ( 98612) map[0m
[0;32mI (151) esp_image: segment 4: paddr=0003815c vaddr=40081f4c size=0ece4h ( 60644) load[0m
[0;32mI (174) esp_image: segment 5: paddr=00046e48 vaddr=50000000 size=00020h (    32) load[0m
[0;32mI (183) boot: Loaded app from partition at offset 0x10000[0m
[0;32mI (183) boot: Disabling RNG early entropy source...[0m
[0;32mI (195) cpu_start: Multicore app[0m
[0;32mI (203) cpu_start: Pro cpu start user code[0m
[0;32mI (203) cpu_start: cpu freq: 160000000 Hz[0m
[0;32mI (203) app_init: Application information:[0m
[0;32mI (203) app_init: Project name:     lab5[0m
[0;32mI (207) app_init: App version:      29eaf56-dirty[0m
[0;32mI (211) app_init: Compile time:     Oct 15 2025 10:23:15[0m
[0;32mI (216) app_init: ELF file SHA256:  ebcb02bdd...[0m
[0;32mI (221) app_init: ESP-IDF:          HEAD-HASH-NOTFOUND[0m
[0;32mI (226) efuse_init: Min chip rev:     v0.0[0m
[0;32mI (229) efuse_init: Max chip rev:     v3.99 [0m
[0;32mI (233) efuse_init: Chip rev:         v3.1[0m
[0;32mI (237) heap_init: Initializing. RAM available for dynamic allocation:[0m
[0;32mI (244) heap_init: At 3FFAE6E0 len 00001920 (6 KiB): DRAM[0m
[0;32mI (249) heap_init: At 3FFB2E58 len 0002D1A8 (180 KiB): DRAM[0m
[0;32mI (254) heap_init: At 3FFE0440 len 00003AE0 (14 KiB): D/IRAM[0m
[0;32mI (259) heap_init: At 3FFE4350 len 0001BCB0 (111 KiB): D/IRAM[0m
[0;32mI (265) heap_init: At 40090C30 len 0000F3D0 (60 KiB): IRAM[0m
[0;33mW (271) spi_flash: Detected boya flash chip but using generic driver. For optimal functionality, enable `SPI_FLASH_SUPPORT_BOYA_CHIP` in menuconfig[0m
[0;32mI (283) spi_flash: detected chip: generic[0m
[0;32mI (287) spi_flash: flash io: dio[0m
[0;33mW (290) spi_flash: Detected size(4096k) larger than the size in the binary image header(2048k). Using the size in the binary image header.[0m
[0;33mW (302) i2c: This driver is an old driver, please migrate your application code to adapt `driver/i2c_master.h`[0m
[0;32mI (323) main_task: Started on CPU0[0m
[0;32mI (333) main_task: Calling app_main()[0m
[0;32mI (333) pm: Frequency switching config: CPU_MAX: 240, APB_MAX: 240, APB_MIN: 80, Light sleep: ENABLED[0m
[0;32mI (333) main_task: Returned from app_main()[0m
vector:  8417 x:   496 y:  -188 z:  8396 stepcount:     0vector:  8372 x:   480 y:  -204 z:  8160 stepcount:     0vector:  8343 x:   476 y:   -96 z:  8328 stepcount:     0vector:  7743 x:   496 y:  -204 z:  8072 stepcount:     0vector:  8239 x:   480 y:  -128 z:  8036 stepcount:     0vector:  8233 x:   372 y:  -440 z:  8300 stepcount:     0vector:  8325 x:   416 y:  -192 z:  8184 stepcount:     0vector:  8220 x:   336 y:  -228 z:  8296 stepcount:     0vector:  8102 x:   420 y:  -420 z:  8304 stepcount:     0vector:  8405 x:   508 y:  -192 z:  8356 stepcount:     0vector:  8409 x:   300 y:  -208 z:  8276 stepcount:     0vector:  8253 x:   424 y:  -156 z:  8328 stepcount:     0vector:  8249 x:   420 y:  -292 z:  8408 stepcount:     0vector:  8076 x:   440 y:   -44 z:  8396 stepcount:     0vector:  8151 x:   404 y:  -180 z:  8172 stepcount:     0vector:  8221 x:   400 y:   -80 z:  8396 stepcount:     0vector:  8230 x:   396 y:  -192 z:  8168 stepcount:     0vector:  8452 x:   364 y:  -228 z:  8432 stepcount:     0vector:  8370 x:   472 y:  -188 z:  8260 stepcount:     0vector:  8201 x:   376 y:  -152 z:  8280 stepcount:     0vector:  8227 x:   404 y:  -392 z:  8296 stepcount:     0vector:  8120 x:   380 y:  -212 z:  8160 stepcount:     0vector:  8275 x:   392 y:  -196 z:  8256 stepcount:     0vector:  8234 x:   388 y:   -28 z:  8216 stepcount:     0vector:  8185 x:   356 y:  -248 z:  8204 stepcount:     1vector:  8268 x:   348 y:  -200 z:  8268 stepcount:     1vector:  8178 x:   508 y:  -152 z:  8196 stepcount:     1vector:  8395 x:   676 y:  -184 z:  8216 stepcount:     1vector:  7964 x:   436 y:  -472 z:  8312 stepcount:     1vector:  8443 x:   316 y:  -232 z:  8276 stepcount:     1vector:  8195 x:   444 y:  -476 z:  8044 stepcount:     1vector:  8269 x:   276 y:  -180 z:  7992 stepcount:     1vector:  8258 x:   420 y:  -200 z:  8072 stepcount:     1vector:  8215 x:   400 y:     0 z:  8308 stepcount:     1vector:  8015 x:   352 y:  -120 z:  8176 stepcount:     1vector:  8288 x:   952 y:  -540 z:  8288 stepcount:     1vector:  8293 x:   248 y:  -204 z:  8424 stepcount:     1vector:  8033 x:   528 y:  -384 z:  8196 stepcount:     1vector:  8430 x:   304 y:  -104 z:  7952 stepcount:     1vector:  8003 x:  -452 y:  -208 z:  7868 stepcount:     1vector:  8317 x:  1648 y:  -172 z:  7984 stepcount:     1vector:  8057 x:   684 y:   104 z:  8220 stepcount:     1vector:  7975 x:   368 y:  -172 z:  8108 stepcount:     1vector:  8159 x:   372 y:  -120 z:  8264 stepcount:     1vector:  8017 x:   376 y:  -204 z:  8284 stepcount:     1vector:  8077 x:   328 y:  -208 z:  8428 stepcount:     1vector:  7987 x:   380 y:  -196 z:  8424 stepcount:     1vector:  8406 x:   356 y:  -160 z:  8276 stepcount:     1vector:  8256 x:   496 y:  -144 z:  8172 stepcount:     1vector:  7988 x:  -120 y:    64 z:  8152 stepcount:     2vector:  8102 x:   404 y:  -256 z:  8204 stepcount:     2vector:  8290 x:   384 y:  -240 z:  7956 stepcount:     2vector:  8198 x:   384 y:  -172 z:  8228 stepcount:     2vector:  8010 x:   276 y:  -180 z:  8084 stepcount:     2vector:  8040 x:   448 y:  -276 z:  8232 stepcount:     2vector:  8088 x:   344 y:  -288 z:  8108 stepcount:     2vector:  8339 x:   440 y:   -40 z:  8252 stepcount:     2vector:  8408 x:   392 y:  -304 z:  8244 stepcount:     2vector:  8270 x:   364 y:  -152 z:  8432 stepcount:     2vector:  8439 x:   328 y:  -240 z:  8028 stepcount:     2vector:  8251 x:   508 y:  -472 z:  8056 stepcount:     2vector:  8272 x:   112 y:   100 z:  8352 stepcount:     2vector:  8047 x:   276 y:  -260 z:  8272 stepcount:     2vector:  7979 x:   480 y:   -32 z:  8540 stepcount:     2vector:  7649 x:   200 y:   -84 z:  7680 stepcount:     2vector:  8225 x:  1020 y:  -144 z:  7904 stepcount:     2vector:  8827 x:    60 y:  -208 z:  8444 stepcount:     2vector:  8277 x:   192 y:   184 z:  7548 stepcount:     2vector:  8125 x:   908 y:   -48 z:  8440 stepcount:     2vector:  8483 x:  -220 y:  -244 z:  8208 stepcount:     2vector:  8113 x:   120 y:  -460 z:  8204 stepcount:     2vector:  8652 x:  1156 y:  -184 z:  7868 stepcount:     2vector:  7688 x:   212 y:  -304 z:  8356 stepcount:     2vector:  8529 x:   548 y:  -140 z:  8404 stepcount:     2vector:  8219 x:  1928 y:  -184 z:  8236 stepcount:     2vector:  8267 x:   828 y:  -120 z:  8636 stepcount:     2vector:  8678 x:  1076 y:  -464 z:  8384 stepcount:     2vector:  8660 x:   828 y:  -228 z:  8156 stepcount:     2vector:  8320 x:   772 y:  -156 z:  8328 stepcount:     2vector:  9512 x:   848 y:  -244 z:  3864 stepcount:     2vector:  8264 x:   384 y:  -184 z:  8784 stepcount:     2vector:  8249 x:   484 y:   -12 z:  8444 stepcount:     2vector:  8375 x:   320 y:  -220 z:  8216 stepcount:     2vector:  8292 x:   680 y:   280 z:  7988 stepcount:     3vector:  8177 x:   376 y:  -188 z:  8376 stepcount:     3vector:  8234 x:    32 y:  -440 z:  7860 stepcount:     3vector:  7319 x:   200 y:   -32 z:  8376 stepcount:     3vector:  8554 x:  1372 y:  -412 z:  8056 stepcount:     3vector:  8369 x:  1628 y:  -184 z:  8444 stepcount:     3vector:  7341 x:   844 y:  -792 z:  5908 stepcount:     3vector:  7891 x:   788 y:  -200 z:  8292 stepcount:     3vector:  8427 x:   644 y:  -208 z:  8596 stepcount:     3vector:  8403 x:  -488 y:  -216 z:  8196 stepcount:     3vector: 11864 x:   416 y:  -472 z:  8040 stepcount:     3vector:  8395 x:   372 y:   168 z:  8260 stepcount:     3vector:  8216 x:   720 y:  -200 z:  8296 stepcount:     3vector:  8165 x:   344 y:  -492 z:  8196 stepcount:     3vector:  8276 x:   280 y:   -36 z:  8416 stepcount:     3vector:  8134 x:   480 y: -1188 z:  8144 stepcount:     3vector:  8179 x:  -348 y:   752 z:  8564 stepcount:     4vector:  8484 x:   388 y:  -248 z:  8204 stepcount:     4vector:  8334 x:  -156 y:   -48 z:  7992 stepcount:     4vector:  8396 x:   300 y: -1412 z:  8376 stepcount:     4vector:  8488 x:  -664 y:  1064 z:  8016 stepcount:     4vector:  8395 x:  1528 y:  -332 z:  8276 stepcount:     4vector:  8465 x:    56 y: -3160 z:  8000 stepcount:     4vector:  8755 x:  -548 y:   836 z:  8304 stepcount:     4vector:  8582 x:    48 y:  -856 z:  8308 stepcount:     4vector:  8819 x:  -344 y:   844 z:  8324 stepcount:     5vector:  8388 x:   676 y:  1360 z:  8432 stepcount:     5vector:  8670 x:  2108 y:   -36 z:  8104 stepcount:     5vector:  8396 x:  -244 y:   516 z:  8308 stepcount:     5vector:  8080 x:  1236 y:   496 z:  8080 stepcount:     5vector:  8085 x:  1048 y:    84 z:  9160 stepcount:     5vector:  8467 x:  -964 y:   208 z:  8440 stepcount:     5vector:  8450 x:  1040 y:  1148 z:  8260 stepcount:     5vector:  8458 x:   500 y: -1224 z:  8168 stepcount:     5vector:  8320 x:   712 y:   156 z:  8256 stepcount:     5vector:  8292 x:   120 y:  -116 z:  8328 stepcount:     5vector:  8200 x:   396 y:   100 z:  8180 stepcount:     5vector:  8380 x:   260 y:  -208 z:  8020 stepcount:     5vector:  8265 x:   364 y:  -200 z:  8268 stepcount:     5vector:  8251 x:   360 y:  -208 z:  8208 stepcount:     5vector:  8129 x:   504 y:  -208 z:  8228 stepcount:     5vector:  8058 x:   384 y:  -428 z:  8292 stepcount:     6vector:  8230 x:   332 y:  -220 z:  8428 stepcount:     6vector:  8045 x:   412 y:  -480 z:  8196 stepcount:     6vector:  8115 x:   448 y:  -116 z:  8204 stepcount:     6vector:  8272 x:   424 y:  -496 z:  8324 stepcount:     6vector:  8400 x:   420 y:  -232 z:  8256 stepcount:     6vector:  8126 x:   400 y:    -8 z:  8356 stepcount:     6vector:  8342 x:   424 y:  -172 z:  8440 stepcount:     6vector:  8362 x:   384 y:  -236 z:  8268 stepcount:     6vector:  8034 x:   428 y:  -240 z:  8276 stepcount:     6vector:  8391 x:   400 y:  -256 z:  8148 stepcount:     6vector:  8228 x:   496 y:   -36 z:  8392 stepcount:     6vector:  8572 x:   424 y:  -240 z:  8312 stepcount:     6vector:  8455 x:   384 y:  -148 z:  8244 stepcount:     6vector:  8218 x:   348 y:   -24 z:  8152 stepcount:     6vector:  8268 x:   388 y:  -224 z:  8308 stepcount:     6vector:  8281 x:   476 y:   -20 z:  8340 stepcount:     6vector:  8328 x:   424 y:  -288 z:  8404 stepcount:     6vector:  8215 x:   332 y:  -240 z:  8400 stepcount:     6vector:  8028 x:   660 y:  -136 z:  8272 stepcount:     6vector:  8090 x:   404 y:  -136 z:  8372 stepcount:     6vector:  8385 x:   404 y:  -220 z:  7980 stepcount:     6vector:  8294 x:   412 y:   -84 z:  8244 stepcount:     6vector:  8306 x:   444 y:   -16 z:  8088 stepcount:     6vector:  8454 x:   492 y:  -168 z:  8272 stepcount:     6vector:  8340 x:   432 y:  -164 z:  8388 stepcount:     6vector:  8336 x:   328 y:  -168 z:  8356 stepcount:     6vector:  8353 x:   344 y:  -272 z:  8080 stepcount:     6vector:  8100 x:   352 y:  -196 z:  7988 stepcount:     6vector:  8340 x:   456 y:  -176 z:  8252 stepcount:     6vector:  8142 x:   420 y:  -ESP_ERROR_CHECK failed: esp_err_t 0x107 (ESP_ERR_TIMEOUT) at 0x400d67a0
file: "./main/i2c.c" line 75
func: readI2C
expression: res

abort() was called at PC 0x40088917 on core 0


Backtrace: 0x400889f5:0x3ffb6f90 0x40088985:0x3ffb6fb0 0x4008eeb1:0x3ffb6fd0 0x40088917:0x3ffb7040 0x400d67a0:0x3ffb7070 0x400d6924:0x3ffb7090 0x400d6481:0x3ffb70c0 0x40089629:0x3ffb70f0




ELF file SHA256: ebcb02bdd

Rebooting...
ets Jul 29 2019 12:21:46

rst:0xc (SW_CPU_RESET),boot:0x13 (SPI_FAST_FLASH_BOOT)
configsip: 0, SPIWP:0xee
clk_drv:0x00,q_drv:0x00,d_drv:0x00,cs0_drv:0x00,hd_drv:0x00,wp_drv:0x00
mode:DIO, clock div:2
load:0x3fff0030,len:6380
ho 0 tail 12 room 4
load:0x40078000,len:15916
load:0x40080400,len:3860
entry 0x40080638
[0;32mI (29) boot: ESP-IDF HEAD-HASH-NOTFOUND 2nd stage bootloader[0m
[0;32mI (29) boot: compile time Oct 15 2025 07:58:48[0m
[0;32mI (29) boot: Multicore bootloader[0m
[0;32mI (32) boot: chip revision: v3.1[0m
[0;32mI (34) boot.esp32: SPI Speed      : 40MHz[0m
[0;32mI (38) boot.esp32: SPI Mode       : DIO[0m
[0;32mI (42) boot.esp32: SPI Flash Size : 2MB[0m
[0;32mI (45) boot: Enabling RNG early entropy source...[0m
[0;32mI (50) boot: Partition Table:[0m
[0;32mI (52) boot: ## Label            Usage          Type ST Offset   Length[0m
[0;32mI (59) boot:  0 nvs              WiFi data        01 02 00009000 00006000[0m
[0;32mI (65) boot:  1 phy_init         RF data          01 01 0000f000 00001000[0m
[0;32mI (72) boot:  2 factory          factory app      00 00 00010000 00100000[0m
[0;32mI (78) boot: End of partition table[0m
[0;32mI (82) esp_image: segment 0: paddr=00010020 vaddr=3f400020 size=0bc04h ( 48132) map[0m
[0;32mI (105) esp_image: segment 1: paddr=0001bc2c vaddr=3ffb0000 size=02498h (  9368) load[0m
[0;32mI (109) esp_image: segment 2: paddr=0001e0cc vaddr=40080000 size=01f4ch (  8012) load[0m
[0;32mI (113) esp_image: segment 3: paddr=00020020 vaddr=400d0020 size=18134h ( 98612) map[0m
[0;32mI (151) esp_image: segment 4: paddr=0003815c vaddr=40081f4c size=0ece4h ( 60644) load[0m
[0;32mI (174) esp_image: segment 5: paddr=00046e48 vaddr=50000000 size=00020h (    32) load[0m
[0;32mI (183) boot: Loaded app from partition at offset 0x10000[0m
[0;32mI (183) boot: Disabling RNG early entropy source...[0m
[0;32mI (195) cpu_start: Multicore app[0m
[0;32mI (203) cpu_start: Pro cpu start user code[0m
[0;32mI (203) cpu_start: cpu freq: 160000000 Hz[0m
[0;32mI (203) app_init: Application information:[0m
[0;32mI (203) app_init: Project name:     lab5[0m
[0;32mI (207) app_init: App version:      29eaf56-dirty[0m
[0;32mI (211) app_init: Compile time:     Oct 15 2025 10:23:15[0m
[0;32mI (216) app_init: ELF file SHA256:  ebcb02bdd...[0m
[0;32mI (221) app_init: ESP-IDF:          HEAD-HASH-NOTFOUND[0m
[0;32mI (226) efuse_init: Min chip rev:     v0.0[0m
[0;32mI (229) efuse_init: Max chip rev:     v3.99 [0m
[0;32mI (233) efuse_init: Chip rev:         v3.1[0m
[0;32mI (237) heap_init: Initializing. RAM available for dynamic allocation:[0m
[0;32mI (244) heap_init: At 3FFAE6E0 len 00001920 (6 KiB): DRAM[0m
[0;32mI (249) heap_init: At 3FFB2E58 len 0002D1A8 (180 KiB): DRAM[0m
[0;32mI (254) heap_init: At 3FFE0440 len 00003AE0 (14 KiB): D/IRAM[0m
[0;32mI (259) heap_init: At 3FFE4350 len 0001BCB0 (111 KiB): D/IRAM[0m
[0;32mI (265) heap_init: At 40090C30 len 0000F3D0 (60 KiB): IRAM[0m
[0;33mW (271) spi_flash: Detected boya flash chip but using generic driver. For optimal functionality, enable `SPI_FLASH_SUPPORT_BOYA_CHIP` in menuconfig[0m
[0;32mI (283) spi_flash: detected chip: generic[0m
[0;32mI (287) spi_flash: flash io: dio[0m
[0;33mW (290) spi_flash: Detected size(4096k) larger than the size in the binary image header(2048k). Using the size in the binary image header.[0m
[0;33mW (302) i2c: This driver is an old driver, please migrate your application code to adapt `driver/i2c_master.h`[0m
[0;32mI (323) main_task: Started on CPU0[0m
[0;32mI (333) main_task: Calling app_main()[0m
[0;32mI (333) pm: Frequency switching config: CPU_MAX: 240, APB_MAX: 240, APB_MIN: 80, Light sleep: ENABLED[0m
[0;32mI (333) main_task: Returned from app_main()[0m
