Command: /home/minipops/.espressif/python_env/idf5.5_py3.13_env/bin/python /opt/esp-idf/tools/idf_monitor.py -p /dev/ttyUSB0 -b 115200 --toolchain-prefix xtensa-esp32-elf- --target esp32 --revision 0 /home/minipops/uni/da267a/labs/lab5/build/lab5.elf /home/minipops/uni/da267a/labs/lab5/build/bootloader/bootloader.elf -m '/home/minipops/.espressif/python_env/idf5.5_py3.13_env/bin/python' '/opt/esp-idf/tools/idf.py'
ets Jul 29 2019 12:21:46

rst:0x1 (POWERON_RESET),boot:0x13 (SPI_FAST_FLASH_BOOT)
configsip: 0, SPIWP:0xee
clk_drv:0x00,q_drv:0x00,d_drv:0x00,cs0_drv:0x00,hd_drv:0x00,wp_drv:0x00
mode:DIO, clock div:2
load:0x3fff0030,len:6380
ho 0 tail 12 room 4
load:0x40078000,len:15916
load:0x40080400,len:3860
entry 0x40080638
[0;32mI (29) boot: ESP-IDF HEAD-HASH-NOTFOUND 2nd stage bootloader[0m
[0;32mI (29) boot: compile time Oct 15 2025 07:58:48[0m
[0;32mI (29) boot: Multicore bootloader[0m
[0;32mI (32) boot: chip revision: v3.1[0m
[0;32mI (34) boot.esp32: SPI Speed      : 40MHz[0m
[0;32mI (38) boot.esp32: SPI Mode       : DIO[0m
[0;32mI (42) boot.esp32: SPI Flash Size : 2MB[0m
[0;32mI (45) boot: Enabling RNG early entropy source...[0m
[0;32mI (50) boot: Partition Table:[0m
[0;32mI (52) boot: ## Label            Usage          Type ST Offset   Length[0m
[0;32mI (59) boot:  0 nvs              WiFi data        01 02 00009000 00006000[0m
[0;32mI (65) boot:  1 phy_init         RF data          01 01 0000f000 00001000[0m
[0;32mI (72) boot:  2 factory          factory app      00 00 00010000 00100000[0m
[0;32mI (78) boot: End of partition table[0m
[0;32mI (82) esp_image: segment 0: paddr=00010020 vaddr=3f400020 size=0bc04h ( 48132) map[0m
[0;32mI (106) esp_image: segment 1: paddr=0001bc2c vaddr=3ffb0000 size=02498h (  9368) load[0m
[0;32mI (109) esp_image: segment 2: paddr=0001e0cc vaddr=40080000 size=01f4ch (  8012) load[0m
[0;32mI (113) esp_image: segment 3: paddr=00020020 vaddr=400d0020 size=180ech ( 98540) map[0m
[0;32mI (151) esp_image: segment 4: paddr=00038114 vaddr=40081f4c size=0ece4h ( 60644) load[0m
[0;32mI (174) esp_image: segment 5: paddr=00046e00 vaddr=50000000 size=00020h (    32) load[0m
[0;32mI (183) boot: Loaded app from partition at offset 0x10000[0m
[0;32mI (183) boot: Disabling RNG early entropy source...[0m
[0;32mI (195) cpu_start: Multicore app[0m
[0;32mI (203) cpu_start: Pro cpu start user code[0m
[0;32mI (203) cpu_start: cpu freq: 160000000 Hz[0m
[0;32mI (203) app_init: Application information:[0m
[0;32mI (203) app_init: Project name:     lab5[0m
[0;32mI (207) app_init: App version:      29eaf56-dirty[0m
[0;32mI (211) app_init: Compile time:     Oct 15 2025 10:23:15[0m
[0;32mI (216) app_init: ELF file SHA256:  52231bc27...[0m
[0;32mI (221) app_init: ESP-IDF:          HEAD-HASH-NOTFOUND[0m
[0;32mI (226) efuse_init: Min chip rev:     v0.0[0m
[0;32mI (229) efuse_init: Max chip rev:     v3.99 [0m
[0;32mI (233) efuse_init: Chip rev:         v3.1[0m
[0;32mI (238) heap_init: Initializing. RAM available for dynamic allocation:[0m
[0;32mI (244) heap_init: At 3FFAE6E0 len 00001920 (6 KiB): DRAM[0m
[0;32mI (249) heap_init: At 3FFB2E58 len 0002D1A8 (180 KiB): DRAM[0m
[0;32mI (254) heap_init: At 3FFE0440 len 00003AE0 (14 KiB): D/IRAM[0m
[0;32mI (259) heap_init: At 3FFE4350 len 0001BCB0 (111 KiB): D/IRAM[0m
[0;32mI (265) heap_init: At 40090C30 len 0000F3D0 (60 KiB): IRAM[0m
[0;33mW (271) spi_flash: Detected boya flash chip but using generic driver. For optimal functionality, enable `SPI_FLASH_SUPPORT_BOYA_CHIP` in menuconfig[0m
[0;32mI (283) spi_flash: detected chip: generic[0m
[0;32mI (287) spi_flash: flash io: dio[0m
[0;33mW (290) spi_flash: Detected size(4096k) larger than the size in the binary image header(2048k). Using the size in the binary image header.[0m
[0;33mW (302) i2c: This driver is an old driver, please migrate your application code to adapt `driver/i2c_master.h`[0m
[0;32mI (323) main_task: Started on CPU0[0m
[0;32mI (333) main_task: Calling app_main()[0m
[0;32mI (333) pm: Frequency switching config: CPU_MAX: 240, APB_MAX: 240, APB_MIN: 80, Light sleep: ENABLED[0m
[0;32mI (333) main_task: Returned from app_main()[0m
vector:   8172 x:    168 y:   -196 z:   8168 stepcount:   0vector:   8203 x:    156 y:   -168 z:   8156 stepcount:   0vector:   8227 x:    120 y:   -212 z:   8224 stepcount:   0vector:   8242 x:    120 y:   -152 z:   8228 stepcount:   0vector:   8267 x:    188 y:   -136 z:   8264 stepcount:   0vector:   8277 x:     72 y:   -136 z:   8276 stepcount:   0vector:   8173 x:    156 y:   -136 z:   8148 stepcount:   0vector:   8220 x:     64 y:    -32 z:   8220 stepcount:   0vector:   8176 x:    112 y:   -240 z:   8172 stepcount:   0vector:   8288 x:    156 y:   -176 z:   8284 stepcount:   0vector:   8241 x:    196 y:   -228 z:   8236 stepcount:   0vector:   8204 x:    200 y:   -164 z:   8200 stepcount:   0vector:   8232 x:    108 y:   -256 z:   8156 stepcount:   0vector:   8249 x:    200 y:   -228 z:   8244 stepcount:   0vector:   9822 x:   3560 y:  -2224 z:   8880 stepcount:   0vector:  11307 x:  -5320 y:   3248 z:   7092 stepcount:   0vector:  11542 x:   9056 y:  -2908 z:   6540 stepcount:   0vector:   9483 x:  -4440 y:   1548 z:   8236 stepcount:   0vector:   9449 x:   6268 y:  -3652 z:   8696 stepcount:   0vector:  10987 x:  -9316 y:  -3888 z:   9596 stepcount:   0vector:  12871 x:   4272 y:  -5524 z:   8508 stepcount:   1vector:  11129 x:    148 y:   -944 z:  11088 stepcount:   1vector:   3948 x:  -1360 y:    -40 z:   3232 stepcount:   1vector:  10166 x:  -4100 y:    532 z:   6984 stepcount:   1vector:   7373 x:   2044 y:  -1724 z:   6872 stepcount:   1vector:   5753 x:   3480 y:    772 z:   3060 stepcount:   1vector:   6390 x:   5452 y:    116 z:  11524 stepcount:   1vector:   7506 x:   3296 y:     -8 z:   6744 stepcount:   1vector:  11988 x:    976 y:  -2172 z:  11628 stepcount:   1vector:  11851 x:   -156 y:  -4008 z:  11152 stepcount:   1vector:    932 x:   -192 y:    852 z:    328 stepcount:   2vector:  12161 x:   -956 y:  -2436 z:  11900 stepcount:   2vector:   9629 x:    528 y:  -1408 z:   9508 stepcount:   2vector:  10216 x:   4068 y:   1312 z:   2684 stepcount:   2vector:  12484 x:    812 y:    672 z:  12440 stepcount:   2vector:   4133 x:   -164 y:  -1368 z:   3900 stepcount:   2vector:  10168 x:     64 y:   -336 z:   8160 stepcount:   2vector:  13221 x:   2184 y:   -324 z:  13036 stepcount:   2vector:   3374 x:    596 y:   1108 z:   3128 stepcount:   2vector:  10733 x:   -104 y:   -304 z:   8476 stepcount:   2vector:  10626 x:   -656 y:   1216 z:  10536 stepcount:   3vector:   3823 x:    944 y:    180 z:   3716 stepcount:   3vector:   9735 x:   -744 y:    136 z:   6116 stepcount:   3vector:   8510 x:    848 y:   -364 z:   8460 stepcount:   3vector:   8217 x:    252 y:    -40 z:   8216 steESP_ERROR_CHECK failed: esp_err_t 0x107 (ESP_ERR_TIMEOUT) at 0x400d6758
file: "./main/i2c.c" line 76
func: readI2C
expression: res

abort() was called at PC 0x40088917 on core 0


Backtrace: 0x400889f5:0x3ffb6fe0 0x40088985:0x3ffb7000 0x4008eeb1:0x3ffb7020 0x40088917:0x3ffb7090 0x400d6758:0x3ffb70c0 0x400d68dc:0x3ffb70e0 0x400d6481:0x3ffb7110 0x40089629:0x3ffb7140




ELF file SHA256: 52231bc27

Rebooting...
ets Jul 29 2019 12:21:46

rst:0xc (SW_CPU_RESET),boot:0x13 (SPI_FAST_FLASH_BOOT)
configsip: 0, SPIWP:0xee
clk_drv:0x00,q_drv:0x00,d_drv:0x00,cs0_drv:0x00,hd_drv:0x00,wp_drv:0x00
mode:DIO, clock div:2
load:0x3fff0030,len:6380
ho 0 tail 12 room 4
load:0x40078000,len:15916
load:0x40080400,len:3860
entry 0x40080638
[0;32mI (29) boot: ESP-IDF HEAD-HASH-NOTFOUND 2nd stage bootloader[0m
[0;32mI (29) boot: compile time Oct 15 2025 07:58:48[0m
[0;32mI (29) boot: Multicore bootloader[0m
[0;32mI (32) boot: chip revision: v3.1[0m
[0;32mI (34) boot.esp32: SPI Speed      : 40MHz[0m
[0;32mI (38) boot.esp32: SPI Mode       : DIO[0m
[0;32mI (42) boot.esp32: SPI Flash Size : 2MB[0m
[0;32mI (45) boot: Enabling RNG early entropy source...[0m
[0;32mI (50) boot: Partition Table:[0m
[0;32mI (52) boot: ## Label            Usage          Type ST Offset   Length[0m
[0;32mI (59) boot:  0 nvs              WiFi data        01 02 00009000 00006000[0m
[0;32mI (65) boot:  1 phy_init         RF data          01 01 0000f000 00001000[0m
[0;32mI (72) boot:  2 factory          factory app      00 00 00010000 00100000[0m
[0;32mI (78) boot: End of partition table[0m
[0;32mI (82) esp_image: segment 0: paddr=00010020 vaddr=3f400020 size=0bc04h ( 48132) map[0m
[0;32mI (105) esp_image: segment 1: paddr=0001bc2c vaddr=3ffb0000 size=02498h (  9368) load[0m
[0;32mI (109) esp_image: segment 2: paddr=0001e0cc vaddr=40080000 size=01f4ch (  8012) load[0m
[0;32mI (113) esp_image: segment 3: paddr=00020020 vaddr=400d0020 size=180ech ( 98540) map[0m
[0;32mI (151) esp_image: segment 4: paddr=00038114 vaddr=40081f4c size=0ece4h ( 60644) load[0m
[0;32mI (174) esp_image: segment 5: paddr=00046e00 vaddr=50000000 size=00020h (    32) load[0m
[0;32mI (183) boot: Loaded app from partition at offset 0x10000[0m
[0;32mI (183) boot: Disabling RNG early entropy source...[0m
[0;32mI (195) cpu_start: Multicore app[0m
[0;32mI (203) cpu_start: Pro cpu start user code[0m
[0;32mI (203) cpu_start: cpu freq: 160000000 Hz[0m
[0;32mI (203) app_init: Application information:[0m
[0;32mI (203) app_init: Project name:     lab5[0m
[0;32mI (207) app_init: App version:      29eaf56-dirty[0m
[0;32mI (211) app_init: Compile time:     Oct 15 2025 10:23:15[0m
[0;32mI (216) app_init: ELF file SHA256:  52231bc27...[0m
[0;32mI (221) app_init: ESP-IDF:          HEAD-HASH-NOTFOUND[0m
[0;32mI (225) efuse_init: Min chip rev:     v0.0[0m
[0;32mI (229) efuse_init: Max chip rev:     v3.99 [0m
[0;32mI (233) efuse_init: Chip rev:         v3.1[0m
[0;32mI (237) heap_init: Initializing. RAM available for dynamic allocation:[0m
[0;32mI (244) heap_init: At 3FFAE6E0 len 00001920 (6 KiB): DRAM[0m
[0;32mI (249) heap_init: At 3FFB2E58 len 0002D1A8 (180 KiB): DRAM[0m
[0;32mI (254) heap_init: At 3FFE0440 len 00003AE0 (14 KiB): D/IRAM[0m
[0;32mI (259) heap_init: At 3FFE4350 len 0001BCB0 (111 KiB): D/IRAM[0m
[0;32mI (265) heap_init: At 40090C30 len 0000F3D0 (60 KiB): IRAM[0m
[0;33mW (271) spi_flash: Detected boya flash chip but using generic driver. For optimal functionality, enable `SPI_FLASH_SUPPORT_BOYA_CHIP` in menuconfig[0m
[0;32mI (283) spi_flash: detected chip: generic[0m
[0;32mI (287) spi_flash: flash io: dio[0m
[0;33mW (289) spi_flash: Detected size(4096k) larger than the size in the binary image header(2048k). Using the size in the binary image header.[0m
[0;33mW (302) i2c: This driver is an old driver, please migrate your application code to adapt `driver/i2c_master.h`[0m
[0;32mI (323) main_task: Started on CPU0[0m
[0;32mI (333) main_task: Calling app_main()[0m
[0;32mI (333) pm: Frequency switching config: CPU_MAX: 240, APB_MAX: 240, APB_MIN: 80, Light sleep: ENABLED[0m
[0;32mI (333) main_task: Returned from app_main()[0m
vector:   8216 x:    752 y:   -160 z:   8180 stepcount:   0vector:   8316 x:    816 y:   -220 z:   8276 stepcount:   0vector:   8184 x:    884 y:   -104 z:   8136 stepcount:   0vector:   8290 x:    836 y:   -180 z:   8280 stepcount:   0vector:   8141 x:    804 y:   -152 z:   8100 stepcount:   0vector:   8194 x:    320 y:   -960 z:   8132 stepcount:   0vector:   8239 x:    776 y:   -304 z:   8284 stepcount:   0vector:   8295 x:    748 y:   -164 z:   8260 stepcount:   0vector:   8230 x:    776 y:   -176 z:   8192 stepcount:   0vector:   8242 x:    772 y:   -168 z:   8204 stepcount:   0vector:   8296 x:    804 y:   -148 z:   8256 stepcount:   0vector:   8154 x:    820 y:   -140 z:   8112 stepcount:   0vector:   8253 x:    796 y:   -172 z:   8156 stepcount:   0vector:   8241 x:    848 y:   -184 z:   8196 stepcount:   0vector:   8279 x:    828 y:   -196 z:   8236 stepcount:   0vector:   8255 x:    780 y:   -112 z:   8152 stepcount:   0vector:   8073 x:    868 y:   -192 z:   8024 stepcount:   0vector:   8160 x:    816 y:   -228 z:   8116 stepcount:   0vector:   8206 x:    752 y:   -156 z:   8212 stepcount:   0vector:   8242 x:    860 y:   -148 z:   8196 stepcount:   0vector:   8214 x:    856 y:   -188 z:   8168 stepcount:   0vector:   8142 x:    852 y:   -196 z:   8148 stepcount:   0vector:   8361 x:    760 y:   -216 z:   8324 stepcount:   0vector:   8227 x:    972 y:   -140 z:   8184 stepcount:   0vector:   8458 x:    876 y:   -128 z:   8272 stepcount:   0vector:   8146 x:    916 y:   -196 z:   8092 stepcount:   0vector:   8164 x:   1020 y:   -168 z:   8116 stepcount:   0vector:   8307 x:    840 y:   -108 z:   8152 stepcount:   0vector:   8449 x:    864 y:   -164 z:   8404 stepcount:   0vector:   8194 x:    788 y:   -248 z:   8144 stepcount:   0vector:   8238 x:    840 y:   -236 z:   8088 stepcount:   0vector:   8152 x:    836 y:   -156 z:   8108 stepcount:   0vector:   8258 x:    736 y:   -108 z:   8216 stepcount:   0vector:   8327 x:    868 y:   -196 z:   8236 stepcount:   0vector:   8278 x:    904 y:   -120 z:   8228 stepcount:   0vector:   8274 x:    804 y:   -196 z:   8220 stepcount:   0vector:   8161 x:    764 y:   -156 z:   8116 stepcount:   0vector:   8396 x:    892 y:   -140 z:   8348 stepcount:   0vector:   8300 x:    896 y:   -196 z:   8256 stepcount:   0vector:   8112 x:    884 y:    -96 z:   8388 stepcount:   0vector:   8320 x:    836 y:   -208 z:   8276 stepcount:   0vector:   8304 x:    828 y:   -208 z:   8260 stepcount:   0vector:   8244 x:    884 y:   -140 z:   8300 stepcount:   0vector:   8248 x:    804 y:   -300 z:   8204 stepcount:   0vector:   8190 x:    868 y:   -248 z:   8152 stepcount:   0vector:   8408 x:    764 y:   -156 z:   8108 stepcount:   0vector:   8276 x:    876 y:   -172 z:   8228 stepcount:   0vector:   8340 x:    772 y:   -124 z:   8300 stepcount:   0vector:   8162 x:    820 y:   -156 z:   8156 stepcount:   0vector:   8207 x:    908 y:   -132 z:   8156 stepcount:   0vector:   8255 x:    808 y:   -128 z:   8208 stepcount:   0vector:   8085 x:    776 y:    -64 z:   8048 stepcount:   0vector:   8284 x:    904 y:   -240 z:   8232 stepcount:   0vector:   8356 x:   ESP_ERROR_CHECK failed: esp_err_t 0x107 (ESP_ERR_TIMEOUT) at 0x400d6758
file: "./main/i2c.c" line 76
func: readI2C
expression: res

abort() was called at PC 0x40088917 on core 0


Backtrace: 0x400889f5:0x3ffb6fc0 0x40088985:0x3ffb6fe0 0x4008eeb1:0x3ffb7000 0x40088917:0x3ffb7070 0x400d6758:0x3ffb70a0 0x400d68bd:0x3ffb70c0 0x400d6933:0x3ffb70f0 0x400d648b:0x3ffb7110 0x40089629:0x3ffb7140




ELF file SHA256: 52231bc27

Rebooting...
ets Jul 29 2019 12:21:46

rst:0xc (SW_CPU_RESET),boot:0x13 (SPI_FAST_FLASH_BOOT)
configsip: 0, SPIWP:0xee
clk_drv:0x00,q_drv:0x00,d_drv:0x00,cs0_drv:0x00,hd_drv:0x00,wp_drv:0x00
mode:DIO, clock div:2
load:0x3fff0030,len:6380
ho 0 tail 12 room 4
load:0x40078000,len:15916
load:0x40080400,len:3860
entry 0x40080638
[0;32mI (29) boot: ESP-IDF HEAD-HASH-NOTFOUND 2nd stage bootloader[0m
[0;32mI (29) boot: compile time Oct 15 2025 07:58:48[0m
[0;32mI (29) boot: Multicore bootloader[0m
[0;32mI (32) boot: chip revision: v3.1[0m
[0;32mI (34) boot.esp32: SPI Speed      : 40MHz[0m
[0;32mI (38) boot.esp32: SPI Mode       : DIO[0m
[0;32mI (42) boot.esp32: SPI Flash Size : 2MB[0m
[0;32mI (45) boot: Enabling RNG early entropy source...[0m
[0;32mI (50) boot: Partition Table:[0m
[0;32mI (52) boot: ## Label            Usage          Type ST Offset   Length[0m
[0;32mI (59) boot:  0 nvs              WiFi data        01 02 00009000 00006000[0m
[0;32mI (65) boot:  1 phy_init         RF data          01 01 0000f000 00001000[0m
[0;32mI (72) boot:  2 factory          factory app      00 00 00010000 00100000[0m
[0;32mI (78) boot: End of partition table[0m
[0;32mI (82) esp_image: segment 0: paddr=00010020 vaddr=3f400020 size=0bc04h ( 48132) map[0m
[0;32mI (105) esp_image: segment 1: paddr=0001bc2c vaddr=3ffb0000 size=02498h (  9368) load[0m
[0;32mI (109) esp_image: segment 2: paddr=0001e0cc vaddr=40080000 size=01f4ch (  8012) load[0m
[0;32mI (113) esp_image: segment 3: paddr=00020020 vaddr=400d0020 size=180ech ( 98540) map[0m
[0;32mI (151) esp_image: segment 4: paddr=00038114 vaddr=40081f4c size=0ece4h ( 60644) load[0m
[0;32mI (174) esp_image: segment 5: paddr=00046e00 vaddr=50000000 size=00020h (    32) load[0m
[0;32mI (183) boot: Loaded app from partition at offset 0x10000[0m
[0;32mI (183) boot: Disabling RNG early entropy source...[0m
[0;32mI (195) cpu_start: Multicore app[0m
[0;32mI (203) cpu_start: Pro cpu start user code[0m
[0;32mI (203) cpu_start: cpu freq: 160000000 Hz[0m
[0;32mI (203) app_init: Application information:[0m
[0;32mI (203) app_init: Project name:     lab5[0m
[0;32mI (207) app_init: App version:      29eaf56-dirty[0m
[0;32mI (211) app_init: Compile time:     Oct 15 2025 10:23:15[0m
[0;32mI (216) app_init: ELF file SHA256:  52231bc27...[0m
[0;32mI (221) app_init: ESP-IDF:          HEAD-HASH-NOTFOUND[0m
[0;32mI (225) efuse_init: Min chip rev:     v0.0[0m
[0;32mI (229) efuse_init: Max chip rev:     v3.99 [0m
[0;32mI (233) efuse_init: Chip rev:         v3.1[0m
[0;32mI (237) heap_init: Initializing. RAM available for dynamic allocation:[0m
[0;32mI (244) heap_init: At 3FFAE6E0 len 00001920 (6 KiB): DRAM[0m
[0;32mI (249) heap_init: At 3FFB2E58 len 0002D1A8 (180 KiB): DRAM[0m
[0;32mI (254) heap_init: At 3FFE0440 len 00003AE0 (14 KiB): D/IRAM[0m
[0;32mI (259) heap_init: At 3FFE4350 len 0001BCB0 (111 KiB): D/IRAM[0m
[0;32mI (265) heap_init: At 40090C30 len 0000F3D0 (60 KiB): IRAM[0m
[0;33mW (271) spi_flash: Detected boya flash chip but using generic driver. For optimal functionality, enable `SPI_FLASH_SUPPORT_BOYA_CHIP` in menuconfig[0m
[0;32mI (283) spi_flash: detected chip: generic[0m
[0;32mI (287) spi_flash: flash io: dio[0m
[0;33mW (289) spi_flash: Detected size(4096k) larger than the size in the binary image header(2048k). Using the size in the binary image header.[0m
[0;33mW (302) i2c: This driver is an old driver, please migrate your application code to adapt `driver/i2c_master.h`[0m
[0;32mI (323) main_task: Started on CPU0[0m
[0;32mI (333) main_task: Calling app_main()[0m
[0;32mI (333) pm: Frequency switching config: CPU_MAX: 240, APB_MAX: 240, APB_MIN: 80, Light sleep: ENABLED[0m
[0;32mI (333) main_task: Returned from app_main()[0m
vector:   8226 x:    892 y:   -180 z:   8176 stepcount:   0vector:   8119 x:    856 y:   -156 z:   8208 stepcount:   0vector:   8334 x:    828 y:   -128 z:   8292 stepcount:   0vector:   8334 x:    704 y:   -180 z:   8288 stepcount:   0vector:   8325 x:    892 y:   -144 z:   8276 stepcount:   0vector:   8245 x:    844 y:   -192 z:   8200 stepcount:   0vector:   8235 x:    928 y:   -240 z:   8196 stepcount:   0vector:   8471 x:    804 y:   -172 z:   8176 stepcount:   0vector:   8394 x:    872 y:   -144 z:   8348 stepcount:   0vector:   8332 x:    852 y:   -204 z:   8284 stepcount:   0vector:   8316 x:    768 y:   -152 z:   8280 stepcount:   0vector:   8266 x:    788 y:   -132 z:   8228 stepcount:   0vector:   8113 x:    904 y:   -120 z:   7944 steESP_ERROR_CHECK failed: esp_err_t 0xffffffff (ESP_FAIL) at 0x400d66de
file: "./main/i2c.c" line 58
func: readI2C
expression: res

abort() was called at PC 0x40088917 on core 0


Backtrace: 0x400889f5:0x3ffb6fe0 0x40088985:0x3ffb7000 0x4008eeb1:0x3ffb7020 0x40088917:0x3ffb7090 0x400d66de:0x3ffb70c0 0x400d691d:0x3ffb70e0 0x400d6486:0x3ffb7110 0x40089629:0x3ffb7140




ELF file SHA256: 52231bc27

Rebooting...
ets Jul 29 2019 12:21:46

rst:0xc (SW_CPU_RESET),boot:0x13 (SPI_FAST_FLASH_BOOT)
configsip: 0, SPIWP:0xee
clk_drv:0x00,q_drv:0x00,d_drv:0x00,cs0_drv:0x00,hd_drv:0x00,wp_drv:0x00
mode:DIO, clock div:2
load:0x3fff0030,len:6380
ho 0 tail 12 room 4
load:0x40078000,len:15916
load:0x40080400,len:3860
entry 0x40080638
[0;32mI (29) boot: ESP-IDF HEAD-HASH-NOTFOUND 2nd stage bootloader[0m
[0;32mI (29) boot: compile time Oct 15 2025 07:58:48[0m
[0;32mI (29) boot: Multicore bootloader[0m
[0;32mI (32) boot: chip revision: v3.1[0m
[0;32mI (34) boot.esp32: SPI Speed      : 40MHz[0m
[0;32mI (38) boot.esp32: SPI Mode       : DIO[0m
[0;32mI (42) boot.esp32: SPI Flash Size : 2MB[0m
[0;32mI (45) boot: Enabling RNG early entropy source...[0m
[0;32mI (50) boot: Partition Table:[0m
[0;32mI (52) boot: ## Label            Usage          Type ST Offset   Length[0m
[0;32mI (59) boot:  0 nvs              WiFi data        01 02 00009000 00006000[0m
[0;32mI (65) boot:  1 phy_init         RF data          01 01 0000f000 00001000[0m
[0;32mI (72) boot:  2 factory          factory app      00 00 00010000 00100000[0m
[0;32mI (78) boot: End of partition table[0m
[0;32mI (82) esp_image: segment 0: paddr=00010020 vaddr=3f400020 size=0bc04h ( 48132) map[0m
[0;32mI (105) esp_image: segment 1: paddr=0001bc2c vaddr=3ffb0000 size=02498h (  9368) load[0m
[0;32mI (109) esp_image: segment 2: paddr=0001e0cc vaddr=40080000 size=01f4ch (  8012) load[0m
[0;32mI (113) esp_image: segment 3: paddr=00020020 vaddr=400d0020 size=180ech ( 98540) map[0m
[0;32mI (151) esp_image: segment 4: paddr=00038114 vaddr=40081f4c size=0ece4h ( 60644) load[0m
[0;32mI (174) esp_image: segment 5: paddr=00046e00 vaddr=50000000 size=00020h (    32) load[0m
[0;32mI (183) boot: Loaded app from partition at offset 0x10000[0m
[0;32mI (183) boot: Disabling RNG early entropy source...[0m
[0;32mI (195) cpu_start: Multicore app[0m
[0;32mI (203) cpu_start: Pro cpu start user code[0m
[0;32mI (203) cpu_start: cpu freq: 160000000 Hz[0m
[0;32mI (203) app_init: Application information:[0m
[0;32mI (203) app_init: Project name:     lab5[0m
[0;32mI (207) app_init: App version:      29eaf56-dirty[0m
[0;32mI (211) app_init: Compile time:     Oct 15 2025 10:23:15[0m
[0;32mI (216) app_init: ELF file SHA256:  52231bc27...[0m
[0;32mI (221) app_init: ESP-IDF:          HEAD-HASH-NOTFOUND[0m
[0;32mI (225) efuse_init: Min chip rev:     v0.0[0m
[0;32mI (229) efuse_init: Max chip rev:     v3.99 [0m
[0;32mI (233) efuse_init: Chip rev:         v3.1[0m
[0;32mI (237) heap_init: Initializing. RAM available for dynamic allocation:[0m
[0;32mI (244) heap_init: At 3FFAE6E0 len 00001920 (6 KiB): DRAM[0m
[0;32mI (249) heap_init: At 3FFB2E58 len 0002D1A8 (180 KiB): DRAM[0m
[0;32mI (254) heap_init: At 3FFE0440 len 00003AE0 (14 KiB): D/IRAM[0m
[0;32mI (259) heap_init: At 3FFE4350 len 0001BCB0 (111 KiB): D/IRAM[0m
[0;32mI (265) heap_init: At 40090C30 len 0000F3D0 (60 KiB): IRAM[0m
[0;33mW (271) spi_flash: Detected boya flash chip but using generic driver. For optimal functionality, enable `SPI_FLASH_SUPPORT_BOYA_CHIP` in menuconfig[0m
[0;32mI (283) spi_flash: detected chip: generic[0m
[0;32mI (287) spi_flash: flash io: dio[0m
[0;33mW (289) spi_flash: Detected size(4096k) larger than the size in the binary image header(2048k). Using the size in the binary image header.[0m
[0;33mW (302) i2c: This driver is an old driver, please migrate your application code to adapt `driver/i2c_master.h`[0m
[0;32mI (323) main_task: Started on CPU0[0m
[0;32mI (333) main_task: Calling app_main()[0m
[0;32mI (333) pm: Frequency switching config: CPU_MAX: 240, APB_MAX: 240, APB_MIN: 80, Light sleep: ENABLED[0m
[0;32mI (333) main_task: Returned from app_main()[0m
vector:   8477 x:    788 y:   -148 z:   8440 stepcount:   0vector:   8233 x:    816 y:   -212 z:   8184 stepcount:   0vector:   8332 x:    860 y:    -60 z:   8288 stepcount:   0vector:   8350 x:    788 y:   -240 z:   8304 stepcount:   0vector:   8178 x:    812 y:   -184 z:   8136 stepcount:   0vector:   8186 x:    892 y:   -168 z:   8136 stepcount:   0vector:   8349 x:    804 y:   -168 z:   8388 stepcount:   0vector:   8339 x:    844 y:    -80 z:   8296 stepcount:   0vector:   8117 x:    848 y:   -120 z:   8072 stepcount:   0vector:   8174 x:    700 y:    -96 z:   7952 stepcount:   0vector:   8114 x:    792 y:   -244 z:   8072 stepcount:   1vector:   8209 x:    876 y:   -192 z:   8160 stepcount:   1vector:   8184 x:    896 y:   -120 z:   7968 stepcount:   1vector:   8236 x:    728 y:   -256 z:   8200 stepcount:   1vector:   8090 x:    772 y:   -168 z:   8052 stepcount:   1vector:   8051 x:    656 y:   -148 z:   8008 stepcount:   1vector:   8242 x:    820 y:   -164 z:   8200 stepcount:   1vectESP_ERROR_CHECK failed: esp_err_t 0x107 (ESP_ERR_TIMEOUT) at 0x400d6758
file: "./main/i2c.c" line 76
func: readI2C
expression: res

abort() was called at PC 0x40088917 on core 0


Backtrace: 0x400889f5:0x3ffb6fc0 0x40088985:0x3ffb6fe0 0x4008eeb1:0x3ffb7000 0x40088917:0x3ffb7070 0x400d6758:0x3ffb70a0 0x400d690c:0x3ffb70c0 0x400d693f:0x3ffb70f0 0x400d648b:0x3ffb7110 0x40089629:0x3ffb7140




ELF file SHA256: 52231bc27

Rebooting...
ets Jul 29 2019 12:21:46

rst:0xc (SW_CPU_RESET),boot:0x13 (SPI_FAST_FLASH_BOOT)
configsip: 0, SPIWP:0xee
clk_drv:0x00,q_drv:0x00,d_drv:0x00,cs0_drv:0x00,hd_drv:0x00,wp_drv:0x00
mode:DIO, clock div:2
load:0x3fff0030,len:6380
ho 0 tail 12 room 4
load:0x40078000,len:15916
load:0x40080400,len:3860
entry 0x40080638
[0;32mI (29) boot: ESP-IDF HEAD-HASH-NOTFOUND 2nd stage bootloader[0m
[0;32mI (29) boot: compile time Oct 15 2025 07:58:48[0m
[0;32mI (29) boot: Multicore bootloader[0m
[0;32mI (32) boot: chip revision: v3.1[0m
[0;32mI (34) boot.esp32: SPI Speed      : 40MHz[0m
[0;32mI (38) boot.esp32: SPI Mode       : DIO[0m
[0;32mI (42) boot.esp32: SPI Flash Size : 2MB[0m
[0;32mI (45) boot: Enabling RNG early entropy source...[0m
[0;32mI (50) boot: Partition Table:[0m
[0;32mI (52) boot: ## Label            Usage          Type ST Offset   Length[0m
[0;32mI (59) boot:  0 nvs              WiFi data        01 02 00009000 00006000[0m
[0;32mI (65) boot:  1 phy_init         RF data          01 01 0000f000 00001000[0m
[0;32mI (72) boot:  2 factory          factory app      00 00 00010000 00100000[0m
[0;32mI (78) boot: End of partition table[0m
[0;32mI (82) esp_image: segment 0: paddr=00010020 vaddr=3f400020 size=0bc04h ( 48132) map[0m
[0;32mI (105) esp_image: segment 1: paddr=0001bc2c vaddr=3ffb0000 size=02498h (  9368) load[0m
[0;32mI (109) esp_image: segment 2: paddr=0001e0cc vaddr=40080000 size=01f4ch (  8012) load[0m
[0;32mI (113) esp_image: segment 3: paddr=00020020 vaddr=400d0020 size=180ech ( 98540) map[0m
[0;32mI (151) esp_image: segment 4: paddr=00038114 vaddr=40081f4c size=0ece4h ( 60644) load[0m
[0;32mI (174) esp_image: segment 5: paddr=00046e00 vaddr=50000000 size=00020h (    32) load[0m
[0;32mI (183) boot: Loaded app from partition at offset 0x10000[0m
[0;32mI (183) boot: Disabling RNG early entropy source...[0m
[0;32mI (195) cpu_start: Multicore app[0m
[0;32mI (203) cpu_start: Pro cpu start user code[0m
[0;32mI (203) cpu_start: cpu freq: 160000000 Hz[0m
[0;32mI (203) app_init: Application information:[0m
[0;32mI (203) app_init: Project name:     lab5[0m
[0;32mI (207) app_init: App version:      29eaf56-dirty[0m
[0;32mI (211) app_init: Compile time:     Oct 15 2025 10:23:15[0m
[0;32mI (216) app_init: ELF file SHA256:  52231bc27...[0m
[0;32mI (221) app_init: ESP-IDF:          HEAD-HASH-NOTFOUND[0m
[0;32mI (225) efuse_init: Min chip rev:     v0.0[0m
[0;32mI (229) efuse_init: Max chip rev:     v3.99 [0m
[0;32mI (233) efuse_init: Chip rev:         v3.1[0m
[0;32mI (237) heap_init: Initializing. RAM available for dynamic allocation:[0m
[0;32mI (244) heap_init: At 3FFAE6E0 len 00001920 (6 KiB): DRAM[0m
[0;32mI (249) heap_init: At 3FFB2E58 len 0002D1A8 (180 KiB): DRAM[0m
[0;32mI (254) heap_init: At 3FFE0440 len 00003AE0 (14 KiB): D/IRAM[0m
[0;32mI (259) heap_init: At 3FFE4350 len 0001BCB0 (111 KiB): D/IRAM[0m
[0;32mI (265) heap_init: At 40090C30 len 0000F3D0 (60 KiB): IRAM[0m
[0;33mW (271) spi_flash: Detected boya flash chip but using generic driver. For optimal functionality, enable `SPI_FLASH_SUPPORT_BOYA_CHIP` in menuconfig[0m
[0;32mI (283) spi_flash: detected chip: generic[0m
[0;32mI (287) spi_flash: flash io: dio[0m
[0;33mW (289) spi_flash: Detected size(4096k) larger than the size in the binary image header(2048k). Using the size in the binary image header.[0m
[0;33mW (302) i2c: This driver is an old driver, please migrate your application code to adapt `driver/i2c_master.h`[0m
[0;32mI (323) main_task: Started on CPU0[0m
[0;32mI (333) main_task: Calling app_main()[0m
[0;32mI (333) pm: Frequency switching config: CPU_MAX: 240, APB_MAX: 240, APB_MIN: 80, Light sleep: ENABLED[0m
[0;32mI (333) main_task: Returned from app_main()[0m
vector:   8263 x:    832 y:   -132 z:   8220 stepcount:   0vector:   8330 x:    788 y:   -152 z:   8152 stepcount:   0vector:   8289 x:    848 y:   -160 z:   8244 stepcount:   0vector:   8275 x:    796 y:   -200 z:   8316 stepcount:   0vector:   8069 x:    800 y:   -144 z:   8028 stepcount:   0vector:   8202 x:    852 y:   -324 z:   8152 stepcount:   0vector:   8283 x:    848 y:   -240 z:   8352 stepcount:   0vector:   8146 x:    808 y:   -192 z:   8104 stepcount:   0vector:   8206 x:    808 y:   -192 z:   8164 stepcount:   0vector:   8303 x:    916 y:   -180 z:   8360 stepcount:   0vector:   8236 x:    800 y:   -156 z:   ESP_ERROR_CHECK failed: esp_err_t 0xffffffff (ESP_FAIL) at 0x400d66de
file: "./main/i2c.c" line 58
func: readI2C
expression: res

abort() was called at PC 0x40088917 on core 0


Backtrace: 0x400889f5:0x3ffb6fe0 0x40088985:0x3ffb7000 0x4008eeb1:0x3ffb7020 0x40088917:0x3ffb7090 0x400d66de:0x3ffb70c0 0x400d68ac:0x3ffb70e0 0x400d647c:0x3ffb7110 0x40089629:0x3ffb7140




ELF file SHA256: 52231bc27

Rebooting...
ets Jul 29 2019 12:21:46

rst:0xc (SW_CPU_RESET),boot:0x13 (SPI_FAST_FLASH_BOOT)
configsip: 0, SPIWP:0xee
clk_drv:0x00,q_drv:0x00,d_drv:0x00,cs0_drv:0x00,hd_drv:0x00,wp_drv:0x00
mode:DIO, clock div:2
load:0x3fff0030,len:6380
ho 0 tail 12 room 4
load:0x40078000,len:15916
load:0x40080400,len:3860
entry 0x40080638
[0;32mI (29) boot: ESP-IDF HEAD-HASH-NOTFOUND 2nd stage bootloader[0m
[0;32mI (29) boot: compile time Oct 15 2025 07:58:48[0m
[0;32mI (29) boot: Multicore bootloader[0m
[0;32mI (32) boot: chip revision: v3.1[0m
[0;32mI (34) boot.esp32: SPI Speed      : 40MHz[0m
[0;32mI (38) boot.esp32: SPI Mode       : DIO[0m
[0;32mI (42) boot.esp32: SPI Flash Size : 2MB[0m
[0;32mI (45) boot: Enabling RNG early entropy source...[0m
[0;32mI (50) boot: Partition Table:[0m
[0;32mI (52) boot: ## Label            Usage          Type ST Offset   Length[0m
[0;32mI (59) boot:  0 nvs              WiFi data        01 02 00009000 00006000[0m
[0;32mI (65) boot:  1 phy_init         RF data          01 01 0000f000 00001000[0m
[0;32mI (72) boot:  2 factory          factory app      00 00 00010000 00100000[0m
[0;32mI (78) boot: End of partition table[0m
[0;32mI (82) esp_image: segment 0: paddr=00010020 vaddr=3f400020 size=0bc04h ( 48132) map[0m
[0;32mI (105) esp_image: segment 1: paddr=0001bc2c vaddr=3ffb0000 size=02498h (  9368) load[0m
[0;32mI (109) esp_image: segment 2: paddr=0001e0cc vaddr=40080000 size=01f4ch (  8012) load[0m
[0;32mI (113) esp_image: segment 3: paddr=00020020 vaddr=400d0020 size=180ech ( 98540) map[0m
[0;32mI (151) esp_image: segment 4: paddr=00038114 vaddr=40081f4c size=0ece4h ( 60644) load[0m
[0;32mI (174) esp_image: segment 5: paddr=00046e00 vaddr=50000000 size=00020h (    32) load[0m
[0;32mI (183) boot: Loaded app from partition at offset 0x10000[0m
[0;32mI (183) boot: Disabling RNG early entropy source...[0m
[0;32mI (195) cpu_start: Multicore app[0m
[0;32mI (203) cpu_start: Pro cpu start user code[0m
[0;32mI (203) cpu_start: cpu freq: 160000000 Hz[0m
[0;32mI (203) app_init: Application information:[0m
[0;32mI (203) app_init: Project name:     lab5[0m
[0;32mI (207) app_init: App version:      29eaf56-dirty[0m
[0;32mI (211) app_init: Compile time:     Oct 15 2025 10:23:15[0m
[0;32mI (216) app_init: ELF file SHA256:  52231bc27...[0m
[0;32mI (221) app_init: ESP-IDF:          HEAD-HASH-NOTFOUND[0m
[0;32mI (225) efuse_init: Min chip rev:     v0.0[0m
[0;32mI (229) efuse_init: Max chip rev:     v3.99 [0m
[0;32mI (233) efuse_init: Chip rev:         v3.1[0m
[0;32mI (237) heap_init: Initializing. RAM available for dynamic allocation:[0m
[0;32mI (244) heap_init: At 3FFAE6E0 len 00001920 (6 KiB): DRAM[0m
[0;32mI (249) heap_init: At 3FFB2E58 len 0002D1A8 (180 KiB): DRAM[0m
[0;32mI (254) heap_init: At 3FFE0440 len 00003AE0 (14 KiB): D/IRAM[0m
[0;32mI (259) heap_init: At 3FFE4350 len 0001BCB0 (111 KiB): D/IRAM[0m
[0;32mI (265) heap_init: At 40090C30 len 0000F3D0 (60 KiB): IRAM[0m
[0;33mW (271) spi_flash: Detected boya flash chip but using generic driver. For optimal functionality, enable `SPI_FLASH_SUPPORT_BOYA_CHIP` in menuconfig[0m
[0;32mI (283) spi_flash: detected chip: generic[0m
[0;32mI (287) spi_flash: flash io: dio[0m
[0;33mW (290) spi_flash: Detected size(4096k) larger than the size in the binary image header(2048k). Using the size in the binary image header.[0m
[0;33mW (302) i2c: This driver is an old driver, please migrate your application code to adapt `driver/i2c_master.h`[0m
[0;32mI (323) main_task: Started on CPU0[0m
[0;32mI (333) main_task: Calling app_main()[0m
[0;32mI (333) pm: Frequency switching config: CPU_MAX: 240, APB_MAX: 240, APB_MIN: 80, Light sleep: ENABLED[0m
[0;32mI (333) main_task: Returned from app_main()[0m
vector:   8218 x:    824 y:   -136 z:   8176 stepcount:   0vector:   8234 x:    892 y:   -220 z:   8156 stepcount:   0vector:   8140 x:    824 y:   -224 z:   8096 stepcount:   0vector:  16341 x:    772 y:   -192 z:   8128 stepcount:   0vector:   8425 x:    812 y:   -216 z:   8128 stepcount:   0vector:   8203 x:    784 y:   -180 z:   8164 stepcount:   0vector:   8201 x:    796 y:   -196 z:   8148 stepcount:   0vector:   8291 x:    832 y:   -140 z:   8248 stepcount:   0vector:   8250 x:    860 y:   -148 z:   8204 stepcount:   0vector:   8338 x:    924 y:   -256 z:   8288 stepcount:   0vector:   8076 x:    868 y:   -160 z:   8284 stepcount:   1vector:   8165 x:    812 y:   -156 z:   8124 stepcount:   1vector:   8151 x:    792 y:   -184 z:   8104 stepcount:   1vector:   8236 x:    768 y:   -112 z:   8200 stepcount:   1vector:   8244 x:    916 y:   -160 z:   8192 stepcount:   1vector:   8317 x:    884 y:   -228 z:   8236 stepcount:   1vector:   8172 x:    888 y:   -100 z:   8124 stepcount:   1vector:   8272 x:    848 y:   -152 z:   8228 stepcount:   1vector:   8224 x:    820 y:   -268 z:   7980 stepcount:   1vector:   8318 x:    780 y:   -164 z:   8280 stepcount:   1vector:   8256 x:    832 y:   -208 z:   8212 stepcount:   1vector:   8369 x:    836 y:   -164 z:   8328 stepcount:   1vector:   8303 x:    836 y:   -300 z:   8256 stepcount:   1vector:   8254 x:    868 y:   -268 z:   8204 stepcount:   1vector:   8287 x:    720 y:   -212 z:   8752 stepcount:   1vector:   8807 x:    788 y:   -272 z:   8768 stepcount:   1vector:   8278 x:    896 y:   -176 z:   8228 stepcount:   1vector:   8210 x:    844 y:   -160 z:   8020ESP_ERROR_CHECK failed: esp_err_t 0x107 (ESP_ERR_TIMEOUT) at 0x400d6758
file: "./main/i2c.c" line 76
func: readI2C
expression: res

abort() was called at PC 0x40088917 on core 0


Backtrace: 0x400889f5:0x3ffb6fe0 0x40088985:0x3ffb7000 0x4008eeb1:0x3ffb7020 0x40088917:0x3ffb7090 0x400d6758:0x3ffb70c0 0x400d68bd:0x3ffb70e0 0x400d647c:0x3ffb7110 0x40089629:0x3ffb7140




ELF file SHA256: 52231bc27

Rebooting...
ets Jul 29 2019 12:21:46

rst:0xc (SW_CPU_RESET),boot:0x13 (SPI_FAST_FLASH_BOOT)
configsip: 0, SPIWP:0xee
clk_drv:0x00,q_drv:0x00,d_drv:0x00,cs0_drv:0x00,hd_drv:0x00,wp_drv:0x00
mode:DIO, clock div:2
load:0x3fff0030,len:6380
ho 0 tail 12 room 4
load:0x40078000,len:15916
load:0x40080400,len:3860
entry 0x40080638
[0;32mI (29) boot: ESP-IDF HEAD-HASH-NOTFOUND 2nd stage bootloader[0m
[0;32mI (29) boot: compile time Oct 15 2025 07:58:48[0m
[0;32mI (29) boot: Multicore bootloader[0m
[0;32mI (32) boot: chip revision: v3.1[0m
[0;32mI (34) boot.esp32: SPI Speed      : 40MHz[0m
[0;32mI (38) boot.esp32: SPI Mode       : DIO[0m
[0;32mI (42) boot.esp32: SPI Flash Size : 2MB[0m
[0;32mI (45) boot: Enabling RNG early entropy source...[0m
[0;32mI (50) boot: Partition Table:[0m
[0;32mI (52) boot: ## Label            Usage          Type ST Offset   Length[0m
[0;32mI (59) boot:  0 nvs              WiFi data        01 02 00009000 00006000[0m
[0;32mI (65) boot:  1 phy_init         RF data          01 01 0000f000 00001000[0m
[0;32mI (72) boot:  2 factory          factory app      00 00 00010000 00100000[0m
[0;32mI (78) boot: End of partition table[0m
[0;32mI (82) esp_image: segment 0: paddr=00010020 vaddr=3f400020 size=0bc04h ( 48132) map[0m
[0;32mI (105) esp_image: segment 1: paddr=0001bc2c vaddr=3ffb0000 size=02498h (  9368) load[0m
[0;32mI (109) esp_image: segment 2: paddr=0001e0cc vaddr=40080000 size=01f4ch (  8012) load[0m
[0;32mI (113) esp_image: segment 3: paddr=00020020 vaddr=400d0020 size=180ech ( 98540) map[0m
[0;32mI (151) esp_image: segment 4: paddr=00038114 vaddr=40081f4c size=0ece4h ( 60644) load[0m
[0;32mI (174) esp_image: segment 5: paddr=00046e00 vaddr=50000000 size=00020h (    32) load[0m
[0;32mI (183) boot: Loaded app from partition at offset 0x10000[0m
[0;32mI (183) boot: Disabling RNG early entropy source...[0m
[0;32mI (195) cpu_start: Multicore app[0m
[0;32mI (203) cpu_start: Pro cpu start user code[0m
[0;32mI (203) cpu_start: cpu freq: 160000000 Hz[0m
[0;32mI (203) app_init: Application information:[0m
[0;32mI (203) app_init: Project name:     lab5[0m
[0;32mI (207) app_init: App version:      29eaf56-dirty[0m
[0;32mI (211) app_init: Compile time:     Oct 15 2025 10:23:15[0m
[0;32mI (216) app_init: ELF file SHA256:  52231bc27...[0m
[0;32mI (221) app_init: ESP-IDF:          HEAD-HASH-NOTFOUND[0m
[0;32mI (225) efuse_init: Min chip rev:     v0.0[0m
[0;32mI (229) efuse_init: Max chip rev:     v3.99 [0m
[0;32mI (233) efuse_init: Chip rev:         v3.1[0m
[0;32mI (237) heap_init: Initializing. RAM available for dynamic allocation:[0m
[0;32mI (244) heap_init: At 3FFAE6E0 len 00001920 (6 KiB): DRAM[0m
[0;32mI (249) heap_init: At 3FFB2E58 len 0002D1A8 (180 KiB): DRAM[0m
[0;32mI (254) heap_init: At 3FFE0440 len 00003AE0 (14 KiB): D/IRAM[0m
[0;32mI (259) heap_init: At 3FFE4350 len 0001BCB0 (111 KiB): D/IRAM[0m
[0;32mI (265) heap_init: At 40090C30 len 0000F3D0 (60 KiB): IRAM[0m
[0;33mW (271) spi_flash: Detected boya flash chip but using generic driver. For optimal functionality, enable `SPI_FLASH_SUPPORT_BOYA_CHIP` in menuconfig[0m
[0;32mI (283) spi_flash: detected chip: generic[0m
[0;32mI (287) spi_flash: flash io: dio[0m
[0;33mW (290) spi_flash: Detected size(4096k) larger than the size in the binary image header(2048k). Using the size in the binary image header.[0m
[0;33mW (302) i2c: This driver is an old driver, please migrate your application code to adapt `driver/i2c_master.h`[0m
[0;32mI (323) main_task: Started on CPU0[0m
[0;32mI (333) main_task: Calling app_main()[0m
[0;32mI (333) pm: Frequency switching config: CPU_MAX: 240, APB_MAX: 240, APB_MIN: 80, Light sleep: ENABLED[0m
[0;32mI (333) main_task: Returned from app_main()[0m
vector:   8100 x:    868 y:   -184 z:   8052 stepcount:   0vector:   8322 x:    764 y:   -188 z:   8052 stepcount:   0vector:   8350 x:    692 y:   -160 z:   8320 stepcount:   0vector:   8272 x:    920 y:   -152 z:   8228 stepcount:   0vector:   8466 xESP_ERROR_CHECK failed: esp_err_t 0xffffffff (ESP_FAIL) at 0x400d66de
file: "./main/i2c.c" line 58
func: readI2C
expression: res

abort() was called at PC 0x40088917 on core 0


Backtrace: 0x400889f5:0x3ffb6fe0 0x40088985:0x3ffb7000 0x4008eeb1:0x3ffb7020 0x40088917:0x3ffb7090 0x400d66de:0x3ffb70c0 0x400d690c:0x3ffb70e0 0x400d6486:0x3ffb7110 0x40089629:0x3ffb7140




ELF file SHA256: 52231bc27

Rebooting...
ets Jul 29 2019 12:21:46

rst:0xc (SW_CPU_RESET),boot:0x13 (SPI_FAST_FLASH_BOOT)
configsip: 0, SPIWP:0xee
clk_drv:0x00,q_drv:0x00,d_drv:0x00,cs0_drv:0x00,hd_drv:0x00,wp_drv:0x00
mode:DIO, clock div:2
load:0x3fff0030,len:6380
ho 0 tail 12 room 4
load:0x40078000,len:15916
load:0x40080400,len:3860
entry 0x40080638
[0;32mI (29) boot: ESP-IDF HEAD-HASH-NOTFOUND 2nd stage bootloader[0m
[0;32mI (29) boot: compile time Oct 15 2025 07:58:48[0m
[0;32mI (29) boot: Multicore bootloader[0m
[0;32mI (32) boot: chip revision: v3.1[0m
[0;32mI (34) boot.esp32: SPI Speed      : 40MHz[0m
[0;32mI (38) boot.esp32: SPI Mode       : DIO[0m
[0;32mI (42) boot.esp32: SPI Flash Size : 2MB[0m
[0;32mI (45) boot: Enabling RNG early entropy source...[0m
[0;32mI (50) boot: Partition Table:[0m
[0;32mI (52) boot: ## Label            Usage          Type ST Offset   Length[0m
[0;32mI (59) boot:  0 nvs              WiFi data        01 02 00009000 00006000[0m
[0;32mI (65) boot:  1 phy_init         RF data          01 01 0000f000 00001000[0m
[0;32mI (72) boot:  2 factory          factory app      00 00 00010000 00100000[0m
[0;32mI (78) boot: End of partition table[0m
[0;32mI (82) esp_image: segment 0: paddr=00010020 vaddr=3f400020 size=0bc04h ( 48132) map[0m
[0;32mI (105) esp_image: segment 1: paddr=0001bc2c vaddr=3ffb0000 size=02498h (  9368) load[0m
[0;32mI (109) esp_image: segment 2: paddr=0001e0cc vaddr=40080000 size=01f4ch (  8012) load[0m
[0;32mI (113) esp_image: segment 3: paddr=00020020 vaddr=400d0020 size=180ech ( 98540) map[0m
[0;32mI (151) esp_image: segment 4: paddr=00038114 vaddr=40081f4c size=0ece4h ( 60644) load[0m
[0;32mI (174) esp_image: segment 5: paddr=00046e00 vaddr=50000000 size=00020h (    32) load[0m
[0;32mI (183) boot: Loaded app from partition at offset 0x10000[0m
[0;32mI (183) boot: Disabling RNG early entropy source...[0m
[0;32mI (195) cpu_start: Multicore app[0m
[0;32mI (203) cpu_start: Pro cpu start user code[0m
[0;32mI (203) cpu_start: cpu freq: 160000000 Hz[0m
[0;32mI (203) app_init: Application information:[0m
[0;32mI (203) app_init: Project name:     lab5[0m
[0;32mI (207) app_init: App version:      29eaf56-dirty[0m
[0;32mI (211) app_init: Compile time:     Oct 15 2025 10:23:15[0m
[0;32mI (216) app_init: ELF file SHA256:  52231bc27...[0m
[0;32mI (221) app_init: ESP-IDF:          HEAD-HASH-NOTFOUND[0m
[0;32mI (225) efuse_init: Min chip rev:     v0.0[0m
[0;32mI (229) efuse_init: Max chip rev:     v3.99 [0m
[0;32mI (233) efuse_init: Chip rev:         v3.1[0m
[0;32mI (237) heap_init: Initializing. RAM available for dynamic allocation:[0m
[0;32mI (244) heap_init: At 3FFAE6E0 len 00001920 (6 KiB): DRAM[0m
[0;32mI (249) heap_init: At 3FFB2E58 len 0002D1A8 (180 KiB): DRAM[0m
[0;32mI (254) heap_init: At 3FFE0440 len 00003AE0 (14 KiB): D/IRAM[0m
[0;32mI (259) heap_init: At 3FFE4350 len 0001BCB0 (111 KiB): D/IRAM[0m
[0;32mI (265) heap_init: At 40090C30 len 0000F3D0 (60 KiB): IRAM[0m
[0;33mW (271) spi_flash: Detected boya flash chip but using generic driver. For optimal functionality, enable `SPI_FLASH_SUPPORT_BOYA_CHIP` in menuconfig[0m
[0;32mI (283) spi_flash: detected chip: generic[0m
[0;32mI (287) spi_flash: flash io: dio[0m
[0;33mW (289) spi_flash: Detected size(4096k) larger than the size in the binary image header(2048k). Using the size in the binary image header.[0m
[0;33mW (302) i2c: This driver is an old driver, please migrate your application code to adapt `driver/i2c_master.h`[0m
[0;32mI (323) main_task: Started on CPU0[0m
[0;32mI (333) main_task: Calling app_main()[0m
[0;32mI (333) pm: Frequency switching config: CPU_MAX: 240, APB_MAX: 240, APB_MIN: 80, Light sleep: ENABLED[0m
[0;32mI (333) main_task: Returned from app_main()[0m
vector:   8089 x:    860 y:   -232 z:   8040 stepcount:   0vector:   8289 x:    876 y:   -156 z:   8248 stepcount:   0vector:   8255 x:    832 y:   -164 z:   8212 stepcount:   0vector:   8391 x:    948 y:   -176 z:   8348 stepcount:   0vector:   8049 x:    768 y:   -140 z:   8268 stepcount:   0vector:   8264 x:    876 y:   -164 z:   8216 stepcount:   0vector:   8150 x:    844 y:   -216 z:   8104 stepcount:   0vector:   8220 x:    868 y:   -200 z:   8172 stepcount:   0vector:   8024 x:    792 y:   -128 z:   7984 stepcount:   0vector:   8357 x:    824 y:   -184 z:   8192 stepcount:   0vector:   8287 x:    776 y:   -216 z:   ESP_ERROR_CHECK failed: esp_err_t 0x107 (ESP_ERR_TIMEOUT) at 0x400d66de
file: "./main/i2c.c" line 58
func: readI2C
expression: res

abort() was called at PC 0x40088917 on core 0


Backtrace: 0x400889f5:0x3ffb6fc0 0x40088985:0x3ffb6fe0 0x4008eeb1:0x3ffb7000 0x40088917:0x3ffb7070 0x400d66de:0x3ffb70a0 0x400d691d:0x3ffb70c0 0x400d693f:0x3ffb70f0 0x400d648b:0x3ffb7110 0x40089629:0x3ffb7140




ELF file SHA256: 52231bc27

Rebooting...
ets Jul 29 2019 12:21:46

rst:0xc (SW_CPU_RESET),boot:0x13 (SPI_FAST_FLASH_BOOT)
configsip: 0, SPIWP:0xee
clk_drv:0x00,q_drv:0x00,d_drv:0x00,cs0_drv:0x00,hd_drv:0x00,wp_drv:0x00
mode:DIO, clock div:2
load:0x3fff0030,len:6380
ho 0 tail 12 room 4
load:0x40078000,len:15916
load:0x40080400,len:3860
entry 0x40080638
[0;32mI (29) boot: ESP-IDF HEAD-HASH-NOTFOUND 2nd stage bootloader[0m
[0;32mI (29) boot: compile time Oct 15 2025 07:58:48[0m
[0;32mI (29) boot: Multicore bootloader[0m
[0;32mI (32) boot: chip revision: v3.1[0m
[0;32mI (34) boot.esp32: SPI Speed      : 40MHz[0m
[0;32mI (38) boot.esp32: SPI Mode       : DIO[0m
[0;32mI (42) boot.esp32: SPI Flash Size : 2MB[0m
[0;32mI (45) boot: Enabling RNG early entropy source...[0m
[0;32mI (50) boot: Partition Table:[0m
[0;32mI (52) boot: ## Label            Usage          Type ST Offset   Length[0m
[0;32mI (59) boot:  0 nvs              WiFi data        01 02 00009000 00006000[0m
[0;32mI (65) boot:  1 phy_init         RF data          01 01 0000f000 00001000[0m
[0;32mI (72) boot:  2 factory          factory app      00 00 00010000 00100000[0m
[0;32mI (78) boot: End of partition table[0m
[0;32mI (82) esp_image: segment 0: paddr=00010020 vaddr=3f400020 size=0bc04h ( 48132) map[0m
[0;32mI (105) esp_image: segment 1: paddr=0001bc2c vaddr=3ffb0000 size=02498h (  9368) load[0m
[0;32mI (109) esp_image: segment 2: paddr=0001e0cc vaddr=40080000 size=01f4ch (  8012) load[0m
[0;32mI (113) esp_image: segment 3: paddr=00020020 vaddr=400d0020 size=180ech ( 98540) map[0m
[0;32mI (151) esp_image: segment 4: paddr=00038114 vaddr=40081f4c size=0ece4h ( 60644) load[0m
[0;32mI (174) esp_image: segment 5: paddr=00046e00 vaddr=50000000 size=00020h (    32) load[0m
[0;32mI (183) boot: Loaded app from partition at offset 0x10000[0m
[0;32mI (183) boot: Disabling RNG early entropy source...[0m
[0;32mI (195) cpu_start: Multicore app[0m
[0;32mI (203) cpu_start: Pro cpu start user code[0m
[0;32mI (203) cpu_start: cpu freq: 160000000 Hz[0m
[0;32mI (203) app_init: Application information:[0m
[0;32mI (203) app_init: Project name:     lab5[0m
[0;32mI (207) app_init: App version:      29eaf56-dirty[0m
[0;32mI (211) app_init: Compile time:     Oct 15 2025 10:23:15[0m
[0;32mI (216) app_init: ELF file SHA256:  52231bc27...[0m
[0;32mI (221) app_init: ESP-IDF:          HEAD-HASH-NOTFOUND[0m
[0;32mI (225) efuse_init: Min chip rev:     v0.0[0m
[0;32mI (229) efuse_init: Max chip rev:     v3.99 [0m
[0;32mI (233) efuse_init: Chip rev:         v3.1[0m
[0;32mI (237) heap_init: Initializing. RAM available for dynamic allocation:[0m
[0;32mI (244) heap_init: At 3FFAE6E0 len 00001920 (6 KiB): DRAM[0m
[0;32mI (249) heap_init: At 3FFB2E58 len 0002D1A8 (180 KiB): DRAM[0m
[0;32mI (254) heap_init: At 3FFE0440 len 00003AE0 (14 KiB): D/IRAM[0m
[0;32mI (259) heap_init: At 3FFE4350 len 0001BCB0 (111 KiB): D/IRAM[0m
[0;32mI (265) heap_init: At 40090C30 len 0000F3D0 (60 KiB): IRAM[0m
[0;33mW (271) spi_flash: Detected boya flash chip but using generic driver. For optimal functionality, enable `SPI_FLASH_SUPPORT_BOYA_CHIP` in menuconfig[0m
[0;32mI (283) spi_flash: detected chip: generic[0m
[0;32mI (287) spi_flash: flash io: dio[0m
[0;33mW (289) spi_flash: Detected size(4096k) larger than the size in the binary image header(2048k). Using the size in the binary image header.[0m
[0;33mW (302) i2c: This driver is an old driver, please migrate your application code to adapt `driver/i2c_master.h`[0m
[0;32mI (323) main_task: Started on CPU0[0m
[0;32mI (333) main_task: Calling app_main()[0m
[0;32mI (333) pm: Frequency switching config: CPU_MAX: 240, APB_MAX: 240, APB_MIN: 80, Light sleep: ENABLED[0m
ESP_ERROR_CHECK failed: esp_err_t 0xffffffff (ESP_FAIL) at 0x400d6894
file: "./main/accel.c" line 67
func: initMPU
expression: res

abort() was called at PC 0x40088917 on core 0


Backtrace: 0x400889f5:0x3ffb5010 0x40088985:0x3ffb5030 0x4008eeb1:0x3ffb5050 0x40088917:0x3ffb50c0 0x400d6894:0x3ffb50f0 0x400d65c8:0x3ffb5110 0x400e797d:0x3ffb5150 0x40089629:0x3ffb5180




ELF file SHA256: 52231bc27

Rebooting...
ets Jul 29 2019 12:21:46

rst:0xc (SW_CPU_RESET),boot:0x13 (SPI_FAST_FLASH_BOOT)
configsip: 0, SPIWP:0xee
clk_drv:0x00,q_drv:0x00,d_drv:0x00,cs0_drv:0x00,hd_drv:0x00,wp_drv:0x00
mode:DIO, clock div:2
load:0x3fff0030,len:6380
ho 0 tail 12 room 4
load:0x40078000,len:15916
load:0x40080400,len:3860
entry 0x40080638
[0;32mI (29) boot: ESP-IDF HEAD-HASH-NOTFOUND 2nd stage bootloader[0m
[0;32mI (29) boot: compile time Oct 15 2025 07:58:48[0m
[0;32mI (29) boot: Multicore bootloader[0m
[0;32mI (32) boot: chip revision: v3.1[0m
[0;32mI (34) boot.esp32: SPI Speed      : 40MHz[0m
[0;32mI (38) boot.esp32: SPI Mode       : DIO[0m
[0;32mI (42) boot.esp32: SPI Flash Size : 2MB[0m
[0;32mI (45) boot: Enabling RNG early entropy source...[0m
[0;32mI (50) boot: Partition Table:[0m
[0;32mI (52) boot: ## Label            Usage          Type ST Offset   Length[0m
[0;32mI (59) boot:  0 nvs              WiFi data        01 02 00009000 00006000[0m
[0;32mI (65) boot:  1 phy_init         RF data          01 01 0000f000 00001000[0m
[0;32mI (72) boot:  2 factory          factory app      00 00 00010000 00100000[0m
[0;32mI (78) boot: End of partition table[0m
[0;32mI (82) esp_image: segment 0: paddr=00010020 vaddr=3f400020 size=0bc04h ( 48132) map[0m
[0;32mI (105) esp_image: segment 1: paddr=0001bc2c vaddr=3ffb0000 size=02498h (  9368) load[0m
[0;32mI (109) esp_image: segment 2: paddr=0001e0cc vaddr=40080000 size=01f4ch (  8012) load[0m
[0;32mI (113) esp_image: segment 3: paddr=00020020 vaddr=400d0020 size=180ech ( 98540) map[0m
[0;32mI (151) esp_image: segment 4: paddr=00038114 vaddr=40081f4c size=0ece4h ( 60644) load[0m
[0;32mI (174) esp_image: segment 5: paddr=00046e00 vaddr=50000000 size=00020h (    32) load[0m
[0;32mI (183) boot: Loaded app from partition at offset 0x10000[0m
[0;32mI (183) boot: Disabling RNG early entropy source...[0m
[0;32mI (195) cpu_start: Multicore app[0m
[0;32mI (203) cpu_start: Pro cpu start user code[0m
[0;32mI (203) cpu_start: cpu freq: 160000000 Hz[0m
[0;32mI (203) app_init: Application information:[0m
[0;32mI (203) app_init: Project name:     lab5[0m
[0;32mI (207) app_init: App version:      29eaf56-dirty[0m
[0;32mI (211) app_init: Compile time:     Oct 15 2025 10:23:15[0m
[0;32mI (216) app_init: ELF file SHA256:  52231bc27...[0m
[0;32mI (221) app_init: ESP-IDF:          HEAD-HASH-NOTFOUND[0m
[0;32mI (225) efuse_init: Min chip rev:     v0.0[0m
[0;32mI (229) efuse_init: Max chip rev:     v3.99 [0m
[0;32mI (233) efuse_init: Chip rev:         v3.1[0m
[0;32mI (237) heap_init: Initializing. RAM available for dynamic allocation:[0m
[0;32mI (244) heap_init: At 3FFAE6E0 len 00001920 (6 KiB): DRAM[0m
[0;32mI (249) heap_init: At 3FFB2E58 len 0002D1A8 (180 KiB): DRAM[0m
[0;32mI (254) heap_init: At 3FFE0440 len 00003AE0 (14 KiB): D/IRAM[0m
[0;32mI (259) heap_init: At 3FFE4350 len 0001BCB0 (111 KiB): D/IRAM[0m
[0;32mI (265) heap_init: At 40090C30 len 0000F3D0 (60 KiB): IRAM[0m
[0;33mW (271) spi_flash: Detected boya flash chip but using generic driver. For optimal functionality, enable `SPI_FLASH_SUPPORT_BOYA_CHIP` in menuconfig[0m
[0;32mI (283) spi_flash: detected chip: generic[0m
[0;32mI (287) spi_flash: flash io: dio[0m
[0;33mW (289) spi_flash: Detected size(4096k) larger than the size in the binary image header(2048k). Using the size in the binary image header.[0m
[0;33mW (302) i2c: This driver is an old driver, please migrate your application code to adapt `driver/i2c_master.h`[0m
[0;32mI (323) main_task: Started on CPU0[0m
[0;32mI (333) main_task: Calling app_main()[0m
[0;32mI (333) pm: Frequency switching config: CPU_MAX: 240, APB_MAX: 240, APB_MIN: 80, Light sleep: ENABLED[0m
[0;32mI (333) main_task: Returned from app_main()[0m
vector:   8310 x:    824 y:   -136 z:   8268 stepcount:   0vector:   8200 x:    832 y:   -104 z:   8272 stepcount:   0vector:   8167 x:    920 y:   -232 z:   8112 stepcount:   0vector:   8170 x:    844 y:   -164 z:   8096 stepcount:   0vector:   8286 x:    796 y:   -248 z:   8244 stepcount:   0vector:   8043 x:    732 y:   -180 z:   8008 stepcount:   0vector:   8184 x:    792 y:   -228 z:   8064 stepcount:   0vector:   8245 x:    784 y:   -248 z:   8204 stepcount:   0vector:   8014 x:    812 y:   -152 z:   7972 stepcount:   0vector:   8258 x:    432 y:   -184 z:   8416 stepcount:   0vector:   8358 x:    904 y:   -180 z:   8308 stepcount:   0vector:   8264 x:    852 y:   -124 z:   8220 stepcount:   0vector:   8186 x:    860 y:   -176 z:   8252 stepcount:   0vector:   8179 x:    860 y:   -192 z:   8132 stepcount:   0vector:   8279 x:    868 y:   -156 z:   8232 stepcount: ESP_ERROR_CHECK failed: esp_err_t 0xffffffff (ESP_FAIL) at 0x400d66de
file: "./main/i2c.c" line 58
func: readI2C
expression: res

abort() was called at PC 0x40088917 on core 0


Backtrace: 0x400889f5:0x3ffb6fe0 0x40088985:0x3ffb7000 0x4008eeb1:0x3ffb7020 0x40088917:0x3ffb7090 0x400d66de:0x3ffb70c0 0x400d68dc:0x3ffb70e0 0x400d6481:0x3ffb7110 0x40089629:0x3ffb7140




ELF file SHA256: 52231bc27

Rebooting...
ets Jul 29 2019 12:21:46

rst:0xc (SW_CPU_RESET),boot:0x13 (SPI_FAST_FLASH_BOOT)
configsip: 0, SPIWP:0xee
clk_drv:0x00,q_drv:0x00,d_drv:0x00,cs0_drv:0x00,hd_drv:0x00,wp_drv:0x00
mode:DIO, clock div:2
load:0x3fff0030,len:6380
ho 0 tail 12 room 4
load:0x40078000,len:15916
load:0x40080400,len:3860
entry 0x40080638
[0;32mI (29) boot: ESP-IDF HEAD-HASH-NOTFOUND 2nd stage bootloader[0m
[0;32mI (29) boot: compile time Oct 15 2025 07:58:48[0m
[0;32mI (29) boot: Multicore bootloader[0m
[0;32mI (32) boot: chip revision: v3.1[0m
[0;32mI (34) boot.esp32: SPI Speed      : 40MHz[0m
[0;32mI (38) boot.esp32: SPI Mode       : DIO[0m
[0;32mI (42) boot.esp32: SPI Flash Size : 2MB[0m
[0;32mI (45) boot: Enabling RNG early entropy source...[0m
[0;32mI (50) boot: Partition Table:[0m
[0;32mI (52) boot: ## Label            Usage          Type ST Offset   Length[0m
[0;32mI (59) boot:  0 nvs              WiFi data        01 02 00009000 00006000[0m
[0;32mI (65) boot:  1 phy_init         RF data          01 01 0000f000 00001000[0m
[0;32mI (72) boot:  2 factory          factory app      00 00 00010000 00100000[0m
[0;32mI (78) boot: End of partition table[0m
[0;32mI (82) esp_image: segment 0: paddr=00010020 vaddr=3f400020 size=0bc04h ( 48132) map[0m
[0;32mI (105) esp_image: segment 1: paddr=0001bc2c vaddr=3ffb0000 size=02498h (  9368) load[0m
[0;32mI (109) esp_image: segment 2: paddr=0001e0cc vaddr=40080000 size=01f4ch (  8012) load[0m
[0;32mI (113) esp_image: segment 3: paddr=00020020 vaddr=400d0020 size=180ech ( 98540) map[0m
[0;32mI (151) esp_image: segment 4: paddr=00038114 vaddr=40081f4c size=0ece4h ( 60644) load[0m
[0;32mI (174) esp_image: segment 5: paddr=00046e00 vaddr=50000000 size=00020h (    32) load[0m
[0;32mI (183) boot: Loaded app from partition at offset 0x10000[0m
[0;32mI (183) boot: Disabling RNG early entropy source...[0m
[0;32mI (195) cpu_start: Multicore app[0m
[0;32mI (203) cpu_start: Pro cpu start user code[0m
[0;32mI (203) cpu_start: cpu freq: 160000000 Hz[0m
[0;32mI (203) app_init: Application information:[0m
[0;32mI (203) app_init: Project name:     lab5[0m
[0;32mI (207) app_init: App version:      29eaf56-dirty[0m
[0;32mI (211) app_init: Compile time:     Oct 15 2025 10:23:15[0m
[0;32mI (216) app_init: ELF file SHA256:  52231bc27...[0m
[0;32mI (221) app_init: ESP-IDF:          HEAD-HASH-NOTFOUND[0m
[0;32mI (225) efuse_init: Min chip rev:     v0.0[0m
[0;32mI (229) efuse_init: Max chip rev:     v3.99 [0m
[0;32mI (233) efuse_init: Chip rev:         v3.1[0m
[0;32mI (237) heap_init: Initializing. RAM available for dynamic allocation:[0m
[0;32mI (244) heap_init: At 3FFAE6E0 len 00001920 (6 KiB): DRAM[0m
[0;32mI (249) heap_init: At 3FFB2E58 len 0002D1A8 (180 KiB): DRAM[0m
[0;32mI (254) heap_init: At 3FFE0440 len 00003AE0 (14 KiB): D/IRAM[0m
[0;32mI (259) heap_init: At 3FFE4350 len 0001BCB0 (111 KiB): D/IRAM[0m
[0;32mI (265) heap_init: At 40090C30 len 0000F3D0 (60 KiB): IRAM[0m
[0;33mW (271) spi_flash: Detected boya flash chip but using generic driver. For optimal functionality, enable `SPI_FLASH_SUPPORT_BOYA_CHIP` in menuconfig[0m
[0;32mI (283) spi_flash: detected chip: generic[0m
[0;32mI (287) spi_flash: flash io: dio[0m
[0;33mW (289) spi_flash: Detected size(4096k) larger than the size in the binary image header(2048k). Using the size in the binary image header.[0m
[0;33mW (302) i2c: This driver is an old driver, please migrate your application code to adapt `driver/i2c_master.h`[0m
[0;32mI (323) main_task: Started on CPU0[0m
[0;32mI (333) main_task: Calling app_main()[0m
[0;32mI (333) pm: Frequency switching config: CPU_MAX: 240, APB_MAX: 240, APB_MIN: 80, Light sleep: ENABLED[0m
[0;32mI (333) main_task: Returned from app_main()[0m
vector:   8116 x:    876 y:   -100 z:   8068 stepcount:   0vector:   8201 x:    716 y:   -252 z:   8344 stepcount:   0vector:   8264 x:    768 y:   -112 z:   8228 stepcount:   0vector:   8144 x:    876 y:   -132 z:   8056 stepcount:   0vector:   8300 x:    844 y:   -172 z:   8256 stepcount:   0vector:   8195 x:    832 y:   -156 z:   8152 stepcount:   0vector:   8155 x:    824ESP_ERROR_CHECK failed: esp_err_t 0x107 (ESP_ERR_TIMEOUT) at 0x400d6758
file: "./main/i2c.c" line 76
func: readI2C
expression: res

abort() was called at PC 0x40088917 on core 0


Backtrace: 0x400889f5:0x3ffb6fc0 0x40088985:0x3ffb6fe0 0x4008eeb1:0x3ffb7000 0x40088917:0x3ffb7070 0x400d6758:0x3ffb70a0 0x400d68ac:0x3ffb70c0 0x400d6933:0x3ffb70f0 0x400d648b:0x3ffb7110 0x40089629:0x3ffb7140




ELF file SHA256: 52231bc27

Rebooting...
ets Jul 29 2019 12:21:46

rst:0xc (SW_CPU_RESET),boot:0x13 (SPI_FAST_FLASH_BOOT)
configsip: 0, SPIWP:0xee
clk_drv:0x00,q_drv:0x00,d_drv:0x00,cs0_drv:0x00,hd_drv:0x00,wp_drv:0x00
mode:DIO, clock div:2
load:0x3fff0030,len:6380
ho 0 tail 12 room 4
load:0x40078000,len:15916
load:0x40080400,len:3860
entry 0x40080638
[0;32mI (29) boot: ESP-IDF HEAD-HASH-NOTFOUND 2nd stage bootloader[0m
[0;32mI (29) boot: compile time Oct 15 2025 07:58:48[0m
[0;32mI (29) boot: Multicore bootloader[0m
[0;32mI (32) boot: chip revision: v3.1[0m
[0;32mI (34) boot.esp32: SPI Speed      : 40MHz[0m
[0;32mI (38) boot.esp32: SPI Mode       : DIO[0m
[0;32mI (42) boot.esp32: SPI Flash Size : 2MB[0m
[0;32mI (45) boot: Enabling RNG early entropy source...[0m
[0;32mI (50) boot: Partition Table:[0m
[0;32mI (52) boot: ## Label            Usage          Type ST Offset   Length[0m
[0;32mI (59) boot:  0 nvs              WiFi data        01 02 00009000 00006000[0m
[0;32mI (65) boot:  1 phy_init         RF data          01 01 0000f000 00001000[0m
[0;32mI (72) boot:  2 factory          factory app      00 00 00010000 00100000[0m
[0;32mI (78) boot: End of partition table[0m
[0;32mI (82) esp_image: segment 0: paddr=00010020 vaddr=3f400020 size=0bc04h ( 48132) map[0m
[0;32mI (105) esp_image: segment 1: paddr=0001bc2c vaddr=3ffb0000 size=02498h (  9368) load[0m
[0;32mI (109) esp_image: segment 2: paddr=0001e0cc vaddr=40080000 size=01f4ch (  8012) load[0m
[0;32mI (113) esp_image: segment 3: paddr=00020020 vaddr=400d0020 size=180ech ( 98540) map[0m
[0;32mI (151) esp_image: segment 4: paddr=00038114 vaddr=40081f4c size=0ece4h ( 60644) load[0m
[0;32mI (174) esp_image: segment 5: paddr=00046e00 vaddr=50000000 size=00020h (    32) load[0m
[0;32mI (183) boot: Loaded app from partition at offset 0x10000[0m
[0;32mI (183) boot: Disabling RNG early entropy source...[0m
[0;32mI (195) cpu_start: Multicore app[0m
[0;32mI (203) cpu_start: Pro cpu start user code[0m
[0;32mI (203) cpu_start: cpu freq: 160000000 Hz[0m
[0;32mI (203) app_init: Application information:[0m
[0;32mI (203) app_init: Project name:     lab5[0m
[0;32mI (207) app_init: App version:      29eaf56-dirty[0m
[0;32mI (211) app_init: Compile time:     Oct 15 2025 10:23:15[0m
[0;32mI (216) app_init: ELF file SHA256:  52231bc27...[0m
[0;32mI (221) app_init: ESP-IDF:          HEAD-HASH-NOTFOUND[0m
[0;32mI (225) efuse_init: Min chip rev:     v0.0[0m
[0;32mI (229) efuse_init: Max chip rev:     v3.99 [0m
[0;32mI (233) efuse_init: Chip rev:         v3.1[0m
[0;32mI (237) heap_init: Initializing. RAM available for dynamic allocation:[0m
[0;32mI (244) heap_init: At 3FFAE6E0 len 00001920 (6 KiB): DRAM[0m
[0;32mI (249) heap_init: At 3FFB2E58 len 0002D1A8 (180 KiB): DRAM[0m
[0;32mI (254) heap_init: At 3FFE0440 len 00003AE0 (14 KiB): D/IRAM[0m
[0;32mI (259) heap_init: At 3FFE4350 len 0001BCB0 (111 KiB): D/IRAM[0m
[0;32mI (265) heap_init: At 40090C30 len 0000F3D0 (60 KiB): IRAM[0m
[0;33mW (271) spi_flash: Detected boya flash chip but using generic driver. For optimal functionality, enable `SPI_FLASH_SUPPORT_BOYA_CHIP` in menuconfig[0m
[0;32mI (283) spi_flash: detected chip: generic[0m
[0;32mI (287) spi_flash: flash io: dio[0m
[0;33mW (290) spi_flash: Detected size(4096k) larger than the size in the binary image header(2048k). Using the size in the binary image header.[0m
[0;33mW (302) i2c: This driver is an old driver, please migrate your application code to adapt `driver/i2c_master.h`[0m
[0;32mI (323) main_task: Started on CPU0[0m
[0;32mI (333) main_task: Calling app_main()[0m
[0;32mI (333) pm: Frequency switching config: CPU_MAX: 240, APB_MAX: 240, APB_MIN: 80, Light sleep: ENABLED[0m
[0;32mI (333) main_task: Returned from app_main()[0m
vector:   7967 x:   1108 y:   -176 z:   7888 stepcount:   0vector:   8203 x:    864 y:   -128 z:   8064 stepcount:   0vector:   8325 x:    808 y:   -196 z:   8284 stepcount:   0vector:   8259 x:    828 y:   -124 z:   8252 stepcount:   0vector:   8276 x:    808 y:   -144 z:   8236 stepcount:   0vector:   8214 x:    828 y:   -120 z:   8172 stepcount:   0vector:   8067 x:    824 y:   -116 z:   8000 stepcount:   0vector:   8129 x:    880 y:   -180 z:   8080 stepcount:   0vector:   8002 x:    852 y:   -144 z:   7956 stepcount:   0vector:   8067 x:    800 y:   -184 z:   8256 stepcount:   0vector:   8204 x:    800 y:   -176 z:   8164 stepcount:   0vector:   8123 x:    740 y:   -156 z:   8088 stepcount:   0vector:   8338 x:    808 y:   -240 z:   8032 steESP_ERROR_CHECK failed: esp_err_t 0x107 (ESP_ERR_TIMEOUT) at 0x400d6758
file: "./main/i2c.c" line 76
func: readI2C
expression: res

abort() was called at PC 0x40088917 on core 0


Backtrace: 0x400889f5:0x3ffb6fc0 0x40088985:0x3ffb6fe0 0x4008eeb1:0x3ffb7000 0x40088917:0x3ffb7070 0x400d6758:0x3ffb70a0 0x400d690c:0x3ffb70c0 0x400d693f:0x3ffb70f0 0x400d648b:0x3ffb7110 0x40089629:0x3ffb7140




ELF file SHA256: 52231bc27

Rebooting...
ets Jul 29 2019 12:21:46

rst:0xc (SW_CPU_RESET),boot:0x13 (SPI_FAST_FLASH_BOOT)
configsip: 0, SPIWP:0xee
clk_drv:0x00,q_drv:0x00,d_drv:0x00,cs0_drv:0x00,hd_drv:0x00,wp_drv:0x00
mode:DIO, clock div:2
load:0x3fff0030,len:6380
ho 0 tail 12 room 4
load:0x40078000,len:15916
load:0x40080400,len:3860
entry 0x40080638
[0;32mI (29) boot: ESP-IDF HEAD-HASH-NOTFOUND 2nd stage bootloader[0m
[0;32mI (29) boot: compile time Oct 15 2025 07:58:48[0m
[0;32mI (29) boot: Multicore bootloader[0m
[0;32mI (32) boot: chip revision: v3.1[0m
[0;32mI (34) boot.esp32: SPI Speed      : 40MHz[0m
[0;32mI (38) boot.esp32: SPI Mode       : DIO[0m
[0;32mI (42) boot.esp32: SPI Flash Size : 2MB[0m
[0;32mI (45) boot: Enabling RNG early entropy source...[0m
[0;32mI (50) boot: Partition Table:[0m
[0;32mI (52) boot: ## Label            Usage          Type ST Offset   Length[0m
[0;32mI (59) boot:  0 nvs              WiFi data        01 02 00009000 00006000[0m
[0;32mI (65) boot:  1 phy_init         RF data          01 01 0000f000 00001000[0m
[0;32mI (72) boot:  2 factory          factory app      00 00 00010000 00100000[0m
[0;32mI (78) boot: End of partition table[0m
[0;32mI (82) esp_image: segment 0: paddr=00010020 vaddr=3f400020 size=0bc04h ( 48132) map[0m
[0;32mI (105) esp_image: segment 1: paddr=0001bc2c vaddr=3ffb0000 size=02498h (  9368) load[0m
[0;32mI (109) esp_image: segment 2: paddr=0001e0cc vaddr=40080000 size=01f4ch (  8012) load[0m
[0;32mI (113) esp_image: segment 3: paddr=00020020 vaddr=400d0020 size=180ech ( 98540) map[0m
[0;32mI (151) esp_image: segment 4: paddr=00038114 vaddr=40081f4c size=0ece4h ( 60644) load[0m
[0;32mI (174) esp_image: segment 5: paddr=00046e00 vaddr=50000000 size=00020h (    32) load[0m
[0;32mI (183) boot: Loaded app from partition at offset 0x10000[0m
[0;32mI (183) boot: Disabling RNG early entropy source...[0m
[0;32mI (195) cpu_start: Multicore app[0m
[0;32mI (203) cpu_start: Pro cpu start user code[0m
[0;32mI (203) cpu_start: cpu freq: 160000000 Hz[0m
[0;32mI (203) app_init: Application information:[0m
[0;32mI (203) app_init: Project name:     lab5[0m
[0;32mI (207) app_init: App version:      29eaf56-dirty[0m
[0;32mI (211) app_init: Compile time:     Oct 15 2025 10:23:15[0m
[0;32mI (216) app_init: ELF file SHA256:  52231bc27...[0m
[0;32mI (221) app_init: ESP-IDF:          HEAD-HASH-NOTFOUND[0m
[0;32mI (225) efuse_init: Min chip rev:     v0.0[0m
[0;32mI (229) efuse_init: Max chip rev:     v3.99 [0m
[0;32mI (233) efuse_init: Chip rev:         v3.1[0m
[0;32mI (237) heap_init: Initializing. RAM available for dynamic allocation:[0m
[0;32mI (244) heap_init: At 3FFAE6E0 len 00001920 (6 KiB): DRAM[0m
[0;32mI (249) heap_init: At 3FFB2E58 len 0002D1A8 (180 KiB): DRAM[0m
[0;32mI (254) heap_init: At 3FFE0440 len 00003AE0 (14 KiB): D/IRAM[0m
[0;32mI (259) heap_init: At 3FFE4350 len 0001BCB0 (111 KiB): D/IRAM[0m
[0;32mI (265) heap_init: At 40090C30 len 0000F3D0 (60 KiB): IRAM[0m
[0;33mW (271) spi_flash: Detected boya flash chip but using generic driver. For optimal functionality, enable `SPI_FLASH_SUPPORT_BOYA_CHIP` in menuconfig[0m
[0;32mI (283) spi_flash: detected chip: generic[0m
[0;32mI (287) spi_flash: flash io: dio[0m
[0;33mW (289) spi_flash: Detected size(4096k) larger than the size in the binary image header(2048k). Using the size in the binary image header.[0m
[0;33mW (302) i2c: This driver is an old driver, please migrate your application code to adapt `driver/i2c_master.h`[0m
[0;32mI (323) main_task: Started on CPU0[0m
[0;32mI (333) main_task: Calling app_main()[0m
[0;32mI (333) pm: Frequency switching config: CPU_MAX: 240, APB_MAX: 240, APB_MIN: 80, Light sleep: ENABLED[0m
[0;32mI (333) main_task: Returned from app_main()[0m
vector:   8289 x:    844 y:   -180 z:   8244 stepcount:   0vector:   8331 x:    832 y:   -164 z:   8228 stepcount:   0vector:   8243 x:    916 y:   -116 z:   8192 stepcount:   0vector:   8276 x:    848 y:    -56 z:   8236 stepcount:   0vector:   8256 x:    872 y:   -176 z:   8208 stepcount:   0vector:   8303 x:    736 y:   -220 z:   8268 stepcount:   0vector:   8289 x:    844 y:   -212 z:   8364 stepcount:   0vector:   8226 x:    776 y:   -308 z:   8184 stepcount:   0vector:   8339 x:    840 y:   -100 z:   8296 stepcount:   0vector:   8121 x:    740 y:   -236 z:   7988 stepcount:   0vector:   8229 x:    896 y:   -120 z:   8180 stepcount:   0vector:   8323 x:    856 y:   -240 z:   8276 stepcount:   0vector:   8382 x:    864 y:   -212 z:   8228 stepcount:   0vector:   8353 x:    776 y:   -136 z:   8316 stepcount:   0vector:   8220 x:    824 y:   -212 z:   8176 stepcount:   0vector:   8590 x:    868 y:   -216 z:   8588 stepcount:   0vector:   8142 x:    860 y:   -128 z:   8096 stepcount:   0vector:   8110 x:    888 y:   -180 z:   8060 stepcount:   0vector:   8156 x:    936 y:   -140 z:   8184 stepcount:   0vector:   8145 x:    832 y:   -216 z:   8100 stepcount:   0vector:   8151 x:    828 y:   -156 z:   8108 stepcount:   1vector:   8150 x:    840 y:   -212 z:   8288 stepcount:   1vector:   8193 x:    848 y:   -180 z:   8148 stepcount:   1vector:   8296 x:    716 y:   -164 z:   8264 stepcount:   1vector:   8297 x:    892 y:   -180 z:   8220 stepcount:   1vector:   8253 x:    848 y:   -156 z:   8208 stepcount:   1vector:   8088 x:    856 y:   -236 z:   8040 stepcount:   1vector:   8311 x:    804 y:   -176 z:   8236 stepcount:   1vector:   8273 x:    820 y:   -108 z:   8232 stepcount:   1vector:   8337 x:    916 y:   -216 z:   8284 stepcount:   1vector:   8411 x:   1484 y:    184 z:   8048 stepcount:   1vector:   8220 x:    828 y:   -200 z:   8176 stepcount:   1vector:   8237 x:    808 y:   -176 z:   8196 stepcount:   1vector:   8224 x:    844 y:   -112 z:   8200 stepcount:   1vector:   8304 x:    880 y:   -184 z:   8256 stepcount:   1vector:   8196 x:    740 y:   -216 z:   8160 stepcount:   1vector:   8211 x:    912 y:   -128 z:   8124 stepcount:   1vector:   8136 x:    856 y:   -232 z:   8088 stepcount:   1vector:   8384 x:    752 y:   -208 z:   8348 stepcount:   1vector:   8247 x:    972 y:   -244 z:   8092 stepcount:   1vector:   8192 x:    756 y:   -1ESP_ERROR_CHECK failed: esp_err_t 0x107 (ESP_ERR_TIMEOUT) at 0x400d6758
file: "./main/i2c.c" line 76
func: readI2C
expression: res

abort() was called at PC 0x40088917 on core 0


Backtrace: 0x400889f5:0x3ffb6fe0 0x40088985:0x3ffb7000 0x4008eeb1:0x3ffb7020 0x40088917:0x3ffb7090 0x400d6758:0x3ffb70c0 0x400d690c:0x3ffb70e0 0x400d6486:0x3ffb7110 0x40089629:0x3ffb7140




ELF file SHA256: 52231bc27

Rebooting...
ets Jul 29 2019 12:21:46

rst:0xc (SW_CPU_RESET),boot:0x13 (SPI_FAST_FLASH_BOOT)
configsip: 0, SPIWP:0xee
clk_drv:0x00,q_drv:0x00,d_drv:0x00,cs0_drv:0x00,hd_drv:0x00,wp_drv:0x00
mode:DIO, clock div:2
load:0x3fff0030,len:6380
ho 0 tail 12 room 4
load:0x40078000,len:15916
load:0x40080400,len:3860
entry 0x40080638
[0;32mI (29) boot: ESP-IDF HEAD-HASH-NOTFOUND 2nd stage bootloader[0m
[0;32mI (29) boot: compile time Oct 15 2025 07:58:48[0m
[0;32mI (29) boot: Multicore bootloader[0m
[0;32mI (32) boot: chip revision: v3.1[0m
[0;32mI (34) boot.esp32: SPI Speed      : 40MHz[0m
[0;32mI (38) boot.esp32: SPI Mode       : DIO[0m
[0;32mI (42) boot.esp32: SPI Flash Size : 2MB[0m
[0;32mI (45) boot: Enabling RNG early entropy source...[0m
[0;32mI (50) boot: Partition Table:[0m
[0;32mI (52) boot: ## Label            Usage          Type ST Offset   Length[0m
[0;32mI (59) boot:  0 nvs              WiFi data        01 02 00009000 00006000[0m
[0;32mI (65) boot:  1 phy_init         RF data          01 01 0000f000 00001000[0m
[0;32mI (72) boot:  2 factory          factory app      00 00 00010000 00100000[0m
[0;32mI (78) boot: End of partition table[0m
[0;32mI (82) esp_image: segment 0: paddr=00010020 vaddr=3f400020 size=0bc04h ( 48132) map[0m
[0;32mI (105) esp_image: segment 1: paddr=0001bc2c vaddr=3ffb0000 size=02498h (  9368) load[0m
[0;32mI (109) esp_image: segment 2: paddr=0001e0cc vaddr=40080000 size=01f4ch (  8012) load[0m
[0;32mI (113) esp_image: segment 3: paddr=00020020 vaddr=400d0020 size=180ech ( 98540) map[0m
[0;32mI (151) esp_image: segment 4: paddr=00038114 vaddr=40081f4c size=0ece4h ( 60644) load[0m
[0;32mI (174) esp_image: segment 5: paddr=00046e00 vaddr=50000000 size=00020h (    32) load[0m
[0;32mI (183) boot: Loaded app from partition at offset 0x10000[0m
[0;32mI (183) boot: Disabling RNG early entropy source...[0m
[0;32mI (195) cpu_start: Multicore app[0m
[0;32mI (203) cpu_start: Pro cpu start user code[0m
[0;32mI (203) cpu_start: cpu freq: 160000000 Hz[0m
[0;32mI (203) app_init: Application information:[0m
[0;32mI (203) app_init: Project name:     lab5[0m
[0;32mI (207) app_init: App version:      29eaf56-dirty[0m
[0;32mI (211) app_init: Compile time:     Oct 15 2025 10:23:15[0m
[0;32mI (216) app_init: ELF file SHA256:  52231bc27...[0m
[0;32mI (221) app_init: ESP-IDF:          HEAD-HASH-NOTFOUND[0m
[0;32mI (225) efuse_init: Min chip rev:     v0.0[0m
[0;32mI (229) efuse_init: Max chip rev:     v3.99 [0m
[0;32mI (233) efuse_init: Chip rev:         v3.1[0m
[0;32mI (237) heap_init: Initializing. RAM available for dynamic allocation:[0m
[0;32mI (244) heap_init: At 3FFAE6E0 len 00001920 (6 KiB): DRAM[0m
[0;32mI (249) heap_init: At 3FFB2E58 len 0002D1A8 (180 KiB): DRAM[0m
[0;32mI (254) heap_init: At 3FFE0440 len 00003AE0 (14 KiB): D/IRAM[0m
[0;32mI (259) heap_init: At 3FFE4350 len 0001BCB0 (111 KiB): D/IRAM[0m
[0;32mI (265) heap_init: At 40090C30 len 0000F3D0 (60 KiB): IRAM[0m
[0;33mW (271) spi_flash: Detected boya flash chip but using generic driver. For optimal functionality, enable `SPI_FLASH_SUPPORT_BOYA_CHIP` in menuconfig[0m
[0;32mI (283) spi_flash: detected chip: generic[0m
[0;32mI (287) spi_flash: flash io: dio[0m
[0;33mW (289) spi_flash: Detected size(4096k) larger than the size in the binary image header(2048k). Using the size in the binary image header.[0m
[0;33mW (302) i2c: This driver is an old driver, please migrate your application code to adapt `driver/i2c_master.h`[0m
[0;32mI (323) main_task: Started on CPU0[0m
[0;32mI (333) main_task: Calling app_main()[0m
[0;32mI (333) pm: Frequency switching config: CPU_MAX: 240, APB_MAX: 240, APB_MIN: 80, Light sleep: ENABLED[0m
[0;32mI (333) main_task: Returned from app_main()[0m
vector:   8385 x:    776 y:   -168 z:   8348 stepcount:   0vector:   8078 x:    844 y:   -216 z:   8180 stepcount:   0vector:   8318 x:    808 y:   -232 z:   8276 stepcount:   0vector:   8336 x:    884 y:   -232 z:   8296 stepcount:   0vector:   8354 xESP_ERROR_CHECK failed: esp_err_t 0xffffffff (ESP_FAIL) at 0x400d66de
file: "./main/i2c.c" line 58
func: readI2C
expression: res

abort() was called at PC 0x40088917 on core 0


Backtrace: 0x400889f5:0x3ffb6fc0 0x40088985:0x3ffb6fe0 0x4008eeb1:0x3ffb7000 0x40088917:0x3ffb7070 0x400d66de:0x3ffb70a0 0x400d690c:0x3ffb70c0 0x400d693f:0x3ffb70f0 0x400d648b:0x3ffb7110 0x40089629:0x3ffb7140




ELF file SHA256: 52231bc27

Rebooting...
ets Jul 29 2019 12:21:46

rst:0xc (SW_CPU_RESET),boot:0x13 (SPI_FAST_FLASH_BOOT)
configsip: 0, SPIWP:0xee
clk_drv:0x00,q_drv:0x00,d_drv:0x00,cs0_drv:0x00,hd_drv:0x00,wp_drv:0x00
mode:DIO, clock div:2
load:0x3fff0030,len:6380
ho 0 tail 12 room 4
load:0x40078000,len:15916
load:0x40080400,len:3860
entry 0x40080638
[0;32mI (29) boot: ESP-IDF HEAD-HASH-NOTFOUND 2nd stage bootloader[0m
[0;32mI (29) boot: compile time Oct 15 2025 07:58:48[0m
[0;32mI (29) boot: Multicore bootloader[0m
[0;32mI (32) boot: chip revision: v3.1[0m
[0;32mI (34) boot.esp32: SPI Speed      : 40MHz[0m
[0;32mI (38) boot.esp32: SPI Mode       : DIO[0m
[0;32mI (42) boot.esp32: SPI Flash Size : 2MB[0m
[0;32mI (45) boot: Enabling RNG early entropy source...[0m
[0;32mI (50) boot: Partition Table:[0m
[0;32mI (52) boot: ## Label            Usage          Type ST Offset   Length[0m
[0;32mI (59) boot:  0 nvs              WiFi data        01 02 00009000 00006000[0m
[0;32mI (65) boot:  1 phy_init         RF data          01 01 0000f000 00001000[0m
[0;32mI (72) boot:  2 factory          factory app      00 00 00010000 00100000[0m
[0;32mI (78) boot: End of partition table[0m
[0;32mI (82) esp_image: segment 0: paddr=00010020 vaddr=3f400020 size=0bc04h ( 48132) map[0m
[0;32mI (105) esp_image: segment 1: paddr=0001bc2c vaddr=3ffb0000 size=02498h (  9368) load[0m
[0;32mI (109) esp_image: segment 2: paddr=0001e0cc vaddr=40080000 size=01f4ch (  8012) load[0m
[0;32mI (113) esp_image: segment 3: paddr=00020020 vaddr=400d0020 size=180ech ( 98540) map[0m
[0;32mI (151) esp_image: segment 4: paddr=00038114 vaddr=40081f4c size=0ece4h ( 60644) load[0m
[0;32mI (174) esp_image: segment 5: paddr=00046e00 vaddr=50000000 size=00020h (    32) load[0m
[0;32mI (183) boot: Loaded app from partition at offset 0x10000[0m
[0;32mI (183) boot: Disabling RNG early entropy source...[0m
[0;32mI (195) cpu_start: Multicore app[0m
[0;32mI (203) cpu_start: Pro cpu start user code[0m
[0;32mI (203) cpu_start: cpu freq: 160000000 Hz[0m
[0;32mI (203) app_init: Application information:[0m
[0;32mI (203) app_init: Project name:     lab5[0m
[0;32mI (207) app_init: App version:      29eaf56-dirty[0m
[0;32mI (211) app_init: Compile time:     Oct 15 2025 10:23:15[0m
[0;32mI (216) app_init: ELF file SHA256:  52231bc27...[0m
[0;32mI (221) app_init: ESP-IDF:          HEAD-HASH-NOTFOUND[0m
[0;32mI (225) efuse_init: Min chip rev:     v0.0[0m
[0;32mI (229) efuse_init: Max chip rev:     v3.99 [0m
[0;32mI (233) efuse_init: Chip rev:         v3.1[0m
[0;32mI (237) heap_init: Initializing. RAM available for dynamic allocation:[0m
[0;32mI (244) heap_init: At 3FFAE6E0 len 00001920 (6 KiB): DRAM[0m
[0;32mI (249) heap_init: At 3FFB2E58 len 0002D1A8 (180 KiB): DRAM[0m
[0;32mI (254) heap_init: At 3FFE0440 len 00003AE0 (14 KiB): D/IRAM[0m
[0;32mI (259) heap_init: At 3FFE4350 len 0001BCB0 (111 KiB): D/IRAM[0m
[0;32mI (265) heap_init: At 40090C30 len 0000F3D0 (60 KiB): IRAM[0m
[0;33mW (271) spi_flash: Detected boya flash chip but using generic driver. For optimal functionality, enable `SPI_FLASH_SUPPORT_BOYA_CHIP` in menuconfig[0m
[0;32mI (283) spi_flash: detected chip: generic[0m
[0;32mI (287) spi_flash: flash io: dio[0m
[0;33mW (290) spi_flash: Detected size(4096k) larger than the size in the binary image header(2048k). Using the size in the binary image header.[0m
[0;33mW (302) i2c: This driver is an old driver, please migrate your application code to adapt `driver/i2c_master.h`[0m
[0;32mI (323) main_task: Started on CPU0[0m
[0;32mI (333) main_task: Calling app_main()[0m
[0;32mI (333) pm: Frequency switching config: CPU_MAX: 240, APB_MAX: 240, APB_MIN: 80, Light sleep: ENABLED[0m
[0;32mI (333) main_task: Returned from app_main()[0m
ESP_ERROR_CHECK failed: esp_err_t 0x107 (ESP_ERR_TIMEOUT) at 0x400d66de
file: "./main/i2c.c" line 58
func: readI2C
expression: res

abort() was called at PC 0x40088917 on core 0


Backtrace: 0x400889f5:0x3ffb6fe0 0x40088985:0x3ffb7000 0x4008eeb1:0x3ffb7020 0x40088917:0x3ffb7090 0x400d66de:0x3ffb70c0 0x400d68bd:0x3ffb70e0 0x400d647c:0x3ffb7110 0x40089629:0x3ffb7140




ELF file SHA256: 52231bc27

Rebooting...
ets Jul 29 2019 12:21:46

rst:0xc (SW_CPU_RESET),boot:0x13 (SPI_FAST_FLASH_BOOT)
configsip: 0, SPIWP:0xee
clk_drv:0x00,q_drv:0x00,d_drv:0x00,cs0_drv:0x00,hd_drv:0x00,wp_drv:0x00
mode:DIO, clock div:2
load:0x3fff0030,len:6380
ho 0 tail 12 room 4
load:0x40078000,len:15916
load:0x40080400,len:3860
entry 0x40080638
[0;32mI (29) boot: ESP-IDF HEAD-HASH-NOTFOUND 2nd stage bootloader[0m
[0;32mI (29) boot: compile time Oct 15 2025 07:58:48[0m
[0;32mI (29) boot: Multicore bootloader[0m
[0;32mI (32) boot: chip revision: v3.1[0m
[0;32mI (34) boot.esp32: SPI Speed      : 40MHz[0m
[0;32mI (38) boot.esp32: SPI Mode       : DIO[0m
[0;32mI (42) boot.esp32: SPI Flash Size : 2MB[0m
[0;32mI (45) boot: Enabling RNG early entropy source...[0m
[0;32mI (50) boot: Partition Table:[0m
[0;32mI (52) boot: ## Label            Usage          Type ST Offset   Length[0m
[0;32mI (59) boot:  0 nvs              WiFi data        01 02 00009000 00006000[0m
[0;32mI (65) boot:  1 phy_init         RF data          01 01 0000f000 00001000[0m
[0;32mI (72) boot:  2 factory          factory app      00 00 00010000 00100000[0m
[0;32mI (78) boot: End of partition table[0m
[0;32mI (82) esp_image: segment 0: paddr=00010020 vaddr=3f400020 size=0bc04h ( 48132) map[0m
[0;32mI (105) esp_image: segment 1: paddr=0001bc2c vaddr=3ffb0000 size=02498h (  9368) load[0m
[0;32mI (109) esp_image: segment 2: paddr=0001e0cc vaddr=40080000 size=01f4ch (  8012) load[0m
[0;32mI (113) esp_image: segment 3: paddr=00020020 vaddr=400d0020 size=180ech ( 98540) map[0m
[0;32mI (151) esp_image: segment 4: paddr=00038114 vaddr=40081f4c size=0ece4h ( 60644) load[0m
[0;32mI (174) esp_image: segment 5: paddr=00046e00 vaddr=50000000 size=00020h (    32) load[0m
[0;32mI (183) boot: Loaded app from partition at offset 0x10000[0m
[0;32mI (183) boot: Disabling RNG early entropy source...[0m
[0;32mI (195) cpu_start: Multicore app[0m
[0;32mI (203) cpu_start: Pro cpu start user code[0m
[0;32mI (203) cpu_start: cpu freq: 160000000 Hz[0m
[0;32mI (203) app_init: Application information:[0m
[0;32mI (203) app_init: Project name:     lab5[0m
[0;32mI (207) app_init: App version:      29eaf56-dirty[0m
[0;32mI (211) app_init: Compile time:     Oct 15 2025 10:23:15[0m
[0;32mI (216) app_init: ELF file SHA256:  52231bc27...[0m
[0;32mI (221) app_init: ESP-IDF:          HEAD-HASH-NOTFOUND[0m
[0;32mI (225) efuse_init: Min chip rev:     v0.0[0m
[0;32mI (229) efuse_init: Max chip rev:     v3.99 [0m
[0;32mI (233) efuse_init: Chip rev:         v3.1[0m
[0;32mI (237) heap_init: Initializing. RAM available for dynamic allocation:[0m
[0;32mI (244) heap_init: At 3FFAE6E0 len 00001920 (6 KiB): DRAM[0m
[0;32mI (249) heap_init: At 3FFB2E58 len 0002D1A8 (180 KiB): DRAM[0m
[0;32mI (254) heap_init: At 3FFE0440 len 00003AE0 (14 KiB): D/IRAM[0m
[0;32mI (259) heap_init: At 3FFE4350 len 0001BCB0 (111 KiB): D/IRAM[0m
[0;32mI (265) heap_init: At 40090C30 len 0000F3D0 (60 KiB): IRAM[0m
[0;33mW (271) spi_flash: Detected boya flash chip but using generic driver. For optimal functionality, enable `SPI_FLASH_SUPPORT_BOYA_CHIP` in menuconfig[0m
[0;32mI (283) spi_flash: detected chip: generic[0m
[0;32mI (287) spi_flash: flash io: dio[0m
[0;33mW (290) spi_flash: Detected size(4096k) larger than the size in the binary image header(2048k). Using the size in the binary image header.[0m
[0;33mW (302) i2c: This driver is an old driver, please migrate your application code to adapt `driver/i2c_master.h`[0m
[0;32mI (323) main_task: Started on CPU0[0m
[0;32mI (333) main_task: Calling app_main()[0m
[0;32mI (333) pm: Frequency switching config: CPU_MAX: 240, APB_MAX: 240, APB_MIN: 80, Light sleep: ENABLED[0m
[0;32mI (333) main_task: Returned from app_main()[0m
vector:   8233 x:    876 y:   -216 z:   8184 stepcount:   0vector:   8070 x:    716 y:   -184 z:   7996 stepcount:   0vector:   8324 x:    764 y:   -160 z:   8288 stepcount:   0vector:   8330 x:    840 y:   -212 z:   8288 stepcount:   0vector:   8274 x:    868 y:   -104 z:   8228 stepcount:   0vector:   8135 x:    972 y:   -132 z:   8076 stepcount:   0vector:   8251 x:    912ESP_ERROR_CHECK failed: esp_err_t 0x107 (ESP_ERR_TIMEOUT) at 0x400d6758
file: "./main/i2c.c" line 76
func: readI2C
expression: res

abort() was called at PC 0x40088917 on core 0


Backtrace: 0x400889f5:0x3ffb6fc0 0x40088985:0x3ffb6fe0 0x4008eeb1:0x3ffb7000 0x40088917:0x3ffb7070 0x400d6758:0x3ffb70a0 0x400d68dc:0x3ffb70c0 0x400d6939:0x3ffb70f0 0x400d648b:0x3ffb7110 0x40089629:0x3ffb7140




ELF file SHA256: 52231bc27

Rebooting...
ets Jul 29 2019 12:21:46

rst:0xc (SW_CPU_RESET),boot:0x13 (SPI_FAST_FLASH_BOOT)
configsip: 0, SPIWP:0xee
clk_drv:0x00,q_drv:0x00,d_drv:0x00,cs0_drv:0x00,hd_drv:0x00,wp_drv:0x00
mode:DIO, clock div:2
load:0x3fff0030,len:6380
ho 0 tail 12 room 4
load:0x40078000,len:15916
load:0x40080400,len:3860
entry 0x40080638
[0;32mI (29) boot: ESP-IDF HEAD-HASH-NOTFOUND 2nd stage bootloader[0m
[0;32mI (29) boot: compile time Oct 15 2025 07:58:48[0m
[0;32mI (29) boot: Multicore bootloader[0m
[0;32mI (32) boot: chip revision: v3.1[0m
[0;32mI (34) boot.esp32: SPI Speed      : 40MHz[0m
[0;32mI (38) boot.esp32: SPI Mode       : DIO[0m
[0;32mI (42) boot.esp32: SPI Flash Size : 2MB[0m
[0;32mI (45) boot: Enabling RNG early entropy source...[0m
[0;32mI (50) boot: Partition Table:[0m
[0;32mI (52) boot: ## Label            Usage          Type ST Offset   Length[0m
[0;32mI (59) boot:  0 nvs              WiFi data        01 02 00009000 00006000[0m
[0;32mI (65) boot:  1 phy_init         RF data          01 01 0000f000 00001000[0m
[0;32mI (72) boot:  2 factory          factory app      00 00 00010000 00100000[0m
[0;32mI (78) boot: End of partition table[0m
[0;32mI (82) esp_image: segment 0: paddr=00010020 vaddr=3f400020 size=0bc04h ( 48132) map[0m
[0;32mI (105) esp_image: segment 1: paddr=0001bc2c vaddr=3ffb0000 size=02498h (  9368) load[0m
[0;32mI (109) esp_image: segment 2: paddr=0001e0cc vaddr=40080000 size=01f4ch (  8012) load[0m
[0;32mI (113) esp_image: segment 3: paddr=00020020 vaddr=400d0020 size=180ech ( 98540) map[0m
[0;32mI (151) esp_image: segment 4: paddr=00038114 vaddr=40081f4c size=0ece4h ( 60644) load[0m
[0;32mI (174) esp_image: segment 5: paddr=00046e00 vaddr=50000000 size=00020h (    32) load[0m
[0;32mI (183) boot: Loaded app from partition at offset 0x10000[0m
[0;32mI (183) boot: Disabling RNG early entropy source...[0m
[0;32mI (195) cpu_start: Multicore app[0m
[0;32mI (203) cpu_start: Pro cpu start user code[0m
[0;32mI (203) cpu_start: cpu freq: 160000000 Hz[0m
[0;32mI (203) app_init: Application information:[0m
[0;32mI (203) app_init: Project name:     lab5[0m
[0;32mI (207) app_init: App version:      29eaf56-dirty[0m
[0;32mI (211) app_init: Compile time:     Oct 15 2025 10:23:15[0m
[0;32mI (216) app_init: ELF file SHA256:  52231bc27...[0m
[0;32mI (221) app_init: ESP-IDF:          HEAD-HASH-NOTFOUND[0m
[0;32mI (225) efuse_init: Min chip rev:     v0.0[0m
[0;32mI (229) efuse_init: Max chip rev:     v3.99 [0m
[0;32mI (233) efuse_init: Chip rev:         v3.1[0m
[0;32mI (237) heap_init: Initializing. RAM available for dynamic allocation:[0m
[0;32mI (244) heap_init: At 3FFAE6E0 len 00001920 (6 KiB): DRAM[0m
[0;32mI (249) heap_init: At 3FFB2E58 len 0002D1A8 (180 KiB): DRAM[0m
[0;32mI (254) heap_init: At 3FFE0440 len 00003AE0 (14 KiB): D/IRAM[0m
[0;32mI (259) heap_init: At 3FFE4350 len 0001BCB0 (111 KiB): D/IRAM[0m
[0;32mI (265) heap_init: At 40090C30 len 0000F3D0 (60 KiB): IRAM[0m
[0;33mW (271) spi_flash: Detected boya flash chip but using generic driver. For optimal functionality, enable `SPI_FLASH_SUPPORT_BOYA_CHIP` in menuconfig[0m
[0;32mI (283) spi_flash: detected chip: generic[0m
[0;32mI (287) spi_flash: flash io: dio[0m
[0;33mW (289) spi_flash: Detected size(4096k) larger than the size in the binary image header(2048k). Using the size in the binary image header.[0m
[0;33mW (302) i2c: This driver is an old driver, please migrate your application code to adapt `driver/i2c_master.h`[0m
[0;32mI (323) main_task: Started on CPU0[0m
[0;32mI (333) main_task: Calling app_main()[0m
[0;32mI (333) pm: Frequency switching config: CPU_MAX: 240, APB_MAX: 240, APB_MIN: 80, Light sleep: ENABLED[0m
[0;32mI (333) main_task: Returned from app_main()[0m
vector:   8254 x:    904 y:    -76 z:   8204 stepcount:   0vector:   8080 x:    824 y:   -208 z:   8148 stepcount:   0vector: ESP_ERROR_CHECK failed: esp_err_t 0x107 (ESP_ERR_TIMEOUT) at 0x400d6758
file: "./main/i2c.c" line 76
func: readI2C
expression: res

abort() was called at PC 0x40088917 on core 0


Backtrace: 0x400889f5:0x3ffb6fe0 0x40088985:0x3ffb7000 0x4008eeb1:0x3ffb7020 0x40088917:0x3ffb7090 0x400d6758:0x3ffb70c0 0x400d68ac:0x3ffb70e0 0x400d647c:0x3ffb7110 0x40089629:0x3ffb7140




ELF file SHA256: 52231bc27

Rebooting...
ets Jul 29 2019 12:21:46

rst:0xc (SW_CPU_RESET),boot:0x13 (SPI_FAST_FLASH_BOOT)
configsip: 0, SPIWP:0xee
clk_drv:0x00,q_drv:0x00,d_drv:0x00,cs0_drv:0x00,hd_drv:0x00,wp_drv:0x00
mode:DIO, clock div:2
load:0x3fff0030,len:6380
ho 0 tail 12 room 4
load:0x40078000,len:15916
load:0x40080400,len:3860
entry 0x40080638
[0;32mI (29) boot: ESP-IDF HEAD-HASH-NOTFOUND 2nd stage bootloader[0m
[0;32mI (29) boot: compile time Oct 15 2025 07:58:48[0m
[0;32mI (29) boot: Multicore bootloader[0m
[0;32mI (32) boot: chip revision: v3.1[0m
[0;32mI (34) boot.esp32: SPI Speed      : 40MHz[0m
[0;32mI (38) boot.esp32: SPI Mode       : DIO[0m
[0;32mI (42) boot.esp32: SPI Flash Size : 2MB[0m
[0;32mI (45) boot: Enabling RNG early entropy source...[0m
[0;32mI (50) boot: Partition Table:[0m
[0;32mI (52) boot: ## Label            Usage          Type ST Offset   Length[0m
[0;32mI (59) boot:  0 nvs              WiFi data        01 02 00009000 00006000[0m
[0;32mI (65) boot:  1 phy_init         RF data          01 01 0000f000 00001000[0m
[0;32mI (72) boot:  2 factory          factory app      00 00 00010000 00100000[0m
[0;32mI (78) boot: End of partition table[0m
[0;32mI (82) esp_image: segment 0: paddr=00010020 vaddr=3f400020 size=0bc04h ( 48132) map[0m
[0;32mI (105) esp_image: segment 1: paddr=0001bc2c vaddr=3ffb0000 size=02498h (  9368) load[0m
[0;32mI (109) esp_image: segment 2: paddr=0001e0cc vaddr=40080000 size=01f4ch (  8012) load[0m
[0;32mI (113) esp_image: segment 3: paddr=00020020 vaddr=400d0020 size=180ech ( 98540) map[0m
[0;32mI (151) esp_image: segment 4: paddr=00038114 vaddr=40081f4c size=0ece4h ( 60644) load[0m
[0;32mI (174) esp_image: segment 5: paddr=00046e00 vaddr=50000000 size=00020h (    32) load[0m
[0;32mI (183) boot: Loaded app from partition at offset 0x10000[0m
[0;32mI (183) boot: Disabling RNG early entropy source...[0m
[0;32mI (195) cpu_start: Multicore app[0m
[0;32mI (203) cpu_start: Pro cpu start user code[0m
[0;32mI (203) cpu_start: cpu freq: 160000000 Hz[0m
[0;32mI (203) app_init: Application information:[0m
[0;32mI (203) app_init: Project name:     lab5[0m
[0;32mI (207) app_init: App version:      29eaf56-dirty[0m
[0;32mI (211) app_init: Compile time:     Oct 15 2025 10:23:15[0m
[0;32mI (216) app_init: ELF file SHA256:  52231bc27...[0m
[0;32mI (221) app_init: ESP-IDF:          HEAD-HASH-NOTFOUND[0m
[0;32mI (225) efuse_init: Min chip rev:     v0.0[0m
[0;32mI (229) efuse_init: Max chip rev:     v3.99 [0m
[0;32mI (233) efuse_init: Chip rev:         v3.1[0m
[0;32mI (237) heap_init: Initializing. RAM available for dynamic allocation:[0m
[0;32mI (244) heap_init: At 3FFAE6E0 len 00001920 (6 KiB): DRAM[0m
[0;32mI (249) heap_init: At 3FFB2E58 len 0002D1A8 (180 KiB): DRAM[0m
[0;32mI (254) heap_init: At 3FFE0440 len 00003AE0 (14 KiB): D/IRAM[0m
[0;32mI (259) heap_init: At 3FFE4350 len 0001BCB0 (111 KiB): D/IRAM[0m
[0;32mI (265) heap_init: At 40090C30 len 0000F3D0 (60 KiB): IRAM[0m
[0;33mW (271) spi_flash: Detected boya flash chip but using generic driver. For optimal functionality, enable `SPI_FLASH_SUPPORT_BOYA_CHIP` in menuconfig[0m
[0;32mI (283) spi_flash: detected chip: generic[0m
[0;32mI (287) spi_flash: flash io: dio[0m
[0;33mW (289) spi_flash: Detected size(4096k) larger than the size in the binary image header(2048k). Using the size in the binary image header.[0m
[0;33mW (302) i2c: This driver is an old driver, please migrate your application code to adapt `driver/i2c_master.h`[0m
[0;32mI (323) main_task: Started on CPU0[0m
[0;32mI (333) main_task: Calling app_main()[0m
[0;32mI (333) pm: Frequency switching config: CPU_MAX: 240, APB_MAX: 240, APB_MIN: 80, Light sleep: ENABLED[0m
[0;32mI (333) main_task: Returned from app_main()[0m
vector:   8176 x:    940 y:   -188 z:   8120 stepcount:   0vector:   8395 x:    876 y:   -276 z:   8300 stepcount:   0vector: ESP_ERROR_CHECK failed: esp_err_t 0x107 (ESP_ERR_TIMEOUT) at 0x400d6758
file: "./main/i2c.c" line 76
func: readI2C
expression: res

abort() was called at PC 0x40088917 on core 0


Backtrace: 0x400889f5:0x3ffb6fe0 0x40088985:0x3ffb7000 0x4008eeb1:0x3ffb7020 0x40088917:0x3ffb7090 0x400d6758:0x3ffb70c0 0x400d691d:0x3ffb70e0 0x400d6486:0x3ffb7110 0x40089629:0x3ffb7140




ELF file SHA256: 52231bc27

Rebooting...
ets Jul 29 2019 12:21:46

rst:0xc (SW_CPU_RESET),boot:0x13 (SPI_FAST_FLASH_BOOT)
configsip: 0, SPIWP:0xee
clk_drv:0x00,q_drv:0x00,d_drv:0x00,cs0_drv:0x00,hd_drv:0x00,wp_drv:0x00
mode:DIO, clock div:2
load:0x3fff0030,len:6380
ho 0 tail 12 room 4
load:0x40078000,len:15916
load:0x40080400,len:3860
entry 0x40080638
[0;32mI (29) boot: ESP-IDF HEAD-HASH-NOTFOUND 2nd stage bootloader[0m
[0;32mI (29) boot: compile time Oct 15 2025 07:58:48[0m
[0;32mI (29) boot: Multicore bootloader[0m
[0;32mI (32) boot: chip revision: v3.1[0m
[0;32mI (34) boot.esp32: SPI Speed      : 40MHz[0m
[0;32mI (38) boot.esp32: SPI Mode       : DIO[0m
[0;32mI (42) boot.esp32: SPI Flash Size : 2MB[0m
[0;32mI (45) boot: Enabling RNG early entropy source...[0m
[0;32mI (50) boot: Partition Table:[0m
[0;32mI (52) boot: ## Label            Usage          Type ST Offset   Length[0m
[0;32mI (59) boot:  0 nvs              WiFi data        01 02 00009000 00006000[0m
[0;32mI (65) boot:  1 phy_init         RF data          01 01 0000f000 00001000[0m
[0;32mI (72) boot:  2 factory          factory app      00 00 00010000 00100000[0m
[0;32mI (78) boot: End of partition table[0m
[0;32mI (82) esp_image: segment 0: paddr=00010020 vaddr=3f400020 size=0bc04h ( 48132) map[0m
[0;32mI (105) esp_image: segment 1: paddr=0001bc2c vaddr=3ffb0000 size=02498h (  9368) load[0m
[0;32mI (109) esp_image: segment 2: paddr=0001e0cc vaddr=40080000 size=01f4ch (  8012) load[0m
[0;32mI (113) esp_image: segment 3: paddr=00020020 vaddr=400d0020 size=180ech ( 98540) map[0m
[0;32mI (151) esp_image: segment 4: paddr=00038114 vaddr=40081f4c size=0ece4h ( 60644) load[0m
[0;32mI (174) esp_image: segment 5: paddr=00046e00 vaddr=50000000 size=00020h (    32) load[0m
[0;32mI (183) boot: Loaded app from partition at offset 0x10000[0m
[0;32mI (183) boot: Disabling RNG early entropy source...[0m
[0;32mI (195) cpu_start: Multicore app[0m
[0;32mI (203) cpu_start: Pro cpu start user code[0m
[0;32mI (203) cpu_start: cpu freq: 160000000 Hz[0m
[0;32mI (203) app_init: Application information:[0m
[0;32mI (203) app_init: Project name:     lab5[0m
[0;32mI (207) app_init: App version:      29eaf56-dirty[0m
[0;32mI (211) app_init: Compile time:     Oct 15 2025 10:23:15[0m
[0;32mI (216) app_init: ELF file SHA256:  52231bc27...[0m
[0;32mI (221) app_init: ESP-IDF:          HEAD-HASH-NOTFOUND[0m
[0;32mI (225) efuse_init: Min chip rev:     v0.0[0m
[0;32mI (229) efuse_init: Max chip rev:     v3.99 [0m
[0;32mI (233) efuse_init: Chip rev:         v3.1[0m
[0;32mI (237) heap_init: Initializing. RAM available for dynamic allocation:[0m
[0;32mI (244) heap_init: At 3FFAE6E0 len 00001920 (6 KiB): DRAM[0m
[0;32mI (249) heap_init: At 3FFB2E58 len 0002D1A8 (180 KiB): DRAM[0m
[0;32mI (254) heap_init: At 3FFE0440 len 00003AE0 (14 KiB): D/IRAM[0m
[0;32mI (259) heap_init: At 3FFE4350 len 0001BCB0 (111 KiB): D/IRAM[0m
[0;32mI (265) heap_init: At 40090C30 len 0000F3D0 (60 KiB): IRAM[0m
[0;33mW (271) spi_flash: Detected boya flash chip but using generic driver. For optimal functionality, enable `SPI_FLASH_SUPPORT_BOYA_CHIP` in menuconfig[0m
[0;32mI (283) spi_flash: detected chip: generic[0m
[0;32mI (287) spi_flash: flash io: dio[0m
[0;33mW (289) spi_flash: Detected size(4096k) larger than the size in the binary image header(2048k). Using the size in the binary image header.[0m
[0;33mW (302) i2c: This driver is an old driver, please migrate your application code to adapt `driver/i2c_master.h`[0m
[0;32mI (323) main_task: Started on CPU0[0m
[0;32mI (333) main_task: Calling app_main()[0m
[0;32mI (333) pm: Frequency switching config: CPU_MAX: 240, APB_MAX: 240, APB_MIN: 80, Light sleep: ENABLED[0m
[0;32mI (333) main_task: Returned from app_main()[0m
vector:   8222 x:    820 y:   -156 z:   8180 stepcount:   0vector:   8534 x:   2980 y:   -880 z:   7712 stepcount:   0vector:   8415 x:   -212 y:   -740 z:   8380 stepcount:   0vector:   8340 x:    844 y:    304 z:   8308 stepcount:   0vector:   8218 x:   1152 y:   -532 z:   8120 stepcount:   0vector:   8082 x:    968 y:     44 z:   8024 stepcount:   0vector:  10123 x:    768 y:      4 z:  10056 stepcount:   0vector:   8761 x:    948 y:   -204 z:   8708 stepcount:   0vector:   8410 x:   1132 y:    304 z:   8328 stepcount:   0vector:   7907 x:    500 y:   -288 z:   7724 stepcount:   0vector:   8366 x:    744 y:   -136 z:   8332 stepcount:   1vector:   8071 x:    868 y:    -72 z:   8024 stepcount:   1vector:   8099 x:    860 y:   -312 z:   8260 steESP_ERROR_CHECK failed: esp_err_t 0x107 (ESP_ERR_TIMEOUT) at 0x400d6758
file: "./main/i2c.c" line 76
func: readI2C
expression: res

abort() was called at PC 0x40088917 on core 0


Backtrace: 0x400889f5:0x3ffb6fe0 0x40088985:0x3ffb7000 0x4008eeb1:0x3ffb7020 0x40088917:0x3ffb7090 0x400d6758:0x3ffb70c0 0x400d690c:0x3ffb70e0 0x400d6486:0x3ffb7110 0x40089629:0x3ffb7140




ELF file SHA256: 52231bc27

Rebooting...
ets Jul 29 2019 12:21:46

rst:0xc (SW_CPU_RESET),boot:0x13 (SPI_FAST_FLASH_BOOT)
configsip: 0, SPIWP:0xee
clk_drv:0x00,q_drv:0x00,d_drv:0x00,cs0_drv:0x00,hd_drv:0x00,wp_drv:0x00
mode:DIO, clock div:2
load:0x3fff0030,len:6380
ho 0 tail 12 room 4
load:0x40078000,len:15916
load:0x40080400,len:3860
entry 0x40080638
[0;32mI (29) boot: ESP-IDF HEAD-HASH-NOTFOUND 2nd stage bootloader[0m
[0;32mI (29) boot: compile time Oct 15 2025 07:58:48[0m
[0;32mI (29) boot: Multicore bootloader[0m
[0;32mI (32) boot: chip revision: v3.1[0m
[0;32mI (34) boot.esp32: SPI Speed      : 40MHz[0m
[0;32mI (38) boot.esp32: SPI Mode       : DIO[0m
[0;32mI (42) boot.esp32: SPI Flash Size : 2MB[0m
[0;32mI (45) boot: Enabling RNG early entropy source...[0m
[0;32mI (50) boot: Partition Table:[0m
[0;32mI (52) boot: ## Label            Usage          Type ST Offset   Length[0m
[0;32mI (59) boot:  0 nvs              WiFi data        01 02 00009000 00006000[0m
[0;32mI (65) boot:  1 phy_init         RF data          01 01 0000f000 00001000[0m
[0;32mI (72) boot:  2 factory          factory app      00 00 00010000 00100000[0m
[0;32mI (78) boot: End of partition table[0m
