Command: /home/minipops/.espressif/python_env/idf5.5_py3.13_env/bin/python /opt/esp-idf/tools/idf_monitor.py -p /dev/ttyUSB0 -b 115200 --toolchain-prefix xtensa-esp32-elf- --target esp32 --revision 0 /home/minipops/uni/da267a/labs/lab5/build/lab5.elf /home/minipops/uni/da267a/labs/lab5/build/bootloader/bootloader.elf -m '/home/minipops/.espressif/python_env/idf5.5_py3.13_env/bin/python' '/opt/esp-idf/tools/idf.py'
ets Jul 29 2019 12:21:46

rst:0x1 (POWERON_RESET),boot:0x13 (SPI_FAST_FLASH_BOOT)
configsip: 0, SPIWP:0xee
clk_drv:0x00,q_drv:0x00,d_drv:0x00,cs0_drv:0x00,hd_drv:0x00,wp_drv:0x00
mode:DIO, clock div:2
load:0x3fff0030,len:6380
ho 0 tail 12 room 4
load:0x40078000,len:15916
load:0x40080400,len:3860
entry 0x40080638
[0;32mI (29) boot: ESP-IDF HEAD-HASH-NOTFOUND 2nd stage bootloader[0m
[0;32mI (29) boot: compile time Oct 15 2025 07:58:48[0m
[0;32mI (29) boot: Multicore bootloader[0m
[0;32mI (32) boot: chip revision: v3.1[0m
[0;32mI (34) boot.esp32: SPI Speed      : 40MHz[0m
[0;32mI (38) boot.esp32: SPI Mode       : DIO[0m
[0;32mI (42) boot.esp32: SPI Flash Size : 2MB[0m
[0;32mI (45) boot: Enabling RNG early entropy source...[0m
[0;32mI (50) boot: Partition Table:[0m
[0;32mI (52) boot: ## Label            Usage          Type ST Offset   Length[0m
[0;32mI (59) boot:  0 nvs              WiFi data        01 02 00009000 00006000[0m
[0;32mI (65) boot:  1 phy_init         RF data          01 01 0000f000 00001000[0m
[0;32mI (72) boot:  2 factory          factory app      00 00 00010000 00100000[0m
[0;32mI (78) boot: End of partition table[0m
[0;32mI (82) esp_image: segment 0: paddr=00010020 vaddr=3f400020 size=0bc04h ( 48132) map[0m
[0;32mI (106) esp_image: segment 1: paddr=0001bc2c vaddr=3ffb0000 size=02498h (  9368) load[0m
[0;32mI (109) esp_image: segment 2: paddr=0001e0cc vaddr=40080000 size=01f4ch (  8012) load[0m
[0;32mI (113) esp_image: segment 3: paddr=00020020 vaddr=400d0020 size=18124h ( 98596) map[0m
[0;32mI (151) esp_image: segment 4: paddr=0003814c vaddr=40081f4c size=0ece4h ( 60644) load[0m
[0;32mI (174) esp_image: segment 5: paddr=00046e38 vaddr=50000000 size=00020h (    32) load[0m
[0;32mI (183) boot: Loaded app from partition at offset 0x10000[0m
[0;32mI (183) boot: Disabling RNG early entropy source...[0m
[0;32mI (195) cpu_start: Multicore app[0m
[0;32mI (203) cpu_start: Pro cpu start user code[0m
[0;32mI (203) cpu_start: cpu freq: 160000000 Hz[0m
[0;32mI (203) app_init: Application information:[0m
[0;32mI (203) app_init: Project name:     lab5[0m
[0;32mI (207) app_init: App version:      29eaf56-dirty[0m
[0;32mI (211) app_init: Compile time:     Oct 15 2025 10:23:15[0m
[0;32mI (216) app_init: ELF file SHA256:  90e2d06ea...[0m
[0;32mI (221) app_init: ESP-IDF:          HEAD-HASH-NOTFOUND[0m
[0;32mI (226) efuse_init: Min chip rev:     v0.0[0m
[0;32mI (229) efuse_init: Max chip rev:     v3.99 [0m
[0;32mI (233) efuse_init: Chip rev:         v3.1[0m
[0;32mI (238) heap_init: Initializing. RAM available for dynamic allocation:[0m
[0;32mI (244) heap_init: At 3FFAE6E0 len 00001920 (6 KiB): DRAM[0m
[0;32mI (249) heap_init: At 3FFB2E58 len 0002D1A8 (180 KiB): DRAM[0m
[0;32mI (254) heap_init: At 3FFE0440 len 00003AE0 (14 KiB): D/IRAM[0m
[0;32mI (259) heap_init: At 3FFE4350 len 0001BCB0 (111 KiB): D/IRAM[0m
[0;32mI (265) heap_init: At 40090C30 len 0000F3D0 (60 KiB): IRAM[0m
[0;33mW (271) spi_flash: Detected boya flash chip but using generic driver. For optimal functionality, enable `SPI_FLASH_SUPPORT_BOYA_CHIP` in menuconfig[0m
[0;32mI (283) spi_flash: detected chip: generic[0m
[0;32mI (287) spi_flash: flash io: dio[0m
[0;33mW (290) spi_flash: Detected size(4096k) larger than the size in the binary image header(2048k). Using the size in the binary image header.[0m
[0;33mW (302) i2c: This driver is an old driver, please migrate your application code to adapt `driver/i2c_master.h`[0m
[0;32mI (323) main_task: Started on CPU0[0m
[0;32mI (333) main_task: Calling app_main()[0m
[0;32mI (333) pm: Frequency switching config: CPU_MAX: 240, APB_MAX: 240, APB_MIN: 80, Light sleep: ENABLED[0m
[0;32mI (333) main_task: Returned from app_main()[0m
vector:  8151 x:   288 y:  -120 z:  8152 stepcount:     0vector:  8187 x:   496 y:  -192 z:  7948 stepcount:     0vector:  8314 x:   528 y:  -184 z:  8224 stepcount:     0vector:  8318 x:   424 y:  -192 z:  7992 stepcount:     0vector:  8374 x:   424 y:  -212 z:  8340 stepcount:     0vector:  8427 x:   684 y:  -192 z:  8200 stepcount:     0vector:  8427 x:   260 y:  -160 z:  8340 stepcount:     0vector:  8387 x:   500 y:  -120 z:  8192 stepcount:     0vector:  8182 x:   464 y:  -148 z:  8200 stepcount:     0vector:  8328 x:   388 y:  -360 z:  8008 stepcount:     0vector:  8267 x:   256 y:  -252 z:  8412 stepcount:     0vector:  8309 x:   396 y:  -192 z:  8364 stepcount:     0vector:  8360 x:   552 y:  -216 z:  8364 stepcount:     0vector:  8174 x:   500 y:  -132 z:  8276 stepcount:     0vector:  8281 x:   508 y:  -108 z:  8124 stepcount:     0vector:  8328 x:   256 y:  -148 z:  8344 stepcount:     0vector:  8149 x:   716 y:  -256 z:  8312 stepcount:     0vector:  8379 x:   764 y:  -228 z:  8244 stepcount:     0vector:  8102 x:   500 y:  -208 z:  7964 stepcount:     0vector:  8220 x:   432 y:  -192 z:  8168 stepcount:     0vector:  8260 x:   344 y:  -124 z:  8040 stepcount:     0vector:  8053 x:   268 y:   -80 z:  8328 stepcount:     0vector:  8281 x:   284 y:  -100 z:  8252 stepcount:     0vector:  8295 x:   496 y:  -164 z:  8240 stepcount:     0vector:  8240 x:   456 y:  -192 z:  8432 stepcount:     1vector:  8270 x:   392 y:   -92 z:  8276 stepcount:     1vector:  8405 x:   748 y:  -436 z:  8292 stepcount:     1vector:  8450 x:   456 y:  -176 z:  8304 stepcount:     1vector:  8210 x:   420 y:  -132 z:  8380 stepcount:     1vector:  8461 x:   480 y:  -228 z:  8064 stepcount:     1vector:  8169 x:   508 y:  -188 z:  8280 stepcount:     1vector:  8344 x:   480 y:  -200 z:  8196 stepcount:     1vector:  8275 x:   472 y:  -492 z:  8312 stepcount:     1vector:  8567 x:   268 y:  -224 z:  8164 stepcount:     1vector:  8264 x:   740 y:  -156 z:  8228 stepcount:     1vector:  8249 x:   460 y:  -172 z:  8372 stepcount:     1vector:  8217 x:   728 y:  -140 z:  8360 stepcount:     1vector:  8266 x:   448 y:   -16 z:  7996 stepcount:     1vector:  8162 x:   508 y:  -168 z:  8024 stepcount:     1vector:  8179 x:   732 y:  -152 z:  8252 stepcount:     1vector:  8136 x:   496 y:  -120 z:  8024 stepcount:     1vector:  8382 x:   492 y:  -164 z:  8332 stepcount:     2vector:  8248 x:   704 y:   -84 z:  8340 stepcount:     2vector:  8258 x:   484 y:  -156 z:  8260 stepcount:     2vector:  8234 x:   472 y:  -180 z:  8016 stepcount:     2vector:  8224 x:   532 y:  -148 z:  7948 stepcount:     2vector:  8340 x:   396 y:  -224 z:  8292 stepcount:     2vector:  8285 x:   716 y:  -144 z:  7964 stepcount:     2vector:  8247 x:   468 y:  -128 z:  8284 stepcount:     2vector:  8255 x:   296 y:  -304 z:  8348 stepcount:     2vector:  8312 x:   548 y:    -8 z:  8220 stepcount:     2vector:  8435 x:   256 y:  -152 z:  8336 stepcount:     2vector:  8337 x:   432 y:  -132 z:  8320 stepcount:     2vector:  8057 x:   724 y:  -224 z:  8144 stepcount:     2vector:  8067 x:   268 y:  -296 z:  8000 stepcount:     2vector:  8223 x:   464 y:   -24 z:  8352 stepcount:     2vector:  8447 x:   748 y:  -436 z:  8000 stepcount:     2vector:  8339 x:   460 y:  -180 z:  8264 stepcount:     2vector:  8319 x:   496 y:  -180 z:  8260 stepcount:     3vector:  8283 x:   752 y:  -180 z:  8672 stepcount:     3vector:  8430 x:   504 y:  -120 z:  8220 stepcount:     3vector:  8250 x:   632 y:  -108 z:  8224 stepcount:     3vector:  8359 x:   452 y:  -224 z:  8216 stepcount:     3vector:  8456 x:   264 y:  -160 z:  8280 stepcount:     3vector:  8225 x:   436 y:  -160 z:  8404 stepcount:     3vector:  8050 x:   264 y:  -216 z:  8196 stepcount:     3vector:  8479 x:   496 y:  -176 z:  8236 stepcount:     4vector:  8284 x:   472 y:  -248 z:  8000 stepcount:     4vector:  8309 x:   548 y:  -208 z:  8220 stepcount:     4vector:  8102 x:   492 y:  -128 z:  8268 stepcount:     4vector:  8286 x:   440 y:  -216 z:  8220 stepcount:     4vector:  8295 x:   600 y:  -204 z:  8268 stepcount:     4vector:  8363 x:   444 y:  -232 z:  8276 stepcount:     4vector:  8135 x:   428 y:  -208 z:  8256 stepcount:     4vector:  8359 x:   256 y:  -164 z:  8240 stepcount:     5vector:  8446 x:   428 y:  -228 z:  8204 stepcount:     5vector:  8090 x:   464 y:  -188 z:  8128 stepcount:     5vector:  8393 x:   532 y:  -176 z:  8404 stepcount:     5vector:  8319 x:   472 y:  -188 z:  8360 stepcount:     5vector:  8245 x:   760 y:  -164 z:  8284 stepcount:     5vector:  8388 x:   620 y:  -196 z:  8380 stepcount:     5vector:  8366 x:   448 y:  -168 z:  8084 stepcount:     5vector:  8307 x:   480 y:   -12 z:  8260 stepcount:     5vector:  8299 x:   432 y:  -156 z:  8468 stepcount:     5vector:  8393 x:   508 y:  -152 z:  8300 stepcount:     5vector:  8434 x:   700 y:  -112 z:  8044 stepcount:     5vector:  8271 x:   416 y:  -404 z:  8268 stepcount:     5vector:  8280 x:   436 y:  -216 z:  8240 stepcount:     5vector:  8462 x:   308 y:  -220 z:  8324 stepcount:     5vector:  8274 x:   520 y:  -204 z:  8180 stepcount:     5vector:  8276 x:   488 y:  -244 z:  8096 stepcount:     5vector:  8254 x:   472 y:   -84 z:  8384 stepcount:     5vector:  8323 x:   460 y:  -188 z:  8324 stepcount:     5vector:  8047 x:   432 y:  -208 z:  7984 stepcount:     5vector:  8134 x:   448 y:  -192 z:  8024 stepcount:     5vector:  8469 x:   712 y:  -128 z:  8328 stepcount:     5vector:  8210 x:   272 y:   -24 z:  8188 stepcount:     5vector:  8260 x:   432 y:  -204 z:  8304 stepcount:     5vector:  8309 x:   264 y:  -128 z:  8292 stepcount:     5vector:  8378 x:   484 y:  -208 z:  8384 stepcount:     6vector:  8377 x:   680 y:  -160 z:  8284 stepcount:     6vector:  7962 x:   504 y:    -4 z:  8268 stepcount:     6vector:  8290 x:   440 y:  -212 z:  8272 stepcount:     6vector:  7987 x:   448 y:  -240 z:  8080 stepcount:     6vector:  8230 x:   496 y:  -156 z:  8368 stepcount:     6vector:  8302 x:   668 y: -3456 z:  8144 stepcount:     6vector:  8343 x:  1080 y:    76 z:  5856 stepcount:     6vector:  8554 x:   692 y:  -212 z:  8324 stepcount:     6vector:  8831 x:  -836 y:  -292 z:  8924 stepcount:     7vector:  8764 x:   788 y:   396 z:  9664 stepcount:     7vector: 12571 x:   576 y:  1192 z: 11480 stepcount:     7vector:  4612 x:  2864 y:  1200 z:  8780 stepcount:     7vector:  2082 x:   -72 y: -1136 z:  1268 stepcount:     7vector: 10452 x:  1748 y:  -504 z:  2700 stepcount:     7vector: 13146 x:   908 y:  1588 z: 12316 stepcount:     7vector: 16502 x:  2048 y:  2040 z: 13644 stepcount:     7vector:  5850 x:   488 y:  3140 z:  9664 stepcount:     8vector:  4397 x:   596 y:  -412 z: -1316 stepcount:     8vector:  4746 x:   548 y: -4260 z:   -48 stepcount:     8vector: 16459 x:   616 y: -1864 z:  8556 stepcount:     8vector: 18233 x:  2780 y:   280 z: 17032 stepcount:     8vector:  5970 x:  1688 y:   424 z: 13460 stepcount:     8vector:  5824 x:  1716 y: -1380 z: -2392 stepcount:     8vector:  6550 x:   224 y: -2828 z: -4504 stepcount:     8vector: 15355 x:  1892 y:  -516 z: 10524 stepcount:     9vector: 17694 x:  4028 y:  -368 z: 17012 stepcount:     9vector:  6190 x:  1444 y:   -52 z: 13072 stepcount:     9vector:  4955 x:   984 y:  -956 z: -2468 stepcount:     9vector:  4013 x:   428 y: -4196 z: -4672 stepcount:     9vector: 13043 x:  2900 y: -1676 z:  6636 stepcount:     9vector: 10906 x:  2836 y:   360 z: 16168 stepcount:     9vector:  7773 x:  1388 y:  -596 z:  8956 stepcount:     9vector: 14414 x:  1860 y:   648 z:  7188 stepcount:     9vector:  7785 x:   452 y:   136 z: 12964 stepcount:    10vector:  8567 x:  2436 y:  1236 z: -1716 stepcount:    10vector:  7751 x:  7212 y: -3368 z: -1624 stepcount:    10vector: 12546 x: 10236 y:  1888 z:  4504 stepcount:    10vector: 15566 x:  6008 y:   868 z: 12452 stepcount:    10vector:  6097 x:  5544 y:  2008 z:  6128 stepcount:    10vector:  9550 x:  9364 y:     8 z: -1304 stepcount:    10vector: 10777 x:  8592 y: -1936 z: -4864 stepcount:    10vector: 11065 x:  9472 y:  2496 z:   952 stepcount:    11vector: 15373 x:  7392 y:  3752 z: 13324 stepcount:    11vector:  8223 x:  5592 y:  1584 z: 13876 stepcount:    11vector: 10222 x:  8108 y:  2728 z: -1016 stepcount:    11vector: 11678 x:  8088 y:  -120 z: -6060 stepcount:    11vector: 11117 x:  9140 y:  2020 z: -2936 stepcount:    11vector: 16097 x:  7408 y:  5364 z: 13904 stepcount:    11vector: 10711 x:  5300 y:  2532 z: 14356 stepcount:    11vector: 12507 x:  6828 y:  3580 z:  -684 stepcount:    12vector:  8622 x:  9160 y: -1372 z: -6528 stepcount:    12vector: 17655 x:  2812 y:  3236 z:  9660 stepcount:    12vector: 12243 x:   852 y:  2880 z: 15236 stepcount:    12vector:  4366 x:  2836 y:  2388 z:  2168 stepcount:    12vector:  3497 x:  2608 y: -2504 z:  3668 stepcount:    12vector:  8029 x:   -48 y: -1632 z:  2308 stepcount:    12vector:  6862 x:  4396 y:  -156 z: 13672 stepcount:    12vector:  3433 x:   352 y:   200 z: 11852 stepcount:    12vector:  6592 x:   320 y:  -128 z:  2296 stepcount:    13vector: 11837 x:  2020 y: -6888 z:  7048 stepcount:    13vector:  6026 x:   816 y:  -240 z:  7084 stepcount:    13vector:  2804 x:  -756 y:  -544 z:  4404 stepcount:    13vector:  8356 x: -6632 y: -3148 z:  7208 stepcount:    13vector:  8322 x:  1104 y:   -72 z:  8268 stepcount:    13vector: 14524 x:  1260 y:  -220 z:  8220 stepcount:    13vector:  8397 x:  2200 y: -1264 z: 12148 stepcount:    13vector:  2808 x:    68 y:  -576 z:  2172 stepcount:    14vector:  9498 x:  1120 y:   848 z: 11520 stepcount:    14vector:  8435 x:   956 y:  -120 z:  8092 stepcount:    14vector:  6947 x:   952 y:  -208 z:  7960 stepcount:    14vector:  9757 x: -3848 y:  -940 z: 10928 stepcount:    14vector:  2263 x:  1308 y:  -760 z:  3372 stepcount:    14vector:  8520 x:   852 y:    16 z: -19636 stepcount:    14vector:  8130 x:   468 y:  -248 z:  8224 stepcount:    14vector:  9174 x:  1156 y:   -16 z:  8368 stepcount:    15vector:  6842 x:    72 y:   460 z: 10984 stepcount:    15vector:  3195 x:   496 y:  -696 z:  3696 stepcount:    15vector:  8294 x:  1840 y: -5228 z: 13056 stepcount:    15vector:  8083 x:   708 y:   -44 z:  8392 stepcount:    15vector: 10167 x: -2924 y:  -320 z: 10748 stepcount:    15vector:  4770 x:  1380 y:  -660 z:  5520 stepcount:    15vector:  2411 x:   612 y:  -540 z:  5432 stepcount:    15vector:  8277 x:  2408 y:  -736 z:  8000 stepcount:    15vector:  7513 x:   740 y:  -108 z:  8416 stepcount:    16vector:  6877 x:    -8 y:   196 z: 11668 stepcount:    16vector:  4692 x:   744 y:  -904 z:  4096 stepcount:    16vector:  9855 x:   760 y:   108 z:  4228 stepcount:    16vector:  8127 x:   904 y:  -240 z:  8100 stepcount:    16vector: 12939 x:   524 y:  -208 z:  8044 stepcount:    16vector:  3958 x:  1516 y:   260 z:  9628 stepcount:    16vector:  4798 x:   896 y: -1252 z:  4488 stepcount:    16vector: 10340 x:  1204 y:   536 z: -6076 stepcount:    17vector:  8275 x:   424 y:  -208 z:  8016 stepcount:    17vector: 10639 x:   184 y: -1336 z: 11048 stepcount:    17vector:  3982 x:  1116 y:  -588 z:  4664 stepcount:    17vector:  8218 x:   880 y: -1028 z:  4412 stepcount:    17vector:  8801 x: -4436 y: -1100 z:  8736 stepcount:    17vector:  8325 x:   644 y:  -200 z:  8164 stepcount:    17vector: 12122 x:  1992 y:   804 z: 10488 stepcount:    17vector:  3288 x:   776 y:   -56 z:  4516 stepcount:    18vector:  7261 x:  1216 y:  -456 z:  4004 stepcount:    18vector:  8448 x: -2972 y:   164 z:  8908 stepcount:    18vector:  8539 x:   324 y:  -248 z:  8276 stepcount:    18vector:  6548 x:   548 y:  -312 z: 12208 stepcount:    18vector:  3078 x:   596 y: -1056 z:  4856 stepcount:    18vector: 10271 x:   760 y:   188 z:  7172 stepcount:    18vector:  8471 x:   648 y:  -116 z:  8224 stepcount:    18vector:  8002 x:   912 y:  -172 z:  8160 stepcount:    18vector: 12359 x:  1168 y:  -224 z:  7500 stepcount:    19vector:  4357 x:  1532 y:  -420 z:  9104 stepcount:    19vector:  5848 x:  1244 y:  -880 z:  1428 stepcount:    19vector:  7716 x:  1408 y:   280 z: 32692 stepcount:    19vector:  8106 x:   460 y:  -168 z:  8192 stepcount:    19vector:  8475 x:   544 y:  -236 z:  8304 stepcount:    19vector:  9736 x:  1008 y:  -176 z: 13096 stepcount:    19vector:  3352 x:   776 y:  -780 z:  5236 stepcount:    19vector:  6088 x:   556 y: -1936 z:  4088 stepcount:    20vector: 10201 x:  1624 y:   268 z:  8792 stepcount:    20vector:  8294 x:   460 y:  -396 z:  8288 stepcount:    20vector:  8372 x:   536 y:  -208 z:  8316 stepcount:    20vector:  8131 x:   336 y:  -360 z:  8180 stepcount:    20vector:  8354 x:   576 y:  -136 z:  7968 stepcount:    20vector:  8470 x:   264 y:  -200 z:  8380 stepcount:    20vector:  8014 x:   436 y:  -160 z:  8208 stepcount:    20vector:  8326 x:   268 y:   -80 z:  8264 stepcount:    21vector:  8344 x:   736 y:  -176 z:  8372 stepcount:    21vector:  8303 x:   508 y:  -236 z:  8220 stepcount:    21vector:  8456 x:   464 y:  -236 z:  8336 stepcount:    21vector:  8461 x:   256 y:  -192 z:  8300 stepcount:    21vector:  8409 x:   760 y:  -204 z:  8424 stepcount:    21vector:  8214 x:   264 y:  -244 z:  8212 stepcount:    21vector:  8221 x:   496 y:  -208 z:  8432 stepcount:    21vector:  8350 x:   764 y:  -180 z:  7964 stepcount:    21vector:  8024 x:   520 y:  -248 z:  8436 stepcount:    21vector:  8337 x:   296 y:  -152 z:  8240 stepcount:    21vector:  8465 x:   568 y:  -280 z:  9932 stepcount:    21vector:  8303 x:   488 y:   -40 z:  8248 stepcount:    21vector:  8255 x:   572 y:  -152 z:  8284 stepcount:    21vector:  8391 x:   516 y:  -448 z:  8204 stepcount:    21vector:  8366 x:   760 y:  -252 z:  8196 stepcount:    21vector:  8160 x:   764 y:  -152 z:  8020 stepcount:    21vector:  8324 x:   548 y:  -120 z:  8024 stepcount:    22vector:  7733 x:   720 y:  -168 z:  8296 stepcount:    22vector:  8256 x:   496 y:  -248 z:  7996 stepcount:    22vector:  8323 x:   712 y:  -200 z:  8228 stepcount:    22vector:  7998 x:   520 y:  -196 z:  8212 stepcount:    22vector:  8288 x:   572 y:  -160 z:  8140 stepcount:    22vector:  8340 x:   424 y:  -200 z:  8200 stepcount:    22vector:  8283 x:   568 y:  -456 z:  7964 stepcount:    22vector:  8175 x:   716 y:  -192 z:  8388 stepcount:    22vector:  8460 x:   448 y:  -240 z:  8392 stepcount:    22vector:  8226 x:   296 y:  -500 z:  8304 stepcount:    22vector:  8442 x:   588 y:  -144 z:  8164 stepcount:    22vector:  8345 x:   480 y:  -212 z:  7992 stepcount:    22vector:  8066 x:   748 y:  -200 z:  8204 stepcount:    22vector:  8264 x:   304 y:  -168 z:  8304 stepcount:    22vector:  8413 x:   308 y:  -228 z:  8376 stepcount:    22vector:  8445 x:   512 y:  -272 z:  8296 stepcount:    22vector:  8369 x:   472 y:  -196 z:  8276 stepcount:    22vector:  8251 x:   756 y:  -188 z:  8264 stepcount:    22vector:  8443 x:   716 y:  -144 z:  8136 stepcount:    22vector:  8237 x:   684 y:  -216 z:  8204 stepcount:    22vector:  8358 x:   720 y:  -132 z:  8144 stepcount:    22vector:  8458 x:   256 y:  -128 z:  8232 stepcount:    22vector:  8285 x:   756 y:  -248 z:  8196 stepcount:    22vector:  8311 x:   492 y:  -216 z:  8196 stepcount:    22vector:  8206 x:   260 y:   -24 z:  8012 stepcount:    22vector:  8404 x:   484 y:  -176 z:  8400 stepcount:    22vector:  8364 x:   724 y:   -96 z:  8188 stepcount:    22vector:  8229 x:   756 y:  -204 z:  8312 stepcount:    22vector:  8218 x:   496 y:  -192 z:  8280 stepcount:    22vector:  8344 x:   764 y:    -4 z:  8296 stepcount:    22vector:  8094 x:   296 y:  -132 z:  8344 stepcount:    22vector:  8295 x:   604 y:  -184 z:  8328 stepcount:    22vector:  8260 x:   752 y:  -160 z:  8196 stepcount:    22vector:  8267 x:   492 y:  -200 z:  8316 stepcount:    22vector:  8219 x:   324 y:  -200 z:  8432 stepcount:    22vector:  8029 x:   392 y:  -212 z:  8200 stepcount:    22vector:  8223 x:   256 y:  -396 z:  8168 stepcount:    22vector:  8351 x:   560 y:  -212 z:  8352 stepcount:    22vector:  8271 x:   460 y:  -200 z:  8176 stepcount:    22vector:  7996 x:   744 y:  -232 z:  7944 stepcount:    22vector:  8182 x:   472 y:  -156 z:  8200 stepcount:    22vector:  8231 x:   476 y:  -180 z:  8312 stepcount:    23vector:  8220 x:   568 y:  -152 z:  8360 stepcount:    23vector:  8035 x:   508 y:  -184 z:  8268 stepcount:    23vector:  8106 x:   692 y:  -256 z:  8232 stepcount:    23vector:  8274 x:   564 y:  -232 z:  8432 stepcount:    23vector:  8212 x:   752 y:  -180 z:  8224 stepcount:    23vector:  8415 x:   412 y:  -160 z:  8108 stepcount:    23vector:  8218 x:   732 y:  -120 z:  8240 stepcount:    23vector:  8435 x:   576 y:  -288 z:  8216 stepcount:    24vector:  8292 x:   552 y:  -252 z:  7980 stepcount:    24vector:  8450 x:   516 y:  -168 z:  8372 stepcount:    24vector:  8379 x:   660 y:   -88 z:  8212 stepcount:    24vector:  8218 x:   296 y:  -224 z:  8152 stepcount:    24vector:  8204 x:   540 y:  -252 z:  7992 stepcount:    24vector:  8284 x:   476 y:  -204 z:  8016 stepcount:    24vector:  8246 x:   752 y:  -244 z:  8380 stepcount:    24vector:  8220 x:   600 y:  -204 z:  8020 stepcount:    24vector:  8230 x:   564 y:  -144 z:  8108 stepcount:    24vector:  8297 x:   312 y:  -192 z:  8376 stepcount:    24vector:  8098 x:   720 y:  -128 z:  8196 stepcount:    24vector:  8251 x:   324 y:  -304 z:  8232 stepcount:    24vector:  8302 x:   528 y:  -216 z:  8360 stepcount:    24vector:  7990 x:   564 y:  -212 z:  8344 stepcount:    24vector:  8034 x:   736 y:  -240 z:  7964 stepcount:    24vector:  8343 x:   504 y:  -144 z:  8112 stepcount:    24vector:  8249 x:   260 y:  -208 z:  8320 stepcount:    24vector:  8210 x:   472 y:  -248 z:  7956 stepcount:    24vector:  8266 x:   484 y:  -204 z:  8348 stepcount:    24vector:  8300 x:   524 y:  -508 z:  8380 stepcount:    24vector:  8451 x:   496 y:    -4 z:  8128 stepcount:    24vector:  8240 x:   49ï¿½ï¿½ï¿½ï¿½ï¿½ï¿½ï¿½ï¿½ï¿½ï¿½ï¿½ï¿½ï¿½ï¿½ï¿½ï¿½ï¿½ï¿½ï¿½ï¿½ï¿½ï¿½ï¿½ï¿½ï¿½ï¿½ï¿½ï¿½ï¿½ï¿½ï¿½ï¿½ï¿½ï¿½ï¿½ï¿½ï¿½ï¿½ï¿½ï¿½ï¿½ï¿½ï¿½ï¿½ï¿½ï¿½ï¿½ï¿½ï¿½ï¿½ï¿½ï¿½ï¿½ï¿½ï¿½ï¿½ï¿½ï¿½ï¿½ï¿½ï¿½ï¿½ï¿½ï¿½  24vector:  8083 x:   460 y:  -200 z:  8336 stepcount:    24vector:  8448 x:   572 y:  -216 z:  8300 stepcount:    24vector:  8449 x:   336 y:   -40 z:  7996 stepcount:    25vector:  8211 x:   516 y:  -140 z:  8204 stepcount:    25vector:  8038 x:   464 y:  -180 z:  8212 stepcount:    25vector:  8162 x:   512 y:  -228 z:  8268 stepcount:    25vector:  8284 x:   528 y:  -192 z:  8024 stepcount:    25vector:  8022 x:   496 y:  -112 z:  8260 stepcount:    25vector:  8250 x:   512 y:   -92 z:  8256 stepcount:    25vector:  8260 x:   520 y:  -108 z:  8188 stepcount:    25vector:  8328 x:   448 y:  -152 z:  8264 stepcount:    26vector:  8301 x:   504 y:  -168 z:  8300 stepcount:    26vector:  8225 x:   468 y:  -204 z:  8052 stepcount:    26vector:  8449 x:   548 y:  -156 z:  8288 stepcount:    26vector:  8366 x:   260 y:  -168 z:  8308 stepcount:    26vector:  8272 x:   260 y:  -180 z:  8304 stepcount:    26vector:  8274 x:   712 y:  -192 z:  8308 stepcount:    26vector:  8317 x:   540 y:  -124 z:  8336 stepcount:    26vector:  8389 x:   508 y:  -224 z:  8036 stepcount:    26vector:  8325 x:   552 y:  -116 z:  8392 stepcount:    26vector:  8410 x:   652 y:  -484 z:  8220 stepcount:    26vector:  8250 x:   264 y:  -168 z:  7980 stepcount:    26vector:  8227 x:   564 y:  -228 z:  8396 stepcount:    26vector:  8230 x:   588 y:  -256 z:  8236 stepcount:    26vector:  8413 x:   732 y:  -208 z:  8252 stepcount:    26vector:  8450 x:   288 y:  -232 z:  8364 stepcount:    26vector:  8273 x:   348 y:  -204 z:  8432 stepcount:    26vector:  8233 x:   480 y:  -164 z:  8300 stepcount:    26vector:  8226 x:   748 y:   -12 z:  8284 stepcount:    26vector:  8144 x:   596 y:  -256 z:  8156 stepcount:    26vector:  8280 x:   752 y:  -196 z:  8388 stepcount:    26vector:  7999 x:   504 y:  -192 z:  8436 stepcount:    26vector:  8208 x:   516 y:  -404 z:  8300 stepcount:    26vector:  8455 x:   728 y:  -192 z:  8404 stepcount:    26vector:  8169 x:   528 y:  -216 z:  8292 stepcount:    26vector:  8259 x:   556 y:  -192 z:  8328 stepcount:    27vector:  8233 x:   552 y:  -196 z:  8064 stepcount:    27vector:  8022 x:   276 y:  -188 z:  8212 stepcount:    27vector:  8324 x:   264 y:  -160 z:  8168 stepcount:    27vector:  8197 x:   568 y:   -76 z:  8312 stepcount:    27vector:  8342 x:   504 y:  -156 z:  8348 stepcount:    27vector:  8030 x:   688 y:  -140 z:  8424 stepcount:    27vector:  8134 x:   568 y:  -144 z:  8276 stepcount:    27vector:  8254 x:   572 y:  -1